<?xml version="1.0"?>
<link_info>
   <banner>TMS320C6x Linker PC v7.4.4</banner>
   <copyright>Copyright (c) 1996-2013 Texas Instruments Incorporated</copyright>
   <link_time>0x55170bc1</link_time>
   <output_file>../bin/pcieboot_interrupt_evm6678l.out</output_file>
   <entry_point>
      <name>_c_int00</name>
      <address>0x108756e0</address>
   </entry_point>
   <input_file_list>
      <input_file id="fl-2">
         <path>.\mathlib_tests\</path>
         <kind>object</kind>
         <file>log10.obj</file>
         <name>log10.obj</name>
      </input_file>
      <input_file id="fl-3">
         <path>.\src\</path>
         <kind>object</kind>
         <file>pcieboot_interrupt.obj</file>
         <name>pcieboot_interrupt.obj</name>
      </input_file>
      <input_file id="fl-4">
         <path>.\</path>
         <kind>object</kind>
         <file>tables.obj</file>
         <name>tables.obj</name>
      </input_file>
      <input_file id="fl-5">
         <path>.\</path>
         <kind>object</kind>
         <file>dma_test.obj</file>
         <name>dma_test.obj</name>
      </input_file>
      <input_file id="fl-6">
         <path>.\</path>
         <kind>object</kind>
         <file>clock_pll.obj</file>
         <name>clock_pll.obj</name>
      </input_file>
      <input_file id="fl-e">
         <path>C:\ti\ccs_ver_5_5\pdk_C6678_1_1_2_6\packages\ti\platform\evmc6678l\platform_lib\lib\debug\</path>
         <kind>archive</kind>
         <file>ti.platform.evm6678l.ae66</file>
         <name>platform.obj</name>
      </input_file>
      <input_file id="fl-f">
         <path>C:\ti\ccs_ver_5_5\pdk_C6678_1_1_2_6\packages\ti\platform\evmc6678l\platform_lib\lib\debug\</path>
         <kind>archive</kind>
         <file>ti.platform.evm6678l.ae66</file>
         <name>evmc66x_uart.obj</name>
      </input_file>
      <input_file id="fl-10">
         <path>C:\ti\ccs_ver_5_5\pdk_C6678_1_1_2_6\packages\ti\platform\evmc6678l\platform_lib\lib\debug\</path>
         <kind>archive</kind>
         <file>ti.platform.evm6678l.ae66</file>
         <name>evmc66x_nor.obj</name>
      </input_file>
      <input_file id="fl-11">
         <path>C:\ti\ccs_ver_5_5\pdk_C6678_1_1_2_6\packages\ti\platform\evmc6678l\platform_lib\lib\debug\</path>
         <kind>archive</kind>
         <file>ti.platform.evm6678l.ae66</file>
         <name>evmc66x_i2c_eeprom.obj</name>
      </input_file>
      <input_file id="fl-12">
         <path>C:\ti\ccs_ver_5_5\pdk_C6678_1_1_2_6\packages\ti\platform\evmc6678l\platform_lib\lib\debug\</path>
         <kind>archive</kind>
         <file>ti.platform.evm6678l.ae66</file>
         <name>evmc66x_fpga.obj</name>
      </input_file>
      <input_file id="fl-13">
         <path>C:\ti\ccs_ver_5_5\pdk_C6678_1_1_2_6\packages\ti\platform\evmc6678l\platform_lib\lib\debug\</path>
         <kind>archive</kind>
         <file>ti.platform.evm6678l.ae66</file>
         <name>evmc6678_phy.obj</name>
      </input_file>
      <input_file id="fl-14">
         <path>C:\ti\ccs_ver_5_5\pdk_C6678_1_1_2_6\packages\ti\platform\evmc6678l\platform_lib\lib\debug\</path>
         <kind>archive</kind>
         <file>ti.platform.evm6678l.ae66</file>
         <name>evmc6678.obj</name>
      </input_file>
      <input_file id="fl-15">
         <path>C:\ti\ccs_ver_5_5\pdk_C6678_1_1_2_6\packages\ti\platform\evmc6678l\platform_lib\lib\debug\</path>
         <kind>archive</kind>
         <file>ti.platform.evm6678l.ae66</file>
         <name>evm66x_nand.obj</name>
      </input_file>
      <input_file id="fl-16">
         <path>C:\ti\ccs_ver_5_5\pdk_C6678_1_1_2_6\packages\ti\platform\evmc6678l\platform_lib\lib\debug\</path>
         <kind>archive</kind>
         <file>ti.platform.evm6678l.ae66</file>
         <name>evm66x_i2c.obj</name>
      </input_file>
      <input_file id="fl-17">
         <path>C:\ti\ccs_ver_5_5\pdk_C6678_1_1_2_6\packages\ti\platform\evmc6678l\platform_lib\lib\debug\</path>
         <kind>archive</kind>
         <file>ti.platform.evm6678l.ae66</file>
         <name>evmc66x_spi.obj</name>
      </input_file>
      <input_file id="fl-18">
         <path>C:\ti\mathlib_c66x_3_0_1_1\lib\</path>
         <kind>archive</kind>
         <file>mathlib.ae66</file>
         <name>log10dp.obj</name>
      </input_file>
      <input_file id="fl-19">
         <path>C:\ti\mathlib_c66x_3_0_1_1\lib\</path>
         <kind>archive</kind>
         <file>mathlib.ae66</file>
         <name>log10sp.obj</name>
      </input_file>
      <input_file id="fl-1a">
         <path>C:\ti\mathlib_c66x_3_0_1_1\lib\</path>
         <kind>archive</kind>
         <file>mathlib.ae66</file>
         <name>divdp.obj</name>
      </input_file>
      <input_file id="fl-1b">
         <path>C:\ti\ccs_ver_5_5\pdk_C6678_1_1_2_6\packages\ti\csl\lib\</path>
         <kind>archive</kind>
         <file>ti.csl.ae66</file>
         <name>csl_edma3Init.oe66</name>
      </input_file>
      <input_file id="fl-1c">
         <path>C:\ti\ccs_ver_5_5\pdk_C6678_1_1_2_6\packages\ti\csl\lib\</path>
         <kind>archive</kind>
         <file>ti.csl.ae66</file>
         <name>csl_edma3Open.oe66</name>
      </input_file>
      <input_file id="fl-1d">
         <path>C:\ti\ccs_ver_5_5\pdk_C6678_1_1_2_6\packages\ti\csl\lib\</path>
         <kind>archive</kind>
         <file>ti.csl.ae66</file>
         <name>csl_edma3Close.oe66</name>
      </input_file>
      <input_file id="fl-1e">
         <path>C:\ti\ccs_ver_5_5\pdk_C6678_1_1_2_6\packages\ti\csl\lib\</path>
         <kind>archive</kind>
         <file>ti.csl.ae66</file>
         <name>csl_edma3HwControl.oe66</name>
      </input_file>
      <input_file id="fl-1f">
         <path>C:\ti\ccs_ver_5_5\pdk_C6678_1_1_2_6\packages\ti\csl\lib\</path>
         <kind>archive</kind>
         <file>ti.csl.ae66</file>
         <name>csl_edma3GetHwStatus.oe66</name>
      </input_file>
      <input_file id="fl-20">
         <path>C:\ti\ccs_ver_5_5\pdk_C6678_1_1_2_6\packages\ti\csl\lib\</path>
         <kind>archive</kind>
         <file>ti.csl.ae66</file>
         <name>csl_edma3ChannelOpen.oe66</name>
      </input_file>
      <input_file id="fl-21">
         <path>C:\ti\ccs_ver_5_5\pdk_C6678_1_1_2_6\packages\ti\csl\lib\</path>
         <kind>archive</kind>
         <file>ti.csl.ae66</file>
         <name>csl_edma3ChannelClose.oe66</name>
      </input_file>
      <input_file id="fl-22">
         <path>C:\ti\ccs_ver_5_5\pdk_C6678_1_1_2_6\packages\ti\csl\lib\</path>
         <kind>archive</kind>
         <file>ti.csl.ae66</file>
         <name>csl_edma3HwChannelSetup.oe66</name>
      </input_file>
      <input_file id="fl-23">
         <path>C:\ti\ccs_ver_5_5\pdk_C6678_1_1_2_6\packages\ti\csl\lib\</path>
         <kind>archive</kind>
         <file>ti.csl.ae66</file>
         <name>csl_edma3HwChannelControl.oe66</name>
      </input_file>
      <input_file id="fl-24">
         <path>C:\ti\ccs_ver_5_5\pdk_C6678_1_1_2_6\packages\ti\csl\lib\</path>
         <kind>archive</kind>
         <file>ti.csl.ae66</file>
         <name>csl_edma3Param.oe66</name>
      </input_file>
      <input_file id="fl-25">
         <path>C:\ti\ccs_ver_5_5\pdk_C6678_1_1_2_6\packages\ti\csl\lib\</path>
         <kind>archive</kind>
         <file>ti.csl.ae66</file>
         <name>csl_edma3GetBaseAddress.oe66</name>
      </input_file>
      <input_file id="fl-9d">
         <path>C:\ti\ccs_ver5_5_keystone\ccsv5\tools\compiler\c6000_7.4.4\lib\</path>
         <kind>archive</kind>
         <file>rts6600_elf.lib</file>
         <name>boot.obj</name>
      </input_file>
      <input_file id="fl-9e">
         <path>C:\ti\ccs_ver5_5_keystone\ccsv5\tools\compiler\c6000_7.4.4\lib\</path>
         <kind>archive</kind>
         <file>rts6600_elf.lib</file>
         <name>copy_decompress_none.obj</name>
      </input_file>
      <input_file id="fl-9f">
         <path>C:\ti\ccs_ver5_5_keystone\ccsv5\tools\compiler\c6000_7.4.4\lib\</path>
         <kind>archive</kind>
         <file>rts6600_elf.lib</file>
         <name>copy_decompress_rle.obj</name>
      </input_file>
      <input_file id="fl-a0">
         <path>C:\ti\ccs_ver5_5_keystone\ccsv5\tools\compiler\c6000_7.4.4\lib\</path>
         <kind>archive</kind>
         <file>rts6600_elf.lib</file>
         <name>copy_zero_init.obj</name>
      </input_file>
      <input_file id="fl-a1">
         <path>C:\ti\ccs_ver5_5_keystone\ccsv5\tools\compiler\c6000_7.4.4\lib\</path>
         <kind>archive</kind>
         <file>rts6600_elf.lib</file>
         <name>divi.obj</name>
      </input_file>
      <input_file id="fl-a2">
         <path>C:\ti\ccs_ver5_5_keystone\ccsv5\tools\compiler\c6000_7.4.4\lib\</path>
         <kind>archive</kind>
         <file>rts6600_elf.lib</file>
         <name>divu.obj</name>
      </input_file>
      <input_file id="fl-a3">
         <path>C:\ti\ccs_ver5_5_keystone\ccsv5\tools\compiler\c6000_7.4.4\lib\</path>
         <kind>archive</kind>
         <file>rts6600_elf.lib</file>
         <name>errno.obj</name>
      </input_file>
      <input_file id="fl-a4">
         <path>C:\ti\ccs_ver5_5_keystone\ccsv5\tools\compiler\c6000_7.4.4\lib\</path>
         <kind>archive</kind>
         <file>rts6600_elf.lib</file>
         <name>exit.obj</name>
      </input_file>
      <input_file id="fl-a5">
         <path>C:\ti\ccs_ver5_5_keystone\ccsv5\tools\compiler\c6000_7.4.4\lib\</path>
         <kind>archive</kind>
         <file>rts6600_elf.lib</file>
         <name>imath64.obj</name>
      </input_file>
      <input_file id="fl-a6">
         <path>C:\ti\ccs_ver5_5_keystone\ccsv5\tools\compiler\c6000_7.4.4\lib\</path>
         <kind>archive</kind>
         <file>rts6600_elf.lib</file>
         <name>llshift.obj</name>
      </input_file>
      <input_file id="fl-a7">
         <path>C:\ti\ccs_ver5_5_keystone\ccsv5\tools\compiler\c6000_7.4.4\lib\</path>
         <kind>archive</kind>
         <file>rts6600_elf.lib</file>
         <name>memcpy64.obj</name>
      </input_file>
      <input_file id="fl-a8">
         <path>C:\ti\ccs_ver5_5_keystone\ccsv5\tools\compiler\c6000_7.4.4\lib\</path>
         <kind>archive</kind>
         <file>rts6600_elf.lib</file>
         <name>memory.obj</name>
      </input_file>
      <input_file id="fl-a9">
         <path>C:\ti\ccs_ver5_5_keystone\ccsv5\tools\compiler\c6000_7.4.4\lib\</path>
         <kind>archive</kind>
         <file>rts6600_elf.lib</file>
         <name>memset.obj</name>
      </input_file>
      <input_file id="fl-aa">
         <path>C:\ti\ccs_ver5_5_keystone\ccsv5\tools\compiler\c6000_7.4.4\lib\</path>
         <kind>archive</kind>
         <file>rts6600_elf.lib</file>
         <name>negll.obj</name>
      </input_file>
      <input_file id="fl-ab">
         <path>C:\ti\ccs_ver5_5_keystone\ccsv5\tools\compiler\c6000_7.4.4\lib\</path>
         <kind>archive</kind>
         <file>rts6600_elf.lib</file>
         <name>printf.obj</name>
      </input_file>
      <input_file id="fl-ac">
         <path>C:\ti\ccs_ver5_5_keystone\ccsv5\tools\compiler\c6000_7.4.4\lib\</path>
         <kind>archive</kind>
         <file>rts6600_elf.lib</file>
         <name>remu.obj</name>
      </input_file>
      <input_file id="fl-ad">
         <path>C:\ti\ccs_ver5_5_keystone\ccsv5\tools\compiler\c6000_7.4.4\lib\</path>
         <kind>archive</kind>
         <file>rts6600_elf.lib</file>
         <name>strlen.obj</name>
      </input_file>
      <input_file id="fl-ae">
         <path>C:\ti\ccs_ver5_5_keystone\ccsv5\tools\compiler\c6000_7.4.4\lib\</path>
         <kind>archive</kind>
         <file>rts6600_elf.lib</file>
         <name>strncpy.obj</name>
      </input_file>
      <input_file id="fl-af">
         <path>C:\ti\ccs_ver5_5_keystone\ccsv5\tools\compiler\c6000_7.4.4\lib\</path>
         <kind>archive</kind>
         <file>rts6600_elf.lib</file>
         <name>vsprintf.obj</name>
      </input_file>
      <input_file id="fl-b0">
         <path>C:\ti\ccs_ver5_5_keystone\ccsv5\tools\compiler\c6000_7.4.4\lib\</path>
         <kind>archive</kind>
         <file>rts6600_elf.lib</file>
         <name>_lock.obj</name>
      </input_file>
      <input_file id="fl-b1">
         <path>C:\ti\ccs_ver5_5_keystone\ccsv5\tools\compiler\c6000_7.4.4\lib\</path>
         <kind>archive</kind>
         <file>rts6600_elf.lib</file>
         <name>_printfi.obj</name>
      </input_file>
      <input_file id="fl-b2">
         <path>C:\ti\ccs_ver5_5_keystone\ccsv5\tools\compiler\c6000_7.4.4\lib\</path>
         <kind>archive</kind>
         <file>rts6600_elf.lib</file>
         <name>abs.obj</name>
      </input_file>
      <input_file id="fl-b3">
         <path>C:\ti\ccs_ver5_5_keystone\ccsv5\tools\compiler\c6000_7.4.4\lib\</path>
         <kind>archive</kind>
         <file>rts6600_elf.lib</file>
         <name>args_main.obj</name>
      </input_file>
      <input_file id="fl-b4">
         <path>C:\ti\ccs_ver5_5_keystone\ccsv5\tools\compiler\c6000_7.4.4\lib\</path>
         <kind>archive</kind>
         <file>rts6600_elf.lib</file>
         <name>atoi.obj</name>
      </input_file>
      <input_file id="fl-b5">
         <path>C:\ti\ccs_ver5_5_keystone\ccsv5\tools\compiler\c6000_7.4.4\lib\</path>
         <kind>archive</kind>
         <file>rts6600_elf.lib</file>
         <name>autoinit.obj</name>
      </input_file>
      <input_file id="fl-b6">
         <path>C:\ti\ccs_ver5_5_keystone\ccsv5\tools\compiler\c6000_7.4.4\lib\</path>
         <kind>archive</kind>
         <file>rts6600_elf.lib</file>
         <name>cpp_init.obj</name>
      </input_file>
      <input_file id="fl-b7">
         <path>C:\ti\ccs_ver5_5_keystone\ccsv5\tools\compiler\c6000_7.4.4\lib\</path>
         <kind>archive</kind>
         <file>rts6600_elf.lib</file>
         <name>cpy_tbl.obj</name>
      </input_file>
      <input_file id="fl-b8">
         <path>C:\ti\ccs_ver5_5_keystone\ccsv5\tools\compiler\c6000_7.4.4\lib\</path>
         <kind>archive</kind>
         <file>rts6600_elf.lib</file>
         <name>ctype.obj</name>
      </input_file>
      <input_file id="fl-b9">
         <path>C:\ti\ccs_ver5_5_keystone\ccsv5\tools\compiler\c6000_7.4.4\lib\</path>
         <kind>archive</kind>
         <file>rts6600_elf.lib</file>
         <name>defs.obj</name>
      </input_file>
      <input_file id="fl-ba">
         <path>C:\ti\ccs_ver5_5_keystone\ccsv5\tools\compiler\c6000_7.4.4\lib\</path>
         <kind>archive</kind>
         <file>rts6600_elf.lib</file>
         <name>divd.obj</name>
      </input_file>
      <input_file id="fl-bb">
         <path>C:\ti\ccs_ver5_5_keystone\ccsv5\tools\compiler\c6000_7.4.4\lib\</path>
         <kind>archive</kind>
         <file>rts6600_elf.lib</file>
         <name>fputc.obj</name>
      </input_file>
      <input_file id="fl-bc">
         <path>C:\ti\ccs_ver5_5_keystone\ccsv5\tools\compiler\c6000_7.4.4\lib\</path>
         <kind>archive</kind>
         <file>rts6600_elf.lib</file>
         <name>fputs.obj</name>
      </input_file>
      <input_file id="fl-bd">
         <path>C:\ti\ccs_ver5_5_keystone\ccsv5\tools\compiler\c6000_7.4.4\lib\</path>
         <kind>archive</kind>
         <file>rts6600_elf.lib</file>
         <name>frcmpyd_div.obj</name>
      </input_file>
      <input_file id="fl-be">
         <path>C:\ti\ccs_ver5_5_keystone\ccsv5\tools\compiler\c6000_7.4.4\lib\</path>
         <kind>archive</kind>
         <file>rts6600_elf.lib</file>
         <name>imath40.obj</name>
      </input_file>
      <input_file id="fl-bf">
         <path>C:\ti\ccs_ver5_5_keystone\ccsv5\tools\compiler\c6000_7.4.4\lib\</path>
         <kind>archive</kind>
         <file>rts6600_elf.lib</file>
         <name>isinf.obj</name>
      </input_file>
      <input_file id="fl-c0">
         <path>C:\ti\ccs_ver5_5_keystone\ccsv5\tools\compiler\c6000_7.4.4\lib\</path>
         <kind>archive</kind>
         <file>rts6600_elf.lib</file>
         <name>lowlev.obj</name>
      </input_file>
      <input_file id="fl-c1">
         <path>C:\ti\ccs_ver5_5_keystone\ccsv5\tools\compiler\c6000_7.4.4\lib\</path>
         <kind>archive</kind>
         <file>rts6600_elf.lib</file>
         <name>ltoa.obj</name>
      </input_file>
      <input_file id="fl-c2">
         <path>C:\ti\ccs_ver5_5_keystone\ccsv5\tools\compiler\c6000_7.4.4\lib\</path>
         <kind>archive</kind>
         <file>rts6600_elf.lib</file>
         <name>memccpy.obj</name>
      </input_file>
      <input_file id="fl-c3">
         <path>C:\ti\ccs_ver5_5_keystone\ccsv5\tools\compiler\c6000_7.4.4\lib\</path>
         <kind>archive</kind>
         <file>rts6600_elf.lib</file>
         <name>tls.obj</name>
      </input_file>
      <input_file id="fl-c4">
         <path>C:\ti\ccs_ver5_5_keystone\ccsv5\tools\compiler\c6000_7.4.4\lib\</path>
         <kind>archive</kind>
         <file>rts6600_elf.lib</file>
         <name>tls_get_tp.obj</name>
      </input_file>
      <input_file id="fl-c5">
         <path>C:\ti\ccs_ver5_5_keystone\ccsv5\tools\compiler\c6000_7.4.4\lib\</path>
         <kind>archive</kind>
         <file>rts6600_elf.lib</file>
         <name>trgdrv.obj</name>
      </input_file>
      <input_file id="fl-c6">
         <path>C:\ti\ccs_ver5_5_keystone\ccsv5\tools\compiler\c6000_7.4.4\lib\</path>
         <kind>archive</kind>
         <file>rts6600_elf.lib</file>
         <name>trgmsg.obj</name>
      </input_file>
      <input_file id="fl-c7">
         <path>C:\ti\ccs_ver5_5_keystone\ccsv5\tools\compiler\c6000_7.4.4\lib\</path>
         <kind>archive</kind>
         <file>rts6600_elf.lib</file>
         <name>_io_perm.obj</name>
      </input_file>
      <input_file id="fl-c8">
         <path>C:\ti\ccs_ver5_5_keystone\ccsv5\tools\compiler\c6000_7.4.4\lib\</path>
         <kind>archive</kind>
         <file>rts6600_elf.lib</file>
         <name>fflush.obj</name>
      </input_file>
      <input_file id="fl-c9">
         <path>C:\ti\ccs_ver5_5_keystone\ccsv5\tools\compiler\c6000_7.4.4\lib\</path>
         <kind>archive</kind>
         <file>rts6600_elf.lib</file>
         <name>fseek.obj</name>
      </input_file>
      <input_file id="fl-ca">
         <path>C:\ti\ccs_ver5_5_keystone\ccsv5\tools\compiler\c6000_7.4.4\lib\</path>
         <kind>archive</kind>
         <file>rts6600_elf.lib</file>
         <name>setvbuf.obj</name>
      </input_file>
      <input_file id="fl-cb">
         <path>C:\ti\ccs_ver5_5_keystone\ccsv5\tools\compiler\c6000_7.4.4\lib\</path>
         <kind>archive</kind>
         <file>rts6600_elf.lib</file>
         <name>fopen.obj</name>
      </input_file>
      <input_file id="fl-cc">
         <path>C:\ti\ccs_ver5_5_keystone\ccsv5\tools\compiler\c6000_7.4.4\lib\</path>
         <kind>archive</kind>
         <file>rts6600_elf.lib</file>
         <name>fclose.obj</name>
      </input_file>
      <input_file id="fl-cd">
         <path>C:\ti\ccs_ver5_5_keystone\ccsv5\tools\compiler\c6000_7.4.4\lib\</path>
         <kind>archive</kind>
         <file>rts6600_elf.lib</file>
         <name>remove.obj</name>
      </input_file>
   </input_file_list>
   <object_component_list>
      <object_component id="oc-9f">
         <name>.text</name>
         <load_address>0x108643e0</load_address>
         <run_address>0x108643e0</run_address>
         <size>0x1fe0</size>
         <input_file_ref idref="fl-e"/>
      </object_component>
      <object_component id="oc-ed">
         <name>.text</name>
         <load_address>0x108663c0</load_address>
         <run_address>0x108663c0</run_address>
         <size>0x1b40</size>
         <input_file_ref idref="fl-14"/>
      </object_component>
      <object_component id="oc-b4">
         <name>.text</name>
         <load_address>0x10867f00</load_address>
         <run_address>0x10867f00</run_address>
         <size>0x17c0</size>
         <input_file_ref idref="fl-5"/>
      </object_component>
      <object_component id="oc-10d">
         <name>.text</name>
         <load_address>0x108696c0</load_address>
         <run_address>0x108696c0</run_address>
         <size>0x1160</size>
         <input_file_ref idref="fl-15"/>
      </object_component>
      <object_component id="oc-b9">
         <name>.text</name>
         <load_address>0x1086a820</load_address>
         <run_address>0x1086a820</run_address>
         <size>0x10a0</size>
         <input_file_ref idref="fl-2"/>
      </object_component>
      <object_component id="oc-11c">
         <name>.text</name>
         <load_address>0x1086b8c0</load_address>
         <run_address>0x1086b8c0</run_address>
         <size>0xd80</size>
         <input_file_ref idref="fl-11"/>
      </object_component>
      <object_component id="oc-60">
         <name>.text</name>
         <load_address>0x1086c640</load_address>
         <run_address>0x1086c640</run_address>
         <size>0x5e0</size>
         <input_file_ref idref="fl-3"/>
      </object_component>
      <object_component id="oc-5ce">
         <name>.text:__c6xabi_divd</name>
         <load_address>0x1086cc20</load_address>
         <run_address>0x1086cc20</run_address>
         <size>0x5c0</size>
         <input_file_ref idref="fl-ba"/>
      </object_component>
      <object_component id="oc-55f">
         <name>.text:_getarg_diouxp</name>
         <load_address>0x1086d1e0</load_address>
         <run_address>0x1086d1e0</run_address>
         <size>0x5c0</size>
         <input_file_ref idref="fl-b1"/>
      </object_component>
      <object_component id="oc-1a6">
         <name>.text:csl_section:edma3:CSL_edma3HwChannelControl</name>
         <load_address>0x1086d7a0</load_address>
         <run_address>0x1086d7a0</run_address>
         <size>0x5a0</size>
         <input_file_ref idref="fl-23"/>
      </object_component>
      <object_component id="oc-21e">
         <name>.text</name>
         <load_address>0x1086dd40</load_address>
         <run_address>0x1086dd40</run_address>
         <size>0x5a0</size>
         <input_file_ref idref="fl-17"/>
      </object_component>
      <object_component id="oc-fb">
         <name>.text</name>
         <load_address>0x1086e2e0</load_address>
         <run_address>0x1086e2e0</run_address>
         <size>0x560</size>
         <input_file_ref idref="fl-13"/>
      </object_component>
      <object_component id="oc-112">
         <name>.text</name>
         <load_address>0x1086e840</load_address>
         <run_address>0x1086e840</run_address>
         <size>0x520</size>
         <input_file_ref idref="fl-10"/>
      </object_component>
      <object_component id="oc-18e">
         <name>.text:csl_section:edma3:CSL_edma3HwControl</name>
         <load_address>0x1086ed60</load_address>
         <run_address>0x1086ed60</run_address>
         <size>0x4e0</size>
         <input_file_ref idref="fl-1e"/>
      </object_component>
      <object_component id="oc-f6">
         <name>.text</name>
         <load_address>0x1086f240</load_address>
         <run_address>0x1086f240</run_address>
         <size>0x4c0</size>
         <input_file_ref idref="fl-12"/>
      </object_component>
      <object_component id="oc-17b">
         <name>.text:_printfi</name>
         <load_address>0x1086f700</load_address>
         <run_address>0x1086f700</run_address>
         <size>0x460</size>
         <input_file_ref idref="fl-b1"/>
      </object_component>
      <object_component id="oc-2db">
         <name>.text:_setfield</name>
         <load_address>0x1086fb60</load_address>
         <run_address>0x1086fb60</run_address>
         <size>0x460</size>
         <input_file_ref idref="fl-b1"/>
      </object_component>
      <object_component id="oc-2c9">
         <name>.text:fputs</name>
         <load_address>0x1086ffc0</load_address>
         <run_address>0x1086ffc0</run_address>
         <size>0x3a0</size>
         <input_file_ref idref="fl-bc"/>
      </object_component>
      <object_component id="oc-4b6">
         <name>.text:_pproc_fge</name>
         <load_address>0x10870360</load_address>
         <run_address>0x10870360</run_address>
         <size>0x320</size>
         <input_file_ref idref="fl-b1"/>
      </object_component>
      <object_component id="oc-100">
         <name>.text</name>
         <load_address>0x10870680</load_address>
         <run_address>0x10870680</run_address>
         <size>0x320</size>
         <input_file_ref idref="fl-f"/>
      </object_component>
      <object_component id="oc-2d7">
         <name>.text:_pproc_fwp</name>
         <load_address>0x108709a0</load_address>
         <run_address>0x108709a0</run_address>
         <size>0x2e0</size>
         <input_file_ref idref="fl-b1"/>
      </object_component>
      <object_component id="oc-1ae">
         <name>.text:csl_section:edma3:CSL_edma3GetHwStatus</name>
         <load_address>0x10870c80</load_address>
         <run_address>0x10870c80</run_address>
         <size>0x2e0</size>
         <input_file_ref idref="fl-1f"/>
      </object_component>
      <object_component id="oc-5c5">
         <name>.text:fcvt</name>
         <load_address>0x10870f60</load_address>
         <run_address>0x10870f60</run_address>
         <size>0x2a0</size>
         <input_file_ref idref="fl-b1"/>
      </object_component>
      <object_component id="oc-5b8">
         <name>.text:ecvt</name>
         <load_address>0x10871200</load_address>
         <run_address>0x10871200</run_address>
         <size>0x280</size>
         <input_file_ref idref="fl-b1"/>
      </object_component>
      <object_component id="oc-c2">
         <name>.text:free</name>
         <load_address>0x10871480</load_address>
         <run_address>0x10871480</run_address>
         <size>0x280</size>
         <input_file_ref idref="fl-a8"/>
      </object_component>
      <object_component id="oc-166">
         <name>.text:__c6xabi_divull</name>
         <load_address>0x10871700</load_address>
         <run_address>0x10871700</run_address>
         <size>0x240</size>
         <input_file_ref idref="fl-a5"/>
      </object_component>
      <object_component id="oc-55a">
         <name>.text:_pconv_e</name>
         <load_address>0x10871940</load_address>
         <run_address>0x10871940</run_address>
         <size>0x240</size>
         <input_file_ref idref="fl-b1"/>
      </object_component>
      <object_component id="oc-4ba">
         <name>.text:_pproc_diouxp</name>
         <load_address>0x10871b80</load_address>
         <run_address>0x10871b80</run_address>
         <size>0x240</size>
         <input_file_ref idref="fl-b1"/>
      </object_component>
      <object_component id="oc-2df">
         <name>.text:_pproc_str</name>
         <load_address>0x10871dc0</load_address>
         <run_address>0x10871dc0</run_address>
         <size>0x220</size>
         <input_file_ref idref="fl-b1"/>
      </object_component>
      <object_component id="oc-2ce">
         <name>.text:fputc</name>
         <load_address>0x10871fe0</load_address>
         <run_address>0x10871fe0</run_address>
         <size>0x220</size>
         <input_file_ref idref="fl-bb"/>
      </object_component>
      <object_component id="oc-552">
         <name>.text:_pconv_g</name>
         <load_address>0x10872200</load_address>
         <run_address>0x10872200</run_address>
         <size>0x200</size>
         <input_file_ref idref="fl-b1"/>
      </object_component>
      <object_component id="oc-531">
         <name>.text:setvbuf</name>
         <load_address>0x10872400</load_address>
         <run_address>0x10872400</run_address>
         <size>0x200</size>
         <input_file_ref idref="fl-ca"/>
      </object_component>
      <object_component id="oc-5c0">
         <name>.text:_mcpy</name>
         <load_address>0x10872600</load_address>
         <run_address>0x10872600</run_address>
         <size>0x1c0</size>
         <input_file_ref idref="fl-b1"/>
      </object_component>
      <object_component id="oc-1d3">
         <name>.text:optasm</name>
         <load_address>0x108727c0</load_address>
         <run_address>0x108727c0</run_address>
         <size>0x1c0</size>
         <input_file_ref idref="fl-18"/>
      </object_component>
      <object_component id="oc-604">
         <name>.text:HOSTrename</name>
         <load_address>0x10872980</load_address>
         <run_address>0x10872980</run_address>
         <size>0x1a0</size>
         <input_file_ref idref="fl-c5"/>
      </object_component>
      <object_component id="oc-61a">
         <name>.text:__c6xabi_divul</name>
         <load_address>0x10872b20</load_address>
         <run_address>0x10872b20</run_address>
         <size>0x1a0</size>
         <input_file_ref idref="fl-be"/>
      </object_component>
      <object_component id="oc-42">
         <name>.text:__TI_decompress_rle_core</name>
         <load_address>0x10872cc0</load_address>
         <run_address>0x10872cc0</run_address>
         <size>0x180</size>
         <input_file_ref idref="fl-9f"/>
      </object_component>
      <object_component id="oc-be">
         <name>.text:malloc</name>
         <load_address>0x10872e40</load_address>
         <run_address>0x10872e40</run_address>
         <size>0x180</size>
         <input_file_ref idref="fl-a8"/>
      </object_component>
      <object_component id="oc-1d2">
         <name>.text:optasm</name>
         <load_address>0x10872fc0</load_address>
         <run_address>0x10872fc0</run_address>
         <size>0x180</size>
         <input_file_ref idref="fl-19"/>
      </object_component>
      <object_component id="oc-2d3">
         <name>.text:_pproc_fflags</name>
         <load_address>0x10873140</load_address>
         <run_address>0x10873140</run_address>
         <size>0x140</size>
         <input_file_ref idref="fl-b1"/>
      </object_component>
      <object_component id="oc-649">
         <name>.text:getdevice</name>
         <load_address>0x10873280</load_address>
         <run_address>0x10873280</run_address>
         <size>0x140</size>
         <input_file_ref idref="fl-c0"/>
      </object_component>
      <object_component id="oc-a8">
         <name>.text:__c6xabi_divlli</name>
         <load_address>0x108733c0</load_address>
         <run_address>0x108733c0</run_address>
         <size>0x120</size>
         <input_file_ref idref="fl-a5"/>
      </object_component>
      <object_component id="oc-5e5">
         <name>.text:_closefile</name>
         <load_address>0x108734e0</load_address>
         <run_address>0x108734e0</run_address>
         <size>0x120</size>
         <input_file_ref idref="fl-cc"/>
      </object_component>
      <object_component id="oc-563">
         <name>.text:_ltostr</name>
         <load_address>0x10873600</load_address>
         <run_address>0x10873600</run_address>
         <size>0x120</size>
         <input_file_ref idref="fl-b1"/>
      </object_component>
      <object_component id="oc-192">
         <name>.text:csl_section:edma3:CSL_edma3ChannelOpen</name>
         <load_address>0x10873720</load_address>
         <run_address>0x10873720</run_address>
         <size>0x120</size>
         <input_file_ref idref="fl-20"/>
      </object_component>
      <object_component id="oc-52d">
         <name>.text:fseek</name>
         <load_address>0x10873840</load_address>
         <run_address>0x10873840</run_address>
         <size>0x120</size>
         <input_file_ref idref="fl-c9"/>
      </object_component>
      <object_component id="oc-5fc">
         <name>.text:HOSTlseek</name>
         <load_address>0x10873960</load_address>
         <run_address>0x10873960</run_address>
         <size>0x100</size>
         <input_file_ref idref="fl-c5"/>
      </object_component>
      <object_component id="oc-25">
         <name>.text:_auto_init_elf</name>
         <load_address>0x10873a60</load_address>
         <run_address>0x10873a60</run_address>
         <size>0x100</size>
         <input_file_ref idref="fl-b5"/>
      </object_component>
      <object_component id="oc-4a0">
         <name>.text:_wrt_ok</name>
         <load_address>0x10873b60</load_address>
         <run_address>0x10873b60</run_address>
         <size>0x100</size>
         <input_file_ref idref="fl-c7"/>
      </object_component>
      <object_component id="oc-53">
         <name>.text:copy_in</name>
         <load_address>0x10873c60</load_address>
         <run_address>0x10873c60</run_address>
         <size>0x100</size>
         <input_file_ref idref="fl-b7"/>
      </object_component>
      <object_component id="oc-2f7">
         <name>.text:csl_section:edma:CSL_edma3ccGetModuleBaseAddr</name>
         <load_address>0x10873d60</load_address>
         <run_address>0x10873d60</run_address>
         <size>0x100</size>
         <input_file_ref idref="fl-25"/>
      </object_component>
      <object_component id="oc-5ec">
         <name>.text:HOSTopen</name>
         <load_address>0x10873e60</load_address>
         <run_address>0x10873e60</run_address>
         <size>0xe0</size>
         <input_file_ref idref="fl-c5"/>
      </object_component>
      <object_component id="oc-207">
         <name>.text:__divi</name>
         <load_address>0x10873f40</load_address>
         <run_address>0x10873f40</run_address>
         <size>0xe0</size>
         <input_file_ref idref="fl-a1"/>
      </object_component>
      <object_component id="oc-5d9">
         <name>.text:_div</name>
         <load_address>0x10874020</load_address>
         <run_address>0x10874020</run_address>
         <size>0xe0</size>
         <input_file_ref idref="fl-b1"/>
      </object_component>
      <object_component id="oc-4b1">
         <name>.text:atoi</name>
         <load_address>0x10874100</load_address>
         <run_address>0x10874100</run_address>
         <size>0xe0</size>
         <input_file_ref idref="fl-b4"/>
      </object_component>
      <object_component id="oc-621">
         <name>.text:close</name>
         <load_address>0x108741e0</load_address>
         <run_address>0x108741e0</run_address>
         <size>0xe0</size>
         <input_file_ref idref="fl-c0"/>
      </object_component>
      <object_component id="oc-19">
         <name>.text:decompress:ZI:__TI_zero_init</name>
         <load_address>0x108742c0</load_address>
         <run_address>0x108742c0</run_address>
         <size>0xe0</size>
         <input_file_ref idref="fl-a0"/>
      </object_component>
      <object_component id="oc-60c">
         <name>.text:ltoa</name>
         <load_address>0x108743a0</load_address>
         <run_address>0x108743a0</run_address>
         <size>0xe0</size>
         <input_file_ref idref="fl-c1"/>
      </object_component>
      <object_component id="oc-b0">
         <name>.text:memset</name>
         <load_address>0x10874480</load_address>
         <run_address>0x10874480</run_address>
         <size>0xe0</size>
         <input_file_ref idref="fl-a9"/>
      </object_component>
      <object_component id="oc-ac">
         <name>.text:printf</name>
         <load_address>0x10874560</load_address>
         <run_address>0x10874560</run_address>
         <size>0xe0</size>
         <input_file_ref idref="fl-ab"/>
      </object_component>
      <object_component id="oc-5f4">
         <name>.text:HOSTread</name>
         <load_address>0x10874640</load_address>
         <run_address>0x10874640</run_address>
         <size>0xc0</size>
         <input_file_ref idref="fl-c5"/>
      </object_component>
      <object_component id="oc-600">
         <name>.text:HOSTunlink</name>
         <load_address>0x10874700</load_address>
         <run_address>0x10874700</run_address>
         <size>0xc0</size>
         <input_file_ref idref="fl-c5"/>
      </object_component>
      <object_component id="oc-5f8">
         <name>.text:HOSTwrite</name>
         <load_address>0x108747c0</load_address>
         <run_address>0x108747c0</run_address>
         <size>0xc0</size>
         <input_file_ref idref="fl-c5"/>
      </object_component>
      <object_component id="oc-a4">
         <name>.text:__divu</name>
         <load_address>0x10874880</load_address>
         <run_address>0x10874880</run_address>
         <size>0xc0</size>
         <input_file_ref idref="fl-a2"/>
      </object_component>
      <object_component id="oc-4a4">
         <name>.text:_doflush</name>
         <load_address>0x10874940</load_address>
         <run_address>0x10874940</run_address>
         <size>0xc0</size>
         <input_file_ref idref="fl-c8"/>
      </object_component>
      <object_component id="oc-1ba">
         <name>.text:csl_section:edma3:CSL_edma3HwChannelSetupQue</name>
         <load_address>0x10874a00</load_address>
         <run_address>0x10874a00</run_address>
         <size>0xc0</size>
         <input_file_ref idref="fl-22"/>
      </object_component>
      <object_component id="oc-18a">
         <name>.text:csl_section:edma3:CSL_edma3Open</name>
         <load_address>0x10874ac0</load_address>
         <run_address>0x10874ac0</run_address>
         <size>0xc0</size>
         <input_file_ref idref="fl-1c"/>
      </object_component>
      <object_component id="oc-2d">
         <name>.text:exit</name>
         <load_address>0x10874b80</load_address>
         <run_address>0x10874b80</run_address>
         <size>0xc0</size>
         <input_file_ref idref="fl-a4"/>
      </object_component>
      <object_component id="oc-57">
         <name>.text:tls:init:__TI_tls_init</name>
         <load_address>0x10874c40</load_address>
         <run_address>0x10874c40</run_address>
         <size>0xc0</size>
         <input_file_ref idref="fl-c3"/>
      </object_component>
      <object_component id="oc-5f0">
         <name>.text:HOSTclose</name>
         <load_address>0x10874d00</load_address>
         <run_address>0x10874d00</run_address>
         <size>0xa0</size>
         <input_file_ref idref="fl-c5"/>
      </object_component>
      <object_component id="oc-121">
         <name>.text:__remu</name>
         <load_address>0x10874da0</load_address>
         <run_address>0x10874da0</run_address>
         <size>0xa0</size>
         <input_file_ref idref="fl-ac"/>
      </object_component>
      <object_component id="oc-597">
         <name>.text:_cleanup</name>
         <load_address>0x10874e40</load_address>
         <run_address>0x10874e40</run_address>
         <size>0xa0</size>
         <input_file_ref idref="fl-cb"/>
      </object_component>
      <object_component id="oc-5bc">
         <name>.text:_ecpy</name>
         <load_address>0x10874ee0</load_address>
         <run_address>0x10874ee0</run_address>
         <size>0xa0</size>
         <input_file_ref idref="fl-b1"/>
      </object_component>
      <object_component id="oc-5c9">
         <name>.text:_fcpy</name>
         <load_address>0x10874f80</load_address>
         <run_address>0x10874f80</run_address>
         <size>0xa0</size>
         <input_file_ref idref="fl-b1"/>
      </object_component>
      <object_component id="oc-1dd">
         <name>.text:_minit</name>
         <load_address>0x10875020</load_address>
         <run_address>0x10875020</run_address>
         <size>0xa0</size>
         <input_file_ref idref="fl-a8"/>
      </object_component>
      <object_component id="oc-556">
         <name>.text:_pconv_f</name>
         <load_address>0x108750c0</load_address>
         <run_address>0x108750c0</run_address>
         <size>0xa0</size>
         <input_file_ref idref="fl-b1"/>
      </object_component>
      <object_component id="oc-196">
         <name>.text:csl_section:edma3:CSL_edma3HwChannelSetupParam</name>
         <load_address>0x10875160</load_address>
         <run_address>0x10875160</run_address>
         <size>0xa0</size>
         <input_file_ref idref="fl-22"/>
      </object_component>
      <object_component id="oc-1a2">
         <name>.text:csl_section:edma3:CSL_edma3ParamSetup</name>
         <load_address>0x10875200</load_address>
         <run_address>0x10875200</run_address>
         <size>0xa0</size>
         <input_file_ref idref="fl-24"/>
      </object_component>
      <object_component id="oc-65d">
         <name>.text:finddevice</name>
         <load_address>0x108752a0</load_address>
         <run_address>0x108752a0</run_address>
         <size>0xa0</size>
         <input_file_ref idref="fl-c0"/>
      </object_component>
      <object_component id="oc-591">
         <name>.text:lseek</name>
         <load_address>0x10875340</load_address>
         <run_address>0x10875340</run_address>
         <size>0xa0</size>
         <input_file_ref idref="fl-c0"/>
      </object_component>
      <object_component id="oc-32">
         <name>.text:memcpy</name>
         <load_address>0x108753e0</load_address>
         <run_address>0x108753e0</run_address>
         <size>0xa0</size>
         <input_file_ref idref="fl-a7"/>
      </object_component>
      <object_component id="oc-1e5">
         <name>.text:minsert</name>
         <load_address>0x10875480</load_address>
         <run_address>0x10875480</run_address>
         <size>0xa0</size>
         <input_file_ref idref="fl-a8"/>
      </object_component>
      <object_component id="oc-1e1">
         <name>.text:mremove</name>
         <load_address>0x10875520</load_address>
         <run_address>0x10875520</run_address>
         <size>0xa0</size>
         <input_file_ref idref="fl-a8"/>
      </object_component>
      <object_component id="oc-4a8">
         <name>.text:write</name>
         <load_address>0x108755c0</load_address>
         <run_address>0x108755c0</run_address>
         <size>0xa0</size>
         <input_file_ref idref="fl-c0"/>
      </object_component>
      <object_component id="oc-2ac">
         <name>.text:__c6xabi_llshl</name>
         <load_address>0x10875660</load_address>
         <run_address>0x10875660</run_address>
         <size>0x80</size>
         <input_file_ref idref="fl-a6"/>
      </object_component>
      <object_component id="oc-11">
         <name>.text:_c_int00</name>
         <load_address>0x108756e0</load_address>
         <run_address>0x108756e0</run_address>
         <size>0x80</size>
         <input_file_ref idref="fl-9d"/>
      </object_component>
      <object_component id="oc-19e">
         <name>.text:csl_section:edma3:CSL_edma3GetParamHandle</name>
         <load_address>0x10875760</load_address>
         <run_address>0x10875760</run_address>
         <size>0x80</size>
         <input_file_ref idref="fl-24"/>
      </object_component>
      <object_component id="oc-19a">
         <name>.text:csl_section:edma3:CSL_edma3HwChannelSetupTriggerWord</name>
         <load_address>0x108757e0</load_address>
         <run_address>0x108757e0</run_address>
         <size>0x80</size>
         <input_file_ref idref="fl-22"/>
      </object_component>
      <object_component id="oc-338">
         <name>.text:optasm</name>
         <load_address>0x10875860</load_address>
         <run_address>0x10875860</run_address>
         <size>0x80</size>
         <input_file_ref idref="fl-1a"/>
      </object_component>
      <object_component id="oc-633">
         <name>.text:readmsg</name>
         <load_address>0x108758e0</load_address>
         <run_address>0x108758e0</run_address>
         <size>0x80</size>
         <input_file_ref idref="fl-c6"/>
      </object_component>
      <object_component id="oc-f2">
         <name>.text:strncpy</name>
         <load_address>0x10875960</load_address>
         <run_address>0x10875960</run_address>
         <size>0x80</size>
         <input_file_ref idref="fl-ae"/>
      </object_component>
      <object_component id="oc-117">
         <name>.text</name>
         <load_address>0x108759e0</load_address>
         <run_address>0x108759e0</run_address>
         <size>0x80</size>
         <input_file_ref idref="fl-16"/>
      </object_component>
      <object_component id="oc-625">
         <name>.text:unlink</name>
         <load_address>0x10875a60</load_address>
         <run_address>0x10875a60</run_address>
         <size>0x80</size>
         <input_file_ref idref="fl-c0"/>
      </object_component>
      <object_component id="oc-5b">
         <name>.text:__TI_cpp_init</name>
         <load_address>0x10875ae0</load_address>
         <run_address>0x10875ae0</run_address>
         <size>0x60</size>
         <input_file_ref idref="fl-b6"/>
      </object_component>
      <object_component id="oc-615">
         <name>.text:__c6xabi_frcmpyd_div</name>
         <load_address>0x10875b40</load_address>
         <run_address>0x10875b40</run_address>
         <size>0x60</size>
         <input_file_ref idref="fl-bd"/>
      </object_component>
      <object_component id="oc-2b4">
         <name>.text:__c6xabi_llshru</name>
         <load_address>0x10875ba0</load_address>
         <run_address>0x10875ba0</run_address>
         <size>0x60</size>
         <input_file_ref idref="fl-a6"/>
      </object_component>
      <object_component id="oc-2b0">
         <name>.text:_subcull</name>
         <load_address>0x10875c00</load_address>
         <run_address>0x10875c00</run_address>
         <size>0x60</size>
         <input_file_ref idref="fl-a5"/>
      </object_component>
      <object_component id="oc-4be">
         <name>.text:memccpy</name>
         <load_address>0x10875c60</load_address>
         <run_address>0x10875c60</run_address>
         <size>0x60</size>
         <input_file_ref idref="fl-c2"/>
      </object_component>
      <object_component id="oc-109">
         <name>.text:vsprintf</name>
         <load_address>0x10875cc0</load_address>
         <run_address>0x10875cc0</run_address>
         <size>0x60</size>
         <input_file_ref idref="fl-af"/>
      </object_component>
      <object_component id="oc-62f">
         <name>.text:writemsg</name>
         <load_address>0x10875d20</load_address>
         <run_address>0x10875d20</run_address>
         <size>0x60</size>
         <input_file_ref idref="fl-c6"/>
      </object_component>
      <object_component id="oc-54e">
         <name>.text:__c6xabi_isinf</name>
         <load_address>0x10875d80</load_address>
         <run_address>0x10875d80</run_address>
         <size>0x40</size>
         <input_file_ref idref="fl-bf"/>
      </object_component>
      <object_component id="oc-54a">
         <name>.text:__c6xabi_isnan</name>
         <load_address>0x10875dc0</load_address>
         <run_address>0x10875dc0</run_address>
         <size>0x40</size>
         <input_file_ref idref="fl-b1"/>
      </object_component>
      <object_component id="oc-29">
         <name>.text:_args_main</name>
         <load_address>0x10875e00</load_address>
         <run_address>0x10875e00</run_address>
         <size>0x40</size>
         <input_file_ref idref="fl-b3"/>
      </object_component>
      <object_component id="oc-23d">
         <name>.text:_outs</name>
         <load_address>0x10875e40</load_address>
         <run_address>0x10875e40</run_address>
         <size>0x40</size>
         <input_file_ref idref="fl-af"/>
      </object_component>
      <object_component id="oc-1b2">
         <name>.text:csl_section:edma3:CSL_edma3ChannelClose</name>
         <load_address>0x10875e80</load_address>
         <run_address>0x10875e80</run_address>
         <size>0x40</size>
         <input_file_ref idref="fl-21"/>
      </object_component>
      <object_component id="oc-162">
         <name>.text:llabs</name>
         <load_address>0x10875ec0</load_address>
         <run_address>0x10875ec0</run_address>
         <size>0x40</size>
         <input_file_ref idref="fl-b2"/>
      </object_component>
      <object_component id="oc-105">
         <name>.text:strlen</name>
         <load_address>0x10875f00</load_address>
         <run_address>0x10875f00</run_address>
         <size>0x40</size>
         <input_file_ref idref="fl-ad"/>
      </object_component>
      <object_component id="oc-334">
         <name>.text</name>
         <load_address>0x10875f40</load_address>
         <run_address>0x10875f40</run_address>
         <size>0x38</size>
         <input_file_ref idref="fl-19"/>
      </object_component>
      <object_component id="oc-16a">
         <name>.text:__c6xabi_negll</name>
         <load_address>0x10875f80</load_address>
         <run_address>0x10875f80</run_address>
         <size>0x20</size>
         <input_file_ref idref="fl-aa"/>
      </object_component>
      <object_component id="oc-2bf">
         <name>.text:_nop</name>
         <load_address>0x10875fa0</load_address>
         <run_address>0x10875fa0</run_address>
         <size>0x20</size>
         <input_file_ref idref="fl-b0"/>
      </object_component>
      <object_component id="oc-177">
         <name>.text:_outc</name>
         <load_address>0x10875fc0</load_address>
         <run_address>0x10875fc0</run_address>
         <size>0x20</size>
         <input_file_ref idref="fl-ab"/>
      </object_component>
      <object_component id="oc-239">
         <name>.text:_outc</name>
         <load_address>0x10875fe0</load_address>
         <run_address>0x10875fe0</run_address>
         <size>0x20</size>
         <input_file_ref idref="fl-af"/>
      </object_component>
      <object_component id="oc-173">
         <name>.text:_outs</name>
         <load_address>0x10876000</load_address>
         <run_address>0x10876000</run_address>
         <size>0x20</size>
         <input_file_ref idref="fl-ab"/>
      </object_component>
      <object_component id="oc-6d">
         <name>.text:abort</name>
         <load_address>0x10876020</load_address>
         <run_address>0x10876020</run_address>
         <size>0x20</size>
         <input_file_ref idref="fl-a4"/>
      </object_component>
      <object_component id="oc-1b6">
         <name>.text:csl_section:edma3:CSL_edma3Close</name>
         <load_address>0x10876040</load_address>
         <run_address>0x10876040</run_address>
         <size>0x20</size>
         <input_file_ref idref="fl-1d"/>
      </object_component>
      <object_component id="oc-186">
         <name>.text:csl_section:edma3:CSL_edma3Init</name>
         <load_address>0x10876060</load_address>
         <run_address>0x10876060</run_address>
         <size>0x20</size>
         <input_file_ref idref="fl-1b"/>
      </object_component>
      <object_component id="oc-1aa">
         <name>.text:csl_section:edma3:CSL_edma3ParamWriteWord</name>
         <load_address>0x10876080</load_address>
         <run_address>0x10876080</run_address>
         <size>0x20</size>
         <input_file_ref idref="fl-24"/>
      </object_component>
      <object_component id="oc-15">
         <name>.text:decompress:none:__TI_decompress_none</name>
         <load_address>0x108760a0</load_address>
         <run_address>0x108760a0</run_address>
         <size>0x20</size>
         <input_file_ref idref="fl-9e"/>
      </object_component>
      <object_component id="oc-1d">
         <name>.text:decompress:rle24:__TI_decompress_rle24</name>
         <load_address>0x108760c0</load_address>
         <run_address>0x108760c0</run_address>
         <size>0x20</size>
         <input_file_ref idref="fl-9f"/>
      </object_component>
      <object_component id="oc-21">
         <name>.stack</name>
         <uninitialized>true</uninitialized>
         <run_address>0x108760e0</run_address>
         <size>0x8</size>
         <input_file_ref idref="fl-9d"/>
      </object_component>
      <object_component id="oc-68f">
         <name>.stack</name>
         <uninitialized>true</uninitialized>
         <run_address>0x108760e0</run_address>
         <size>0x0</size>
      </object_component>
      <object_component id="oc-c6">
         <name>.bss</name>
         <uninitialized>true</uninitialized>
         <run_address>0x1087b1d8</run_address>
         <size>0x38</size>
         <input_file_ref idref="fl-3"/>
      </object_component>
      <object_component id="oc-381">
         <name>.bss</name>
         <uninitialized>true</uninitialized>
         <run_address>0x1087b210</run_address>
         <size>0x4</size>
         <input_file_ref idref="fl-17"/>
      </object_component>
      <object_component id="oc-68c">
         <name>.cinit..fardata.load</name>
         <load_address>0x1087b21c</load_address>
         <run_address>0x1087b21c</run_address>
         <size>0xad</size>
      </object_component>
      <object_component id="oc-68e">
         <name>.cinit.platform_lib.load</name>
         <load_address>0x1087b2cc</load_address>
         <run_address>0x1087b2cc</run_address>
         <size>0x9f</size>
      </object_component>
      <object_component id="oc-68a">
         <name>.cinit..data.load</name>
         <load_address>0x1087b36c</load_address>
         <run_address>0x1087b36c</run_address>
         <size>0x75</size>
      </object_component>
      <object_component id="oc-687">
         <name>__TI_handler_table</name>
         <load_address>0x1087b3e4</load_address>
         <run_address>0x1087b3e4</run_address>
         <size>0xc</size>
      </object_component>
      <object_component id="oc-68d">
         <name>.cinit..neardata.load</name>
         <load_address>0x1087b3f0</load_address>
         <run_address>0x1087b3f0</run_address>
         <size>0x9</size>
      </object_component>
      <object_component id="oc-689">
         <name>.cinit..bss.load</name>
         <load_address>0x1087b3fc</load_address>
         <run_address>0x1087b3fc</run_address>
         <size>0x8</size>
      </object_component>
      <object_component id="oc-68b">
         <name>.cinit..far.load</name>
         <load_address>0x1087b404</load_address>
         <run_address>0x1087b404</run_address>
         <size>0x8</size>
      </object_component>
      <object_component id="oc-688">
         <name>__TI_cinit_table</name>
         <load_address>0x1087b40c</load_address>
         <run_address>0x1087b40c</run_address>
         <size>0x30</size>
      </object_component>
      <object_component id="oc-654">
         <name>.cio</name>
         <uninitialized>true</uninitialized>
         <run_address>0x1087afb0</run_address>
         <size>0x120</size>
         <input_file_ref idref="fl-c6"/>
      </object_component>
      <object_component id="oc-183">
         <name>.const:.string</name>
         <load_address>0x1087a0e0</load_address>
         <run_address>0x1087a0e0</run_address>
         <size>0x690</size>
         <input_file_ref idref="fl-5"/>
      </object_component>
      <object_component id="oc-ca">
         <name>.const:.string</name>
         <load_address>0x1087a770</load_address>
         <run_address>0x1087a770</run_address>
         <size>0x22c</size>
         <input_file_ref idref="fl-3"/>
      </object_component>
      <object_component id="oc-1cf">
         <name>.const:.string</name>
         <load_address>0x1087a99c</load_address>
         <run_address>0x1087a99c</run_address>
         <size>0x114</size>
         <input_file_ref idref="fl-2"/>
      </object_component>
      <object_component id="oc-546">
         <name>.const:.string:_ctypes_</name>
         <load_address>0x1087aab0</load_address>
         <run_address>0x1087aab0</run_address>
         <size>0x101</size>
         <input_file_ref idref="fl-b8"/>
      </object_component>
      <object_component id="oc-129">
         <name>.const:.string</name>
         <load_address>0x1087abb4</load_address>
         <run_address>0x1087abb4</run_address>
         <size>0x58</size>
         <input_file_ref idref="fl-e"/>
      </object_component>
      <object_component id="oc-4c2">
         <name>.const:.string</name>
         <load_address>0x1087ac0c</load_address>
         <run_address>0x1087ac0c</run_address>
         <size>0x23</size>
         <input_file_ref idref="fl-b1"/>
      </object_component>
      <object_component id="oc-248">
         <name>.const:.string:$P$T0$1</name>
         <load_address>0x1087ac30</load_address>
         <run_address>0x1087ac30</run_address>
         <size>0xa</size>
         <input_file_ref idref="fl-15"/>
      </object_component>
      <object_component id="oc-24c">
         <name>.const:.string:$P$T1$2</name>
         <load_address>0x1087ac40</load_address>
         <run_address>0x1087ac40</run_address>
         <size>0xa</size>
         <input_file_ref idref="fl-15"/>
      </object_component>
      <object_component id="oc-337">
         <name>.data</name>
         <load_address>0x1087b160</load_address>
         <run_address>0x1087b160</run_address>
         <size>0x78</size>
         <input_file_ref idref="fl-18"/>
      </object_component>
      <object_component id="oc-302">
         <name>.switch:CSL_edma3HwControl</name>
         <load_address>0x1087b0d0</load_address>
         <run_address>0x1087b0d0</run_address>
         <size>0x3c</size>
         <input_file_ref idref="fl-1e"/>
      </object_component>
      <object_component id="oc-31f">
         <name>.switch:CSL_edma3GetHwStatus</name>
         <load_address>0x1087b10c</load_address>
         <run_address>0x1087b10c</run_address>
         <size>0x20</size>
         <input_file_ref idref="fl-1f"/>
      </object_component>
      <object_component id="oc-12a">
         <name>.switch:platform_internal_memory_test</name>
         <load_address>0x1087b12c</load_address>
         <run_address>0x1087b12c</run_address>
         <size>0x20</size>
         <input_file_ref idref="fl-e"/>
      </object_component>
      <object_component id="oc-31b">
         <name>.switch:CSL_edma3HwChannelControl</name>
         <load_address>0x1087b14c</load_address>
         <run_address>0x1087b14c</run_address>
         <size>0x14</size>
         <input_file_ref idref="fl-23"/>
      </object_component>
      <object_component id="oc-23">
         <name>.sysmem</name>
         <uninitialized>true</uninitialized>
         <run_address>0x108780e0</run_address>
         <size>0x8</size>
         <input_file_ref idref="fl-a8"/>
      </object_component>
      <object_component id="oc-690">
         <name>.sysmem</name>
         <uninitialized>true</uninitialized>
         <run_address>0x108780e0</run_address>
         <size>0x0</size>
      </object_component>
      <object_component id="oc-c8">
         <name>.far</name>
         <uninitialized>true</uninitialized>
         <run_address>0x10800000</run_address>
         <size>0x64230</size>
         <input_file_ref idref="fl-3"/>
      </object_component>
      <object_component id="oc-184">
         <name>.far</name>
         <uninitialized>true</uninitialized>
         <run_address>0x108643b8</run_address>
         <size>0x19</size>
         <input_file_ref idref="fl-5"/>
      </object_component>
      <object_component id="oc-253">
         <name>.far</name>
         <uninitialized>true</uninitialized>
         <run_address>0x10864370</run_address>
         <size>0x44</size>
         <input_file_ref idref="fl-11"/>
      </object_component>
      <object_component id="oc-629">
         <name>.far</name>
         <uninitialized>true</uninitialized>
         <run_address>0x10864230</run_address>
         <size>0x140</size>
         <input_file_ref idref="fl-b9"/>
      </object_component>
      <object_component id="oc-62d">
         <name>.far</name>
         <uninitialized>true</uninitialized>
         <run_address>0x108643d8</run_address>
         <size>0x8</size>
         <input_file_ref idref="fl-c5"/>
      </object_component>
      <object_component id="oc-6b">
         <name>.fardata</name>
         <load_address>0x1087af88</load_address>
         <run_address>0x1087af88</run_address>
         <size>0xc</size>
         <input_file_ref idref="fl-a4"/>
      </object_component>
      <object_component id="oc-16f">
         <name>.fardata</name>
         <load_address>0x1087afa0</load_address>
         <run_address>0x1087afa0</run_address>
         <size>0x8</size>
         <input_file_ref idref="fl-b0"/>
      </object_component>
      <object_component id="oc-171">
         <name>.fardata:_ftable</name>
         <load_address>0x1087ac50</load_address>
         <run_address>0x1087ac50</run_address>
         <size>0x1e0</size>
         <input_file_ref idref="fl-b9"/>
      </object_component>
      <object_component id="oc-1d0">
         <name>.fardata:logtable</name>
         <load_address>0x1087af48</load_address>
         <run_address>0x1087af48</run_address>
         <size>0x40</size>
         <input_file_ref idref="fl-4"/>
      </object_component>
      <object_component id="oc-1db">
         <name>.fardata</name>
         <load_address>0x1087af94</load_address>
         <run_address>0x1087af94</run_address>
         <size>0xc</size>
         <input_file_ref idref="fl-a8"/>
      </object_component>
      <object_component id="oc-335">
         <name>.fardata</name>
         <load_address>0x1087afac</load_address>
         <run_address>0x1087afac</run_address>
         <size>0x4</size>
         <input_file_ref idref="fl-a3"/>
      </object_component>
      <object_component id="oc-539">
         <name>.fardata:_stream</name>
         <load_address>0x1087ae30</load_address>
         <run_address>0x1087ae30</run_address>
         <size>0xa0</size>
         <input_file_ref idref="fl-c0"/>
      </object_component>
      <object_component id="oc-5a1">
         <name>.fardata:_device</name>
         <load_address>0x1087aed0</load_address>
         <run_address>0x1087aed0</run_address>
         <size>0x78</size>
         <input_file_ref idref="fl-c0"/>
      </object_component>
      <object_component id="oc-5e3">
         <name>.fardata</name>
         <load_address>0x1087afa8</load_address>
         <run_address>0x1087afa8</run_address>
         <size>0x4</size>
         <input_file_ref idref="fl-b9"/>
      </object_component>
      <object_component id="oc-125">
         <name>.neardata</name>
         <load_address>0x1087b214</load_address>
         <run_address>0x1087b214</run_address>
         <size>0x8</size>
         <input_file_ref idref="fl-e"/>
      </object_component>
      <object_component id="oc-12">
         <name>.debug_info</name>
         <load_address>0x0</load_address>
         <run_address>0x0</run_address>
         <size>0x110</size>
         <input_file_ref idref="fl-9d"/>
      </object_component>
      <object_component id="oc-16">
         <name>.debug_info</name>
         <load_address>0x110</load_address>
         <run_address>0x110</run_address>
         <size>0x14f</size>
         <input_file_ref idref="fl-9e"/>
      </object_component>
      <object_component id="oc-1a">
         <name>.debug_info</name>
         <load_address>0x25f</load_address>
         <run_address>0x25f</run_address>
         <size>0x190</size>
         <input_file_ref idref="fl-a0"/>
      </object_component>
      <object_component id="oc-1e">
         <name>.debug_info</name>
         <load_address>0x3ef</load_address>
         <run_address>0x3ef</run_address>
         <size>0x16c</size>
         <input_file_ref idref="fl-9f"/>
      </object_component>
      <object_component id="oc-22">
         <name>.debug_info</name>
         <load_address>0x55b</load_address>
         <run_address>0x55b</run_address>
         <size>0xa7</size>
         <input_file_ref idref="fl-9d"/>
      </object_component>
      <object_component id="oc-24">
         <name>.debug_info</name>
         <load_address>0x602</load_address>
         <run_address>0x602</run_address>
         <size>0xb3</size>
         <input_file_ref idref="fl-a8"/>
      </object_component>
      <object_component id="oc-26">
         <name>.debug_info</name>
         <load_address>0x6b5</load_address>
         <run_address>0x6b5</run_address>
         <size>0x190</size>
         <input_file_ref idref="fl-b5"/>
      </object_component>
      <object_component id="oc-2a">
         <name>.debug_info</name>
         <load_address>0x845</load_address>
         <run_address>0x845</run_address>
         <size>0xf6</size>
         <input_file_ref idref="fl-b3"/>
      </object_component>
      <object_component id="oc-2e">
         <name>.debug_info</name>
         <load_address>0x93b</load_address>
         <run_address>0x93b</run_address>
         <size>0x10c</size>
         <input_file_ref idref="fl-a4"/>
      </object_component>
      <object_component id="oc-33">
         <name>.debug_info</name>
         <load_address>0xa47</load_address>
         <run_address>0xa47</run_address>
         <size>0xd6</size>
         <input_file_ref idref="fl-a7"/>
      </object_component>
      <object_component id="oc-37">
         <name>.debug_info</name>
         <load_address>0xb1d</load_address>
         <run_address>0xb1d</run_address>
         <size>0x53</size>
         <input_file_ref idref="fl-9e"/>
      </object_component>
      <object_component id="oc-3d">
         <name>.debug_info</name>
         <load_address>0xb70</load_address>
         <run_address>0xb70</run_address>
         <size>0x53</size>
         <input_file_ref idref="fl-a0"/>
      </object_component>
      <object_component id="oc-43">
         <name>.debug_info</name>
         <load_address>0xbc3</load_address>
         <run_address>0xbc3</run_address>
         <size>0x2f2</size>
         <input_file_ref idref="fl-9f"/>
      </object_component>
      <object_component id="oc-47">
         <name>.debug_info</name>
         <load_address>0xeb5</load_address>
         <run_address>0xeb5</run_address>
         <size>0x1d7</size>
         <input_file_ref idref="fl-9f"/>
      </object_component>
      <object_component id="oc-48">
         <name>.debug_info</name>
         <load_address>0x108c</load_address>
         <run_address>0x108c</run_address>
         <size>0x46</size>
         <input_file_ref idref="fl-9f"/>
      </object_component>
      <object_component id="oc-4f">
         <name>.debug_info</name>
         <load_address>0x10d2</load_address>
         <run_address>0x10d2</run_address>
         <size>0x10a</size>
         <input_file_ref idref="fl-9d"/>
      </object_component>
      <object_component id="oc-52">
         <name>.debug_info</name>
         <load_address>0x11dc</load_address>
         <run_address>0x11dc</run_address>
         <size>0x16a</size>
         <input_file_ref idref="fl-a8"/>
      </object_component>
      <object_component id="oc-54">
         <name>.debug_info</name>
         <load_address>0x1346</load_address>
         <run_address>0x1346</run_address>
         <size>0x18e</size>
         <input_file_ref idref="fl-b7"/>
      </object_component>
      <object_component id="oc-58">
         <name>.debug_info</name>
         <load_address>0x14d4</load_address>
         <run_address>0x14d4</run_address>
         <size>0x164</size>
         <input_file_ref idref="fl-c3"/>
      </object_component>
      <object_component id="oc-5c">
         <name>.debug_info</name>
         <load_address>0x1638</load_address>
         <run_address>0x1638</run_address>
         <size>0x15f</size>
         <input_file_ref idref="fl-b6"/>
      </object_component>
      <object_component id="oc-61">
         <name>.debug_info</name>
         <load_address>0x1797</load_address>
         <run_address>0x1797</run_address>
         <size>0x187f</size>
         <input_file_ref idref="fl-3"/>
      </object_component>
      <object_component id="oc-66">
         <name>.debug_info</name>
         <load_address>0x3016</load_address>
         <run_address>0x3016</run_address>
         <size>0x94</size>
         <input_file_ref idref="fl-9d"/>
      </object_component>
      <object_component id="oc-6c">
         <name>.debug_info</name>
         <load_address>0x30aa</load_address>
         <run_address>0x30aa</run_address>
         <size>0x127</size>
         <input_file_ref idref="fl-a4"/>
      </object_component>
      <object_component id="oc-6e">
         <name>.debug_info</name>
         <load_address>0x31d1</load_address>
         <run_address>0x31d1</run_address>
         <size>0x11e</size>
         <input_file_ref idref="fl-a4"/>
      </object_component>
      <object_component id="oc-72">
         <name>.debug_info</name>
         <load_address>0x32ef</load_address>
         <run_address>0x32ef</run_address>
         <size>0x8d</size>
         <input_file_ref idref="fl-9e"/>
      </object_component>
      <object_component id="oc-78">
         <name>.debug_info</name>
         <load_address>0x337c</load_address>
         <run_address>0x337c</run_address>
         <size>0x46</size>
         <input_file_ref idref="fl-9e"/>
      </object_component>
      <object_component id="oc-7d">
         <name>.debug_info</name>
         <load_address>0x33c2</load_address>
         <run_address>0x33c2</run_address>
         <size>0xe5</size>
         <input_file_ref idref="fl-9e"/>
      </object_component>
      <object_component id="oc-7e">
         <name>.debug_info</name>
         <load_address>0x34a7</load_address>
         <run_address>0x34a7</run_address>
         <size>0x2c</size>
         <input_file_ref idref="fl-9f"/>
      </object_component>
      <object_component id="oc-83">
         <name>.debug_info</name>
         <load_address>0x34d3</load_address>
         <run_address>0x34d3</run_address>
         <size>0x1cd</size>
         <input_file_ref idref="fl-a0"/>
      </object_component>
      <object_component id="oc-89">
         <name>.debug_info</name>
         <load_address>0x36a0</load_address>
         <run_address>0x36a0</run_address>
         <size>0x1d9</size>
         <input_file_ref idref="fl-9d"/>
      </object_component>
      <object_component id="oc-90">
         <name>.debug_info</name>
         <load_address>0x3879</load_address>
         <run_address>0x3879</run_address>
         <size>0x110</size>
         <input_file_ref idref="fl-a4"/>
      </object_component>
      <object_component id="oc-95">
         <name>.debug_info</name>
         <load_address>0x3989</load_address>
         <run_address>0x3989</run_address>
         <size>0x70</size>
         <input_file_ref idref="fl-a8"/>
      </object_component>
      <object_component id="oc-9b">
         <name>.debug_info</name>
         <load_address>0x39f9</load_address>
         <run_address>0x39f9</run_address>
         <size>0x140</size>
         <input_file_ref idref="fl-b7"/>
      </object_component>
      <object_component id="oc-9d">
         <name>.debug_info</name>
         <load_address>0x3b39</load_address>
         <run_address>0x3b39</run_address>
         <size>0x253</size>
         <input_file_ref idref="fl-c3"/>
      </object_component>
      <object_component id="oc-a0">
         <name>.debug_info</name>
         <load_address>0x3d8c</load_address>
         <run_address>0x3d8c</run_address>
         <size>0x4683</size>
         <input_file_ref idref="fl-e"/>
      </object_component>
      <object_component id="oc-a5">
         <name>.debug_info</name>
         <load_address>0x840f</load_address>
         <run_address>0x840f</run_address>
         <size>0xc9</size>
         <input_file_ref idref="fl-a2"/>
      </object_component>
      <object_component id="oc-a9">
         <name>.debug_info</name>
         <load_address>0x84d8</load_address>
         <run_address>0x84d8</run_address>
         <size>0x16e</size>
         <input_file_ref idref="fl-a5"/>
      </object_component>
      <object_component id="oc-ad">
         <name>.debug_info</name>
         <load_address>0x8646</load_address>
         <run_address>0x8646</run_address>
         <size>0x127</size>
         <input_file_ref idref="fl-ab"/>
      </object_component>
      <object_component id="oc-b1">
         <name>.debug_info</name>
         <load_address>0x876d</load_address>
         <run_address>0x876d</run_address>
         <size>0x163</size>
         <input_file_ref idref="fl-a9"/>
      </object_component>
      <object_component id="oc-b5">
         <name>.debug_info</name>
         <load_address>0x88d0</load_address>
         <run_address>0x88d0</run_address>
         <size>0x2b88</size>
         <input_file_ref idref="fl-5"/>
      </object_component>
      <object_component id="oc-ba">
         <name>.debug_info</name>
         <load_address>0xb458</load_address>
         <run_address>0xb458</run_address>
         <size>0xe37</size>
         <input_file_ref idref="fl-2"/>
      </object_component>
      <object_component id="oc-bf">
         <name>.debug_info</name>
         <load_address>0xc28f</load_address>
         <run_address>0xc28f</run_address>
         <size>0x196</size>
         <input_file_ref idref="fl-a8"/>
      </object_component>
      <object_component id="oc-c3">
         <name>.debug_info</name>
         <load_address>0xc425</load_address>
         <run_address>0xc425</run_address>
         <size>0x1f9</size>
         <input_file_ref idref="fl-a8"/>
      </object_component>
      <object_component id="oc-c7">
         <name>.debug_info</name>
         <load_address>0xc61e</load_address>
         <run_address>0xc61e</run_address>
         <size>0x2c1</size>
         <input_file_ref idref="fl-3"/>
      </object_component>
      <object_component id="oc-c9">
         <name>.debug_info</name>
         <load_address>0xc8df</load_address>
         <run_address>0xc8df</run_address>
         <size>0x264</size>
         <input_file_ref idref="fl-3"/>
      </object_component>
      <object_component id="oc-cc">
         <name>.debug_info</name>
         <load_address>0xcb43</load_address>
         <run_address>0xcb43</run_address>
         <size>0x1d9</size>
         <input_file_ref idref="fl-2"/>
      </object_component>
      <object_component id="oc-d1">
         <name>.debug_info</name>
         <load_address>0xcd1c</load_address>
         <run_address>0xcd1c</run_address>
         <size>0x8a3</size>
         <input_file_ref idref="fl-3"/>
      </object_component>
      <object_component id="oc-d2">
         <name>.debug_info</name>
         <load_address>0xd5bf</load_address>
         <run_address>0xd5bf</run_address>
         <size>0xc8</size>
         <input_file_ref idref="fl-2"/>
      </object_component>
      <object_component id="oc-d7">
         <name>.debug_info</name>
         <load_address>0xd687</load_address>
         <run_address>0xd687</run_address>
         <size>0x604</size>
         <input_file_ref idref="fl-3"/>
      </object_component>
      <object_component id="oc-de">
         <name>.debug_info</name>
         <load_address>0xdc8b</load_address>
         <run_address>0xdc8b</run_address>
         <size>0x12b</size>
         <input_file_ref idref="fl-a4"/>
      </object_component>
      <object_component id="oc-e6">
         <name>.debug_info</name>
         <load_address>0xddb6</load_address>
         <run_address>0xddb6</run_address>
         <size>0xcd</size>
         <input_file_ref idref="fl-b7"/>
      </object_component>
      <object_component id="oc-ee">
         <name>.debug_info</name>
         <load_address>0xde83</load_address>
         <run_address>0xde83</run_address>
         <size>0x2ff7</size>
         <input_file_ref idref="fl-14"/>
      </object_component>
      <object_component id="oc-f3">
         <name>.debug_info</name>
         <load_address>0x10e7a</load_address>
         <run_address>0x10e7a</run_address>
         <size>0x214</size>
         <input_file_ref idref="fl-ae"/>
      </object_component>
      <object_component id="oc-f7">
         <name>.debug_info</name>
         <load_address>0x1108e</load_address>
         <run_address>0x1108e</run_address>
         <size>0xecd</size>
         <input_file_ref idref="fl-12"/>
      </object_component>
      <object_component id="oc-fc">
         <name>.debug_info</name>
         <load_address>0x11f5b</load_address>
         <run_address>0x11f5b</run_address>
         <size>0x1481</size>
         <input_file_ref idref="fl-13"/>
      </object_component>
      <object_component id="oc-101">
         <name>.debug_info</name>
         <load_address>0x133dc</load_address>
         <run_address>0x133dc</run_address>
         <size>0x4c0</size>
         <input_file_ref idref="fl-f"/>
      </object_component>
      <object_component id="oc-106">
         <name>.debug_info</name>
         <load_address>0x1389c</load_address>
         <run_address>0x1389c</run_address>
         <size>0x191</size>
         <input_file_ref idref="fl-ad"/>
      </object_component>
      <object_component id="oc-10a">
         <name>.debug_info</name>
         <load_address>0x13a2d</load_address>
         <run_address>0x13a2d</run_address>
         <size>0x13a</size>
         <input_file_ref idref="fl-af"/>
      </object_component>
      <object_component id="oc-10e">
         <name>.debug_info</name>
         <load_address>0x13b67</load_address>
         <run_address>0x13b67</run_address>
         <size>0x27c5</size>
         <input_file_ref idref="fl-15"/>
      </object_component>
      <object_component id="oc-113">
         <name>.debug_info</name>
         <load_address>0x1632c</load_address>
         <run_address>0x1632c</run_address>
         <size>0xa84</size>
         <input_file_ref idref="fl-10"/>
      </object_component>
      <object_component id="oc-118">
         <name>.debug_info</name>
         <load_address>0x16db0</load_address>
         <run_address>0x16db0</run_address>
         <size>0x16e</size>
         <input_file_ref idref="fl-16"/>
      </object_component>
      <object_component id="oc-11d">
         <name>.debug_info</name>
         <load_address>0x16f1e</load_address>
         <run_address>0x16f1e</run_address>
         <size>0x1909</size>
         <input_file_ref idref="fl-11"/>
      </object_component>
      <object_component id="oc-122">
         <name>.debug_info</name>
         <load_address>0x18827</load_address>
         <run_address>0x18827</run_address>
         <size>0xc9</size>
         <input_file_ref idref="fl-ac"/>
      </object_component>
      <object_component id="oc-126">
         <name>.debug_info</name>
         <load_address>0x188f0</load_address>
         <run_address>0x188f0</run_address>
         <size>0x143</size>
         <input_file_ref idref="fl-e"/>
      </object_component>
[...]
         <name>NandWriteDataBytes</name>
         <value>0x1086a10c</value>
         <object_component_ref idref="oc-10d"/>
      </symbol>
      <symbol id="sm-b57">
         <name>NandGetDetails</name>
         <value>0x1086a6f8</value>
         <object_component_ref idref="oc-10d"/>
      </symbol>
      <symbol id="sm-b58">
         <name>writeNandPage</name>
         <value>0x1086a170</value>
         <object_component_ref idref="oc-10d"/>
      </symbol>
      <symbol id="sm-b59">
         <name>nandInit</name>
         <value>0x1086a800</value>
         <object_component_ref idref="oc-10d"/>
      </symbol>
      <symbol id="sm-b5a">
         <name>NandReadSpareArea</name>
         <value>0x10869dec</value>
         <object_component_ref idref="oc-10d"/>
      </symbol>
      <symbol id="sm-b5b">
         <name>readNandPage</name>
         <value>0x10869ed8</value>
         <object_component_ref idref="oc-10d"/>
      </symbol>
      <symbol id="sm-b5c">
         <name>nandFlashBlockErase</name>
         <value>0x1086a498</value>
         <object_component_ref idref="oc-10d"/>
      </symbol>
      <symbol id="sm-b5d">
         <name>NandWriteSpareArea</name>
         <value>0x1086a370</value>
         <object_component_ref idref="oc-10d"/>
      </symbol>
      <symbol id="sm-b67">
         <name>evmI2CInit</name>
         <value>0x108759e0</value>
         <object_component_ref idref="oc-117"/>
      </symbol>
      <symbol id="sm-be1">
         <name>spi_read_word</name>
         <value>0x1086e188</value>
         <object_component_ref idref="oc-21e"/>
      </symbol>
      <symbol id="sm-be2">
         <name>spi_cmd_read</name>
         <value>0x1086e0c8</value>
         <object_component_ref idref="oc-21e"/>
      </symbol>
      <symbol id="sm-be3">
         <name>spi_xfer</name>
         <value>0x1086df30</value>
         <object_component_ref idref="oc-21e"/>
      </symbol>
      <symbol id="sm-be4">
         <name>spi_cmd_write</name>
         <value>0x1086e128</value>
         <object_component_ref idref="oc-21e"/>
      </symbol>
      <symbol id="sm-be5">
         <name>spi_release</name>
         <value>0x1086df18</value>
         <object_component_ref idref="oc-21e"/>
      </symbol>
      <symbol id="sm-be6">
         <name>spi_write_word</name>
         <value>0x1086e240</value>
         <object_component_ref idref="oc-21e"/>
      </symbol>
      <symbol id="sm-be7">
         <name>spi_cmd</name>
         <value>0x1086e064</value>
         <object_component_ref idref="oc-21e"/>
      </symbol>
      <symbol id="sm-be8">
         <name>spi_claim</name>
         <value>0x1086dd70</value>
         <object_component_ref idref="oc-21e"/>
      </symbol>
      <symbol id="sm-bf0">
         <name>log10dp</name>
         <value>0x108727c0</value>
         <object_component_ref idref="oc-1d3"/>
      </symbol>
      <symbol id="sm-bf1">
         <name>nmn_L2</name>
         <value>0x1087b160</value>
         <object_component_ref idref="oc-337"/>
      </symbol>
      <symbol id="sm-bf6">
         <name>Logtable_asm</name>
         <value>0x10875f40</value>
         <object_component_ref idref="oc-334"/>
      </symbol>
      <symbol id="sm-bf7">
         <name>log10sp</name>
         <value>0x10872fe0</value>
         <object_component_ref idref="oc-1d2"/>
      </symbol>
      <symbol id="sm-bfa">
         <name>divdp</name>
         <value>0x10875860</value>
         <object_component_ref idref="oc-338"/>
      </symbol>
      <symbol id="sm-c31">
         <name>CSL_edma3Init</name>
         <value>0x10876060</value>
         <object_component_ref idref="oc-186"/>
      </symbol>
      <symbol id="sm-c48">
         <name>CSL_edma3Open</name>
         <value>0x10874ac0</value>
         <object_component_ref idref="oc-18a"/>
      </symbol>
      <symbol id="sm-c4f">
         <name>CSL_edma3Close</name>
         <value>0x10876040</value>
         <object_component_ref idref="oc-1b6"/>
      </symbol>
      <symbol id="sm-c6d">
         <name>CSL_edma3HwControl</name>
         <value>0x1086ed60</value>
         <object_component_ref idref="oc-18e"/>
      </symbol>
      <symbol id="sm-c84">
         <name>CSL_edma3GetHwStatus</name>
         <value>0x10870c80</value>
         <object_component_ref idref="oc-1ae"/>
      </symbol>
      <symbol id="sm-c93">
         <name>CSL_edma3ChannelOpen</name>
         <value>0x10873720</value>
         <object_component_ref idref="oc-192"/>
      </symbol>
      <symbol id="sm-c9a">
         <name>CSL_edma3ChannelClose</name>
         <value>0x10875e80</value>
         <object_component_ref idref="oc-1b2"/>
      </symbol>
      <symbol id="sm-cb2">
         <name>CSL_edma3HwChannelSetupTriggerWord</name>
         <value>0x108757e0</value>
         <object_component_ref idref="oc-19a"/>
      </symbol>
      <symbol id="sm-cb3">
         <name>CSL_edma3HwChannelSetupParam</name>
         <value>0x10875160</value>
         <object_component_ref idref="oc-196"/>
      </symbol>
      <symbol id="sm-cb4">
         <name>CSL_edma3HwChannelSetupQue</name>
         <value>0x10874a00</value>
         <object_component_ref idref="oc-1ba"/>
      </symbol>
      <symbol id="sm-cd1">
         <name>CSL_edma3HwChannelControl</name>
         <value>0x1086d7a0</value>
         <object_component_ref idref="oc-1a6"/>
      </symbol>
      <symbol id="sm-cf4">
         <name>CSL_edma3GetParamHandle</name>
         <value>0x10875760</value>
         <object_component_ref idref="oc-19e"/>
      </symbol>
      <symbol id="sm-cf5">
         <name>CSL_edma3ParamWriteWord</name>
         <value>0x10876080</value>
         <object_component_ref idref="oc-1aa"/>
      </symbol>
      <symbol id="sm-cf6">
         <name>CSL_edma3ParamSetup</name>
         <value>0x10875200</value>
         <object_component_ref idref="oc-1a2"/>
      </symbol>
      <symbol id="sm-d0f">
         <name>CSL_edma3ccGetModuleBaseAddr</name>
         <value>0x10873d60</value>
         <object_component_ref idref="oc-2f7"/>
      </symbol>
      <symbol id="sm-d2a">
         <name>_c_int00</name>
         <value>0x108756e0</value>
         <object_component_ref idref="oc-11"/>
      </symbol>
      <symbol id="sm-d2b">
         <name>_stack</name>
         <value>0x108760e0</value>
         <object_component_ref idref="oc-21"/>
      </symbol>
      <symbol id="sm-d44">
         <name>__TI_decompress_none</name>
         <value>0x108760a0</value>
         <object_component_ref idref="oc-15"/>
      </symbol>
      <symbol id="sm-d65">
         <name>__TI_decompress_rle24</name>
         <value>0x108760c0</value>
         <object_component_ref idref="oc-1d"/>
      </symbol>
      <symbol id="sm-d75">
         <name>__TI_zero_init</name>
         <value>0x108742c0</value>
         <object_component_ref idref="oc-19"/>
      </symbol>
      <symbol id="sm-d7d">
         <name>__c6xabi_divi</name>
         <value>0x10873f40</value>
         <object_component_ref idref="oc-207"/>
      </symbol>
      <symbol id="sm-d7e">
         <name>__divi</name>
         <value>0x10873f40</value>
         <object_component_ref idref="oc-207"/>
      </symbol>
      <symbol id="sm-d86">
         <name>__c6xabi_divu</name>
         <value>0x10874880</value>
         <object_component_ref idref="oc-a4"/>
      </symbol>
      <symbol id="sm-d87">
         <name>__divu</name>
         <value>0x10874880</value>
         <object_component_ref idref="oc-a4"/>
      </symbol>
      <symbol id="sm-d8d">
         <name>__errno</name>
         <value>0x1087afac</value>
         <object_component_ref idref="oc-335"/>
      </symbol>
      <symbol id="sm-d8e">
         <name>errno</name>
         <value>0x1087afac</value>
         <object_component_ref idref="oc-335"/>
      </symbol>
      <symbol id="sm-dad">
         <name>C$$EXIT</name>
         <value>0x10876020</value>
         <object_component_ref idref="oc-6d"/>
      </symbol>
      <symbol id="sm-dae">
         <name>_dtors_ptr</name>
         <value>0x1087af8c</value>
         <object_component_ref idref="oc-6b"/>
      </symbol>
      <symbol id="sm-daf">
         <name>abort</name>
         <value>0x10876020</value>
         <object_component_ref idref="oc-6d"/>
      </symbol>
      <symbol id="sm-db0">
         <name>_cleanup_ptr</name>
         <value>0x1087af88</value>
         <object_component_ref idref="oc-6b"/>
      </symbol>
      <symbol id="sm-db1">
         <name>exit</name>
         <value>0x10874b80</value>
         <object_component_ref idref="oc-2d"/>
      </symbol>
      <symbol id="sm-db2">
         <name>__TI_enable_exit_profile_output</name>
         <value>0x1087af90</value>
         <object_component_ref idref="oc-6b"/>
      </symbol>
      <symbol id="sm-dd2">
         <name>__c6xabi_divlli</name>
         <value>0x108733c0</value>
         <object_component_ref idref="oc-a8"/>
      </symbol>
      <symbol id="sm-dd3">
         <name>_subcull</name>
         <value>0x10875c00</value>
         <object_component_ref idref="oc-2b0"/>
      </symbol>
      <symbol id="sm-dd4">
         <name>__c6xabi_divull</name>
         <value>0x10871700</value>
         <object_component_ref idref="oc-166"/>
      </symbol>
      <symbol id="sm-df4">
         <name>__c6xabi_llshru</name>
         <value>0x10875ba0</value>
         <object_component_ref idref="oc-2b4"/>
      </symbol>
      <symbol id="sm-df5">
         <name>__c6xabi_llshl</name>
         <value>0x10875660</value>
         <object_component_ref idref="oc-2ac"/>
      </symbol>
      <symbol id="sm-dfc">
         <name>memcpy</name>
         <value>0x108753e0</value>
         <object_component_ref idref="oc-32"/>
      </symbol>
      <symbol id="sm-e4d">
         <name>_sys_memory</name>
         <value>0x108780e0</value>
         <object_component_ref idref="oc-23"/>
      </symbol>
      <symbol id="sm-e4e">
         <name>free</name>
         <value>0x10871480</value>
         <object_component_ref idref="oc-c2"/>
      </symbol>
      <symbol id="sm-e4f">
         <name>malloc</name>
         <value>0x10872e40</value>
         <object_component_ref idref="oc-be"/>
      </symbol>
      <symbol id="sm-e50">
         <name>_minit</name>
         <value>0x10875020</value>
         <object_component_ref idref="oc-1dd"/>
      </symbol>
      <symbol id="sm-e5b">
         <name>memset</name>
         <value>0x10874480</value>
         <object_component_ref idref="oc-b0"/>
      </symbol>
      <symbol id="sm-e67">
         <name>__c6xabi_negll</name>
         <value>0x10875f80</value>
         <object_component_ref idref="oc-16a"/>
      </symbol>
      <symbol id="sm-e87">
         <name>printf</name>
         <value>0x10874560</value>
         <object_component_ref idref="oc-ac"/>
      </symbol>
      <symbol id="sm-e8f">
         <name>__remu</name>
         <value>0x10874da0</value>
         <object_component_ref idref="oc-121"/>
      </symbol>
      <symbol id="sm-e90">
         <name>__c6xabi_remu</name>
         <value>0x10874da0</value>
         <object_component_ref idref="oc-121"/>
      </symbol>
      <symbol id="sm-e9f">
         <name>strlen</name>
         <value>0x10875f00</value>
         <object_component_ref idref="oc-105"/>
      </symbol>
      <symbol id="sm-eb0">
         <name>strncpy</name>
         <value>0x10875960</value>
         <object_component_ref idref="oc-f2"/>
      </symbol>
      <symbol id="sm-ec6">
         <name>vsprintf</name>
         <value>0x10875cc0</value>
         <object_component_ref idref="oc-109"/>
      </symbol>
      <symbol id="sm-ed4">
         <name>_nop</name>
         <value>0x10875fa0</value>
         <object_component_ref idref="oc-2bf"/>
      </symbol>
      <symbol id="sm-ed5">
         <name>_lock</name>
         <value>0x1087afa0</value>
         <object_component_ref idref="oc-16f"/>
      </symbol>
      <symbol id="sm-ed6">
         <name>_unlock</name>
         <value>0x1087afa4</value>
         <object_component_ref idref="oc-16f"/>
      </symbol>
      <symbol id="sm-101c">
         <name>_printfi</name>
         <value>0x1086f700</value>
         <object_component_ref idref="oc-17b"/>
      </symbol>
      <symbol id="sm-1025">
         <name>llabs</name>
         <value>0x10875ec0</value>
         <object_component_ref idref="oc-162"/>
      </symbol>
      <symbol id="sm-102c">
         <name>_args_main</name>
         <value>0x10875e00</value>
         <object_component_ref idref="oc-29"/>
      </symbol>
      <symbol id="sm-103a">
         <name>atoi</name>
         <value>0x10874100</value>
         <object_component_ref idref="oc-4b1"/>
      </symbol>
      <symbol id="sm-1046">
         <name>_auto_init_elf</name>
         <value>0x10873a60</value>
         <object_component_ref idref="oc-25"/>
      </symbol>
      <symbol id="sm-1050">
         <name>__TI_cpp_init</name>
         <value>0x10875ae0</value>
         <object_component_ref idref="oc-5b"/>
      </symbol>
      <symbol id="sm-1065">
         <name>copy_in</name>
         <value>0x10873c60</value>
         <object_component_ref idref="oc-53"/>
      </symbol>
      <symbol id="sm-106e">
         <name>_ctypes_</name>
         <value>0x1087aab0</value>
         <object_component_ref idref="oc-546"/>
      </symbol>
      <symbol id="sm-107f">
         <name>_tmpnams</name>
         <value>0x10864230</value>
         <object_component_ref idref="oc-629"/>
      </symbol>
      <symbol id="sm-1080">
         <name>_ftable</name>
         <value>0x1087ac50</value>
         <object_component_ref idref="oc-171"/>
      </symbol>
      <symbol id="sm-1081">
         <name>_ft_end</name>
         <value>0x1087afa8</value>
         <object_component_ref idref="oc-5e3"/>
      </symbol>
      <symbol id="sm-1094">
         <name>__c6xabi_divd</name>
         <value>0x1086cc20</value>
         <object_component_ref idref="oc-5ce"/>
      </symbol>
      <symbol id="sm-10b4">
         <name>fputc</name>
         <value>0x10871fe0</value>
         <object_component_ref idref="oc-2ce"/>
      </symbol>
      <symbol id="sm-10d3">
         <name>fputs</name>
         <value>0x1086ffc0</value>
         <object_component_ref idref="oc-2c9"/>
      </symbol>
      <symbol id="sm-10da">
         <name>__c6xabi_frcmpyd_div</name>
         <value>0x10875b40</value>
         <object_component_ref idref="oc-615"/>
      </symbol>
      <symbol id="sm-10e3">
         <name>__c6xabi_divul</name>
         <value>0x10872b20</value>
         <object_component_ref idref="oc-61a"/>
      </symbol>
      <symbol id="sm-10ea">
         <name>__c6xabi_isinf</name>
         <value>0x10875d80</value>
         <object_component_ref idref="oc-54e"/>
      </symbol>
      <symbol id="sm-113e">
         <name>lseek</name>
         <value>0x10875340</value>
         <object_component_ref idref="oc-591"/>
      </symbol>
      <symbol id="sm-113f">
         <name>write</name>
         <value>0x108755c0</value>
         <object_component_ref idref="oc-4a8"/>
      </symbol>
      <symbol id="sm-1140">
         <name>close</name>
         <value>0x108741e0</value>
         <object_component_ref idref="oc-621"/>
      </symbol>
      <symbol id="sm-1141">
         <name>unlink</name>
         <value>0x10875a60</value>
         <object_component_ref idref="oc-625"/>
      </symbol>
      <symbol id="sm-114b">
         <name>ltoa</name>
         <value>0x108743a0</value>
         <object_component_ref idref="oc-60c"/>
      </symbol>
      <symbol id="sm-1158">
         <name>memccpy</name>
         <value>0x10875c60</value>
         <object_component_ref idref="oc-4be"/>
      </symbol>
      <symbol id="sm-1165">
         <name>__TI_tls_init</name>
         <value>0x10874c40</value>
         <object_component_ref idref="oc-57"/>
      </symbol>
      <symbol id="sm-11a3">
         <name>HOSTrename</name>
         <value>0x10872980</value>
         <object_component_ref idref="oc-604"/>
      </symbol>
      <symbol id="sm-11a4">
         <name>HOSTclose</name>
         <value>0x10874d00</value>
         <object_component_ref idref="oc-5f0"/>
      </symbol>
      <symbol id="sm-11a5">
         <name>HOSTunlink</name>
         <value>0x10874700</value>
         <object_component_ref idref="oc-600"/>
      </symbol>
      <symbol id="sm-11a6">
         <name>HOSTlseek</name>
         <value>0x10873960</value>
         <object_component_ref idref="oc-5fc"/>
      </symbol>
      <symbol id="sm-11a7">
         <name>HOSTopen</name>
         <value>0x10873e60</value>
         <object_component_ref idref="oc-5ec"/>
      </symbol>
      <symbol id="sm-11a8">
         <name>HOSTwrite</name>
         <value>0x108747c0</value>
         <object_component_ref idref="oc-5f8"/>
      </symbol>
      <symbol id="sm-11a9">
         <name>HOSTread</name>
         <value>0x10874640</value>
         <object_component_ref idref="oc-5f4"/>
      </symbol>
      <symbol id="sm-11be">
         <name>writemsg</name>
         <value>0x10875d20</value>
         <object_component_ref idref="oc-62f"/>
      </symbol>
      <symbol id="sm-11bf">
         <name>C$$IO$$</name>
         <value>0x10875d78</value>
         <object_component_ref idref="oc-62f"/>
      </symbol>
      <symbol id="sm-11c0">
         <name>__CIOBUF_</name>
         <value>0x1087afb0</value>
         <object_component_ref idref="oc-654"/>
      </symbol>
      <symbol id="sm-11c1">
         <name>readmsg</name>
         <value>0x108758e0</value>
         <object_component_ref idref="oc-633"/>
      </symbol>
      <symbol id="sm-11d0">
         <name>_wrt_ok</name>
         <value>0x10873b60</value>
         <object_component_ref idref="oc-4a0"/>
      </symbol>
      <symbol id="sm-11dd">
         <name>_doflush</name>
         <value>0x10874940</value>
         <object_component_ref idref="oc-4a4"/>
      </symbol>
      <symbol id="sm-11ee">
         <name>fseek</name>
         <value>0x10873840</value>
         <object_component_ref idref="oc-52d"/>
      </symbol>
      <symbol id="sm-1204">
         <name>setvbuf</name>
         <value>0x10872400</value>
         <object_component_ref idref="oc-531"/>
      </symbol>
      <symbol id="sm-120f">
         <name>_cleanup</name>
         <value>0x10874e40</value>
         <object_component_ref idref="oc-597"/>
      </symbol>
      <symbol id="sm-1221">
         <name>_closefile</name>
         <value>0x108734e0</value>
         <object_component_ref idref="oc-5e5"/>
      </symbol>
      <symbol id="sm-1223">
         <name>__TI_STATIC_BASE</name>
         <value>0x1087b1d8</value>
      </symbol>
      <symbol id="sm-1224">
         <name>__TI_args_main</name>
         <value>0x1</value>
      </symbol>
      <symbol id="sm-1225">
         <name>__TI_INITARRAY_Base</name>
         <value>0x0</value>
      </symbol>
      <symbol id="sm-1226">
         <name>__TI_INITARRAY_Limit</name>
         <value>0x0</value>
      </symbol>
      <symbol id="sm-1227">
         <name>__TI_TLS_INIT_Base</name>
         <value>0x0</value>
      </symbol>
      <symbol id="sm-1228">
         <name>__TI_TLS_INIT_Limit</name>
         <value>0x0</value>
      </symbol>
      <symbol id="sm-122b">
         <name>remove</name>
         <value>0x10875a60</value>
      </symbol>
   </symbol_table>
</link_info>
