******************************************************************************
               TMS320C6x Linker PC v7.4.4                      
******************************************************************************
>> Linked Sat Mar 28 21:37:03 2015

OUTPUT FILE NAME:   <../bin/pcieboot_interrupt_evm6678l.out>
ENTRY POINT SYMBOL: "_c_int00"  address: 108701a0


MEMORY CONFIGURATION

         name            origin    length      used     unused   attr    fill
----------------------  --------  ---------  --------  --------  ----  --------
  L1P                   00e00000   00007fff  00001370  00006c8f  RWIX
  L1D                   00f00000   00007fff  00000000  00007fff  RWIX
  MSMC                  0c000000   001fffff  00000000  001fffff  RWIX
  L2SRAM                10800000   00080000  000780f6  00007f0a  RWIX


SEGMENT ALLOCATION MAP

run origin  load origin   length   init length attrs members
----------  ----------- ---------- ----------- ----- -------
00e00000    00e00000    00001370   00001370    rw-
  00e00000    00e00000    00001370   00001370    rw- platform_lib
10800000    10800000    0004b3e0   00000000    rw-
  10800000    10800000    0004b3e0   00000000    rw- .far
1084b3e0    1084b3e0    00029a20   00025a20    rwx
  1084b3e0    1084b3e0    00025a20   00025a20    rwx .text
  10870e00    10870e00    00002000   00000000    rw- .stack
  10872e00    10872e00    00002000   00000000    rw- .sysmem
10874e00    10874e00    00001fc2   00001fc2    r--
  10874e00    10874e00    00001fc2   00001fc2    r-- .const
10876dc4    10876dc4    00000008   00000008    rw-
  10876dc4    10876dc4    00000008   00000008    rw- .neardata
10876de0    10876de0    00000af8   000009d8    rw-
  10876de0    10876de0    00000618   00000618    rw- .data
  108773f8    108773f8    000003c0   000003c0    rw- .fardata
  108777b8    108777b8    00000120   00000000    rw- .cio
108778d8    108778d8    00000090   00000090    r--
  108778d8    108778d8    00000090   00000090    r-- .switch
10877968    10877968    0000003c   00000000    rw-
  10877968    10877968    0000003c   00000000    rw- .bss
108779a4    108779a4    00000768   00000768    r--
  108779a4    108779a4    00000768   00000768    r-- .cinit


SECTION ALLOCATION MAP

 output                                  attributes/
section   page    origin      length       input sections
--------  ----  ----------  ----------   ----------------
platform_lib 
*          0    00e00000    00001370     
                  00e00000    00001058     ti.platform.evm6678l.ae66 : platform.obj (platform_lib:uninit) [fill = 0]
                  00e01058    00000210                               : evm66x_nand.obj (platform_lib) [fill = 0]
                  00e01268    00000108                               : platform.obj (platform_lib:init)

.far       0    10800000    0004b3e0     UNINITIALIZED
                  10800000    0004b230     pcieboot_interrupt.obj (.far)
                  1084b230    00000140     rts6600_elf.lib : defs.obj (.far)
                  1084b370    00000044     ti.platform.evm6678l.ae66 : evmc66x_i2c_eeprom.obj (.far)
                  1084b3b4    00000004     --HOLE--
                  1084b3b8    00000019     dma_test.obj (.far)
                  1084b3d1    00000007     --HOLE--
                  1084b3d8    00000008     rts6600_elf.lib : trgdrv.obj (.far)

.text      0    1084b3e0    00025a20     
                  1084b3e0    00001fe0     ti.platform.evm6678l.ae66 : platform.obj (.text)
                  1084d3c0    00001b40                               : evmc6678.obj (.text)
                  1084ef00    00001ae0     exp2.obj (.text)
                  108509e0    00001a60     cos.obj (.text)
                  10852440    000018e0     exp10.obj (.text)
                  10853d20    00001800     dma_test.obj (.text)
                  10855520    00001700     pow.obj (.text)
                  10856c20    000016a0     exp.obj (.text)
                  108582c0    00001680     sin.obj (.text)
                  10859940    00001580     sqrt.obj (.text)
                  1085aec0    00001500     atan.obj (.text)
                  1085c3c0    000011a0     log.obj (.text)
                  1085d560    00001180     atan2.obj (.text)
                  1085e6e0    00001160     ti.platform.evm6678l.ae66 : evm66x_nand.obj (.text)
                  1085f840    00001120     log10.obj (.text)
                  10860960    00001120     log2.obj (.text)
                  10861a80    00000ec0     rsqrt.obj (.text)
                  10862940    00000d80     ti.platform.evm6678l.ae66 : evmc66x_i2c_eeprom.obj (.text)
                  108636c0    00000c80     recip.obj (.text)
                  10864340    00000aa0     pcieboot_interrupt.obj (.text)
                  10864de0    00000960     div.obj (.text)
                  10865740    000005c0     rts6600_elf.lib : divd.obj (.text:__c6xabi_divd)
                  10865d00    000005c0                     : _printfi.obj (.text:_getarg_diouxp)
                  108662c0    000005a0     ti.csl.ae66 : csl_edma3HwChannelControl.oe66 (.text:csl_section:edma3:CSL_edma3HwChannelControl)
                  10866860    000005a0     ti.platform.evm6678l.ae66 : evmc66x_spi.obj (.text)
                  10866e00    00000560                               : evmc6678_phy.obj (.text)
                  10867360    00000520                               : evmc66x_nor.obj (.text)
                  10867880    000004e0     ti.csl.ae66 : csl_edma3HwControl.oe66 (.text:csl_section:edma3:CSL_edma3HwControl)
                  10867d60    000004c0     ti.platform.evm6678l.ae66 : evmc66x_fpga.obj (.text)
                  10868220    00000460     rts6600_elf.lib : _printfi.obj (.text:_printfi)
                  10868680    00000460                     : _printfi.obj (.text:_setfield)
                  10868ae0    000003a0                     : fputs.obj (.text:fputs)
                  10868e80    00000320                     : _printfi.obj (.text:_pproc_fge)
                  108691a0    00000320     ti.platform.evm6678l.ae66 : evmc66x_uart.obj (.text)
                  108694c0    000002e0     rts6600_elf.lib : _printfi.obj (.text:_pproc_fwp)
                  108697a0    000002e0     ti.csl.ae66 : csl_edma3GetHwStatus.oe66 (.text:csl_section:edma3:CSL_edma3GetHwStatus)
                  10869a80    000002c0     mathlib.ae66 : atan2dp.obj (.text:optasm)
                  10869d40    000002a0     rts6600_elf.lib : _printfi.obj (.text:fcvt)
                  10869fe0    00000280                     : _printfi.obj (.text:ecvt)
                  1086a260    00000280                     : memory.obj (.text:free)
                  1086a4e0    00000240                     : imath64.obj (.text:__c6xabi_divull)
                  1086a720    00000240                     : _printfi.obj (.text:_pconv_e)
                  1086a960    00000240                     : _printfi.obj (.text:_pproc_diouxp)
                  1086aba0    00000220                     : _printfi.obj (.text:_pproc_str)
                  1086adc0    00000220                     : fputc.obj (.text:fputc)
                  1086afe0    00000200                     : _printfi.obj (.text:_pconv_g)
                  1086b1e0    00000200                     : setvbuf.obj (.text:setvbuf)
                  1086b3e0    000001c0                     : _printfi.obj (.text:_mcpy)
                  1086b5a0    000001c0     mathlib.ae66 : atan2sp.obj (.text:optasm)
                  1086b760    000001c0                  : log10dp.obj (.text:optasm)
                  1086b920    000001c0                  : log2dp.obj (.text:optasm)
                  1086bae0    000001c0                  : logdp.obj (.text:optasm)
                  1086bca0    000001a0     rts6600_elf.lib : trgdrv.obj (.text:HOSTrename)
                  1086be40    000001a0                     : imath40.obj (.text:__c6xabi_divul)
                  1086bfe0    000001a0     mathlib.ae66 : exp10dp.obj (.text:optasm)
                  1086c180    000001a0                  : exp2dp.obj (.text:optasm)
                  1086c320    00000180     rts6600_elf.lib : copy_decompress_rle.obj (.text:__TI_decompress_rle_core)
                  1086c4a0    00000180                     : memory.obj (.text:malloc)
                  1086c620    00000180     mathlib.ae66 : atansp.obj (.text:optasm)
                  1086c7a0    00000180                  : cosdp.obj (.text:optasm)
                  1086c920    00000180                  : exp10sp.obj (.text:optasm)
                  1086caa0    00000180                  : exp2sp.obj (.text:optasm)
                  1086cc20    00000180                  : expdp.obj (.text:optasm)
                  1086cda0    00000180                  : expsp.obj (.text:optasm)
                  1086cf20    00000180                  : log10sp.obj (.text:optasm)
                  1086d0a0    00000180                  : log2sp.obj (.text:optasm)
                  1086d220    00000180                  : logsp.obj (.text:optasm)
                  1086d3a0    00000180                  : sindp.obj (.text:optasm)
                  1086d520    00000140     rts6600_elf.lib : _printfi.obj (.text:_pproc_fflags)
                  1086d660    00000140                     : lowlev.obj (.text:getdevice)
                  1086d7a0    00000140     mathlib.ae66 : powdp.obj (.text:optasm)
                  1086d8e0    00000120     rts6600_elf.lib : imath64.obj (.text:__c6xabi_divlli)
                  1086da00    00000120                     : fclose.obj (.text:_closefile)
                  1086db20    00000120                     : _printfi.obj (.text:_ltostr)
                  1086dc40    00000120     ti.csl.ae66 : csl_edma3ChannelOpen.oe66 (.text:csl_section:edma3:CSL_edma3ChannelOpen)
                  1086dd60    00000120     rts6600_elf.lib : fseek.obj (.text:fseek)
                  1086de80    00000120     mathlib.ae66 : cossp.obj (.text:optasm)
                  1086dfa0    00000120                  : powsp.obj (.text:optasm)
                  1086e0c0    00000120                  : sinsp.obj (.text:optasm)
                  1086e1e0    00000100     rts6600_elf.lib : trgdrv.obj (.text:HOSTlseek)
                  1086e2e0    00000100                     : autoinit.obj (.text:_auto_init_elf)
                  1086e3e0    00000100                     : _io_perm.obj (.text:_wrt_ok)
                  1086e4e0    00000100                     : cpy_tbl.obj (.text:copy_in)
                  1086e5e0    00000100     ti.csl.ae66 : csl_edma3GetBaseAddress.oe66 (.text:csl_section:edma:CSL_edma3ccGetModuleBaseAddr)
                  1086e6e0    000000e0     rts6600_elf.lib : trgdrv.obj (.text:HOSTopen)
                  1086e7c0    000000e0                     : divi.obj (.text:__divi)
                  1086e8a0    000000e0                     : _printfi.obj (.text:_div)
                  1086e980    000000e0                     : atoi.obj (.text:atoi)
                  1086ea60    000000e0                     : lowlev.obj (.text:close)
                  1086eb40    000000e0                     : copy_zero_init.obj (.text:decompress:ZI:__TI_zero_init)
                  1086ec20    000000e0                     : ltoa.obj (.text:ltoa)
                  1086ed00    000000e0                     : memset.obj (.text:memset)
                  1086ede0    000000e0     mathlib.ae66 : rsqrtdp.obj (.text:optasm)
                  1086eec0    000000e0     rts6600_elf.lib : printf.obj (.text:printf)
                  1086efa0    000000c0                     : trgdrv.obj (.text:HOSTread)
                  1086f060    000000c0                     : trgdrv.obj (.text:HOSTunlink)
                  1086f120    000000c0                     : trgdrv.obj (.text:HOSTwrite)
                  1086f1e0    000000c0                     : divu.obj (.text:__divu)
                  1086f2a0    000000c0                     : fflush.obj (.text:_doflush)
                  1086f360    000000c0     ti.csl.ae66 : csl_edma3HwChannelSetup.oe66 (.text:csl_section:edma3:CSL_edma3HwChannelSetupQue)
                  1086f420    000000c0                 : csl_edma3Open.oe66 (.text:csl_section:edma3:CSL_edma3Open)
                  1086f4e0    000000c0     rts6600_elf.lib : exit.obj (.text:exit)
                  1086f5a0    000000c0     mathlib.ae66 : sqrtdp.obj (.text:optasm)
                  1086f660    000000c0     rts6600_elf.lib : tls.obj (.text:tls:init:__TI_tls_init)
                  1086f720    000000a0                     : trgdrv.obj (.text:HOSTclose)
                  1086f7c0    000000a0                     : remu.obj (.text:__remu)
                  1086f860    000000a0                     : fopen.obj (.text:_cleanup)
                  1086f900    000000a0                     : _printfi.obj (.text:_ecpy)
                  1086f9a0    000000a0                     : _printfi.obj (.text:_fcpy)
                  1086fa40    000000a0                     : memory.obj (.text:_minit)
                  1086fae0    000000a0                     : _printfi.obj (.text:_pconv_f)
                  1086fb80    000000a0     ti.csl.ae66 : csl_edma3HwChannelSetup.oe66 (.text:csl_section:edma3:CSL_edma3HwChannelSetupParam)
                  1086fc20    000000a0                 : csl_edma3Param.oe66 (.text:csl_section:edma3:CSL_edma3ParamSetup)
                  1086fcc0    000000a0     rts6600_elf.lib : lowlev.obj (.text:finddevice)
                  1086fd60    000000a0                     : lowlev.obj (.text:lseek)
                  1086fe00    000000a0                     : memcpy64.obj (.text:memcpy)
                  1086fea0    000000a0                     : memory.obj (.text:minsert)
                  1086ff40    000000a0                     : memory.obj (.text:mremove)
                  1086ffe0    000000a0     mathlib.ae66 : sqrtsp.obj (.text:optasm)
                  10870080    000000a0     rts6600_elf.lib : lowlev.obj (.text:write)
                  10870120    00000080                     : llshift.obj (.text:__c6xabi_llshl)
                  108701a0    00000080                     : boot.obj (.text:_c_int00)
                  10870220    00000080     ti.csl.ae66 : csl_edma3Param.oe66 (.text:csl_section:edma3:CSL_edma3GetParamHandle)
                  108702a0    00000080                 : csl_edma3HwChannelSetup.oe66 (.text:csl_section:edma3:CSL_edma3HwChannelSetupTriggerWord)
                  10870320    00000080     mathlib.ae66 : divdp.obj (.text:optasm)
                  108703a0    00000080                  : recipdp.obj (.text:optasm)
                  10870420    00000080                  : rsqrtsp.obj (.text:optasm)
                  108704a0    00000080     rts6600_elf.lib : trgmsg.obj (.text:readmsg)
                  10870520    00000080                     : strncpy.obj (.text:strncpy)
                  108705a0    00000080     ti.platform.evm6678l.ae66 : evm66x_i2c.obj (.text)
                  10870620    00000080     rts6600_elf.lib : lowlev.obj (.text:unlink)
                  108706a0    00000060                     : cpp_init.obj (.text:__TI_cpp_init)
                  10870700    00000060                     : frcmpyd_div.obj (.text:__c6xabi_frcmpyd_div)
                  10870760    00000060                     : llshift.obj (.text:__c6xabi_llshru)
                  108707c0    00000060                     : imath64.obj (.text:_subcull)
                  10870820    00000060                     : memccpy.obj (.text:memccpy)
                  10870880    00000060     mathlib.ae66 : divsp.obj (.text:optasm)
                  108708e0    00000060                  : recipsp.obj (.text:optasm)
                  10870940    00000060     rts6600_elf.lib : vsprintf.obj (.text:vsprintf)
                  108709a0    00000060                     : trgmsg.obj (.text:writemsg)
                  10870a00    00000040                     : isinf.obj (.text:__c6xabi_isinf)
                  10870a40    00000040                     : _printfi.obj (.text:__c6xabi_isnan)
                  10870a80    00000040                     : args_main.obj (.text:_args_main)
                  10870ac0    00000040                     : vsprintf.obj (.text:_outs)
                  10870b00    00000040     ti.csl.ae66 : csl_edma3ChannelClose.oe66 (.text:csl_section:edma3:CSL_edma3ChannelClose)
                  10870b40    00000040     rts6600_elf.lib : abs.obj (.text:llabs)
                  10870b80    00000040                     : strlen.obj (.text:strlen)
                  10870bc0    00000038     mathlib.ae66 : exp2sp.obj (.text)
                  10870bf8    00000038                  : expsp.obj (.text)
                  10870c30    00000038                  : log10sp.obj (.text)
                  10870c68    00000018     --HOLE-- [fill = 0]
                  10870c80    00000020     rts6600_elf.lib : negll.obj (.text:__c6xabi_negll)
                  10870ca0    00000020                     : _lock.obj (.text:_nop)
                  10870cc0    00000020                     : printf.obj (.text:_outc)
                  10870ce0    00000020                     : vsprintf.obj (.text:_outc)
                  10870d00    00000020                     : printf.obj (.text:_outs)
                  10870d20    00000020                     : exit.obj (.text:abort)
                  10870d40    00000020     ti.csl.ae66 : csl_edma3Close.oe66 (.text:csl_section:edma3:CSL_edma3Close)
                  10870d60    00000020                 : csl_edma3Init.oe66 (.text:csl_section:edma3:CSL_edma3Init)
                  10870d80    00000020                 : csl_edma3Param.oe66 (.text:csl_section:edma3:CSL_edma3ParamWriteWord)
                  10870da0    00000020     rts6600_elf.lib : copy_decompress_none.obj (.text:decompress:none:__TI_decompress_none)
                  10870dc0    00000020                     : copy_decompress_rle.obj (.text:decompress:rle24:__TI_decompress_rle24)
                  10870de0    00000020     mathlib.ae66 : powdp.obj (.text)

.stack     0    10870e00    00002000     UNINITIALIZED
                  10870e00    00000008     rts6600_elf.lib : boot.obj (.stack)
                  10870e08    00001ff8     --HOLE--

.sysmem    0    10872e00    00002000     UNINITIALIZED
                  10872e00    00000008     rts6600_elf.lib : memory.obj (.sysmem)
                  10872e08    00001ff8     --HOLE--

.const     0    10874e00    00001fc2     
                  10874e00    00000690     dma_test.obj (.const:.string)
                  10875490    00000334     pcieboot_interrupt.obj (.const:.string)
                  108757c4    0000015c     atan.obj (.const:.string)
                  10875920    0000015c     atan2.obj (.const:.string)
                  10875a7c    0000015c     cos.obj (.const:.string)
                  10875bd8    0000015c     div.obj (.const:.string)
                  10875d34    0000015c     exp.obj (.const:.string)
                  10875e90    0000015c     exp10.obj (.const:.string)
                  10875fec    0000015c     exp2.obj (.const:.string)
                  10876148    0000015c     log.obj (.const:.string)
                  108762a4    0000015c     log10.obj (.const:.string)
                  10876400    0000015c     log2.obj (.const:.string)
                  1087655c    0000015c     pow.obj (.const:.string)
                  108766b8    0000015c     recip.obj (.const:.string)
                  10876814    0000015c     rsqrt.obj (.const:.string)
                  10876970    0000015c     sin.obj (.const:.string)
                  10876acc    0000015c     sqrt.obj (.const:.string)
                  10876c28    00000101     rts6600_elf.lib : ctype.obj (.const:.string:_ctypes_)
                  10876d29    00000003     --HOLE-- [fill = 0]
                  10876d2c    00000058     ti.platform.evm6678l.ae66 : platform.obj (.const:.string)
                  10876d84    00000023     rts6600_elf.lib : _printfi.obj (.const:.string)
                  10876da7    00000001     --HOLE-- [fill = 0]
                  10876da8    0000000a     ti.platform.evm6678l.ae66 : evm66x_nand.obj (.const:.string:$P$T0$1)
                  10876db2    00000006     --HOLE-- [fill = 0]
                  10876db8    0000000a                               : evm66x_nand.obj (.const:.string:$P$T1$2)

.neardata 
*          0    10876dc4    00000008     
                  10876dc4    00000008     ti.platform.evm6678l.ae66 : platform.obj (.neardata)

.data      0    10876de0    00000618     
                  10876de0    000000c0     mathlib.ae66 : exp10dp.obj (.data)
                  10876ea0    000000c0                  : exp2dp.obj (.data)
                  10876f60    000000c0                  : expdp.obj (.data)
                  10877020    00000080                  : atan2dp.obj (.data)
                  108770a0    00000080                  : log2dp.obj (.data)
                  10877120    00000078                  : log10dp.obj (.data)
                  10877198    00000078                  : logdp.obj (.data)
                  10877210    00000010     --HOLE--
                  10877220    00000060                  : cosdp.obj (.data)
                  10877280    00000060                  : exp10sp.obj (.data)
                  108772e0    00000060                  : sindp.obj (.data)
                  10877340    00000038                  : log2sp.obj (.data)
                  10877378    00000038                  : logsp.obj (.data)
                  108773b0    00000024                  : exp2sp.obj (.data)
                  108773d4    00000024                  : expsp.obj (.data)

.fardata   0    108773f8    000003c0     
                  108773f8    000001e0     rts6600_elf.lib : defs.obj (.fardata:_ftable)
                  108775d8    000000a0                     : lowlev.obj (.fardata:_stream)
                  10877678    00000078                     : lowlev.obj (.fardata:_device)
                  108776f0    00000040     tables.obj (.fardata:logtable)
                  10877730    00000020     tables.obj (.fardata:V)
                  10877750    00000020     tables.obj (.fardata:jTable)
                  10877770    00000020     tables.obj (.fardata:kTable)
                  10877790    0000000c     rts6600_elf.lib : exit.obj (.fardata)
                  1087779c    0000000c                     : memory.obj (.fardata)
                  108777a8    00000008                     : _lock.obj (.fardata)
                  108777b0    00000004                     : defs.obj (.fardata)
                  108777b4    00000004                     : errno.obj (.fardata)

.cio       0    108777b8    00000120     UNINITIALIZED
                  108777b8    00000120     rts6600_elf.lib : trgmsg.obj (.cio)

.switch    0    108778d8    00000090     
                  108778d8    0000003c     ti.csl.ae66 : csl_edma3HwControl.oe66 (.switch:CSL_edma3HwControl)
                  10877914    00000020                 : csl_edma3GetHwStatus.oe66 (.switch:CSL_edma3GetHwStatus)
                  10877934    00000020     ti.platform.evm6678l.ae66 : platform.obj (.switch:platform_internal_memory_test)
                  10877954    00000014     ti.csl.ae66 : csl_edma3HwChannelControl.oe66 (.switch:CSL_edma3HwChannelControl)

.bss       0    10877968    0000003c     UNINITIALIZED
                  10877968    00000038     pcieboot_interrupt.obj (.bss)
                  108779a0    00000004     ti.platform.evm6678l.ae66 : evmc66x_spi.obj (.bss)

.cinit     0    108779a4    00000768     
                  108779a4    0000056a     (.cinit..data.load) [load image, compression = rle]
                  10877f0e    00000002     --HOLE-- [fill = 0]
                  10877f10    00000101     (.cinit..fardata.load) [load image, compression = rle]
                  10878011    00000003     --HOLE-- [fill = 0]
                  10878014    0000009f     (.cinit.platform_lib.load) [load image, compression = rle]
                  108780b3    00000001     --HOLE-- [fill = 0]
                  108780b4    0000000c     (__TI_handler_table)
                  108780c0    00000009     (.cinit..neardata.load) [load image, compression = rle]
                  108780c9    00000003     --HOLE-- [fill = 0]
                  108780cc    00000008     (.cinit..bss.load) [load image, compression = zero_init]
                  108780d4    00000008     (.cinit..far.load) [load image, compression = zero_init]
                  108780dc    00000030     (__TI_cinit_table)


LINKER GENERATED COPY TABLES

__TI_cinit_table @ 108780dc records: 6, size/record: 8, table size: 48
	.data: load addr=108779a4, load size=0000056a bytes, run addr=10876de0, run size=00000618 bytes, compression=rle
	.fardata: load addr=10877f10, load size=00000101 bytes, run addr=108773f8, run size=000003c0 bytes, compression=rle
	platform_lib: load addr=10878014, load size=0000009f bytes, run addr=00e00000, run size=00001370 bytes, compression=rle
	.neardata: load addr=108780c0, load size=00000009 bytes, run addr=10876dc4, run size=00000008 bytes, compression=rle
	.bss: load addr=108780cc, load size=00000008 bytes, run addr=10877968, run size=0000003c bytes, compression=zero_init
	.far: load addr=108780d4, load size=00000008 bytes, run addr=10800000, run size=0004b3e0 bytes, compression=zero_init


LINKER GENERATED HANDLER TABLE

__TI_handler_table @ 108780b4 records: 3, size/record: 4, table size: 12
	index: 0, handler: __TI_zero_init
	index: 1, handler: __TI_decompress_rle24
	index: 2, handler: __TI_decompress_none


GLOBAL SYMBOLS: SORTED ALPHABETICALLY BY Name 

address    name
--------   ----
1085de4c   ATAN2_dpTest
1085e6a8   ATAN2_runTests
1085d560   ATAN2_spTest
1085bce4   ATAN_dpTest
1085c394   ATAN_runTests
1085aec0   ATAN_spTest
10870d20   C$$EXIT
108709f8   C$$IO$$
10851510   COS_dpTest
10852408   COS_runTests
108509e0   COS_spTest
10870b00   CSL_edma3ChannelClose
1086dc40   CSL_edma3ChannelOpen
10870d40   CSL_edma3Close
108697a0   CSL_edma3GetHwStatus
10870220   CSL_edma3GetParamHandle
108662c0   CSL_edma3HwChannelControl
1086fb80   CSL_edma3HwChannelSetupParam
1086f360   CSL_edma3HwChannelSetupQue
108702a0   CSL_edma3HwChannelSetupTriggerWord
10867880   CSL_edma3HwControl
10870d60   CSL_edma3Init
1086f420   CSL_edma3Open
1086fc20   CSL_edma3ParamSetup
10870d80   CSL_edma3ParamWriteWord
1086e5e0   CSL_edma3ccGetModuleBaseAddr
1084d360   Convert_CoreLocal2GlobalAddr
1084e5d4   CorePllcGetHwSetup
1084e378   CorePllcHwSetup
1084eb14   DDR3Init
10865264   DIV_dpTest
10865704   DIV_runTests
10864de0   DIV_spTest
10853244   EXP10_dpTest
10853ce4   EXP10_runTests
10852440   EXP10_spTest
1084ff08   EXP2_dpTest
108509ac   EXP2_runTests
1084ef00   EXP2_spTest
108575e4   EXP_dpTest
10858294   EXP_runTests
10856c20   EXP_spTest
1084b130   EventHandler
1084b228   EventRecord
108772b8   Expon_Ctable
10877280   Expon_Ktable
1086f720   HOSTclose
1086e1e0   HOSTlseek
1086e6e0   HOSTopen
1086efa0   HOSTread
1086bca0   HOSTrename
1086f060   HOSTunlink
1086f120   HOSTwrite
10877220   HPisDP
108772e0   HPisdp
10867278   Init_SGMII
10860298   LOG10_dpTest
10860924   LOG10_runTests
1085f840   LOG10_spTest
108613b8   LOG2_dpTest
10861a44   LOG2_runTests
10860960   LOG2_spTest
1085cea8   LOG_dpTest
1085d524   LOG_runTests
1085c3c0   LOG_spTest
10877378   Logtab_asm
10870c30   Logtable_asm
1085f718   NandGetDetails
1085ee0c   NandReadSpareArea
1085f12c   NandWriteDataBytes
1085f390   NandWriteSpareArea
10876f88   OneE2
10876e08   OneEtwo
10876ec8   OneExp2
10864404   Osal_calculateElapsedTime
10864db0   Osal_platformFree
10864da4   Osal_platformMalloc
10864da0   Osal_platformSpiCsEnter
10864d98   Osal_platformSpiCsExit
108562cc   POW_dpTest
10856bec   POW_runTests
10855520   POW_spTest
1084e8b4   PowerUpDomains
10863aec   RECIP_dpTest
10864304   RECIP_runTests
108636c0   RECIP_spTest
10861f04   RSQRT_dpTest
1086290c   RSQRT_runTests
10861a80   RSQRT_spTest
10858e68   SIN_dpTest
10859900   SIN_runTests
108582c0   SIN_spTest
1085a2a4   SQRT_dpTest
1085ae8c   SQRT_runTests
10859940   SQRT_spTest
1084e950   SetDDR3PllConfig
1084e6c0   SetPaPllConfig
108691a0   UartInit
1086946c   UartIsDataReady
10869370   UartReadBaudRate
108693e0   UartReadData
108692f8   UartSetBaudRate
1086940c   UartWriteData
10877730   V
10877020   Vatn2dp
10853d20   Verify_Transfer
108777b8   __CIOBUF_
108780dc   __TI_CINIT_Base
1087810c   __TI_CINIT_Limit
108780b4   __TI_Handler_Table_Base
108780c0   __TI_Handler_Table_Limit
UNDEFED    __TI_INITARRAY_Base
UNDEFED    __TI_INITARRAY_Limit
10872e00   __TI_STACK_END
00002000   __TI_STACK_SIZE
10876dc4   __TI_STATIC_BASE
00002000   __TI_SYSMEM_SIZE
UNDEFED    __TI_TLS_INIT_Base
UNDEFED    __TI_TLS_INIT_Limit
00000001   __TI_args_main
108706a0   __TI_cpp_init
10870da0   __TI_decompress_none
10870dc0   __TI_decompress_rle24
10877798   __TI_enable_exit_profile_output
ffffffff   __TI_pprof_out_hndl
ffffffff   __TI_prof_data_size
ffffffff   __TI_prof_data_start
1086f660   __TI_tls_init
1086eb40   __TI_zero_init
ffffffff   __binit__
10865740   __c6xabi_divd
1086e7c0   __c6xabi_divi
1086d8e0   __c6xabi_divlli
1086f1e0   __c6xabi_divu
1086be40   __c6xabi_divul
1086a4e0   __c6xabi_divull
10870700   __c6xabi_frcmpyd_div
10870a00   __c6xabi_isinf
10870120   __c6xabi_llshl
10870760   __c6xabi_llshru
10870c80   __c6xabi_negll
1086f7c0   __c6xabi_remu
ffffffff   __c_args__
1086e7c0   __divi
1086f1e0   __divu
108777b4   __errno
1086f7c0   __remu
10870a80   _args_main
1086e2e0   _auto_init_elf
108701a0   _c_int00
1086f860   _cleanup
10877790   _cleanup_ptr
1086da00   _closefile
10876c28   _ctypes_
1086f2a0   _doflush
10877794   _dtors_ptr
108777b0   _ft_end
108773f8   _ftable
108777a8   _lock
1086fa40   _minit
10870ca0   _nop
10868220   _printfi
10870e00   _stack
108707c0   _subcull
10872e00   _sys_memory
1084b230   _tmpnams
108777ac   _unlock
1086e3e0   _wrt_ok
10870d20   abort
10869c50   atan2dp
1086b5a0   atan2sp
10869a80   atandp
1086c668   atansp
1086e980   atoi
ffffffff   binit
1086ea60   close
10867200   configSerdes
1086e4e0   copy_in
1086c7a0   cosdp
1086de80   cossp
10877988   damian
10877968   deviceSpeedRange
10870320   divdp
10870880   divsp
1084b3c8   dstBuff1
1084b3d0   dstBuff2
10855010   edma_ping_pong_xfer_gbl_region
10854708   edma_ping_pong_xfer_region
00e01368   emac_port_mode
108777b4   errno
108705a0   evmI2CInit
1086f4e0   exit
1086bfe0   exp10dp
1086c94c   exp10sp
1086c2e8   exp2dp
1086caa0   exp2sp
1086caa0   exp2sp_asm
108773d4   exp_ctable
10870bf8   exp_ktable
1086cc20   expdp
1086c920   expon2sp_asm
108773b0   expon_ctable
10870bc0   expon_ktable
1086ce00   expsp
10867df8   fpgaControlUserLEDs
10867fcc   fpgaDisableEepromWriteProtect
10867eb8   fpgaDisableNandWriteProtect
10867f44   fpgaDisableNorWriteProtect
10868010   fpgaEnableEepromWriteProtect
10867f00   fpgaEnableNandWriteProtect
10867f88   fpgaEnableNorWriteProtect
108680a0   fpgaGetAMCDetect
10868054   fpgaGetUserSwitch
10868190   fpgaReadConfigurationRegister
108680e4   fpgaWriteConfigurationRegister
1086adc0   fputc
10868ae0   fputs
1086a260   free
1086dd60   fseek
00e012f4   gDeviceEeprom0
00e0132c   gDeviceEeprom1
00e01284   gDeviceNand
00e00058   gDeviceNandBBlist
00e012bc   gDeviceNor
1084b370   gI2cBlock
1084b000   g_sEvmInfo
10877980   g_ui64ElapsedTime
10877970   g_ui64StartTime
10877978   g_ui64StopTime
10867d60   getBoardVersion
10867dac   getFpgaDevID
10877994   hTest
10877990   hnd
10863360   i2cEepromMacRead
108630c8   i2cEepromMacWrite
10862c4c   i2cEepromRead
10862e50   i2cEepromWrite
10862984   i2cEepromWriteBlock
10862f70   i2cEepromWriteByteAddr
1084b094   intcContext
1084b220   intcObj
10877750   jTable
10877770   kTable
10870b40   llabs
1086b760   log10dp
1086cf40   log10sp
1086b920   log2dp
1086d0a0   log2sp
10877340   log_table_asm
1086bae0   logdp
1086d260   logsp
108776f0   logtable
1086fd60   lseek
1086ec20   ltoa
108645ac   main
1086c4a0   malloc
10870820   memccpy
1086fe00   memcpy
1086ed00   memset
1085f4b8   nandFlashBlockErase
1085f820   nandInit
108770a0   nmnL2
10877120   nmn_L2
10867754   nor_erase
108673e0   nor_get_details
1086746c   nor_init
108674e4   nor_read
10867574   nor_write
10877198   numnL2
1084cc70   platform_blocknpage_to_offset
1084c190   platform_delay
1084c1f0   platform_delaycycles
1084c6f8   platform_device_close
1084d294   platform_device_erase_block
1084c830   platform_device_mark_block_bad
1084c574   platform_device_open
1084c9f0   platform_device_read
1084c790   platform_device_read_spare_data
1084cd64   platform_device_write
1084c950   platform_device_write_spare_data
10876dc4   platform_errno
1084c230   platform_external_memory_test
1084beb4   platform_get_coreid
1084bec8   platform_get_emac_info
1084b96c   platform_get_info
1084bf58   platform_get_macaddr
1084bfec   platform_get_phy_addr
1084c064   platform_get_switch_state
1084bc74   platform_init
10876dc8   platform_init_return_code
1084c2b0   platform_internal_memory_test
1084c148   platform_led
1084cb48   platform_offset_to_blocknpage
1084c000   platform_phy_link_status
1084c128   platform_uart_init
1084c070   platform_uart_read
1084c0f4   platform_uart_set_baudrate
1084c0d8   platform_uart_write
1084c460   platform_write
1084c424   platform_write_configure
1086d7a0   powdp
1086dfa0   powsp
1086eec0   printf
1084e214   prog_pll1_values
10800000   pui32DestBuffer
10853f00   qdma_link_xfer_region
1086444c   readMemForLoop
1085eef8   readNandPage
108704a0   readmsg
108703a0   recipdp
108708e0   recipsp
10870620   remove
1086ede0   rsqrtdp
10870420   rsqrtsp
1084b854   serial_num_isvalid
1086b1e0   setvbuf
1086d3b8   sindp
1086e0d4   sinsp
10866890   spi_claim
10866b84   spi_cmd
10866be8   spi_cmd_read
10866c48   spi_cmd_write
10866ca8   spi_read_word
10866a38   spi_release
10866d60   spi_write_word
10866a50   spi_xfer
1086f5a0   sqrtdp
1086ffe0   sqrtsp
1084b3b8   srcBuff1
1084b3c0   srcBuff2
108643b8   start_boot
10877998   state
10870b80   strlen
10870520   strncpy
10870620   unlink
1087799c   vectId
10870940   vsprintf
10870080   write
1085f190   writeNandPage
10864340   write_uart
108709a0   writemsg
1084eac0   xmc_setup


GLOBAL SYMBOLS: SORTED BY Symbol Address 

address    name
--------   ----
00000001   __TI_args_main
00002000   __TI_STACK_SIZE
00002000   __TI_SYSMEM_SIZE
00e00058   gDeviceNandBBlist
00e01284   gDeviceNand
00e012bc   gDeviceNor
00e012f4   gDeviceEeprom0
00e0132c   gDeviceEeprom1
00e01368   emac_port_mode
10800000   pui32DestBuffer
1084b000   g_sEvmInfo
1084b094   intcContext
1084b130   EventHandler
1084b220   intcObj
1084b228   EventRecord
1084b230   _tmpnams
1084b370   gI2cBlock
1084b3b8   srcBuff1
1084b3c0   srcBuff2
1084b3c8   dstBuff1
1084b3d0   dstBuff2
1084b854   serial_num_isvalid
1084b96c   platform_get_info
1084bc74   platform_init
1084beb4   platform_get_coreid
1084bec8   platform_get_emac_info
1084bf58   platform_get_macaddr
1084bfec   platform_get_phy_addr
1084c000   platform_phy_link_status
1084c064   platform_get_switch_state
1084c070   platform_uart_read
1084c0d8   platform_uart_write
1084c0f4   platform_uart_set_baudrate
1084c128   platform_uart_init
1084c148   platform_led
1084c190   platform_delay
1084c1f0   platform_delaycycles
1084c230   platform_external_memory_test
1084c2b0   platform_internal_memory_test
1084c424   platform_write_configure
1084c460   platform_write
1084c574   platform_device_open
1084c6f8   platform_device_close
1084c790   platform_device_read_spare_data
1084c830   platform_device_mark_block_bad
1084c950   platform_device_write_spare_data
1084c9f0   platform_device_read
1084cb48   platform_offset_to_blocknpage
1084cc70   platform_blocknpage_to_offset
1084cd64   platform_device_write
1084d294   platform_device_erase_block
1084d360   Convert_CoreLocal2GlobalAddr
1084e214   prog_pll1_values
1084e378   CorePllcHwSetup
1084e5d4   CorePllcGetHwSetup
1084e6c0   SetPaPllConfig
1084e8b4   PowerUpDomains
1084e950   SetDDR3PllConfig
1084eac0   xmc_setup
1084eb14   DDR3Init
1084ef00   EXP2_spTest
1084ff08   EXP2_dpTest
108509ac   EXP2_runTests
108509e0   COS_spTest
10851510   COS_dpTest
10852408   COS_runTests
10852440   EXP10_spTest
10853244   EXP10_dpTest
10853ce4   EXP10_runTests
10853d20   Verify_Transfer
10853f00   qdma_link_xfer_region
10854708   edma_ping_pong_xfer_region
10855010   edma_ping_pong_xfer_gbl_region
10855520   POW_spTest
108562cc   POW_dpTest
10856bec   POW_runTests
10856c20   EXP_spTest
108575e4   EXP_dpTest
10858294   EXP_runTests
108582c0   SIN_spTest
10858e68   SIN_dpTest
10859900   SIN_runTests
10859940   SQRT_spTest
1085a2a4   SQRT_dpTest
1085ae8c   SQRT_runTests
1085aec0   ATAN_spTest
1085bce4   ATAN_dpTest
1085c394   ATAN_runTests
1085c3c0   LOG_spTest
1085cea8   LOG_dpTest
1085d524   LOG_runTests
1085d560   ATAN2_spTest
1085de4c   ATAN2_dpTest
1085e6a8   ATAN2_runTests
1085ee0c   NandReadSpareArea
1085eef8   readNandPage
1085f12c   NandWriteDataBytes
1085f190   writeNandPage
1085f390   NandWriteSpareArea
1085f4b8   nandFlashBlockErase
1085f718   NandGetDetails
1085f820   nandInit
1085f840   LOG10_spTest
10860298   LOG10_dpTest
10860924   LOG10_runTests
10860960   LOG2_spTest
108613b8   LOG2_dpTest
10861a44   LOG2_runTests
10861a80   RSQRT_spTest
10861f04   RSQRT_dpTest
1086290c   RSQRT_runTests
10862984   i2cEepromWriteBlock
10862c4c   i2cEepromRead
10862e50   i2cEepromWrite
10862f70   i2cEepromWriteByteAddr
108630c8   i2cEepromMacWrite
10863360   i2cEepromMacRead
108636c0   RECIP_spTest
10863aec   RECIP_dpTest
10864304   RECIP_runTests
10864340   write_uart
108643b8   start_boot
10864404   Osal_calculateElapsedTime
1086444c   readMemForLoop
108645ac   main
10864d98   Osal_platformSpiCsExit
10864da0   Osal_platformSpiCsEnter
10864da4   Osal_platformMalloc
10864db0   Osal_platformFree
10864de0   DIV_spTest
10865264   DIV_dpTest
10865704   DIV_runTests
10865740   __c6xabi_divd
108662c0   CSL_edma3HwChannelControl
10866890   spi_claim
10866a38   spi_release
10866a50   spi_xfer
10866b84   spi_cmd
10866be8   spi_cmd_read
10866c48   spi_cmd_write
10866ca8   spi_read_word
10866d60   spi_write_word
10867200   configSerdes
10867278   Init_SGMII
108673e0   nor_get_details
1086746c   nor_init
108674e4   nor_read
10867574   nor_write
10867754   nor_erase
10867880   CSL_edma3HwControl
10867d60   getBoardVersion
10867dac   getFpgaDevID
10867df8   fpgaControlUserLEDs
10867eb8   fpgaDisableNandWriteProtect
10867f00   fpgaEnableNandWriteProtect
10867f44   fpgaDisableNorWriteProtect
10867f88   fpgaEnableNorWriteProtect
10867fcc   fpgaDisableEepromWriteProtect
10868010   fpgaEnableEepromWriteProtect
10868054   fpgaGetUserSwitch
108680a0   fpgaGetAMCDetect
108680e4   fpgaWriteConfigurationRegister
10868190   fpgaReadConfigurationRegister
10868220   _printfi
10868ae0   fputs
108691a0   UartInit
108692f8   UartSetBaudRate
10869370   UartReadBaudRate
108693e0   UartReadData
1086940c   UartWriteData
1086946c   UartIsDataReady
108697a0   CSL_edma3GetHwStatus
10869a80   atandp
10869c50   atan2dp
1086a260   free
1086a4e0   __c6xabi_divull
1086adc0   fputc
1086b1e0   setvbuf
1086b5a0   atan2sp
1086b760   log10dp
1086b920   log2dp
1086bae0   logdp
1086bca0   HOSTrename
1086be40   __c6xabi_divul
1086bfe0   exp10dp
1086c2e8   exp2dp
1086c4a0   malloc
1086c668   atansp
1086c7a0   cosdp
1086c920   expon2sp_asm
1086c94c   exp10sp
1086caa0   exp2sp
1086caa0   exp2sp_asm
1086cc20   expdp
1086ce00   expsp
1086cf40   log10sp
1086d0a0   log2sp
1086d260   logsp
1086d3b8   sindp
1086d7a0   powdp
1086d8e0   __c6xabi_divlli
1086da00   _closefile
1086dc40   CSL_edma3ChannelOpen
1086dd60   fseek
1086de80   cossp
1086dfa0   powsp
1086e0d4   sinsp
1086e1e0   HOSTlseek
1086e2e0   _auto_init_elf
1086e3e0   _wrt_ok
1086e4e0   copy_in
1086e5e0   CSL_edma3ccGetModuleBaseAddr
1086e6e0   HOSTopen
1086e7c0   __c6xabi_divi
1086e7c0   __divi
1086e980   atoi
1086ea60   close
1086eb40   __TI_zero_init
1086ec20   ltoa
1086ed00   memset
1086ede0   rsqrtdp
1086eec0   printf
1086efa0   HOSTread
1086f060   HOSTunlink
1086f120   HOSTwrite
1086f1e0   __c6xabi_divu
1086f1e0   __divu
1086f2a0   _doflush
1086f360   CSL_edma3HwChannelSetupQue
1086f420   CSL_edma3Open
1086f4e0   exit
1086f5a0   sqrtdp
1086f660   __TI_tls_init
1086f720   HOSTclose
1086f7c0   __c6xabi_remu
1086f7c0   __remu
1086f860   _cleanup
1086fa40   _minit
1086fb80   CSL_edma3HwChannelSetupParam
1086fc20   CSL_edma3ParamSetup
1086fd60   lseek
1086fe00   memcpy
1086ffe0   sqrtsp
10870080   write
10870120   __c6xabi_llshl
108701a0   _c_int00
10870220   CSL_edma3GetParamHandle
108702a0   CSL_edma3HwChannelSetupTriggerWord
10870320   divdp
108703a0   recipdp
10870420   rsqrtsp
108704a0   readmsg
10870520   strncpy
108705a0   evmI2CInit
10870620   remove
10870620   unlink
108706a0   __TI_cpp_init
10870700   __c6xabi_frcmpyd_div
10870760   __c6xabi_llshru
108707c0   _subcull
10870820   memccpy
10870880   divsp
108708e0   recipsp
10870940   vsprintf
108709a0   writemsg
108709f8   C$$IO$$
10870a00   __c6xabi_isinf
10870a80   _args_main
10870b00   CSL_edma3ChannelClose
10870b40   llabs
10870b80   strlen
10870bc0   expon_ktable
10870bf8   exp_ktable
10870c30   Logtable_asm
10870c80   __c6xabi_negll
10870ca0   _nop
10870d20   C$$EXIT
10870d20   abort
10870d40   CSL_edma3Close
10870d60   CSL_edma3Init
10870d80   CSL_edma3ParamWriteWord
10870da0   __TI_decompress_none
10870dc0   __TI_decompress_rle24
10870e00   _stack
10872e00   __TI_STACK_END
10872e00   _sys_memory
10876c28   _ctypes_
10876dc4   __TI_STATIC_BASE
10876dc4   platform_errno
10876dc8   platform_init_return_code
10876e08   OneEtwo
10876ec8   OneExp2
10876f88   OneE2
10877020   Vatn2dp
108770a0   nmnL2
10877120   nmn_L2
10877198   numnL2
10877220   HPisDP
10877280   Expon_Ktable
108772b8   Expon_Ctable
108772e0   HPisdp
10877340   log_table_asm
10877378   Logtab_asm
108773b0   expon_ctable
108773d4   exp_ctable
108773f8   _ftable
108776f0   logtable
10877730   V
10877750   jTable
10877770   kTable
10877790   _cleanup_ptr
10877794   _dtors_ptr
10877798   __TI_enable_exit_profile_output
108777a8   _lock
108777ac   _unlock
108777b0   _ft_end
108777b4   __errno
108777b4   errno
108777b8   __CIOBUF_
10877968   deviceSpeedRange
10877970   g_ui64StartTime
10877978   g_ui64StopTime
10877980   g_ui64ElapsedTime
10877988   damian
10877990   hnd
10877994   hTest
10877998   state
1087799c   vectId
108780b4   __TI_Handler_Table_Base
108780c0   __TI_Handler_Table_Limit
108780dc   __TI_CINIT_Base
1087810c   __TI_CINIT_Limit
ffffffff   __TI_pprof_out_hndl
ffffffff   __TI_prof_data_size
ffffffff   __TI_prof_data_start
ffffffff   __binit__
ffffffff   __c_args__
ffffffff   binit
UNDEFED    __TI_INITARRAY_Base
UNDEFED    __TI_INITARRAY_Limit
UNDEFED    __TI_TLS_INIT_Base
UNDEFED    __TI_TLS_INIT_Limit

[342 symbols]
