<?xml version="1.0"?>
<link_info>
   <banner>TMS320C6x Linker PC v7.4.4</banner>
   <copyright>Copyright (c) 1996-2013 Texas Instruments Incorporated</copyright>
   <link_time>0x550fc3ad</link_time>
   <output_file>../bin/pcieboot_interrupt_evm6678l.out</output_file>
   <entry_point>
      <name>_c_int00</name>
      <address>0x10873d40</address>
   </entry_point>
   <input_file_list>
      <input_file id="fl-2">
         <path>.\src\</path>
         <kind>object</kind>
         <file>pcieboot_interrupt.obj</file>
         <name>pcieboot_interrupt.obj</name>
      </input_file>
      <input_file id="fl-3">
         <path>.\</path>
         <kind>object</kind>
         <file>dma_test.obj</file>
         <name>dma_test.obj</name>
      </input_file>
      <input_file id="fl-4">
         <path>.\</path>
         <kind>object</kind>
         <file>clock_pll.obj</file>
         <name>clock_pll.obj</name>
      </input_file>
      <input_file id="fl-b">
         <path>C:\ti\ccs_ver_5_5\pdk_C6678_1_1_2_6\packages\ti\platform\evmc6678l\platform_lib\lib\debug\</path>
         <kind>archive</kind>
         <file>ti.platform.evm6678l.ae66</file>
         <name>platform.obj</name>
      </input_file>
      <input_file id="fl-c">
         <path>C:\ti\ccs_ver_5_5\pdk_C6678_1_1_2_6\packages\ti\platform\evmc6678l\platform_lib\lib\debug\</path>
         <kind>archive</kind>
         <file>ti.platform.evm6678l.ae66</file>
         <name>evmc66x_uart.obj</name>
      </input_file>
      <input_file id="fl-d">
         <path>C:\ti\ccs_ver_5_5\pdk_C6678_1_1_2_6\packages\ti\platform\evmc6678l\platform_lib\lib\debug\</path>
         <kind>archive</kind>
         <file>ti.platform.evm6678l.ae66</file>
         <name>evmc66x_nor.obj</name>
      </input_file>
      <input_file id="fl-e">
         <path>C:\ti\ccs_ver_5_5\pdk_C6678_1_1_2_6\packages\ti\platform\evmc6678l\platform_lib\lib\debug\</path>
         <kind>archive</kind>
         <file>ti.platform.evm6678l.ae66</file>
         <name>evmc66x_i2c_eeprom.obj</name>
      </input_file>
      <input_file id="fl-f">
         <path>C:\ti\ccs_ver_5_5\pdk_C6678_1_1_2_6\packages\ti\platform\evmc6678l\platform_lib\lib\debug\</path>
         <kind>archive</kind>
         <file>ti.platform.evm6678l.ae66</file>
         <name>evmc66x_fpga.obj</name>
      </input_file>
      <input_file id="fl-10">
         <path>C:\ti\ccs_ver_5_5\pdk_C6678_1_1_2_6\packages\ti\platform\evmc6678l\platform_lib\lib\debug\</path>
         <kind>archive</kind>
         <file>ti.platform.evm6678l.ae66</file>
         <name>evmc6678_phy.obj</name>
      </input_file>
      <input_file id="fl-11">
         <path>C:\ti\ccs_ver_5_5\pdk_C6678_1_1_2_6\packages\ti\platform\evmc6678l\platform_lib\lib\debug\</path>
         <kind>archive</kind>
         <file>ti.platform.evm6678l.ae66</file>
         <name>evmc6678.obj</name>
      </input_file>
      <input_file id="fl-12">
         <path>C:\ti\ccs_ver_5_5\pdk_C6678_1_1_2_6\packages\ti\platform\evmc6678l\platform_lib\lib\debug\</path>
         <kind>archive</kind>
         <file>ti.platform.evm6678l.ae66</file>
         <name>evm66x_nand.obj</name>
      </input_file>
      <input_file id="fl-13">
         <path>C:\ti\ccs_ver_5_5\pdk_C6678_1_1_2_6\packages\ti\platform\evmc6678l\platform_lib\lib\debug\</path>
         <kind>archive</kind>
         <file>ti.platform.evm6678l.ae66</file>
         <name>evm66x_i2c.obj</name>
      </input_file>
      <input_file id="fl-14">
         <path>C:\ti\ccs_ver_5_5\pdk_C6678_1_1_2_6\packages\ti\platform\evmc6678l\platform_lib\lib\debug\</path>
         <kind>archive</kind>
         <file>ti.platform.evm6678l.ae66</file>
         <name>evmc66x_spi.obj</name>
      </input_file>
      <input_file id="fl-15">
         <path>C:\ti\ccs_ver_5_5\pdk_C6678_1_1_2_6\packages\ti\csl\lib\</path>
         <kind>archive</kind>
         <file>ti.csl.ae66</file>
         <name>csl_edma3Init.oe66</name>
      </input_file>
      <input_file id="fl-16">
         <path>C:\ti\ccs_ver_5_5\pdk_C6678_1_1_2_6\packages\ti\csl\lib\</path>
         <kind>archive</kind>
         <file>ti.csl.ae66</file>
         <name>csl_edma3Open.oe66</name>
      </input_file>
      <input_file id="fl-17">
         <path>C:\ti\ccs_ver_5_5\pdk_C6678_1_1_2_6\packages\ti\csl\lib\</path>
         <kind>archive</kind>
         <file>ti.csl.ae66</file>
         <name>csl_edma3Close.oe66</name>
      </input_file>
      <input_file id="fl-18">
         <path>C:\ti\ccs_ver_5_5\pdk_C6678_1_1_2_6\packages\ti\csl\lib\</path>
         <kind>archive</kind>
         <file>ti.csl.ae66</file>
         <name>csl_edma3HwControl.oe66</name>
      </input_file>
      <input_file id="fl-19">
         <path>C:\ti\ccs_ver_5_5\pdk_C6678_1_1_2_6\packages\ti\csl\lib\</path>
         <kind>archive</kind>
         <file>ti.csl.ae66</file>
         <name>csl_edma3GetHwStatus.oe66</name>
      </input_file>
      <input_file id="fl-1a">
         <path>C:\ti\ccs_ver_5_5\pdk_C6678_1_1_2_6\packages\ti\csl\lib\</path>
         <kind>archive</kind>
         <file>ti.csl.ae66</file>
         <name>csl_edma3ChannelOpen.oe66</name>
      </input_file>
      <input_file id="fl-1b">
         <path>C:\ti\ccs_ver_5_5\pdk_C6678_1_1_2_6\packages\ti\csl\lib\</path>
         <kind>archive</kind>
         <file>ti.csl.ae66</file>
         <name>csl_edma3ChannelClose.oe66</name>
      </input_file>
      <input_file id="fl-1c">
         <path>C:\ti\ccs_ver_5_5\pdk_C6678_1_1_2_6\packages\ti\csl\lib\</path>
         <kind>archive</kind>
         <file>ti.csl.ae66</file>
         <name>csl_edma3HwChannelSetup.oe66</name>
      </input_file>
      <input_file id="fl-1d">
         <path>C:\ti\ccs_ver_5_5\pdk_C6678_1_1_2_6\packages\ti\csl\lib\</path>
         <kind>archive</kind>
         <file>ti.csl.ae66</file>
         <name>csl_edma3HwChannelControl.oe66</name>
      </input_file>
      <input_file id="fl-1e">
         <path>C:\ti\ccs_ver_5_5\pdk_C6678_1_1_2_6\packages\ti\csl\lib\</path>
         <kind>archive</kind>
         <file>ti.csl.ae66</file>
         <name>csl_edma3Param.oe66</name>
      </input_file>
      <input_file id="fl-1f">
         <path>C:\ti\ccs_ver_5_5\pdk_C6678_1_1_2_6\packages\ti\csl\lib\</path>
         <kind>archive</kind>
         <file>ti.csl.ae66</file>
         <name>csl_edma3GetBaseAddress.oe66</name>
      </input_file>
      <input_file id="fl-97">
         <path>C:\ti\ccs_ver5_5_keystone\ccsv5\tools\compiler\c6000_7.4.4\lib\</path>
         <kind>archive</kind>
         <file>rts6600_elf.lib</file>
         <name>boot.obj</name>
      </input_file>
      <input_file id="fl-98">
         <path>C:\ti\ccs_ver5_5_keystone\ccsv5\tools\compiler\c6000_7.4.4\lib\</path>
         <kind>archive</kind>
         <file>rts6600_elf.lib</file>
         <name>copy_decompress_none.obj</name>
      </input_file>
      <input_file id="fl-99">
         <path>C:\ti\ccs_ver5_5_keystone\ccsv5\tools\compiler\c6000_7.4.4\lib\</path>
         <kind>archive</kind>
         <file>rts6600_elf.lib</file>
         <name>copy_decompress_rle.obj</name>
      </input_file>
      <input_file id="fl-9a">
         <path>C:\ti\ccs_ver5_5_keystone\ccsv5\tools\compiler\c6000_7.4.4\lib\</path>
         <kind>archive</kind>
         <file>rts6600_elf.lib</file>
         <name>copy_zero_init.obj</name>
      </input_file>
      <input_file id="fl-9b">
         <path>C:\ti\ccs_ver5_5_keystone\ccsv5\tools\compiler\c6000_7.4.4\lib\</path>
         <kind>archive</kind>
         <file>rts6600_elf.lib</file>
         <name>divi.obj</name>
      </input_file>
      <input_file id="fl-9c">
         <path>C:\ti\ccs_ver5_5_keystone\ccsv5\tools\compiler\c6000_7.4.4\lib\</path>
         <kind>archive</kind>
         <file>rts6600_elf.lib</file>
         <name>divu.obj</name>
      </input_file>
      <input_file id="fl-9d">
         <path>C:\ti\ccs_ver5_5_keystone\ccsv5\tools\compiler\c6000_7.4.4\lib\</path>
         <kind>archive</kind>
         <file>rts6600_elf.lib</file>
         <name>exit.obj</name>
      </input_file>
      <input_file id="fl-9e">
         <path>C:\ti\ccs_ver5_5_keystone\ccsv5\tools\compiler\c6000_7.4.4\lib\</path>
         <kind>archive</kind>
         <file>rts6600_elf.lib</file>
         <name>imath64.obj</name>
      </input_file>
      <input_file id="fl-9f">
         <path>C:\ti\ccs_ver5_5_keystone\ccsv5\tools\compiler\c6000_7.4.4\lib\</path>
         <kind>archive</kind>
         <file>rts6600_elf.lib</file>
         <name>llshift.obj</name>
      </input_file>
      <input_file id="fl-a0">
         <path>C:\ti\ccs_ver5_5_keystone\ccsv5\tools\compiler\c6000_7.4.4\lib\</path>
         <kind>archive</kind>
         <file>rts6600_elf.lib</file>
         <name>memcpy64.obj</name>
      </input_file>
      <input_file id="fl-a1">
         <path>C:\ti\ccs_ver5_5_keystone\ccsv5\tools\compiler\c6000_7.4.4\lib\</path>
         <kind>archive</kind>
         <file>rts6600_elf.lib</file>
         <name>memory.obj</name>
      </input_file>
      <input_file id="fl-a2">
         <path>C:\ti\ccs_ver5_5_keystone\ccsv5\tools\compiler\c6000_7.4.4\lib\</path>
         <kind>archive</kind>
         <file>rts6600_elf.lib</file>
         <name>memset.obj</name>
      </input_file>
      <input_file id="fl-a3">
         <path>C:\ti\ccs_ver5_5_keystone\ccsv5\tools\compiler\c6000_7.4.4\lib\</path>
         <kind>archive</kind>
         <file>rts6600_elf.lib</file>
         <name>negll.obj</name>
      </input_file>
      <input_file id="fl-a4">
         <path>C:\ti\ccs_ver5_5_keystone\ccsv5\tools\compiler\c6000_7.4.4\lib\</path>
         <kind>archive</kind>
         <file>rts6600_elf.lib</file>
         <name>printf.obj</name>
      </input_file>
      <input_file id="fl-a5">
         <path>C:\ti\ccs_ver5_5_keystone\ccsv5\tools\compiler\c6000_7.4.4\lib\</path>
         <kind>archive</kind>
         <file>rts6600_elf.lib</file>
         <name>remu.obj</name>
      </input_file>
      <input_file id="fl-a6">
         <path>C:\ti\ccs_ver5_5_keystone\ccsv5\tools\compiler\c6000_7.4.4\lib\</path>
         <kind>archive</kind>
         <file>rts6600_elf.lib</file>
         <name>strlen.obj</name>
      </input_file>
      <input_file id="fl-a7">
         <path>C:\ti\ccs_ver5_5_keystone\ccsv5\tools\compiler\c6000_7.4.4\lib\</path>
         <kind>archive</kind>
         <file>rts6600_elf.lib</file>
         <name>strncpy.obj</name>
      </input_file>
      <input_file id="fl-a8">
         <path>C:\ti\ccs_ver5_5_keystone\ccsv5\tools\compiler\c6000_7.4.4\lib\</path>
         <kind>archive</kind>
         <file>rts6600_elf.lib</file>
         <name>vsprintf.obj</name>
      </input_file>
      <input_file id="fl-a9">
         <path>C:\ti\ccs_ver5_5_keystone\ccsv5\tools\compiler\c6000_7.4.4\lib\</path>
         <kind>archive</kind>
         <file>rts6600_elf.lib</file>
         <name>_lock.obj</name>
      </input_file>
      <input_file id="fl-aa">
         <path>C:\ti\ccs_ver5_5_keystone\ccsv5\tools\compiler\c6000_7.4.4\lib\</path>
         <kind>archive</kind>
         <file>rts6600_elf.lib</file>
         <name>_printfi.obj</name>
      </input_file>
      <input_file id="fl-ab">
         <path>C:\ti\ccs_ver5_5_keystone\ccsv5\tools\compiler\c6000_7.4.4\lib\</path>
         <kind>archive</kind>
         <file>rts6600_elf.lib</file>
         <name>abs.obj</name>
      </input_file>
      <input_file id="fl-ac">
         <path>C:\ti\ccs_ver5_5_keystone\ccsv5\tools\compiler\c6000_7.4.4\lib\</path>
         <kind>archive</kind>
         <file>rts6600_elf.lib</file>
         <name>args_main.obj</name>
      </input_file>
      <input_file id="fl-ad">
         <path>C:\ti\ccs_ver5_5_keystone\ccsv5\tools\compiler\c6000_7.4.4\lib\</path>
         <kind>archive</kind>
         <file>rts6600_elf.lib</file>
         <name>atoi.obj</name>
      </input_file>
      <input_file id="fl-ae">
         <path>C:\ti\ccs_ver5_5_keystone\ccsv5\tools\compiler\c6000_7.4.4\lib\</path>
         <kind>archive</kind>
         <file>rts6600_elf.lib</file>
         <name>autoinit.obj</name>
      </input_file>
      <input_file id="fl-af">
         <path>C:\ti\ccs_ver5_5_keystone\ccsv5\tools\compiler\c6000_7.4.4\lib\</path>
         <kind>archive</kind>
         <file>rts6600_elf.lib</file>
         <name>cpp_init.obj</name>
      </input_file>
      <input_file id="fl-b0">
         <path>C:\ti\ccs_ver5_5_keystone\ccsv5\tools\compiler\c6000_7.4.4\lib\</path>
         <kind>archive</kind>
         <file>rts6600_elf.lib</file>
         <name>cpy_tbl.obj</name>
      </input_file>
      <input_file id="fl-b1">
         <path>C:\ti\ccs_ver5_5_keystone\ccsv5\tools\compiler\c6000_7.4.4\lib\</path>
         <kind>archive</kind>
         <file>rts6600_elf.lib</file>
         <name>ctype.obj</name>
      </input_file>
      <input_file id="fl-b2">
         <path>C:\ti\ccs_ver5_5_keystone\ccsv5\tools\compiler\c6000_7.4.4\lib\</path>
         <kind>archive</kind>
         <file>rts6600_elf.lib</file>
         <name>defs.obj</name>
      </input_file>
      <input_file id="fl-b3">
         <path>C:\ti\ccs_ver5_5_keystone\ccsv5\tools\compiler\c6000_7.4.4\lib\</path>
         <kind>archive</kind>
         <file>rts6600_elf.lib</file>
         <name>divd.obj</name>
      </input_file>
      <input_file id="fl-b4">
         <path>C:\ti\ccs_ver5_5_keystone\ccsv5\tools\compiler\c6000_7.4.4\lib\</path>
         <kind>archive</kind>
         <file>rts6600_elf.lib</file>
         <name>fputc.obj</name>
      </input_file>
      <input_file id="fl-b5">
         <path>C:\ti\ccs_ver5_5_keystone\ccsv5\tools\compiler\c6000_7.4.4\lib\</path>
         <kind>archive</kind>
         <file>rts6600_elf.lib</file>
         <name>fputs.obj</name>
      </input_file>
      <input_file id="fl-b6">
         <path>C:\ti\ccs_ver5_5_keystone\ccsv5\tools\compiler\c6000_7.4.4\lib\</path>
         <kind>archive</kind>
         <file>rts6600_elf.lib</file>
         <name>frcmpyd_div.obj</name>
      </input_file>
      <input_file id="fl-b7">
         <path>C:\ti\ccs_ver5_5_keystone\ccsv5\tools\compiler\c6000_7.4.4\lib\</path>
         <kind>archive</kind>
         <file>rts6600_elf.lib</file>
         <name>imath40.obj</name>
      </input_file>
      <input_file id="fl-b8">
         <path>C:\ti\ccs_ver5_5_keystone\ccsv5\tools\compiler\c6000_7.4.4\lib\</path>
         <kind>archive</kind>
         <file>rts6600_elf.lib</file>
         <name>isinf.obj</name>
      </input_file>
      <input_file id="fl-b9">
         <path>C:\ti\ccs_ver5_5_keystone\ccsv5\tools\compiler\c6000_7.4.4\lib\</path>
         <kind>archive</kind>
         <file>rts6600_elf.lib</file>
         <name>lowlev.obj</name>
      </input_file>
      <input_file id="fl-ba">
         <path>C:\ti\ccs_ver5_5_keystone\ccsv5\tools\compiler\c6000_7.4.4\lib\</path>
         <kind>archive</kind>
         <file>rts6600_elf.lib</file>
         <name>ltoa.obj</name>
      </input_file>
      <input_file id="fl-bb">
         <path>C:\ti\ccs_ver5_5_keystone\ccsv5\tools\compiler\c6000_7.4.4\lib\</path>
         <kind>archive</kind>
         <file>rts6600_elf.lib</file>
         <name>memccpy.obj</name>
      </input_file>
      <input_file id="fl-bc">
         <path>C:\ti\ccs_ver5_5_keystone\ccsv5\tools\compiler\c6000_7.4.4\lib\</path>
         <kind>archive</kind>
         <file>rts6600_elf.lib</file>
         <name>tls.obj</name>
      </input_file>
      <input_file id="fl-bd">
         <path>C:\ti\ccs_ver5_5_keystone\ccsv5\tools\compiler\c6000_7.4.4\lib\</path>
         <kind>archive</kind>
         <file>rts6600_elf.lib</file>
         <name>tls_get_tp.obj</name>
      </input_file>
      <input_file id="fl-be">
         <path>C:\ti\ccs_ver5_5_keystone\ccsv5\tools\compiler\c6000_7.4.4\lib\</path>
         <kind>archive</kind>
         <file>rts6600_elf.lib</file>
         <name>trgdrv.obj</name>
      </input_file>
      <input_file id="fl-bf">
         <path>C:\ti\ccs_ver5_5_keystone\ccsv5\tools\compiler\c6000_7.4.4\lib\</path>
         <kind>archive</kind>
         <file>rts6600_elf.lib</file>
         <name>trgmsg.obj</name>
      </input_file>
      <input_file id="fl-c0">
         <path>C:\ti\ccs_ver5_5_keystone\ccsv5\tools\compiler\c6000_7.4.4\lib\</path>
         <kind>archive</kind>
         <file>rts6600_elf.lib</file>
         <name>_io_perm.obj</name>
      </input_file>
      <input_file id="fl-c1">
         <path>C:\ti\ccs_ver5_5_keystone\ccsv5\tools\compiler\c6000_7.4.4\lib\</path>
         <kind>archive</kind>
         <file>rts6600_elf.lib</file>
         <name>fflush.obj</name>
      </input_file>
      <input_file id="fl-c2">
         <path>C:\ti\ccs_ver5_5_keystone\ccsv5\tools\compiler\c6000_7.4.4\lib\</path>
         <kind>archive</kind>
         <file>rts6600_elf.lib</file>
         <name>fseek.obj</name>
      </input_file>
      <input_file id="fl-c3">
         <path>C:\ti\ccs_ver5_5_keystone\ccsv5\tools\compiler\c6000_7.4.4\lib\</path>
         <kind>archive</kind>
         <file>rts6600_elf.lib</file>
         <name>setvbuf.obj</name>
      </input_file>
      <input_file id="fl-c4">
         <path>C:\ti\ccs_ver5_5_keystone\ccsv5\tools\compiler\c6000_7.4.4\lib\</path>
         <kind>archive</kind>
         <file>rts6600_elf.lib</file>
         <name>fopen.obj</name>
      </input_file>
      <input_file id="fl-c5">
         <path>C:\ti\ccs_ver5_5_keystone\ccsv5\tools\compiler\c6000_7.4.4\lib\</path>
         <kind>archive</kind>
         <file>rts6600_elf.lib</file>
         <name>fclose.obj</name>
      </input_file>
      <input_file id="fl-c6">
         <path>C:\ti\ccs_ver5_5_keystone\ccsv5\tools\compiler\c6000_7.4.4\lib\</path>
         <kind>archive</kind>
         <file>rts6600_elf.lib</file>
         <name>remove.obj</name>
      </input_file>
   </input_file_list>
   <object_component_list>
      <object_component id="oc-a3">
         <name>.text</name>
         <load_address>0x108643e0</load_address>
         <run_address>0x108643e0</run_address>
         <size>0x1fe0</size>
         <input_file_ref idref="fl-b"/>
      </object_component>
      <object_component id="oc-f1">
         <name>.text</name>
         <load_address>0x108663c0</load_address>
         <run_address>0x108663c0</run_address>
         <size>0x1b40</size>
         <input_file_ref idref="fl-11"/>
      </object_component>
      <object_component id="oc-bc">
         <name>.text</name>
         <load_address>0x10867f00</load_address>
         <run_address>0x10867f00</run_address>
         <size>0x1280</size>
         <input_file_ref idref="fl-3"/>
      </object_component>
      <object_component id="oc-10d">
         <name>.text</name>
         <load_address>0x10869180</load_address>
         <run_address>0x10869180</run_address>
         <size>0x1160</size>
         <input_file_ref idref="fl-12"/>
      </object_component>
      <object_component id="oc-11c">
         <name>.text</name>
         <load_address>0x1086a2e0</load_address>
         <run_address>0x1086a2e0</run_address>
         <size>0xd80</size>
         <input_file_ref idref="fl-e"/>
      </object_component>
      <object_component id="oc-5b3">
         <name>.text:__c6xabi_divd</name>
         <load_address>0x1086b060</load_address>
         <run_address>0x1086b060</run_address>
         <size>0x5c0</size>
         <input_file_ref idref="fl-b3"/>
      </object_component>
      <object_component id="oc-53c">
         <name>.text:_getarg_diouxp</name>
         <load_address>0x1086b620</load_address>
         <run_address>0x1086b620</run_address>
         <size>0x5c0</size>
         <input_file_ref idref="fl-aa"/>
      </object_component>
      <object_component id="oc-1a9">
         <name>.text:csl_section:edma3:CSL_edma3HwChannelControl</name>
         <load_address>0x1086bbe0</load_address>
         <run_address>0x1086bbe0</run_address>
         <size>0x5a0</size>
         <input_file_ref idref="fl-1d"/>
      </object_component>
      <object_component id="oc-217">
         <name>.text</name>
         <load_address>0x1086c180</load_address>
         <run_address>0x1086c180</run_address>
         <size>0x5a0</size>
         <input_file_ref idref="fl-14"/>
      </object_component>
      <object_component id="oc-60">
         <name>.text</name>
         <load_address>0x1086c720</load_address>
         <run_address>0x1086c720</run_address>
         <size>0x560</size>
         <input_file_ref idref="fl-2"/>
      </object_component>
      <object_component id="oc-ff">
         <name>.text</name>
         <load_address>0x1086cc80</load_address>
         <run_address>0x1086cc80</run_address>
         <size>0x560</size>
         <input_file_ref idref="fl-10"/>
      </object_component>
      <object_component id="oc-112">
         <name>.text</name>
         <load_address>0x1086d1e0</load_address>
         <run_address>0x1086d1e0</run_address>
         <size>0x520</size>
         <input_file_ref idref="fl-d"/>
      </object_component>
      <object_component id="oc-191">
         <name>.text:csl_section:edma3:CSL_edma3HwControl</name>
         <load_address>0x1086d700</load_address>
         <run_address>0x1086d700</run_address>
         <size>0x4e0</size>
         <input_file_ref idref="fl-18"/>
      </object_component>
      <object_component id="oc-fa">
         <name>.text</name>
         <load_address>0x1086dbe0</load_address>
         <run_address>0x1086dbe0</run_address>
         <size>0x4c0</size>
         <input_file_ref idref="fl-f"/>
      </object_component>
      <object_component id="oc-16d">
         <name>.text:_printfi</name>
         <load_address>0x1086e0a0</load_address>
         <run_address>0x1086e0a0</run_address>
         <size>0x460</size>
         <input_file_ref idref="fl-aa"/>
      </object_component>
      <object_component id="oc-2b9">
         <name>.text:_setfield</name>
         <load_address>0x1086e500</load_address>
         <run_address>0x1086e500</run_address>
         <size>0x460</size>
         <input_file_ref idref="fl-aa"/>
      </object_component>
      <object_component id="oc-2a7">
         <name>.text:fputs</name>
         <load_address>0x1086e960</load_address>
         <run_address>0x1086e960</run_address>
         <size>0x3a0</size>
         <input_file_ref idref="fl-b5"/>
      </object_component>
      <object_component id="oc-488">
         <name>.text:_pproc_fge</name>
         <load_address>0x1086ed00</load_address>
         <run_address>0x1086ed00</run_address>
         <size>0x320</size>
         <input_file_ref idref="fl-aa"/>
      </object_component>
      <object_component id="oc-104">
         <name>.text</name>
         <load_address>0x1086f020</load_address>
         <run_address>0x1086f020</run_address>
         <size>0x320</size>
         <input_file_ref idref="fl-c"/>
      </object_component>
      <object_component id="oc-2b5">
         <name>.text:_pproc_fwp</name>
         <load_address>0x1086f340</load_address>
         <run_address>0x1086f340</run_address>
         <size>0x2e0</size>
         <input_file_ref idref="fl-aa"/>
      </object_component>
      <object_component id="oc-1b1">
         <name>.text:csl_section:edma3:CSL_edma3GetHwStatus</name>
         <load_address>0x1086f620</load_address>
         <run_address>0x1086f620</run_address>
         <size>0x2e0</size>
         <input_file_ref idref="fl-19"/>
      </object_component>
      <object_component id="oc-5aa">
         <name>.text:fcvt</name>
         <load_address>0x1086f900</load_address>
         <run_address>0x1086f900</run_address>
         <size>0x2a0</size>
         <input_file_ref idref="fl-aa"/>
      </object_component>
      <object_component id="oc-59d">
         <name>.text:ecvt</name>
         <load_address>0x1086fba0</load_address>
         <run_address>0x1086fba0</run_address>
         <size>0x280</size>
         <input_file_ref idref="fl-aa"/>
      </object_component>
      <object_component id="oc-b0">
         <name>.text:free</name>
         <load_address>0x1086fe20</load_address>
         <run_address>0x1086fe20</run_address>
         <size>0x280</size>
         <input_file_ref idref="fl-a1"/>
      </object_component>
      <object_component id="oc-30c">
         <name>.text:__c6xabi_divull</name>
         <load_address>0x108700a0</load_address>
         <run_address>0x108700a0</run_address>
         <size>0x240</size>
         <input_file_ref idref="fl-9e"/>
      </object_component>
      <object_component id="oc-537">
         <name>.text:_pconv_e</name>
         <load_address>0x108702e0</load_address>
         <run_address>0x108702e0</run_address>
         <size>0x240</size>
         <input_file_ref idref="fl-aa"/>
      </object_component>
      <object_component id="oc-48c">
         <name>.text:_pproc_diouxp</name>
         <load_address>0x10870520</load_address>
         <run_address>0x10870520</run_address>
         <size>0x240</size>
         <input_file_ref idref="fl-aa"/>
      </object_component>
      <object_component id="oc-2bd">
         <name>.text:_pproc_str</name>
         <load_address>0x10870760</load_address>
         <run_address>0x10870760</run_address>
         <size>0x220</size>
         <input_file_ref idref="fl-aa"/>
      </object_component>
      <object_component id="oc-2ac">
         <name>.text:fputc</name>
         <load_address>0x10870980</load_address>
         <run_address>0x10870980</run_address>
         <size>0x220</size>
         <input_file_ref idref="fl-b4"/>
      </object_component>
      <object_component id="oc-52f">
         <name>.text:_pconv_g</name>
         <load_address>0x10870ba0</load_address>
         <run_address>0x10870ba0</run_address>
         <size>0x200</size>
         <input_file_ref idref="fl-aa"/>
      </object_component>
      <object_component id="oc-50e">
         <name>.text:setvbuf</name>
         <load_address>0x10870da0</load_address>
         <run_address>0x10870da0</run_address>
         <size>0x200</size>
         <input_file_ref idref="fl-c3"/>
      </object_component>
      <object_component id="oc-5a5">
         <name>.text:_mcpy</name>
         <load_address>0x10870fa0</load_address>
         <run_address>0x10870fa0</run_address>
         <size>0x1c0</size>
         <input_file_ref idref="fl-aa"/>
      </object_component>
      <object_component id="oc-5e9">
         <name>.text:HOSTrename</name>
         <load_address>0x10871160</load_address>
         <run_address>0x10871160</run_address>
         <size>0x1a0</size>
         <input_file_ref idref="fl-be"/>
      </object_component>
      <object_component id="oc-5ff">
         <name>.text:__c6xabi_divul</name>
         <load_address>0x10871300</load_address>
         <run_address>0x10871300</run_address>
         <size>0x1a0</size>
         <input_file_ref idref="fl-b7"/>
      </object_component>
      <object_component id="oc-42">
         <name>.text:__TI_decompress_rle_core</name>
         <load_address>0x108714a0</load_address>
         <run_address>0x108714a0</run_address>
         <size>0x180</size>
         <input_file_ref idref="fl-99"/>
      </object_component>
      <object_component id="oc-ac">
         <name>.text:malloc</name>
         <load_address>0x10871620</load_address>
         <run_address>0x10871620</run_address>
         <size>0x180</size>
         <input_file_ref idref="fl-a1"/>
      </object_component>
      <object_component id="oc-2b1">
         <name>.text:_pproc_fflags</name>
         <load_address>0x108717a0</load_address>
         <run_address>0x108717a0</run_address>
         <size>0x140</size>
         <input_file_ref idref="fl-aa"/>
      </object_component>
      <object_component id="oc-62e">
         <name>.text:getdevice</name>
         <load_address>0x108718e0</load_address>
         <run_address>0x108718e0</run_address>
         <size>0x140</size>
         <input_file_ref idref="fl-b9"/>
      </object_component>
      <object_component id="oc-1c1">
         <name>.text:__c6xabi_divlli</name>
         <load_address>0x10871a20</load_address>
         <run_address>0x10871a20</run_address>
         <size>0x120</size>
         <input_file_ref idref="fl-9e"/>
      </object_component>
      <object_component id="oc-5ca">
         <name>.text:_closefile</name>
         <load_address>0x10871b40</load_address>
         <run_address>0x10871b40</run_address>
         <size>0x120</size>
         <input_file_ref idref="fl-c5"/>
      </object_component>
      <object_component id="oc-540">
         <name>.text:_ltostr</name>
         <load_address>0x10871c60</load_address>
         <run_address>0x10871c60</run_address>
         <size>0x120</size>
         <input_file_ref idref="fl-aa"/>
      </object_component>
      <object_component id="oc-195">
         <name>.text:csl_section:edma3:CSL_edma3ChannelOpen</name>
         <load_address>0x10871d80</load_address>
         <run_address>0x10871d80</run_address>
         <size>0x120</size>
         <input_file_ref idref="fl-1a"/>
      </object_component>
      <object_component id="oc-50a">
         <name>.text:fseek</name>
         <load_address>0x10871ea0</load_address>
         <run_address>0x10871ea0</run_address>
         <size>0x120</size>
         <input_file_ref idref="fl-c2"/>
      </object_component>
      <object_component id="oc-5e1">
         <name>.text:HOSTlseek</name>
         <load_address>0x10871fc0</load_address>
         <run_address>0x10871fc0</run_address>
         <size>0x100</size>
         <input_file_ref idref="fl-be"/>
      </object_component>
      <object_component id="oc-25">
         <name>.text:_auto_init_elf</name>
         <load_address>0x108720c0</load_address>
         <run_address>0x108720c0</run_address>
         <size>0x100</size>
         <input_file_ref idref="fl-ae"/>
      </object_component>
      <object_component id="oc-472">
         <name>.text:_wrt_ok</name>
         <load_address>0x108721c0</load_address>
         <run_address>0x108721c0</run_address>
         <size>0x100</size>
         <input_file_ref idref="fl-c0"/>
      </object_component>
      <object_component id="oc-53">
         <name>.text:copy_in</name>
         <load_address>0x108722c0</load_address>
         <run_address>0x108722c0</run_address>
         <size>0x100</size>
         <input_file_ref idref="fl-b0"/>
      </object_component>
      <object_component id="oc-2da">
         <name>.text:csl_section:edma:CSL_edma3ccGetModuleBaseAddr</name>
         <load_address>0x108723c0</load_address>
         <run_address>0x108723c0</run_address>
         <size>0x100</size>
         <input_file_ref idref="fl-1f"/>
      </object_component>
      <object_component id="oc-5d1">
         <name>.text:HOSTopen</name>
         <load_address>0x108724c0</load_address>
         <run_address>0x108724c0</run_address>
         <size>0xe0</size>
         <input_file_ref idref="fl-be"/>
      </object_component>
      <object_component id="oc-200">
         <name>.text:__divi</name>
         <load_address>0x108725a0</load_address>
         <run_address>0x108725a0</run_address>
         <size>0xe0</size>
         <input_file_ref idref="fl-9b"/>
      </object_component>
      <object_component id="oc-5be">
         <name>.text:_div</name>
         <load_address>0x10872680</load_address>
         <run_address>0x10872680</run_address>
         <size>0xe0</size>
         <input_file_ref idref="fl-aa"/>
      </object_component>
      <object_component id="oc-483">
         <name>.text:atoi</name>
         <load_address>0x10872760</load_address>
         <run_address>0x10872760</run_address>
         <size>0xe0</size>
         <input_file_ref idref="fl-ad"/>
      </object_component>
      <object_component id="oc-606">
         <name>.text:close</name>
         <load_address>0x10872840</load_address>
         <run_address>0x10872840</run_address>
         <size>0xe0</size>
         <input_file_ref idref="fl-b9"/>
      </object_component>
      <object_component id="oc-19">
         <name>.text:decompress:ZI:__TI_zero_init</name>
         <load_address>0x10872920</load_address>
         <run_address>0x10872920</run_address>
         <size>0xe0</size>
         <input_file_ref idref="fl-9a"/>
      </object_component>
      <object_component id="oc-5f1">
         <name>.text:ltoa</name>
         <load_address>0x10872a00</load_address>
         <run_address>0x10872a00</run_address>
         <size>0xe0</size>
         <input_file_ref idref="fl-ba"/>
      </object_component>
      <object_component id="oc-b4">
         <name>.text:memset</name>
         <load_address>0x10872ae0</load_address>
         <run_address>0x10872ae0</run_address>
         <size>0xe0</size>
         <input_file_ref idref="fl-a2"/>
      </object_component>
      <object_component id="oc-a8">
         <name>.text:printf</name>
         <load_address>0x10872bc0</load_address>
         <run_address>0x10872bc0</run_address>
         <size>0xe0</size>
         <input_file_ref idref="fl-a4"/>
      </object_component>
      <object_component id="oc-5d9">
         <name>.text:HOSTread</name>
         <load_address>0x10872ca0</load_address>
         <run_address>0x10872ca0</run_address>
         <size>0xc0</size>
         <input_file_ref idref="fl-be"/>
      </object_component>
      <object_component id="oc-5e5">
         <name>.text:HOSTunlink</name>
         <load_address>0x10872d60</load_address>
         <run_address>0x10872d60</run_address>
         <size>0xc0</size>
         <input_file_ref idref="fl-be"/>
      </object_component>
      <object_component id="oc-5dd">
         <name>.text:HOSTwrite</name>
         <load_address>0x10872e20</load_address>
         <run_address>0x10872e20</run_address>
         <size>0xc0</size>
         <input_file_ref idref="fl-be"/>
      </object_component>
      <object_component id="oc-b8">
         <name>.text:__divu</name>
         <load_address>0x10872ee0</load_address>
         <run_address>0x10872ee0</run_address>
         <size>0xc0</size>
         <input_file_ref idref="fl-9c"/>
      </object_component>
      <object_component id="oc-476">
         <name>.text:_doflush</name>
         <load_address>0x10872fa0</load_address>
         <run_address>0x10872fa0</run_address>
         <size>0xc0</size>
         <input_file_ref idref="fl-c1"/>
      </object_component>
      <object_component id="oc-1bd">
         <name>.text:csl_section:edma3:CSL_edma3HwChannelSetupQue</name>
         <load_address>0x10873060</load_address>
         <run_address>0x10873060</run_address>
         <size>0xc0</size>
         <input_file_ref idref="fl-1c"/>
      </object_component>
      <object_component id="oc-18d">
         <name>.text:csl_section:edma3:CSL_edma3Open</name>
         <load_address>0x10873120</load_address>
         <run_address>0x10873120</run_address>
         <size>0xc0</size>
         <input_file_ref idref="fl-16"/>
      </object_component>
      <object_component id="oc-2d">
         <name>.text:exit</name>
         <load_address>0x108731e0</load_address>
         <run_address>0x108731e0</run_address>
         <size>0xc0</size>
         <input_file_ref idref="fl-9d"/>
      </object_component>
      <object_component id="oc-57">
         <name>.text:tls:init:__TI_tls_init</name>
         <load_address>0x108732a0</load_address>
         <run_address>0x108732a0</run_address>
         <size>0xc0</size>
         <input_file_ref idref="fl-bc"/>
      </object_component>
      <object_component id="oc-5d5">
         <name>.text:HOSTclose</name>
         <load_address>0x10873360</load_address>
         <run_address>0x10873360</run_address>
         <size>0xa0</size>
         <input_file_ref idref="fl-be"/>
      </object_component>
      <object_component id="oc-121">
         <name>.text:__remu</name>
         <load_address>0x10873400</load_address>
         <run_address>0x10873400</run_address>
         <size>0xa0</size>
         <input_file_ref idref="fl-a5"/>
      </object_component>
      <object_component id="oc-57c">
         <name>.text:_cleanup</name>
         <load_address>0x108734a0</load_address>
         <run_address>0x108734a0</run_address>
         <size>0xa0</size>
         <input_file_ref idref="fl-c4"/>
      </object_component>
      <object_component id="oc-5a1">
         <name>.text:_ecpy</name>
         <load_address>0x10873540</load_address>
         <run_address>0x10873540</run_address>
         <size>0xa0</size>
         <input_file_ref idref="fl-aa"/>
      </object_component>
      <object_component id="oc-5ae">
         <name>.text:_fcpy</name>
         <load_address>0x108735e0</load_address>
         <run_address>0x108735e0</run_address>
         <size>0xa0</size>
         <input_file_ref idref="fl-aa"/>
      </object_component>
      <object_component id="oc-175">
         <name>.text:_minit</name>
         <load_address>0x10873680</load_address>
         <run_address>0x10873680</run_address>
         <size>0xa0</size>
         <input_file_ref idref="fl-a1"/>
      </object_component>
      <object_component id="oc-533">
         <name>.text:_pconv_f</name>
         <load_address>0x10873720</load_address>
         <run_address>0x10873720</run_address>
         <size>0xa0</size>
         <input_file_ref idref="fl-aa"/>
      </object_component>
      <object_component id="oc-199">
         <name>.text:csl_section:edma3:CSL_edma3HwChannelSetupParam</name>
         <load_address>0x108737c0</load_address>
         <run_address>0x108737c0</run_address>
         <size>0xa0</size>
         <input_file_ref idref="fl-1c"/>
      </object_component>
      <object_component id="oc-1a5">
         <name>.text:csl_section:edma3:CSL_edma3ParamSetup</name>
         <load_address>0x10873860</load_address>
         <run_address>0x10873860</run_address>
         <size>0xa0</size>
         <input_file_ref idref="fl-1e"/>
      </object_component>
      <object_component id="oc-642">
         <name>.text:finddevice</name>
         <load_address>0x10873900</load_address>
         <run_address>0x10873900</run_address>
         <size>0xa0</size>
         <input_file_ref idref="fl-b9"/>
      </object_component>
      <object_component id="oc-576">
         <name>.text:lseek</name>
         <load_address>0x108739a0</load_address>
         <run_address>0x108739a0</run_address>
         <size>0xa0</size>
         <input_file_ref idref="fl-b9"/>
      </object_component>
      <object_component id="oc-32">
         <name>.text:memcpy</name>
         <load_address>0x10873a40</load_address>
         <run_address>0x10873a40</run_address>
         <size>0xa0</size>
         <input_file_ref idref="fl-a0"/>
      </object_component>
      <object_component id="oc-17d">
         <name>.text:minsert</name>
         <load_address>0x10873ae0</load_address>
         <run_address>0x10873ae0</run_address>
         <size>0xa0</size>
         <input_file_ref idref="fl-a1"/>
      </object_component>
      <object_component id="oc-179">
         <name>.text:mremove</name>
         <load_address>0x10873b80</load_address>
         <run_address>0x10873b80</run_address>
         <size>0xa0</size>
         <input_file_ref idref="fl-a1"/>
      </object_component>
      <object_component id="oc-47a">
         <name>.text:write</name>
         <load_address>0x10873c20</load_address>
         <run_address>0x10873c20</run_address>
         <size>0xa0</size>
         <input_file_ref idref="fl-b9"/>
      </object_component>
      <object_component id="oc-4d2">
         <name>.text:__c6xabi_llshl</name>
         <load_address>0x10873cc0</load_address>
         <run_address>0x10873cc0</run_address>
         <size>0x80</size>
         <input_file_ref idref="fl-9f"/>
      </object_component>
      <object_component id="oc-11">
         <name>.text:_c_int00</name>
         <load_address>0x10873d40</load_address>
         <run_address>0x10873d40</run_address>
         <size>0x80</size>
         <input_file_ref idref="fl-97"/>
      </object_component>
      <object_component id="oc-1a1">
         <name>.text:csl_section:edma3:CSL_edma3GetParamHandle</name>
         <load_address>0x10873dc0</load_address>
         <run_address>0x10873dc0</run_address>
         <size>0x80</size>
         <input_file_ref idref="fl-1e"/>
      </object_component>
      <object_component id="oc-19d">
         <name>.text:csl_section:edma3:CSL_edma3HwChannelSetupTriggerWord</name>
         <load_address>0x10873e40</load_address>
         <run_address>0x10873e40</run_address>
         <size>0x80</size>
         <input_file_ref idref="fl-1c"/>
      </object_component>
      <object_component id="oc-618">
         <name>.text:readmsg</name>
         <load_address>0x10873ec0</load_address>
         <run_address>0x10873ec0</run_address>
         <size>0x80</size>
         <input_file_ref idref="fl-bf"/>
      </object_component>
      <object_component id="oc-f6">
         <name>.text:strncpy</name>
         <load_address>0x10873f40</load_address>
         <run_address>0x10873f40</run_address>
         <size>0x80</size>
         <input_file_ref idref="fl-a7"/>
      </object_component>
      <object_component id="oc-117">
         <name>.text</name>
         <load_address>0x10873fc0</load_address>
         <run_address>0x10873fc0</run_address>
         <size>0x80</size>
         <input_file_ref idref="fl-13"/>
      </object_component>
      <object_component id="oc-60a">
         <name>.text:unlink</name>
         <load_address>0x10874040</load_address>
         <run_address>0x10874040</run_address>
         <size>0x80</size>
         <input_file_ref idref="fl-b9"/>
      </object_component>
      <object_component id="oc-5b">
         <name>.text:__TI_cpp_init</name>
         <load_address>0x108740c0</load_address>
         <run_address>0x108740c0</run_address>
         <size>0x60</size>
         <input_file_ref idref="fl-af"/>
      </object_component>
      <object_component id="oc-5fa">
         <name>.text:__c6xabi_frcmpyd_div</name>
         <load_address>0x10874120</load_address>
         <run_address>0x10874120</run_address>
         <size>0x60</size>
         <input_file_ref idref="fl-b6"/>
      </object_component>
      <object_component id="oc-4da">
         <name>.text:__c6xabi_llshru</name>
         <load_address>0x10874180</load_address>
         <run_address>0x10874180</run_address>
         <size>0x60</size>
         <input_file_ref idref="fl-9f"/>
      </object_component>
      <object_component id="oc-4d6">
         <name>.text:_subcull</name>
         <load_address>0x108741e0</load_address>
         <run_address>0x108741e0</run_address>
         <size>0x60</size>
         <input_file_ref idref="fl-9e"/>
      </object_component>
      <object_component id="oc-490">
         <name>.text:memccpy</name>
         <load_address>0x10874240</load_address>
         <run_address>0x10874240</run_address>
         <size>0x60</size>
         <input_file_ref idref="fl-bb"/>
      </object_component>
      <object_component id="oc-109">
         <name>.text:vsprintf</name>
         <load_address>0x108742a0</load_address>
         <run_address>0x108742a0</run_address>
         <size>0x60</size>
         <input_file_ref idref="fl-a8"/>
      </object_component>
      <object_component id="oc-614">
         <name>.text:writemsg</name>
         <load_address>0x10874300</load_address>
         <run_address>0x10874300</run_address>
         <size>0x60</size>
         <input_file_ref idref="fl-bf"/>
      </object_component>
      <object_component id="oc-52b">
         <name>.text:__c6xabi_isinf</name>
         <load_address>0x10874360</load_address>
         <run_address>0x10874360</run_address>
         <size>0x40</size>
         <input_file_ref idref="fl-b8"/>
      </object_component>
      <object_component id="oc-527">
         <name>.text:__c6xabi_isnan</name>
         <load_address>0x108743a0</load_address>
         <run_address>0x108743a0</run_address>
         <size>0x40</size>
         <input_file_ref idref="fl-aa"/>
      </object_component>
      <object_component id="oc-29">
         <name>.text:_args_main</name>
         <load_address>0x108743e0</load_address>
         <run_address>0x108743e0</run_address>
         <size>0x40</size>
         <input_file_ref idref="fl-ac"/>
      </object_component>
      <object_component id="oc-22f">
         <name>.text:_outs</name>
         <load_address>0x10874420</load_address>
         <run_address>0x10874420</run_address>
         <size>0x40</size>
         <input_file_ref idref="fl-a8"/>
      </object_component>
      <object_component id="oc-1b5">
         <name>.text:csl_section:edma3:CSL_edma3ChannelClose</name>
         <load_address>0x10874460</load_address>
         <run_address>0x10874460</run_address>
         <size>0x40</size>
         <input_file_ref idref="fl-1b"/>
      </object_component>
      <object_component id="oc-308">
         <name>.text:llabs</name>
         <load_address>0x108744a0</load_address>
         <run_address>0x108744a0</run_address>
         <size>0x40</size>
         <input_file_ref idref="fl-ab"/>
      </object_component>
      <object_component id="oc-9f">
         <name>.text:strlen</name>
         <load_address>0x108744e0</load_address>
         <run_address>0x108744e0</run_address>
         <size>0x40</size>
         <input_file_ref idref="fl-a6"/>
      </object_component>
      <object_component id="oc-310">
         <name>.text:__c6xabi_negll</name>
         <load_address>0x10874520</load_address>
         <run_address>0x10874520</run_address>
         <size>0x20</size>
         <input_file_ref idref="fl-a3"/>
      </object_component>
      <object_component id="oc-29d">
         <name>.text:_nop</name>
         <load_address>0x10874540</load_address>
         <run_address>0x10874540</run_address>
         <size>0x20</size>
         <input_file_ref idref="fl-a9"/>
      </object_component>
      <object_component id="oc-169">
         <name>.text:_outc</name>
         <load_address>0x10874560</load_address>
         <run_address>0x10874560</run_address>
         <size>0x20</size>
         <input_file_ref idref="fl-a4"/>
      </object_component>
      <object_component id="oc-22b">
         <name>.text:_outc</name>
         <load_address>0x10874580</load_address>
         <run_address>0x10874580</run_address>
         <size>0x20</size>
         <input_file_ref idref="fl-a8"/>
      </object_component>
      <object_component id="oc-165">
         <name>.text:_outs</name>
         <load_address>0x108745a0</load_address>
         <run_address>0x108745a0</run_address>
         <size>0x20</size>
         <input_file_ref idref="fl-a4"/>
      </object_component>
      <object_component id="oc-6d">
         <name>.text:abort</name>
         <load_address>0x108745c0</load_address>
         <run_address>0x108745c0</run_address>
         <size>0x20</size>
         <input_file_ref idref="fl-9d"/>
      </object_component>
      <object_component id="oc-1b9">
         <name>.text:csl_section:edma3:CSL_edma3Close</name>
         <load_address>0x108745e0</load_address>
         <run_address>0x108745e0</run_address>
         <size>0x20</size>
         <input_file_ref idref="fl-17"/>
      </object_component>
      <object_component id="oc-189">
         <name>.text:csl_section:edma3:CSL_edma3Init</name>
         <load_address>0x10874600</load_address>
         <run_address>0x10874600</run_address>
         <size>0x20</size>
         <input_file_ref idref="fl-15"/>
      </object_component>
      <object_component id="oc-1ad">
         <name>.text:csl_section:edma3:CSL_edma3ParamWriteWord</name>
         <load_address>0x10874620</load_address>
         <run_address>0x10874620</run_address>
         <size>0x20</size>
         <input_file_ref idref="fl-1e"/>
      </object_component>
      <object_component id="oc-15">
         <name>.text:decompress:none:__TI_decompress_none</name>
         <load_address>0x10874640</load_address>
         <run_address>0x10874640</run_address>
         <size>0x20</size>
         <input_file_ref idref="fl-98"/>
      </object_component>
      <object_component id="oc-1d">
         <name>.text:decompress:rle24:__TI_decompress_rle24</name>
         <load_address>0x10874660</load_address>
         <run_address>0x10874660</run_address>
         <size>0x20</size>
         <input_file_ref idref="fl-99"/>
      </object_component>
      <object_component id="oc-21">
         <name>.stack</name>
         <uninitialized>true</uninitialized>
         <run_address>0x10874680</run_address>
         <size>0x8</size>
         <input_file_ref idref="fl-97"/>
      </object_component>
      <object_component id="oc-673">
         <name>.stack</name>
         <uninitialized>true</uninitialized>
         <run_address>0x10874680</run_address>
         <size>0x0</size>
      </object_component>
      <object_component id="oc-c4">
         <name>.bss</name>
         <uninitialized>true</uninitialized>
         <run_address>0x108795a8</run_address>
         <size>0x1c</size>
         <input_file_ref idref="fl-2"/>
      </object_component>
      <object_component id="oc-35d">
         <name>.bss</name>
         <uninitialized>true</uninitialized>
         <run_address>0x108795c4</run_address>
         <size>0x4</size>
         <input_file_ref idref="fl-14"/>
      </object_component>
      <object_component id="oc-672">
         <name>.cinit.platform_lib.load</name>
         <load_address>0x108795d4</load_address>
         <run_address>0x108795d4</run_address>
         <size>0x9f</size>
      </object_component>
      <object_component id="oc-670">
         <name>.cinit..fardata.load</name>
         <load_address>0x10879674</load_address>
         <run_address>0x10879674</run_address>
         <size>0x72</size>
      </object_component>
      <object_component id="oc-66c">
         <name>__TI_handler_table</name>
         <load_address>0x108796e8</load_address>
         <run_address>0x108796e8</run_address>
         <size>0xc</size>
      </object_component>
      <object_component id="oc-671">
         <name>.cinit..neardata.load</name>
         <load_address>0x108796f4</load_address>
         <run_address>0x108796f4</run_address>
         <size>0x9</size>
      </object_component>
      <object_component id="oc-66e">
         <name>.cinit..bss.load</name>
         <load_address>0x10879700</load_address>
         <run_address>0x10879700</run_address>
         <size>0x8</size>
      </object_component>
      <object_component id="oc-66f">
         <name>.cinit..far.load</name>
         <load_address>0x10879708</load_address>
         <run_address>0x10879708</run_address>
         <size>0x8</size>
      </object_component>
      <object_component id="oc-66d">
         <name>__TI_cinit_table</name>
         <load_address>0x10879710</load_address>
         <run_address>0x10879710</run_address>
         <size>0x28</size>
      </object_component>
      <object_component id="oc-639">
         <name>.cio</name>
         <uninitialized>true</uninitialized>
         <run_address>0x108793f8</run_address>
         <size>0x120</size>
         <input_file_ref idref="fl-bf"/>
      </object_component>
      <object_component id="oc-186">
         <name>.const:.string</name>
         <load_address>0x10878680</load_address>
         <run_address>0x10878680</run_address>
         <size>0x684</size>
         <input_file_ref idref="fl-3"/>
      </object_component>
      <object_component id="oc-c3">
         <name>.const:.string</name>
         <load_address>0x10878d04</load_address>
         <run_address>0x10878d04</run_address>
         <size>0x234</size>
         <input_file_ref idref="fl-2"/>
      </object_component>
      <object_component id="oc-523">
         <name>.const:.string:_ctypes_</name>
         <load_address>0x10878f38</load_address>
         <run_address>0x10878f38</run_address>
         <size>0x101</size>
         <input_file_ref idref="fl-b1"/>
      </object_component>
      <object_component id="oc-129">
         <name>.const:.string</name>
         <load_address>0x1087903c</load_address>
         <run_address>0x1087903c</run_address>
         <size>0x58</size>
         <input_file_ref idref="fl-b"/>
      </object_component>
      <object_component id="oc-494">
         <name>.const:.string</name>
         <load_address>0x10879094</load_address>
         <run_address>0x10879094</run_address>
         <size>0x23</size>
         <input_file_ref idref="fl-aa"/>
      </object_component>
      <object_component id="oc-23a">
         <name>.const:.string:$P$T0$1</name>
         <load_address>0x108790b8</load_address>
         <run_address>0x108790b8</run_address>
         <size>0xa</size>
         <input_file_ref idref="fl-12"/>
      </object_component>
      <object_component id="oc-23e">
         <name>.const:.string:$P$T1$2</name>
         <load_address>0x108790c8</load_address>
         <run_address>0x108790c8</run_address>
         <size>0xa</size>
         <input_file_ref idref="fl-12"/>
      </object_component>
      <object_component id="oc-2e5">
         <name>.switch:CSL_edma3HwControl</name>
         <load_address>0x10879518</load_address>
         <run_address>0x10879518</run_address>
         <size>0x3c</size>
         <input_file_ref idref="fl-18"/>
      </object_component>
      <object_component id="oc-302">
         <name>.switch:CSL_edma3GetHwStatus</name>
         <load_address>0x10879554</load_address>
         <run_address>0x10879554</run_address>
         <size>0x20</size>
         <input_file_ref idref="fl-19"/>
      </object_component>
      <object_component id="oc-12a">
         <name>.switch:platform_internal_memory_test</name>
         <load_address>0x10879574</load_address>
         <run_address>0x10879574</run_address>
         <size>0x20</size>
         <input_file_ref idref="fl-b"/>
      </object_component>
      <object_component id="oc-2fe">
         <name>.switch:CSL_edma3HwChannelControl</name>
         <load_address>0x10879594</load_address>
         <run_address>0x10879594</run_address>
         <size>0x14</size>
         <input_file_ref idref="fl-1d"/>
      </object_component>
      <object_component id="oc-23">
         <name>.sysmem</name>
         <uninitialized>true</uninitialized>
         <run_address>0x10876680</run_address>
         <size>0x8</size>
         <input_file_ref idref="fl-a1"/>
      </object_component>
      <object_component id="oc-674">
         <name>.sysmem</name>
         <uninitialized>true</uninitialized>
         <run_address>0x10876680</run_address>
         <size>0x0</size>
      </object_component>
      <object_component id="oc-c6">
         <name>.far</name>
         <uninitialized>true</uninitialized>
         <run_address>0x10800000</run_address>
         <size>0x64230</size>
         <input_file_ref idref="fl-2"/>
      </object_component>
      <object_component id="oc-187">
         <name>.far</name>
         <uninitialized>true</uninitialized>
         <run_address>0x108643b8</run_address>
         <size>0x19</size>
         <input_file_ref idref="fl-3"/>
      </object_component>
      <object_component id="oc-245">
         <name>.far</name>
         <uninitialized>true</uninitialized>
         <run_address>0x10864370</run_address>
         <size>0x44</size>
         <input_file_ref idref="fl-e"/>
      </object_component>
      <object_component id="oc-60e">
         <name>.far</name>
         <uninitialized>true</uninitialized>
         <run_address>0x10864230</run_address>
         <size>0x140</size>
         <input_file_ref idref="fl-b2"/>
      </object_component>
      <object_component id="oc-612">
         <name>.far</name>
         <uninitialized>true</uninitialized>
         <run_address>0x108643d8</run_address>
         <size>0x8</size>
         <input_file_ref idref="fl-be"/>
      </object_component>
      <object_component id="oc-6b">
         <name>.fardata</name>
         <load_address>0x108793d0</load_address>
         <run_address>0x108793d0</run_address>
         <size>0xc</size>
         <input_file_ref idref="fl-9d"/>
      </object_component>
      <object_component id="oc-161">
         <name>.fardata</name>
         <load_address>0x108793e8</load_address>
         <run_address>0x108793e8</run_address>
         <size>0x8</size>
         <input_file_ref idref="fl-a9"/>
      </object_component>
      <object_component id="oc-163">
         <name>.fardata:_ftable</name>
         <load_address>0x108790d8</load_address>
         <run_address>0x108790d8</run_address>
         <size>0x1e0</size>
         <input_file_ref idref="fl-b2"/>
      </object_component>
      <object_component id="oc-173">
         <name>.fardata</name>
         <load_address>0x108793dc</load_address>
         <run_address>0x108793dc</run_address>
         <size>0xc</size>
         <input_file_ref idref="fl-a1"/>
      </object_component>
      <object_component id="oc-516">
         <name>.fardata:_stream</name>
         <load_address>0x108792b8</load_address>
         <run_address>0x108792b8</run_address>
         <size>0xa0</size>
         <input_file_ref idref="fl-b9"/>
      </object_component>
      <object_component id="oc-586">
         <name>.fardata:_device</name>
         <load_address>0x10879358</load_address>
         <run_address>0x10879358</run_address>
         <size>0x78</size>
         <input_file_ref idref="fl-b9"/>
      </object_component>
      <object_component id="oc-5c8">
         <name>.fardata</name>
         <load_address>0x108793f0</load_address>
         <run_address>0x108793f0</run_address>
         <size>0x4</size>
         <input_file_ref idref="fl-b2"/>
      </object_component>
      <object_component id="oc-c1">
         <name>.neardata</name>
         <load_address>0x108795d0</load_address>
         <run_address>0x108795d0</run_address>
         <size>0x4</size>
         <input_file_ref idref="fl-2"/>
      </object_component>
      <object_component id="oc-125">
         <name>.neardata</name>
         <load_address>0x108795c8</load_address>
         <run_address>0x108795c8</run_address>
         <size>0x8</size>
         <input_file_ref idref="fl-b"/>
      </object_component>
      <object_component id="oc-12">
         <name>.debug_info</name>
         <load_address>0x0</load_address>
         <run_address>0x0</run_address>
         <size>0x110</size>
         <input_file_ref idref="fl-97"/>
      </object_component>
      <object_component id="oc-16">
         <name>.debug_info</name>
         <load_address>0x110</load_address>
         <run_address>0x110</run_address>
         <size>0x14f</size>
         <input_file_ref idref="fl-98"/>
      </object_component>
      <object_component id="oc-1a">
         <name>.debug_info</name>
         <load_address>0x25f</load_address>
         <run_address>0x25f</run_address>
         <size>0x190</size>
         <input_file_ref idref="fl-9a"/>
      </object_component>
      <object_component id="oc-1e">
         <name>.debug_info</name>
         <load_address>0x3ef</load_address>
         <run_address>0x3ef</run_address>
         <size>0x16c</size>
         <input_file_ref idref="fl-99"/>
      </object_component>
      <object_component id="oc-22">
         <name>.debug_info</name>
         <load_address>0x55b</load_address>
         <run_address>0x55b</run_address>
         <size>0xa7</size>
         <input_file_ref idref="fl-97"/>
      </object_component>
      <object_component id="oc-24">
         <name>.debug_info</name>
         <load_address>0x602</load_address>
         <run_address>0x602</run_address>
         <size>0xb3</size>
         <input_file_ref idref="fl-a1"/>
      </object_component>
      <object_component id="oc-26">
         <name>.debug_info</name>
         <load_address>0x6b5</load_address>
         <run_address>0x6b5</run_address>
         <size>0x190</size>
         <input_file_ref idref="fl-ae"/>
      </object_component>
      <object_component id="oc-2a">
         <name>.debug_info</name>
         <load_address>0x845</load_address>
         <run_address>0x845</run_address>
         <size>0xf6</size>
         <input_file_ref idref="fl-ac"/>
      </object_component>
      <object_component id="oc-2e">
         <name>.debug_info</name>
         <load_address>0x93b</load_address>
         <run_address>0x93b</run_address>
         <size>0x10c</size>
         <input_file_ref idref="fl-9d"/>
      </object_component>
      <object_component id="oc-33">
         <name>.debug_info</name>
         <load_address>0xa47</load_address>
         <run_address>0xa47</run_address>
         <size>0xd6</size>
         <input_file_ref idref="fl-a0"/>
      </object_component>
      <object_component id="oc-37">
         <name>.debug_info</name>
         <load_address>0xb1d</load_address>
         <run_address>0xb1d</run_address>
         <size>0x53</size>
         <input_file_ref idref="fl-98"/>
      </object_component>
      <object_component id="oc-3d">
         <name>.debug_info</name>
         <load_address>0xb70</load_address>
         <run_address>0xb70</run_address>
         <size>0x53</size>
         <input_file_ref idref="fl-9a"/>
      </object_component>
      <object_component id="oc-43">
         <name>.debug_info</name>
         <load_address>0xbc3</load_address>
         <run_address>0xbc3</run_address>
         <size>0x2f2</size>
         <input_file_ref idref="fl-99"/>
      </object_component>
      <object_component id="oc-47">
         <name>.debug_info</name>
         <load_address>0xeb5</load_address>
         <run_address>0xeb5</run_address>
         <size>0x1d7</size>
         <input_file_ref idref="fl-99"/>
      </object_component>
      <object_component id="oc-48">
         <name>.debug_info</name>
         <load_address>0x108c</load_address>
         <run_address>0x108c</run_address>
         <size>0x46</size>
         <input_file_ref idref="fl-99"/>
      </object_component>
      <object_component id="oc-4f">
         <name>.debug_info</name>
         <load_address>0x10d2</load_address>
         <run_address>0x10d2</run_address>
         <size>0x10a</size>
         <input_file_ref idref="fl-97"/>
      </object_component>
      <object_component id="oc-52">
         <name>.debug_info</name>
         <load_address>0x11dc</load_address>
         <run_address>0x11dc</run_address>
         <size>0x16a</size>
         <input_file_ref idref="fl-a1"/>
      </object_component>
      <object_component id="oc-54">
         <name>.debug_info</name>
         <load_address>0x1346</load_address>
         <run_address>0x1346</run_address>
         <size>0x18e</size>
         <input_file_ref idref="fl-b0"/>
      </object_component>
      <object_component id="oc-58">
         <name>.debug_info</name>
         <load_address>0x14d4</load_address>
         <run_address>0x14d4</run_address>
         <size>0x164</size>
         <input_file_ref idref="fl-bc"/>
      </object_component>
      <object_component id="oc-5c">
         <name>.debug_info</name>
         <load_address>0x1638</load_address>
         <run_address>0x1638</run_address>
         <size>0x15f</size>
         <input_file_ref idref="fl-af"/>
      </object_component>
      <object_component id="oc-61">
         <name>.debug_info</name>
         <load_address>0x1797</load_address>
         <run_address>0x1797</run_address>
         <size>0x212a</size>
         <input_file_ref idref="fl-2"/>
      </object_component>
      <object_component id="oc-66">
         <name>.debug_info</name>
         <load_address>0x38c1</load_address>
         <run_address>0x38c1</run_address>
         <size>0x94</size>
         <input_file_ref idref="fl-97"/>
      </object_component>
      <object_component id="oc-6c">
         <name>.debug_info</name>
         <load_address>0x3955</load_address>
         <run_address>0x3955</run_address>
         <size>0x127</size>
         <input_file_ref idref="fl-9d"/>
      </object_component>
      <object_component id="oc-6e">
         <name>.debug_info</name>
         <load_address>0x3a7c</load_address>
         <run_address>0x3a7c</run_address>
         <size>0x11e</size>
         <input_file_ref idref="fl-9d"/>
      </object_component>
      <object_component id="oc-72">
         <name>.debug_info</name>
         <load_address>0x3b9a</load_address>
         <run_address>0x3b9a</run_address>
         <size>0x8d</size>
         <input_file_ref idref="fl-98"/>
      </object_component>
      <object_component id="oc-78">
         <name>.debug_info</name>
         <load_address>0x3c27</load_address>
         <run_address>0x3c27</run_address>
         <size>0x46</size>
         <input_file_ref idref="fl-98"/>
      </object_component>
      <object_component id="oc-7d">
         <name>.debug_info</name>
         <load_address>0x3c6d</load_address>
         <run_address>0x3c6d</run_address>
         <size>0xe5</size>
         <input_file_ref idref="fl-98"/>
      </object_component>
      <object_component id="oc-7e">
         <name>.debug_info</name>
         <load_address>0x3d52</load_address>
         <run_address>0x3d52</run_address>
         <size>0x2c</size>
         <input_file_ref idref="fl-99"/>
      </object_component>
      <object_component id="oc-83">
         <name>.debug_info</name>
         <load_address>0x3d7e</load_address>
         <run_address>0x3d7e</run_address>
         <size>0x1cd</size>
         <input_file_ref idref="fl-9a"/>
      </object_component>
      <object_component id="oc-89">
         <name>.debug_info</name>
         <load_address>0x3f4b</load_address>
         <run_address>0x3f4b</run_address>
         <size>0x1d9</size>
         <input_file_ref idref="fl-97"/>
      </object_component>
      <object_component id="oc-90">
         <name>.debug_info</name>
         <load_address>0x4124</load_address>
         <run_address>0x4124</run_address>
         <size>0x110</size>
         <input_file_ref idref="fl-9d"/>
      </object_component>
      <object_component id="oc-95">
         <name>.debug_info</name>
         <load_address>0x4234</load_address>
         <run_address>0x4234</run_address>
         <size>0x70</size>
         <input_file_ref idref="fl-a1"/>
      </object_component>
      <object_component id="oc-9b">
         <name>.debug_info</name>
         <load_address>0x42a4</load_address>
         <run_address>0x42a4</run_address>
         <size>0x140</size>
         <input_file_ref idref="fl-b0"/>
      </object_component>
      <object_component id="oc-9d">
         <name>.debug_info</name>
         <load_address>0x43e4</load_address>
         <run_address>0x43e4</run_address>
         <size>0x253</size>
         <input_file_ref idref="fl-bc"/>
      </object_component>
      <object_component id="oc-a0">
         <name>.debug_info</name>
         <load_address>0x4637</load_address>
         <run_address>0x4637</run_address>
         <size>0x191</size>
         <input_file_ref idref="fl-a6"/>
      </object_component>
      <object_component id="oc-a4">
         <name>.debug_info</name>
         <load_address>0x47c8</load_address>
         <run_address>0x47c8</run_address>
         <size>0x4683</size>
         <input_file_ref idref="fl-b"/>
      </object_component>
      <object_component id="oc-a9">
         <name>.debug_info</name>
         <load_address>0x8e4b</load_address>
         <run_address>0x8e4b</run_address>
         <size>0x127</size>
         <input_file_ref idref="fl-a4"/>
      </object_component>
      <object_component id="oc-ad">
         <name>.debug_info</name>
         <load_address>0x8f72</load_address>
         <run_address>0x8f72</run_address>
         <size>0x196</size>
         <input_file_ref idref="fl-a1"/>
      </object_component>
      <object_component id="oc-b1">
         <name>.debug_info</name>
         <load_address>0x9108</load_address>
         <run_address>0x9108</run_address>
         <size>0x1f9</size>
         <input_file_ref idref="fl-a1"/>
      </object_component>
      <object_component id="oc-b5">
         <name>.debug_info</name>
         <load_address>0x9301</load_address>
         <run_address>0x9301</run_address>
         <size>0x163</size>
         <input_file_ref idref="fl-a2"/>
      </object_component>
      <object_component id="oc-b9">
         <name>.debug_info</name>
         <load_address>0x9464</load_address>
         <run_address>0x9464</run_address>
         <size>0xc9</size>
         <input_file_ref idref="fl-9c"/>
      </object_component>
      <object_component id="oc-bd">
         <name>.debug_info</name>
         <load_address>0x952d</load_address>
         <run_address>0x952d</run_address>
         <size>0x1fbe</size>
         <input_file_ref idref="fl-3"/>
      </object_component>
      <object_component id="oc-c2">
         <name>.debug_info</name>
         <load_address>0xb4eb</load_address>
         <run_address>0xb4eb</run_address>
         <size>0x199</size>
         <input_file_ref idref="fl-2"/>
      </object_component>
      <object_component id="oc-c5">
         <name>.debug_info</name>
         <load_address>0xb684</load_address>
         <run_address>0xb684</run_address>
         <size>0x273</size>
         <input_file_ref idref="fl-2"/>
      </object_component>
      <object_component id="oc-c7">
         <name>.debug_info</name>
         <load_address>0xb8f7</load_address>
         <run_address>0xb8f7</run_address>
         <size>0x264</size>
         <input_file_ref idref="fl-2"/>
      </object_component>
      <object_component id="oc-c9">
         <name>.debug_info</name>
         <load_address>0xbb5b</load_address>
         <run_address>0xbb5b</run_address>
         <size>0x1d9</size>
         <input_file_ref idref="fl-2"/>
      </object_component>
      <object_component id="oc-ce">
         <name>.debug_info</name>
         <load_address>0xbd34</load_address>
         <run_address>0xbd34</run_address>
         <size>0x871</size>
         <input_file_ref idref="fl-2"/>
      </object_component>
      <object_component id="oc-cf">
         <name>.debug_info</name>
         <load_address>0xc5a5</load_address>
         <run_address>0xc5a5</run_address>
         <size>0x604</size>
         <input_file_ref idref="fl-2"/>
      </object_component>
      <object_component id="oc-d4">
         <name>.debug_info</name>
         <load_address>0xcba9</load_address>
         <run_address>0xcba9</run_address>
         <size>0xac</size>
         <input_file_ref idref="fl-2"/>
      </object_component>
      <object_component id="oc-db">
         <name>.debug_info</name>
         <load_address>0xcc55</load_address>
         <run_address>0xcc55</run_address>
         <size>0x12b</size>
         <input_file_ref idref="fl-9d"/>
      </object_component>
      <object_component id="oc-e3">
         <name>.debug_info</name>
         <load_address>0xcd80</load_address>
         <run_address>0xcd80</run_address>
         <size>0xcd</size>
         <input_file_ref idref="fl-b0"/>
      </object_component>
      <object_component id="oc-eb">
         <name>.debug_info</name>
         <load_address>0xce4d</load_address>
         <run_address>0xce4d</run_address>
         <size>0x39</size>
         <input_file_ref idref="fl-a6"/>
      </object_component>
      <object_component id="oc-f0">
         <name>.debug_info</name>
         <load_address>0xce86</load_address>
         <run_address>0xce86</run_address>
         <size>0x9d</size>
         <input_file_ref idref="fl-a6"/>
      </object_component>
      <object_component id="oc-f2">
         <name>.debug_info</name>
         <load_address>0xcf23</load_address>
         <run_address>0xcf23</run_address>
         <size>0x2ff7</size>
         <input_file_ref idref="fl-11"/>
      </object_component>
      <object_component id="oc-f7">
         <name>.debug_info</name>
         <load_address>0xff1a</load_address>
         <run_address>0xff1a</run_address>
         <size>0x214</size>
         <input_file_ref idref="fl-a7"/>
      </object_component>
      <object_component id="oc-fb">
         <name>.debug_info</name>
         <load_address>0x1012e</load_address>
         <run_address>0x1012e</run_address>
         <size>0xecd</size>
         <input_file_ref idref="fl-f"/>
      </object_component>
      <object_component id="oc-100">
         <name>.debug_info</name>
         <load_address>0x10ffb</load_address>
         <run_address>0x10ffb</run_address>
         <size>0x1481</size>
         <input_file_ref idref="fl-10"/>
      </object_component>
      <object_component id="oc-105">
         <name>.debug_info</name>
         <load_address>0x1247c</load_address>
         <run_address>0x1247c</run_address>
         <size>0x4c0</size>
         <input_file_ref idref="fl-c"/>
      </object_component>
      <object_component id="oc-10a">
         <name>.debug_info</name>
         <load_address>0x1293c</load_address>
         <run_address>0x1293c</run_address>
         <size>0x13a</size>
         <input_file_ref idref="fl-a8"/>
      </object_component>
      <object_component id="oc-10e">
         <name>.debug_info</name>
         <load_address>0x12a76</load_address>
         <run_address>0x12a76</run_address>
         <size>0x27c5</size>
         <input_file_ref idref="fl-12"/>
      </object_component>
      <object_component id="oc-113">
         <name>.debug_info</name>
         <load_address>0x1523b</load_address>
         <run_address>0x1523b</run_address>
         <size>0xa84</size>
         <input_file_ref idref="fl-d"/>
      </object_component>
      <object_component id="oc-118">
         <name>.debug_info</name>
         <load_address>0x15cbf</load_address>
         <run_address>0x15cbf</run_address>
         <size>0x16e</size>
         <input_file_ref idref="fl-13"/>
      </object_component>
      <object_component id="oc-11d">
         <name>.debug_info</name>
         <load_address>0x15e2d</load_address>
         <run_address>0x15e2d</run_address>
         <size>0x1909</size>
         <input_file_ref idref="fl-e"/>
      </object_component>
      <object_component id="oc-122">
         <name>.debug_info</name>
         <load_address>0x17736</load_address>
         <run_address>0x17736</run_address>
         <size>0xc9</size>
         <input_file_ref idref="fl-a5"/>
      </object_component>
      <object_component id="oc-126">
         <name>.debug_info</name>
         <load_address>0x177ff</load_address>
         <run_address>0x177ff</run_address>
         <size>0x143</size>
         <input_file_ref idref="fl-b"/>
      </object_component>
      <object_component id="oc-128">
         <name>.debug_info</name>
         <load_address>0x17942</load_address>
         <run_address>0x17942</run_address>
         <size>0x20e</size>
         <input_file_ref idref="fl-b"/>
      </object_component>
      <object_component id="oc-12c">
         <name>.debug_info</name>
         <load_address>0x17b50</load_address>
         <run_address>0x17b50</run_address>
         <size>0x152</size>
         <input_file_ref idref="fl-b"/>
      </object_component>
      <object_component id="oc-12e">
         <name>.debug_info</name>
         <load_address>0x17ca2</load_address>
         <run_address>0x17ca2</run_address>
         <size>0x1d9</size>
         <input_file_ref idref="fl-b"/>
      </object_component>
      <object_component id="oc-133">
         <name>.debug_info</name>
         <load_address>0x17e7b</load_address>
         <run_address>0x17e7b</run_address>
         <size>0x11a</size>
         <input_file_ref idref="fl-b"/>
      </object_component>
      <object_component id="oc-138">
         <name>.debug_info</name>
         <load_address>0x17f95</load_address>
         <run_address>0x17f95</run_address>
         <size>0xda</size>
         <input_file_ref idref="fl-b"/>
      </object_component>
      <object_component id="oc-13d">
         <name>.debug_info</name>
         <load_address>0x1806f</load_address>
         <run_address>0x1806f</run_address>
         <size>0xbb</size>
         <input_file_ref idref="fl-b"/>
      </object_component>
      <object_component id="oc-142">
         <name>.debug_info</name>
         <load_address>0x1812a</load_address>
         <run_address>0x1812a</run_address>
         <size>0x94</size>
         <input_file_ref idref="fl-b"/>
      </object_component>
      <object_component id="oc-147">
         <name>.debug_info</name>
         <load_address>0x181be</load_address>
         <run_address>0x181be</run_address>
         <size>0xbd8</size>
         <input_file_ref idref="fl-b"/>
      </object_component>
      <object_component id="oc-148">
         <name>.debug_info</name>
         <load_address>0x18d96</load_address>
         <run_address>0x18d96</run_address>
         <size>0x604</size>
         <input_file_ref idref="fl-b"/>
      </object_component>
      <object_component id="oc-14d">
         <name>.debug_info</name>
         <load_address>0x1939a</load_address>
         <run_address>0x1939a</run_address>
         <size>0x140</size>
         <input_file_ref idref="fl-b"/>
      </object_component>
      <object_component id="oc-152">
         <name>.debug_info</name>
         <load_address>0x194da</load_address>
         <run_address>0x194da</run_address>
         <size>0xe7</size>
         <input_file_ref idref="fl-b"/>
      </object_component>
      <object_component id="oc-157">
         <name>.debug_info</name>
         <load_address>0x195c1</load_address>
         <run_address>0x195c1</run_address>
         <size>0x2c</size>
         <input_file_ref idref="fl-b"/>
      </object_component>
      <object_component id="oc-15c">
         <name>.debug_info</name>
         <load_address>0x195ed</load_address>
         <run_address>0x195ed</run_address>
         <size>0x1e4</size>
         <input_file_ref idref="fl-b"/>
      </object_component>
      <object_component id="oc-162">
         <name>.debug_info</name>
         <load_address>0x197d1</load_address>
         <run_address>0x197d1</run_address>
         <size>0xc5</size>
         <input_file_ref idref="fl-a9"/>
      </object_component>
      <object_component id="oc-164">
         <name>.debug_info</name>
         <load_address>0x19896</load_address>
         <run_address>0x19896</run_address>
         <size>0xa9</size>
         <input_file_ref idref="fl-b2"/>
      </object_component>
      <object_component id="oc-166">
         <name>.debug_info</name>
         <load_address>0x1993f</load_address>
         <run_address>0x1993f</run_address>
         <size>0x10b</size>
         <input_file_ref idref="fl-a4"/>
      </object_component>
      <object_component id="oc-16a">
         <name>.debug_info</name>
         <load_address>0x19a4a</load_address>
         <run_address>0x19a4a</run_address>
         <size>0xfc</size>
         <input_file_ref idref="fl-a4"/>
      </object_component>
      <object_component id="oc-16e">
         <name>.debug_info</name>
         <load_address>0x19b46</load_address>
         <run_address>0x19b46</run_address>
         <size>0x418</size>
         <input_file_ref idref="fl-aa"/>
      </object_component>
      <object_component id="oc-172">
         <name>.debug_info</name>
         <load_address>0x19f5e</load_address>
         <run_address>0x19f5e</run_address>
         <size>0x1e3</size>
         <input_file_ref idref="fl-a4"/>
      </object_component>
      <object_component id="oc-174">
         <name>.debug_info</name>
         <load_address>0x1a141</load_address>
         <run_address>0x1a141</run_address>
         <size>0xfe</size>
         <input_file_ref idref="fl-a1"/>
      </object_component>
      <object_component id="oc-176">
         <name>.debug_info</name>
         <load_address>0x1a23f</load_address>
         <run_address>0x1a23f</run_address>
         <size>0xf0</size>
         <input_file_ref idref="fl-a1"/>
[...]
         <object_component_ref idref="oc-fa"/>
      </symbol>
      <symbol id="sm-7f0">
         <name>Init_SGMII</name>
         <value>0x1086d0f8</value>
         <object_component_ref idref="oc-ff"/>
      </symbol>
      <symbol id="sm-7f1">
         <name>configSerdes</name>
         <value>0x1086d080</value>
         <object_component_ref idref="oc-ff"/>
      </symbol>
      <symbol id="sm-8d5">
         <name>PowerUpDomains</name>
         <value>0x108678b4</value>
         <object_component_ref idref="oc-f1"/>
      </symbol>
      <symbol id="sm-8d6">
         <name>CorePllcGetHwSetup</name>
         <value>0x108675d4</value>
         <object_component_ref idref="oc-f1"/>
      </symbol>
      <symbol id="sm-8d7">
         <name>SetPaPllConfig</name>
         <value>0x108676c0</value>
         <object_component_ref idref="oc-f1"/>
      </symbol>
      <symbol id="sm-8d8">
         <name>SetDDR3PllConfig</name>
         <value>0x10867950</value>
         <object_component_ref idref="oc-f1"/>
      </symbol>
      <symbol id="sm-8d9">
         <name>DDR3Init</name>
         <value>0x10867b14</value>
         <object_component_ref idref="oc-f1"/>
      </symbol>
      <symbol id="sm-8da">
         <name>xmc_setup</name>
         <value>0x10867ac0</value>
         <object_component_ref idref="oc-f1"/>
      </symbol>
      <symbol id="sm-8db">
         <name>CorePllcHwSetup</name>
         <value>0x10867378</value>
         <object_component_ref idref="oc-f1"/>
      </symbol>
      <symbol id="sm-8dc">
         <name>prog_pll1_values</name>
         <value>0x10867214</value>
         <object_component_ref idref="oc-f1"/>
      </symbol>
      <symbol id="sm-a29">
         <name>NandWriteDataBytes</name>
         <value>0x10869bcc</value>
         <object_component_ref idref="oc-10d"/>
      </symbol>
      <symbol id="sm-a2a">
         <name>NandGetDetails</name>
         <value>0x1086a1b8</value>
         <object_component_ref idref="oc-10d"/>
      </symbol>
      <symbol id="sm-a2b">
         <name>writeNandPage</name>
         <value>0x10869c30</value>
         <object_component_ref idref="oc-10d"/>
      </symbol>
      <symbol id="sm-a2c">
         <name>nandInit</name>
         <value>0x1086a2c0</value>
         <object_component_ref idref="oc-10d"/>
      </symbol>
      <symbol id="sm-a2d">
         <name>NandReadSpareArea</name>
         <value>0x108698ac</value>
         <object_component_ref idref="oc-10d"/>
      </symbol>
      <symbol id="sm-a2e">
         <name>readNandPage</name>
         <value>0x10869998</value>
         <object_component_ref idref="oc-10d"/>
      </symbol>
      <symbol id="sm-a2f">
         <name>nandFlashBlockErase</name>
         <value>0x10869f58</value>
         <object_component_ref idref="oc-10d"/>
      </symbol>
      <symbol id="sm-a30">
         <name>NandWriteSpareArea</name>
         <value>0x10869e30</value>
         <object_component_ref idref="oc-10d"/>
      </symbol>
      <symbol id="sm-a3a">
         <name>evmI2CInit</name>
         <value>0x10873fc0</value>
         <object_component_ref idref="oc-117"/>
      </symbol>
      <symbol id="sm-ab4">
         <name>spi_read_word</name>
         <value>0x1086c5c8</value>
         <object_component_ref idref="oc-217"/>
      </symbol>
      <symbol id="sm-ab5">
         <name>spi_cmd_read</name>
         <value>0x1086c508</value>
         <object_component_ref idref="oc-217"/>
      </symbol>
      <symbol id="sm-ab6">
         <name>spi_xfer</name>
         <value>0x1086c370</value>
         <object_component_ref idref="oc-217"/>
      </symbol>
      <symbol id="sm-ab7">
         <name>spi_cmd_write</name>
         <value>0x1086c568</value>
         <object_component_ref idref="oc-217"/>
      </symbol>
      <symbol id="sm-ab8">
         <name>spi_release</name>
         <value>0x1086c358</value>
         <object_component_ref idref="oc-217"/>
      </symbol>
      <symbol id="sm-ab9">
         <name>spi_write_word</name>
         <value>0x1086c680</value>
         <object_component_ref idref="oc-217"/>
      </symbol>
      <symbol id="sm-aba">
         <name>spi_cmd</name>
         <value>0x1086c4a4</value>
         <object_component_ref idref="oc-217"/>
      </symbol>
      <symbol id="sm-abb">
         <name>spi_claim</name>
         <value>0x1086c1b0</value>
         <object_component_ref idref="oc-217"/>
      </symbol>
      <symbol id="sm-af2">
         <name>CSL_edma3Init</name>
         <value>0x10874600</value>
         <object_component_ref idref="oc-189"/>
      </symbol>
      <symbol id="sm-b09">
         <name>CSL_edma3Open</name>
         <value>0x10873120</value>
         <object_component_ref idref="oc-18d"/>
      </symbol>
      <symbol id="sm-b10">
         <name>CSL_edma3Close</name>
         <value>0x108745e0</value>
         <object_component_ref idref="oc-1b9"/>
      </symbol>
      <symbol id="sm-b2e">
         <name>CSL_edma3HwControl</name>
         <value>0x1086d700</value>
         <object_component_ref idref="oc-191"/>
      </symbol>
      <symbol id="sm-b45">
         <name>CSL_edma3GetHwStatus</name>
         <value>0x1086f620</value>
         <object_component_ref idref="oc-1b1"/>
      </symbol>
      <symbol id="sm-b54">
         <name>CSL_edma3ChannelOpen</name>
         <value>0x10871d80</value>
         <object_component_ref idref="oc-195"/>
      </symbol>
      <symbol id="sm-b5b">
         <name>CSL_edma3ChannelClose</name>
         <value>0x10874460</value>
         <object_component_ref idref="oc-1b5"/>
      </symbol>
      <symbol id="sm-b73">
         <name>CSL_edma3HwChannelSetupTriggerWord</name>
         <value>0x10873e40</value>
         <object_component_ref idref="oc-19d"/>
      </symbol>
      <symbol id="sm-b74">
         <name>CSL_edma3HwChannelSetupParam</name>
         <value>0x108737c0</value>
         <object_component_ref idref="oc-199"/>
      </symbol>
      <symbol id="sm-b75">
         <name>CSL_edma3HwChannelSetupQue</name>
         <value>0x10873060</value>
         <object_component_ref idref="oc-1bd"/>
      </symbol>
      <symbol id="sm-b92">
         <name>CSL_edma3HwChannelControl</name>
         <value>0x1086bbe0</value>
         <object_component_ref idref="oc-1a9"/>
      </symbol>
      <symbol id="sm-bb5">
         <name>CSL_edma3GetParamHandle</name>
         <value>0x10873dc0</value>
         <object_component_ref idref="oc-1a1"/>
      </symbol>
      <symbol id="sm-bb6">
         <name>CSL_edma3ParamWriteWord</name>
         <value>0x10874620</value>
         <object_component_ref idref="oc-1ad"/>
      </symbol>
      <symbol id="sm-bb7">
         <name>CSL_edma3ParamSetup</name>
         <value>0x10873860</value>
         <object_component_ref idref="oc-1a5"/>
      </symbol>
      <symbol id="sm-bd0">
         <name>CSL_edma3ccGetModuleBaseAddr</name>
         <value>0x108723c0</value>
         <object_component_ref idref="oc-2da"/>
      </symbol>
      <symbol id="sm-beb">
         <name>_c_int00</name>
         <value>0x10873d40</value>
         <object_component_ref idref="oc-11"/>
      </symbol>
      <symbol id="sm-bec">
         <name>_stack</name>
         <value>0x10874680</value>
         <object_component_ref idref="oc-21"/>
      </symbol>
      <symbol id="sm-c05">
         <name>__TI_decompress_none</name>
         <value>0x10874640</value>
         <object_component_ref idref="oc-15"/>
      </symbol>
      <symbol id="sm-c26">
         <name>__TI_decompress_rle24</name>
         <value>0x10874660</value>
         <object_component_ref idref="oc-1d"/>
      </symbol>
      <symbol id="sm-c36">
         <name>__TI_zero_init</name>
         <value>0x10872920</value>
         <object_component_ref idref="oc-19"/>
      </symbol>
      <symbol id="sm-c3e">
         <name>__c6xabi_divi</name>
         <value>0x108725a0</value>
         <object_component_ref idref="oc-200"/>
      </symbol>
      <symbol id="sm-c3f">
         <name>__divi</name>
         <value>0x108725a0</value>
         <object_component_ref idref="oc-200"/>
      </symbol>
      <symbol id="sm-c47">
         <name>__c6xabi_divu</name>
         <value>0x10872ee0</value>
         <object_component_ref idref="oc-b8"/>
      </symbol>
      <symbol id="sm-c48">
         <name>__divu</name>
         <value>0x10872ee0</value>
         <object_component_ref idref="oc-b8"/>
      </symbol>
      <symbol id="sm-c67">
         <name>C$$EXIT</name>
         <value>0x108745c0</value>
         <object_component_ref idref="oc-6d"/>
      </symbol>
      <symbol id="sm-c68">
         <name>_dtors_ptr</name>
         <value>0x108793d4</value>
         <object_component_ref idref="oc-6b"/>
      </symbol>
      <symbol id="sm-c69">
         <name>abort</name>
         <value>0x108745c0</value>
         <object_component_ref idref="oc-6d"/>
      </symbol>
      <symbol id="sm-c6a">
         <name>_cleanup_ptr</name>
         <value>0x108793d0</value>
         <object_component_ref idref="oc-6b"/>
      </symbol>
      <symbol id="sm-c6b">
         <name>exit</name>
         <value>0x108731e0</value>
         <object_component_ref idref="oc-2d"/>
      </symbol>
      <symbol id="sm-c6c">
         <name>__TI_enable_exit_profile_output</name>
         <value>0x108793d8</value>
         <object_component_ref idref="oc-6b"/>
      </symbol>
      <symbol id="sm-c8c">
         <name>__c6xabi_divlli</name>
         <value>0x10871a20</value>
         <object_component_ref idref="oc-1c1"/>
      </symbol>
      <symbol id="sm-c8d">
         <name>_subcull</name>
         <value>0x108741e0</value>
         <object_component_ref idref="oc-4d6"/>
      </symbol>
      <symbol id="sm-c8e">
         <name>__c6xabi_divull</name>
         <value>0x108700a0</value>
         <object_component_ref idref="oc-30c"/>
      </symbol>
      <symbol id="sm-cae">
         <name>__c6xabi_llshru</name>
         <value>0x10874180</value>
         <object_component_ref idref="oc-4da"/>
      </symbol>
      <symbol id="sm-caf">
         <name>__c6xabi_llshl</name>
         <value>0x10873cc0</value>
         <object_component_ref idref="oc-4d2"/>
      </symbol>
      <symbol id="sm-cb6">
         <name>memcpy</name>
         <value>0x10873a40</value>
         <object_component_ref idref="oc-32"/>
      </symbol>
      <symbol id="sm-d07">
         <name>_sys_memory</name>
         <value>0x10876680</value>
         <object_component_ref idref="oc-23"/>
      </symbol>
      <symbol id="sm-d08">
         <name>free</name>
         <value>0x1086fe20</value>
         <object_component_ref idref="oc-b0"/>
      </symbol>
      <symbol id="sm-d09">
         <name>malloc</name>
         <value>0x10871620</value>
         <object_component_ref idref="oc-ac"/>
      </symbol>
      <symbol id="sm-d0a">
         <name>_minit</name>
         <value>0x10873680</value>
         <object_component_ref idref="oc-175"/>
      </symbol>
      <symbol id="sm-d15">
         <name>memset</name>
         <value>0x10872ae0</value>
         <object_component_ref idref="oc-b4"/>
      </symbol>
      <symbol id="sm-d21">
         <name>__c6xabi_negll</name>
         <value>0x10874520</value>
         <object_component_ref idref="oc-310"/>
      </symbol>
      <symbol id="sm-d41">
         <name>printf</name>
         <value>0x10872bc0</value>
         <object_component_ref idref="oc-a8"/>
      </symbol>
      <symbol id="sm-d49">
         <name>__remu</name>
         <value>0x10873400</value>
         <object_component_ref idref="oc-121"/>
      </symbol>
      <symbol id="sm-d4a">
         <name>__c6xabi_remu</name>
         <value>0x10873400</value>
         <object_component_ref idref="oc-121"/>
      </symbol>
      <symbol id="sm-d59">
         <name>strlen</name>
         <value>0x108744e0</value>
         <object_component_ref idref="oc-9f"/>
      </symbol>
      <symbol id="sm-d6a">
         <name>strncpy</name>
         <value>0x10873f40</value>
         <object_component_ref idref="oc-f6"/>
      </symbol>
      <symbol id="sm-d80">
         <name>vsprintf</name>
         <value>0x108742a0</value>
         <object_component_ref idref="oc-109"/>
      </symbol>
      <symbol id="sm-d8e">
         <name>_nop</name>
         <value>0x10874540</value>
         <object_component_ref idref="oc-29d"/>
      </symbol>
      <symbol id="sm-d8f">
         <name>_lock</name>
         <value>0x108793e8</value>
         <object_component_ref idref="oc-161"/>
      </symbol>
      <symbol id="sm-d90">
         <name>_unlock</name>
         <value>0x108793ec</value>
         <object_component_ref idref="oc-161"/>
      </symbol>
      <symbol id="sm-ed6">
         <name>_printfi</name>
         <value>0x1086e0a0</value>
         <object_component_ref idref="oc-16d"/>
      </symbol>
      <symbol id="sm-edf">
         <name>llabs</name>
         <value>0x108744a0</value>
         <object_component_ref idref="oc-308"/>
      </symbol>
      <symbol id="sm-ee6">
         <name>_args_main</name>
         <value>0x108743e0</value>
         <object_component_ref idref="oc-29"/>
      </symbol>
      <symbol id="sm-ef4">
         <name>atoi</name>
         <value>0x10872760</value>
         <object_component_ref idref="oc-483"/>
      </symbol>
      <symbol id="sm-f00">
         <name>_auto_init_elf</name>
         <value>0x108720c0</value>
         <object_component_ref idref="oc-25"/>
      </symbol>
      <symbol id="sm-f0a">
         <name>__TI_cpp_init</name>
         <value>0x108740c0</value>
         <object_component_ref idref="oc-5b"/>
      </symbol>
      <symbol id="sm-f1f">
         <name>copy_in</name>
         <value>0x108722c0</value>
         <object_component_ref idref="oc-53"/>
      </symbol>
      <symbol id="sm-f28">
         <name>_ctypes_</name>
         <value>0x10878f38</value>
         <object_component_ref idref="oc-523"/>
      </symbol>
      <symbol id="sm-f39">
         <name>_tmpnams</name>
         <value>0x10864230</value>
         <object_component_ref idref="oc-60e"/>
      </symbol>
      <symbol id="sm-f3a">
         <name>_ftable</name>
         <value>0x108790d8</value>
         <object_component_ref idref="oc-163"/>
      </symbol>
      <symbol id="sm-f3b">
         <name>_ft_end</name>
         <value>0x108793f0</value>
         <object_component_ref idref="oc-5c8"/>
      </symbol>
      <symbol id="sm-f4e">
         <name>__c6xabi_divd</name>
         <value>0x1086b060</value>
         <object_component_ref idref="oc-5b3"/>
      </symbol>
      <symbol id="sm-f6e">
         <name>fputc</name>
         <value>0x10870980</value>
         <object_component_ref idref="oc-2ac"/>
      </symbol>
      <symbol id="sm-f8d">
         <name>fputs</name>
         <value>0x1086e960</value>
         <object_component_ref idref="oc-2a7"/>
      </symbol>
      <symbol id="sm-f94">
         <name>__c6xabi_frcmpyd_div</name>
         <value>0x10874120</value>
         <object_component_ref idref="oc-5fa"/>
      </symbol>
      <symbol id="sm-f9d">
         <name>__c6xabi_divul</name>
         <value>0x10871300</value>
         <object_component_ref idref="oc-5ff"/>
      </symbol>
      <symbol id="sm-fa4">
         <name>__c6xabi_isinf</name>
         <value>0x10874360</value>
         <object_component_ref idref="oc-52b"/>
      </symbol>
      <symbol id="sm-ff8">
         <name>lseek</name>
         <value>0x108739a0</value>
         <object_component_ref idref="oc-576"/>
      </symbol>
      <symbol id="sm-ff9">
         <name>write</name>
         <value>0x10873c20</value>
         <object_component_ref idref="oc-47a"/>
      </symbol>
      <symbol id="sm-ffa">
         <name>close</name>
         <value>0x10872840</value>
         <object_component_ref idref="oc-606"/>
      </symbol>
      <symbol id="sm-ffb">
         <name>unlink</name>
         <value>0x10874040</value>
         <object_component_ref idref="oc-60a"/>
      </symbol>
      <symbol id="sm-1005">
         <name>ltoa</name>
         <value>0x10872a00</value>
         <object_component_ref idref="oc-5f1"/>
      </symbol>
      <symbol id="sm-1012">
         <name>memccpy</name>
         <value>0x10874240</value>
         <object_component_ref idref="oc-490"/>
      </symbol>
      <symbol id="sm-101f">
         <name>__TI_tls_init</name>
         <value>0x108732a0</value>
         <object_component_ref idref="oc-57"/>
      </symbol>
      <symbol id="sm-105d">
         <name>HOSTrename</name>
         <value>0x10871160</value>
         <object_component_ref idref="oc-5e9"/>
      </symbol>
      <symbol id="sm-105e">
         <name>HOSTclose</name>
         <value>0x10873360</value>
         <object_component_ref idref="oc-5d5"/>
      </symbol>
      <symbol id="sm-105f">
         <name>HOSTunlink</name>
         <value>0x10872d60</value>
         <object_component_ref idref="oc-5e5"/>
      </symbol>
      <symbol id="sm-1060">
         <name>HOSTlseek</name>
         <value>0x10871fc0</value>
         <object_component_ref idref="oc-5e1"/>
      </symbol>
      <symbol id="sm-1061">
         <name>HOSTopen</name>
         <value>0x108724c0</value>
         <object_component_ref idref="oc-5d1"/>
      </symbol>
      <symbol id="sm-1062">
         <name>HOSTwrite</name>
         <value>0x10872e20</value>
         <object_component_ref idref="oc-5dd"/>
      </symbol>
      <symbol id="sm-1063">
         <name>HOSTread</name>
         <value>0x10872ca0</value>
         <object_component_ref idref="oc-5d9"/>
      </symbol>
      <symbol id="sm-1078">
         <name>writemsg</name>
         <value>0x10874300</value>
         <object_component_ref idref="oc-614"/>
      </symbol>
      <symbol id="sm-1079">
         <name>C$$IO$$</name>
         <value>0x10874358</value>
         <object_component_ref idref="oc-614"/>
      </symbol>
      <symbol id="sm-107a">
         <name>__CIOBUF_</name>
         <value>0x108793f8</value>
         <object_component_ref idref="oc-639"/>
      </symbol>
      <symbol id="sm-107b">
         <name>readmsg</name>
         <value>0x10873ec0</value>
         <object_component_ref idref="oc-618"/>
      </symbol>
      <symbol id="sm-108a">
         <name>_wrt_ok</name>
         <value>0x108721c0</value>
         <object_component_ref idref="oc-472"/>
      </symbol>
      <symbol id="sm-1097">
         <name>_doflush</name>
         <value>0x10872fa0</value>
         <object_component_ref idref="oc-476"/>
      </symbol>
      <symbol id="sm-10a8">
         <name>fseek</name>
         <value>0x10871ea0</value>
         <object_component_ref idref="oc-50a"/>
      </symbol>
      <symbol id="sm-10be">
         <name>setvbuf</name>
         <value>0x10870da0</value>
         <object_component_ref idref="oc-50e"/>
      </symbol>
      <symbol id="sm-10c9">
         <name>_cleanup</name>
         <value>0x108734a0</value>
         <object_component_ref idref="oc-57c"/>
      </symbol>
      <symbol id="sm-10db">
         <name>_closefile</name>
         <value>0x10871b40</value>
         <object_component_ref idref="oc-5ca"/>
      </symbol>
      <symbol id="sm-10dd">
         <name>__TI_STATIC_BASE</name>
         <value>0x108795a8</value>
      </symbol>
      <symbol id="sm-10de">
         <name>__TI_args_main</name>
         <value>0x1</value>
      </symbol>
      <symbol id="sm-10df">
         <name>__TI_INITARRAY_Base</name>
         <value>0x0</value>
      </symbol>
      <symbol id="sm-10e0">
         <name>__TI_INITARRAY_Limit</name>
         <value>0x0</value>
      </symbol>
      <symbol id="sm-10e1">
         <name>__TI_TLS_INIT_Base</name>
         <value>0x0</value>
      </symbol>
      <symbol id="sm-10e2">
         <name>__TI_TLS_INIT_Limit</name>
         <value>0x0</value>
      </symbol>
      <symbol id="sm-10e5">
         <name>remove</name>
         <value>0x10874040</value>
      </symbol>
   </symbol_table>
</link_info>
