******************************************************************************
               TMS320C6x Linker PC v7.4.4                      
******************************************************************************
>> Linked Sun Apr 05 21:03:01 2015

OUTPUT FILE NAME:   <NewOMP.out>
ENTRY POINT SYMBOL: "_c_int00"  address: 0c0ba000


MEMORY CONFIGURATION

         name            origin    length      used     unused   attr    fill
----------------------  --------  ---------  --------  --------  ----  --------
  L2SRAM                00800000   00080000  0002bcb0  00054350  RWIX
  MSMCSRAM              0c000000   003c0000  000ba916  003056ea  RWIX
  DDR3                  80000000   20000000  0004b000  1ffb5000  RWIX
  MSMCSRAM_NOCACHE      a03c0000   00040000  0003996e  00006692  RWIX


SEGMENT ALLOCATION MAP

run origin  load origin   length   init length attrs members
----------  ----------- ---------- ----------- ----- -------
00800000    00800000    0002bcb0   0002ab8c    rw-
  00800000    00800000    0002ab8c   0002ab8c    rw- .localfar
  0082ab8c    0082ab8c    00000004   00000000    rw- .tls_tp
  0082ab90    0082ab90    00001000   00000000    rw- .stack
  0082bb90    0082bb90    00000120   00000000    rw- .cio
0c080000    0c080000    000394b6   000394b6    r-x
  0c080000    0c080000    00034240   00034240    r-x .text
  0c0b4240    0c0b4240    00005276   00005276    r-- .const
0c0b94b8    0c0b9a00    00000011   00000011    rw-
  0c0b94b8    0c0b9a00    00000011   00000011    rw- .neardata
0c0b94d0    0c0b9a18    000001dc   000001dc    rw-
  0c0b94d0    0c0b9a18    000001dc   000001dc    rw- .fardata
0c0b96ac    0c0b96ac    00000120   00000000    rw-
  0c0b96ac    0c0b96ac    00000120   00000000    rw- .far
0c0b97cc    0c0b97cc    00000030   00000030    r--
  0c0b97cc    0c0b97cc    00000030   00000030    r-- .switch.1
0c0b9800    0c0b9800    00000200   00000200    r-x
  0c0b9800    0c0b9800    00000200   00000200    r-x .vecs
0c0b9bf8    0c0b9bf8    000000d0   00000004    rw-
  0c0b9bf8    0c0b9bf8    00000004   00000004    rw- .tdata
  0c0b9c00    0c0b9c00    000000c8   00000000    rw- .tbss
0c0b9cc8    0c0b9cc8    000000b0   000000b0    rw-
  0c0b9cc8    0c0b9cc8    000000b0   000000b0    rw- .data
0c0b9d78    0c0b9d78    00000080   00000080    r--
  0c0b9d78    0c0b9d78    00000080   00000080    r-- .switch.2
0c0b9df8    0c0b9df8    0000001c   00000000    rw-
  0c0b9df8    0c0b9df8    0000001c   00000000    rw- .bss
0c0b9e14    0c0b9e14    00000040   00000040    r--
  0c0b9e14    0c0b9e14    00000024   00000024    r-- .TI.tls_init
  0c0b9e38    0c0b9e38    0000001c   0000001c    r-- .binit
0c0ba000    0c0ba000    00000acc   00000acc    r-x
  0c0ba000    0c0ba000    000000a0   000000a0    r-x .text:_c_int00
  0c0ba0a0    0c0ba0a0    00000a2c   00000a2c    r-- .cinit
80000000    80000000    0004b000   00000000    rw-
  80000000    80000000    0004b000   00000000    rw- .damian
a03e5000    a03e5000    000120ac   000120ac    rw-
  a03e5000    a03e5000    000120ac   000120ac    rw- .qmss.1
a03f70b0    a03f70b0    00000050   00000050    rw-
  a03f70b0    a03f70b0    00000050   00000050    rw- gomp_data.1
a03f7100    a03f7100    00002672   00002672    rw-
  a03f7100    a03f7100    00002400   00002400    rw- .qmss.2
  a03f9500    a03f9500    00000272   00000272    rw- gomp_data.2
a03f9780    a03f9780    00000200   00000000    rw-
  a03f9780    a03f9780    00000200   00000000    rw- .cppi


SECTION ALLOCATION MAP

 output                                  attributes/
section   page    origin      length       input sections
--------  ----  ----------  ----------   ----------------
.init_array 
*          0    00800000    00000000     UNINITIALIZED

.init_array 
*          0    0c000000    00000000     UNINITIALIZED

.localfar 
*          0    00800000    0002ab8c     
                  00800000    00028030     omp_config_pe66.oe66 (.far) [fill = 0]
                  00828030    00001000     omp_config_pe66.oe66 (.far:taskStackSection) [fill = 0]
                  00829030    00000150     rts6600_elf_mt.lib : _mutex.obj (.far) [fill = 0]
                  00829180    00000140                        : defs.obj (.far) [fill = 0]
                  008292c0    00000008                        : trgdrv.obj (.far) [fill = 0]
                  008292c8    00000800     omp_config_pe66.oe66 (.fardata:ti_sdo_ipc_GateMP_Module_State_0_remoteCustom1Gates__A)
                  00829ac8    00000364     omp_config_pe66.oe66 (.fardata)
                  00829e2c    00000004     --HOLE--
                  00829e30    00000180     omp_config_pe66.oe66 (.fardata:ti_sysbios_timers_timer64_Timer_Module_State_0_device__A)
                  00829fb0    000000e0     omp_config_pe66.oe66 (.fardata:ti_sdo_utils_NameServer_Object__table__V)
                  0082a090    000000a0     omp_config_pe66.oe66 (.fardata:ti_sdo_ipc_Ipc_Module_State_0_procEntry__A)
                  0082a130    00000098     omp_config_pe66.oe66 (.fardata:ti_sysbios_knl_Task_Object__table__V)
                  0082a1c8    00000098     omp_config_pe66.oe66 (.fardata:ti_sysbios_timers_timer64_Timer_Object__table__V)
                  0082a260    00000090     omp_config_pe66.oe66 (.fardata:ti_sdo_ipc_SharedRegion_Module_State_0_regions__A)
                  0082a2f0    00000080     omp_config_pe66.oe66 (.fardata:ti_sdo_ipc_GateMP_Module_State_0_remoteSystemGates__A)
                  0082a370    00000080     omp_config_pe66.oe66 (.fardata:ti_sysbios_knl_Swi_Module_State_0_readyQ__A)
                  0082a3f0    00000080     omp_config_pe66.oe66 (.fardata:ti_sysbios_knl_Task_Module_State_0_readyQ__A)
                  0082a470    00000080     omp_config_pe66.oe66 (.fardata:ti_sysbios_timers_timer64_Timer_Module_State_0_gctrl__A)
                  0082a4f0    00000080     omp_config_pe66.oe66 (.fardata:ti_sysbios_timers_timer64_Timer_Module_State_0_handles__A)
                  0082a570    00000080     omp_config_pe66.oe66 (.fardata:ti_sysbios_timers_timer64_Timer_Module_State_0_intFreqs__A)
                  0082a5f0    00000040     omp_config_pe66.oe66 (.fardata:ti_sdo_ipc_MessageQ_Module_State_0_transports__A)
                  0082a630    00000040     omp_config_pe66.oe66 (.fardata:ti_sdo_ipc_family_c647x_Interrupt_Module_State_0_fxnTable__A)
                  0082a670    00000040     omp_config_pe66.oe66 (.fardata:ti_sysbios_gates_GateMutex_Object__table__V)
                  0082a6b0    00000030     omp_config_pe66.oe66 (.fardata:ti_sysbios_knl_Swi_Object__table__V)
                  0082a6e0    00000020     omp_config_pe66.oe66 (.fardata:ti_sdo_ipc_MessageQ_Module_State_0_heaps__A)
                  0082a700    00000020     omp_config_pe66.oe66 (.fardata:ti_sdo_ipc_Notify_Module_State_0_notifyHandles__A)
                  0082a720    00000020     omp_config_pe66.oe66 (.fardata:ti_sdo_ipc_transports_TransportShmSetup_Module_State_0_handles__A)
                  0082a740    00000020     omp_config_pe66.oe66 (.fardata:xdc_runtime_System_Module_State_0_atexitHandlers__A)
                  0082a760    00000018     omp_config_pe66.oe66 (.fardata:ti_sysbios_family_c64p_Hwi_Object__table__V)
                  0082a778    00000018     omp_config_pe66.oe66 (.fardata:ti_sysbios_gates_GateMutexPri_Object__table__V)
                  0082a790    00000018     omp_config_pe66.oe66 (.fardata:ti_sysbios_heaps_HeapMem_Object__table__V)
                  0082a7a8    00000010     omp_config_pe66.oe66 (.fardata:ti_sysbios_gates_GateAll_Object__table__V)
                  0082a7b8    0000000c     omp_config_pe66.oe66 (.fardata:ti_omp_utils_HeapOMP_Object__table__V)
                  0082a7c4    00000004     --HOLE--
                  0082a7c8    0000000c     omp_config_pe66.oe66 (.fardata:ti_sysbios_gates_GateSwi_Object__table__V)
                  0082a7d4    00000004     --HOLE--
                  0082a7d8    00000008     omp_config_pe66.oe66 (.fardata:ti_sysbios_hal_Hwi_Object__table__V)
                  0082a7e0    00000008     omp_config_pe66.oe66 (.fardata:ti_sysbios_hal_Timer_Object__table__V)
                  0082a7e8    00000004     omp_config_pe66.oe66 (.fardata:ti_sdo_ipc_GateMP_Module_State_0_remoteCustom2Gates__A)
                  0082a7ec    00000004     --HOLE--
                  0082a7f0    00000004     omp_config_pe66.oe66 (.fardata:ti_sdo_ipc_Notify_Module_State_0_notifyHandles_0__A)
                  0082a7f4    00000004     --HOLE--
                  0082a7f8    00000004     omp_config_pe66.oe66 (.fardata:ti_sdo_ipc_Notify_Module_State_0_notifyHandles_1__A)
                  0082a7fc    00000004     --HOLE--
                  0082a800    00000004     omp_config_pe66.oe66 (.fardata:ti_sdo_ipc_Notify_Module_State_0_notifyHandles_2__A)
                  0082a804    00000004     --HOLE--
                  0082a808    00000004     omp_config_pe66.oe66 (.fardata:ti_sdo_ipc_Notify_Module_State_0_notifyHandles_3__A)
                  0082a80c    00000004     --HOLE--
                  0082a810    00000004     omp_config_pe66.oe66 (.fardata:ti_sdo_ipc_Notify_Module_State_0_notifyHandles_4__A)
                  0082a814    00000004     --HOLE--
                  0082a818    00000004     omp_config_pe66.oe66 (.fardata:ti_sdo_ipc_Notify_Module_State_0_notifyHandles_5__A)
                  0082a81c    00000004     --HOLE--
                  0082a820    00000004     omp_config_pe66.oe66 (.fardata:ti_sdo_ipc_Notify_Module_State_0_notifyHandles_6__A)
                  0082a824    00000004     --HOLE--
                  0082a828    00000004     omp_config_pe66.oe66 (.fardata:ti_sdo_ipc_Notify_Module_State_0_notifyHandles_7__A)
                  0082a82c    00000004     --HOLE--
                  0082a830    00000004     omp_config_pe66.oe66 (.fardata:ti_sysbios_gates_GateHwi_Object__table__V)
                  0082a834    00000004     --HOLE--
                  0082a838    00000004     omp_config_pe66.oe66 (.fardata:ti_sysbios_knl_Task_Module_State_0_idleTask__A)
                  0082a83c    00000004     --HOLE--
                  0082a840    00000004     omp_config_pe66.oe66 (.fardata:xdc_runtime_GateNull_Object__table__V)
                  0082a844    00000004     --HOLE--
                  0082a848    000001e0     rts6600_elf_mt.lib : defs.obj (.fardata:_ftable)
                  0082aa28    000000a0                        : lowlev.obj (.fardata:_stream)
                  0082aac8    00000078                        : lowlev.obj (.fardata:_device)
                  0082ab40    00000018                        : _pthread.obj (.fardata)
                  0082ab58    00000010                        : exit.obj (.fardata)
                  0082ab68    0000000c                        : _data_synch.obj (.fardata)
                  0082ab74    00000008                        : _lock.obj (.fardata)
                  0082ab7c    00000008                        : _mutex.obj (.fardata)
                  0082ab84    00000004                        : defs.obj (.fardata)
                  0082ab88    00000004                        : dtor_list.obj (.fardata)

.tls_tp    0    0082ab8c    00000004     UNINITIALIZED
                  0082ab8c    00000004     ti.omp.utils.ae66 : ThreadLocalStorage.oe66 (.tls_tp)

.stack     0    0082ab90    00001000     UNINITIALIZED
                  0082ab90    00000008     boot.ae66 : boot.oe66 (.stack)
                  0082ab98    00000ff8     --HOLE--

.cio       0    0082bb90    00000120     UNINITIALIZED
                  0082bb90    00000120     rts6600_elf_mt.lib : trgmsg.obj (.cio)

ti.sdo.ipc.SharedRegion_1 
*          0    0c000000    00080000     NOLOAD SECTION
                  0c000000    00080000     --HOLE--

xdc.meta   0    0c000000    00000120     COPY SECTION
                  0c000000    00000120     omp_config_pe66.oe66 (xdc.meta)

.text      0    0c080000    00034240     
                  0c080000    000011c0     ipc.lib : Ipc.obj (.text:ti_sdo_ipc_GateMP_Instance_init__F)
                  0c0811c0    00001160     log.obj (.text)
                  0c082320    00000a60     ipc.lib : Ipc.obj (.text:ti_sdo_ipc_heaps_HeapMemMP_alloc__E)
                  0c082d80    000009e0             : Ipc.obj (.text:ti_sdo_ipc_heaps_HeapMemMP_free__E)
                  0c083760    000009a0             : Ipc.obj (.text:Ipc_attach)
                  0c084100    00000920             : Ipc.obj (.text:ti_sdo_ipc_transports_TransportShm_Instance_init__F)
                  0c084a20    000008a0             : Ipc.obj (.text:ti_sdo_ipc_ListMP_Instance_init__F)
                  0c0852c0    000008a0     sysbios.ae66 : BIOS.obj (.text:ti_sysbios_family_c64p_Exception_handler__I)
                  0c085b60    000008a0     ti.targets.rts6000.ae66 : System.oe66 (.text:xdc_runtime_System_doPrint__I)
                  0c086400    00000860     ipc.lib : Ipc.obj (.text:ti_sdo_ipc_GateMP_Instance_finalize__F)
                  0c086c60    00000840             : Ipc.obj (.text:MessageQ_put)
                  0c0874a0    000007e0     ti.drv.qmss.ae66 : qmss_drv.oe66 (.text:Qmss_insertMemoryRegion)
                  0c087c80    00000780     ipc.lib : Ipc.obj (.text:ti_sdo_ipc_heaps_HeapMemMP_Instance_init__F)
                  0c088400    000006c0             : Ipc.obj (.text:ti_sdo_ipc_nsremote_NameServerRemoteNotify_Instance_init__F)
                  0c088ac0    000006a0             : Ipc.obj (.text:NameServer_add)
                  0c089160    00000620             : Ipc.obj (.text:Notify_sendEvent)
                  0c089780    00000620     sysbios.ae66 : BIOS.obj (.text:ti_sysbios_knl_Task_Instance_finalize__F)
                  0c089da0    00000600     ti.omp.ae66 : team.oe66 (.text:gomp_team_start)
                  0c08a3a0    00000600     sysbios.ae66 : BIOS.obj (.text:ti_sysbios_heaps_HeapMem_alloc__E)
                  0c08a9a0    00000600                  : BIOS.obj (.text:ti_sysbios_knl_Semaphore_pend__E)
                  0c08afa0    000005e0     ipc.lib : Ipc.obj (.text:Notify_registerEventSingle)
                  0c08b580    000005e0     sysbios.ae66 : BIOS.obj (.text:ti_sysbios_heaps_HeapMem_free__E)
                  0c08bb60    000005c0     ipc.lib : Ipc.obj (.text:ListMP_getHead)
                  0c08c120    000005c0             : Ipc.obj (.text:Notify_unregisterEventSingle)
                  0c08c6e0    000005c0     rts6600_elf_mt.lib : divd.obj (.text:__c6xabi_divd)
                  0c08cca0    000005c0                        : _printfi.obj (.text:_getarg_diouxp)
                  0c08d260    000005c0     ipc.lib : Ipc.obj (.text:ti_sdo_ipc_SharedRegion_start__F)
                  0c08d820    000005a0     sysbios.ae66 : BIOS.obj (.text:ti_sysbios_timers_timer64_Timer_Module_startup__F)
                  0c08ddc0    00000580     ipc.lib : Ipc.obj (.text:ti_sdo_ipc_nsremote_NameServerRemoteNotify_get__F)
                  0c08e340    00000580             : Ipc.obj (.text:ti_sdo_ipc_transports_TransportShm_put__E)
                  0c08e8c0    00000540             : Ipc.obj (.text:ti_sdo_ipc_Ipc_procSyncStart__I)
                  0c08ee00    000004e0             : Ipc.obj (.text:ti_sdo_ipc_notifyDrivers_NotifyDriverShm_Instance_init__F)
                  0c08f2e0    000004a0             : Ipc.obj (.text:ti_sdo_ipc_gates_GatePeterson_Instance_init__F)
                  0c08f780    00000460     rts6600_elf_mt.lib : _printfi.obj (.text:_printfi)
                  0c08fbe0    00000460                        : _printfi.obj (.text:_setfield)
                  0c090040    00000460     ipc.lib : Ipc.obj (.text:ti_sdo_ipc_GateMP_setRegion0Reserved__F)
                  0c0904a0    00000460             : Ipc.obj (.text:ti_sdo_ipc_Ipc_procSyncFinish__I)
                  0c090900    00000440             : Ipc.obj (.text:ListMP_putTail)
                  0c090d40    00000440             : Ipc.obj (.text:ti_sdo_ipc_heaps_HeapMemMP_getStats__E)
                  0c091180    00000440             : Ipc.obj (.text:ti_sdo_ipc_heaps_HeapMemMP_postInit__I)
                  0c0915c0    00000420     sysbios.ae66 : BIOS.obj (.text:ti_sysbios_gates_GateMutexPri_enter__E)
                  0c0919e0    00000400     ipc.lib : Ipc.obj (.text:ti_sdo_ipc_Notify_Instance_init__F)
                  0c091de0    00000400     sysbios.ae66 : BIOS.obj (.text:ti_sysbios_knl_Task_Instance_init__F)
                  0c0921e0    000003e0                  : BIOS.obj (.text:ti_sysbios_knl_Task_setPri__E)
                  0c0925c0    000003c0     ti.drv.cppi.ae66 : cppi_desc.oe66 (.text:Cppi_initDescriptor)
                  0c092980    000003c0     rts6600_elf_mt.lib : fputs.obj (.text:fputs)
                  0c092d40    000003c0     ti.omp.navigator.C6678.ae66 : Navigator.oe66 (.text:sysInit)
                  0c093100    000003c0     ti.omp.utils.ae66 : ThreadLocal.oe66 (.text:ti_omp_utils_ThreadLocal_setspecific__E)
                  0c0934c0    000003c0     ipc.lib : Ipc.obj (.text:ti_sdo_ipc_SharedRegion_reserveMemory__F)
                  0c093880    00000380             : Ipc.obj (.text:HeapMemMP_sharedMemReq)
                  0c093c00    00000360     ti.omp.ae66 : task.oe66 (.text:gomp_barrier_handle_tasks)
                  0c093f60    00000340     ipc.lib : Ipc.obj (.text:GateMP_sharedMemReq)
                  0c0942a0    00000340     ti.drv.qmss.ae66 : qmss_drv.oe66 (.text:Qmss_init)
                  0c0945e0    00000340     ipc.lib : Ipc.obj (.text:ti_sdo_ipc_nsremote_NameServerRemoteNotify_swiFxn__I)
                  0c094920    00000320     rts6600_elf_mt.lib : _printfi.obj (.text:_pproc_fge)
                  0c094c40    00000320                        : strtoul.obj (.text:strtoul)
                  0c094f60    00000320     ti.omp.utils.ae66 : ThreadLocal.oe66 (.text:ti_omp_utils_ThreadLocal_getspecific__E)
                  0c095280    00000300     ipc.lib : Ipc.obj (.text:GateMP_openByAddr)
                  0c095580    00000300             : Ipc.obj (.text:ti_sdo_ipc_transports_TransportShm_openByAddr__F)
                  0c095880    00000300     sysbios.ae66 : BIOS.obj (.text:ti_sysbios_family_c64p_Hwi_dispatchC__I)
                  0c095b80    000002e0     ipc.lib : Ipc.obj (.text:SharedRegion_getEntry)
                  0c095e60    000002e0             : Ipc.obj (.text:SharedRegion_getPtr)
                  0c096140    000002e0     rts6600_elf_mt.lib : _printfi.obj (.text:_pproc_fwp)
                  0c096420    000002e0     sysbios.ae66 : BIOS.obj (.text:ti_sysbios_heaps_HeapMem_Instance_init__F)
                  0c096700    000002c0     ti.omp.ae66 : env.oe66 (.text:parse_affinity)
                  0c0969c0    000002c0     ipc.lib : Ipc.obj (.text:ti_sdo_ipc_notifyDrivers_NotifyDriverShm_isr__I)
                  0c096c80    000002a0             : Ipc.obj (.text:Ipc_start)
                  0c096f20    000002a0             : Ipc.obj (.text:NameServer_getLocal)
                  0c0971c0    000002a0     rts6600_elf_mt.lib : _printfi.obj (.text:fcvt)
                  0c097460    000002a0     sysbios.ae66 : BIOS.obj (.text:ti_sysbios_knl_Clock_workFunc__E)
                  0c097700    000002a0                  : BIOS.obj (.text:ti_sysbios_timers_timer64_Timer_deviceConfig__I)
                  0c0979a0    00000280     ipc.lib : Ipc.obj (.text:SharedRegion_getSRPtr)
                  0c097c20    00000280     rts6600_elf_mt.lib : _printfi.obj (.text:ecvt)
                  0c097ea0    00000280     ti.omp.ae66 : env.oe66 (.text:initialize_env)
                  0c098120    00000280     ipc.lib : Ipc.obj (.text:ti_sdo_ipc_notifyDrivers_NotifyDriverShm_sharedMemReq__F)
                  0c0983a0    00000280     ti.targets.rts6000.ae66 : Error.oe66 (.text:xdc_runtime_Error_raiseX__F)
                  0c098620    00000260     ipc.lib : Ipc.obj (.text:ListMP_sharedMemReq)
                  0c098880    00000260     ti.omp.ae66 : env.oe66 (.text:parse_spincount)
                  0c098ae0    00000260     ti.omp.utils.ae66 : OpenMP.oe66 (.text:ti_omp_utils_OpenMP_masterTask__I)
                  0c098d40    00000260     ipc.lib : Ipc.obj (.text:ti_sdo_ipc_ListMP_Instance_finalize__F)
                  0c098fa0    00000260             : Ipc.obj (.text:ti_sdo_ipc_heaps_HeapMemMP_Instance_finalize__F)
                  0c099200    00000260             : Ipc.obj (.text:ti_sdo_ipc_notifyDrivers_NotifyDriverShm_disableEvent__E)
                  0c099460    00000260     sysbios.ae66 : BIOS.obj (.text:ti_sysbios_family_c64p_Exception_internalHandler__I)
                  0c0996c0    00000260                  : BIOS.obj (.text:ti_sysbios_knl_Semaphore_post__E)
                  0c099920    00000260     ti.targets.rts6000.ae66 : Startup.oe66 (.text:xdc_runtime_Startup_startMods__I)
                  0c099b80    00000240     ti.drv.cppi.ae66 : cppi_drv.oe66 (.text:Cppi_open)
                  0c099dc0    00000240     rts6600_elf_mt.lib : imath64.obj (.text:__c6xabi_divull)
                  0c09a000    00000240                        : _printfi.obj (.text:_pconv_e)
                  0c09a240    00000240                        : _printfi.obj (.text:_pproc_diouxp)
                  0c09a480    00000240                        : fputc.obj (.text:fputc)
                  0c09a6c0    00000240     ti.omp.utils.ae66 : OpenMP.oe66 (.text:ti_omp_utils_OpenMP_createThread__E)
                  0c09a900    00000240     sysbios.ae66 : BIOS.obj (.text:ti_sysbios_family_c64p_Hwi_reconfig__E)
                  0c09ab40    00000240                  : BIOS.obj (.text:ti_sysbios_knl_Task_exit__E)
                  0c09ad80    00000220     rts6600_elf_mt.lib : _printfi.obj (.text:_pproc_str)
                  0c09afa0    00000220     ti.omp.ae66 : env.oe66 (.text:parse_schedule)
                  0c09b1c0    00000220     rts6600_elf_mt.lib : setvbuf.obj (.text:setvbuf)
                  0c09b3e0    00000220     sysbios.ae66 : BIOS.obj (.text:ti_sysbios_knl_Swi_run__I)
                  0c09b600    00000220                  : BIOS.obj (.text:ti_sysbios_knl_Task_schedule__I)
                  0c09b820    00000220                  : BIOS.obj (.text:ti_sysbios_knl_Task_startCore__E)
                  0c09ba40    00000220     ti.targets.rts6000.ae66 : Core-mem.oe66 (.text:xdc_runtime_Core_createObject__I)
                  0c09bc60    00000200     ipc.lib : Ipc.obj (.text:GateMP_enter)
                  0c09be60    00000200             : Ipc.obj (.text:GateMP_leave)
                  0c09c060    00000200             : Ipc.obj (.text:ListMP_openByAddr)
                  0c09c260    00000200     ti.drv.qmss.ae66 : qmss_drv.oe66 (.text:Qmss_internalQueueOpen)
                  0c09c460    00000200     rts6600_elf_mt.lib : _printfi.obj (.text:_pconv_g)
                  0c09c660    00000200     sysbios.ae66 : c64p_Hwi_disp_always.obj (.text:_ti_sysbios_family_c64p_Hwi_dispatchAlways)
                  0c09c860    00000200     ti.drv.cppi.ae66 : cppi_heap.oe66 (.text:cppi_internal_heap_add)
                  0c09ca60    00000200     ti.omp.ae66 : team.oe66 (.text:gomp_thread_start)
                  0c09cc60    00000200     ipc.lib : Ipc.obj (.text:ti_sdo_ipc_notifyDrivers_NotifyDriverShm_sendEvent__E)
                  0c09ce60    00000200             : Ipc.obj (.text:ti_sdo_ipc_transports_TransportShm_Instance_finalize__F)
                  0c09d060    00000200     omp_config_pe66.oe66 (.text:xdc_runtime_System_printfExtend__I)
                  0c09d260    000001e0     ipc.lib : Ipc.obj (.text:ti_sdo_ipc_GateMP_attach__F)
                  0c09d440    000001e0             : Ipc.obj (.text:ti_sdo_ipc_GateMP_getFreeResource__I)
                  0c09d620    000001e0     sysbios.ae66 : BIOS.obj (.text:ti_sysbios_family_c64p_Exception_externalHandler__I)
                  0c09d800    000001e0                  : BIOS.obj (.text:ti_sysbios_knl_Swi_Instance_init__F)
                  0c09d9e0    000001e0                  : BIOS.obj (.text:ti_sysbios_knl_Task_postInit__I)
                  0c09dbc0    000001e0                  : BIOS.obj (.text:ti_sysbios_timers_timer64_Timer_getFreq__E)
                  0c09dda0    000001c0     ti.drv.cppi.ae66 : cppi_drv.oe66 (.text:Cppi_initCfg)
                  0c09df60    000001c0     ipc.lib : Ipc.obj (.text:HeapMemMP_openByAddr)
                  0c09e120    000001c0     ti.drv.qmss.ae66 : qmss_drv.oe66 (.text:Qmss_internaldownloadFirmware)
                  0c09e2e0    000001c0     rts6600_elf_mt.lib : _printfi.obj (.text:_mcpy)
                  0c09e4a0    000001c0     ti.omp.navigator.C6678.ae66 : Navigator.oe66 (.text:getsysHandles)
                  0c09e660    000001c0     ti.omp.ae66 : team.oe66 (.text:gomp_new_team)
                  0c09e820    000001c0     mathlib.ae66 : logdp.obj (.text:optasm)
                  0c09e9e0    000001c0     ti.omp.utils.ae66 : ThreadLocal.oe66 (.text:ti_omp_utils_ThreadLocal_key_delete__E)
                  0c09eba0    000001c0     ipc.lib : Ipc.obj (.text:ti_sdo_ipc_notifyDrivers_NotifyDriverShm_registerEvent__E)
                  0c09ed60    000001c0     sysbios.ae66 : BIOS.obj (.text:ti_sysbios_family_c64p_Exception_decodeMpfsr__I)
                  0c09ef20    000001c0                  : BIOS.obj (.text:ti_sysbios_gates_GateMutex_enter__E)
                  0c09f0e0    000001c0                  : BIOS.obj (.text:ti_sysbios_timers_timer64_Timer_setPeriodMicroSecs__E)
                  0c09f2a0    000001c0     ti.targets.rts6000.ae66 : Text.oe66 (.text:xdc_runtime_Text_putSite__F)
                  0c09f460    000001a0     ipc.lib : Ipc.obj (.text:SharedRegion_getCacheLineSize)
                  0c09f600    000001a0             : Ipc.obj (.text:SharedRegion_getHeap)
                  0c09f7a0    000001a0             : Ipc.obj (.text:SharedRegion_isCacheEnabled)
                  0c09f940    000001a0     rts6600_elf_mt.lib : imath40.obj (.text:__c6xabi_divul)
                  0c09fae0    000001a0     ipc.lib : Ipc.obj (.text:ti_sdo_ipc_GateMP_openRegion0Reserved__F)
                  0c09fc80    000001a0             : Ipc.obj (.text:ti_sdo_ipc_notifyDrivers_NotifyDriverShm_enableEvent__E)
                  0c09fe20    000001a0             : Ipc.obj (.text:ti_sdo_ipc_notifyDrivers_NotifyDriverShm_unregisterEvent__E)
                  0c09ffc0    000001a0             : Ipc.obj (.text:ti_sdo_ipc_nsremote_NameServerRemoteNotify_attach__E)
                  0c0a0160    000001a0     sysbios.ae66 : BIOS.obj (.text:ti_sysbios_family_c66_Cache_block__I)
                  0c0a0300    000001a0                  : BIOS.obj (.text:ti_sysbios_heaps_HeapBuf_Module_startup__F)
                  0c0a04a0    000001a0                  : BIOS.obj (.text:ti_sysbios_timers_timer64_Timer_start__E)
                  0c0a0640    00000180     rts6600_elf_mt.lib : trgdrv.obj (.text:HOSTrename)
                  0c0a07c0    00000180     ipc.lib : Ipc.obj (.text:MultiProc_setLocalId)
                  0c0a0940    00000180             : Ipc.obj (.text:NameServer_getHandle)
                  0c0a0ac0    00000180             : Ipc.obj (.text:Notify_intLineRegistered)
                  0c0a0c40    00000180     rts6600_elf_mt.lib : copy_decompress_rle.obj (.text:__TI_decompress_rle_core)
                  0c0a0dc0    00000180     ti.omp.ae66 : parallel.oe66 (.text:gomp_resolve_num_threads)
                  0c0a0f40    00000180                 : team.oe66 (.text:gomp_team_end)
                  0c0a10c0    00000180     mathlib.ae66 : logsp.obj (.text:optasm)
                  0c0a1240    00000180     ti.omp.ae66 : env.oe66 (.text:parse_stacksize)
                  0c0a13c0    00000180     sysbios.ae66 : c64p_Exception_asm.obj (.text)
                  0c0a1540    00000180     ipc.lib : Ipc.obj (.text:ti_sdo_ipc_MessageQ_registerTransport__F)
                  0c0a16c0    00000180             : Ipc.obj (.text:ti_sdo_ipc_Notify_Module_startup__F)
                  0c0a1840    00000180             : Ipc.obj (.text:ti_sdo_ipc_gates_GatePeterson_enter__E)
                  0c0a19c0    00000180             : Ipc.obj (.text:ti_sdo_utils_NameServer_Module_startup__F)
                  0c0a1b40    00000180     sysbios.ae66 : BIOS.obj (.text:ti_sysbios_knl_Swi_schedule__I)
                  0c0a1cc0    00000180                  : BIOS.obj (.text:ti_sysbios_knl_Task_unblockI__E)
                  0c0a1e40    00000160     omp_hello.obj (.text)
                  0c0a1fa0    00000160     ti.omp.utils.C6678.ae66 : OpenMPDnldCore.oe66 (.text:reset_run_core)
                  0c0a2100    00000160     ti.omp.navigator.C6678.ae66 : Navigator.oe66 (.text:sysExit)
                  0c0a2260    00000160     ti.omp.utils.ae66 : OpenMP.oe66 (.text:ti_omp_utils_OpenMP_mainTaskExit__F)
                  0c0a23c0    00000160     ipc.lib : Ipc.obj (.text:ti_sdo_ipc_GateMP_createLocal__F)
                  0c0a2520    00000160             : Ipc.obj (.text:ti_sdo_ipc_MessageQ_unregisterTransport__F)
                  0c0a2680    00000160             : Ipc.obj (.text:ti_sdo_ipc_gates_GateHWSem_Instance_init__F)
                  0c0a27e0    00000160             : Ipc.obj (.text:ti_sdo_ipc_transports_TransportShm_sharedMemReq__F)
                  0c0a2940    00000160             : Ipc.obj (.text:ti_sdo_utils_NameServer_isRegistered__E)
                  0c0a2aa0    00000160             : Ipc.obj (.text:ti_sdo_utils_NameServer_registerRemoteDriver__E)
                  0c0a2c00    00000160             : Ipc.obj (.text:ti_sdo_utils_NameServer_unregisterRemoteDriver__E)
                  0c0a2d60    00000140     ti.csl.ae66 : csl_chip.oe66 (.text:CSL_chipReadReg)
                  0c0a2ea0    00000140     ipc.lib : Ipc.obj (.text:GateMP_close)
                  0c0a2fe0    00000140             : Ipc.obj (.text:Notify_attach)
                  0c0a3120    00000140     boot.ae66 : autoinit.oe66 (.text:_auto_init_elf)
                  0c0a3260    00000140     rts6600_elf_mt.lib : _printfi.obj (.text:_pproc_fflags)
                  0c0a33a0    00000140                        : fseek.obj (.text:fseek)
                  0c0a34e0    00000140                        : lowlev.obj (.text:getdevice)
                  0c0a3620    00000140     ti.omp.config.sysbios.ae66 : bar.oe66 (.text:gomp_team_barrier_wait_end)
                  0c0a3760    00000140     ipc.lib : Ipc.obj (.text:ti_sdo_ipc_Notify_exec__F)
                  0c0a38a0    00000140     sysbios.ae66 : BIOS.obj (.text:ti_sysbios_family_c64p_Exception_Module_startup__F)
                  0c0a39e0    00000140                  : BIOS.obj (.text:ti_sysbios_family_c64p_Hwi_Module_startup__F)
                  0c0a3b20    00000140                  : BIOS.obj (.text:ti_sysbios_family_c66_Cache_Module_startup__F)
                  0c0a3c60    00000140                  : BIOS.obj (.text:ti_sysbios_gates_GateSwi_enter__E)
                  0c0a3da0    00000140                  : BIOS.obj (.text:ti_sysbios_knl_Semaphore_Instance_init__F)
                  0c0a3ee0    00000140                  : BIOS.obj (.text:ti_sysbios_knl_Swi_post__E)
                  0c0a4020    00000140                  : BIOS.obj (.text:ti_sysbios_knl_Task_Module_startup__F)
                  0c0a4160    00000140                  : BIOS.obj (.text:ti_sysbios_knl_Task_blockI__E)
                  0c0a42a0    00000140                  : BIOS.obj (.text:ti_sysbios_knl_Task_yield__E)
                  0c0a43e0    00000120     ti.omp.config.sysbios.ae66 : preinit.oe66 (.text:CSL_XMC_setXMPAXL)
                  0c0a4500    00000120     rts6600_elf_mt.lib : fclose.obj (.text:_closefile)
                  0c0a4620    00000120                        : _printfi.obj (.text:_ltostr)
                  0c0a4740    00000120     ti.omp.ae66 : team.oe66 (.text:gomp_free_thread)
                  0c0a4860    00000120     ipc.lib : Ipc.obj (.text:ti_sdo_ipc_MessageQ_Module_startup__F)
                  0c0a4980    00000120             : Ipc.obj (.text:ti_sdo_ipc_family_c647x_Interrupt_intRegister__E)
                  0c0a4aa0    00000120             : Ipc.obj (.text:ti_sdo_ipc_nsremote_NameServerRemoteNotify_Instance_finalize__F)
                  0c0a4bc0    00000120     sysbios.ae66 : BIOS.obj (.text:ti_sysbios_BIOS_rtsUnlock__I)
                  0c0a4ce0    00000120                  : BIOS.obj (.text:ti_sysbios_knl_Clock_startI__E)
                  0c0a4e00    00000120     ti.targets.rts6000.ae66 : Text.oe66 (.text:xdc_runtime_Text_putMod__F)
                  0c0a4f20    00000100     rts6600_elf_mt.lib : _io_perm.obj (.text:_wrt_ok)
                  0c0a5020    00000100                        : cpy_tbl.obj (.text:copy_in)
                  0c0a5120    00000100     ti.omp.ae66 : team.oe66 (.text:initialize_team)
                  0c0a5220    00000100                 : env.oe66 (.text:parse_boolean)
                  0c0a5320    00000100                 : env.oe66 (.text:parse_unsigned_long)
                  0c0a5420    00000100                 : env.oe66 (.text:parse_wait_policy)
                  0c0a5520    00000100     ti.omp.utils.C6678.ae66 : OpenMPDnldCore.oe66 (.text:siu_ibl_download_core)
                  0c0a5620    00000100     ipc.lib : Ipc.obj (.text:ti_sdo_ipc_GateMP_start__F)
                  0c0a5720    00000100             : Ipc.obj (.text:ti_sdo_ipc_Notify_Instance_finalize__F)
                  0c0a5820    00000100             : Ipc.obj (.text:ti_sdo_ipc_SharedRegion_attach__F)
                  0c0a5920    00000100             : Ipc.obj (.text:ti_sdo_ipc_SharedRegion_clearReservedMemory__F)
                  0c0a5a20    00000100             : Ipc.obj (.text:ti_sdo_ipc_family_c647x_Interrupt_Module_startup__F)
                  0c0a5b20    00000100             : Ipc.obj (.text:ti_sdo_ipc_gates_GateHWSem_Module_startup__F)
                  0c0a5c20    00000100             : Ipc.obj (.text:ti_sdo_ipc_gates_GateMPSupportNull_enter__E)
                  0c0a5d20    00000100             : Ipc.obj (.text:ti_sdo_ipc_gates_GateMPSupportNull_leave__E)
                  0c0a5e20    00000100             : Ipc.obj (.text:ti_sdo_ipc_transports_TransportShmSetup_attach__E)
                  0c0a5f20    00000100     sysbios.ae66 : BIOS.obj (.text:ti_sysbios_family_c64p_Hwi_Instance_finalize__F)
                  0c0a6020    00000100                  : BIOS.obj (.text:ti_sysbios_gates_GateMutexPri_leave__E)
                  0c0a6120    00000100                  : BIOS.obj (.text:ti_sysbios_knl_Swi_restoreHwi__E)
                  0c0a6220    00000100                  : BIOS.obj (.text:ti_sysbios_timers_timer64_Timer_initDevice__I)
                  0c0a6320    00000100     ti.targets.rts6000.ae66 : Core-mem.oe66 (.text:xdc_runtime_Core_deleteObject__I)
                  0c0a6420    00000100                             : Startup.oe66 (.text:xdc_runtime_Startup_exec__F)
                  0c0a6520    00000100                             : Text.oe66 (.text:xdc_runtime_Text_visitRope2__I)
                  0c0a6620    000000e0     rts6600_elf_mt.lib : trgdrv.obj (.text:HOSTgetenv)
                  0c0a6700    000000e0                        : trgdrv.obj (.text:HOSTlseek)
                  0c0a67e0    000000e0                        : trgdrv.obj (.text:HOSTopen)
                  0c0a68c0    000000e0                        : _printfi.obj (.text:_div)
                  0c0a69a0    000000e0                        : atoi.obj (.text:atoi)
                  0c0a6a80    000000e0                        : lowlev.obj (.text:close)
                  0c0a6b60    000000e0                        : copy_zero_init.obj (.text:decompress:ZI:__TI_zero_init)
                  0c0a6c40    000000e0                        : exit.obj (.text:exit)
                  0c0a6d20    000000e0     ti.omp.ae66 : work.oe66 (.text:gomp_init_work_share)
                  0c0a6e00    000000e0     rts6600_elf_mt.lib : ltoa.obj (.text:ltoa)
                  0c0a6ee0    000000e0                        : memset.obj (.text:memset)
                  0c0a6fc0    000000e0     ti.omp.utils.ae66 : OpenMPMem.oe66 (.text:ompBufferFree)
                  0c0a70a0    000000e0     rts6600_elf_mt.lib : printf.obj (.text:printf)
                  0c0a7180    000000e0     ti.omp.utils.ae66 : ThreadLocal.oe66 (.text:ti_omp_utils_ThreadLocal_key_create__E)
                  0c0a7260    000000e0     omp_config_pe66.oe66 (.text:ti_sdo_ipc_Notify_Object__create__S)
                  0c0a7340    000000e0     ipc.lib : Ipc.obj (.text:ti_sdo_ipc_family_c647x_NotifySetup_attach__E)
                  0c0a7420    000000e0             : Ipc.obj (.text:ti_sdo_ipc_gates_GateHWSem_enter__E)
                  0c0a7500    000000e0     sysbios.ae66 : BIOS.obj (.text:ti_sysbios_family_c64p_Hwi_Instance_init__F)
                  0c0a75e0    000000e0     omp_config_pe66.oe66 (.text:ti_sysbios_family_c64p_Hwi_Object__create__S)
                  0c0a76c0    000000e0     ti.targets.rts6000.ae66 : Error.oe66 (.text:xdc_runtime_Error_print__F)
                  0c0a77a0    000000e0                             : Memory.oe66 (.text:xdc_runtime_Memory_alloc__F)
                  0c0a7880    000000c0     ti.drv.cppi.ae66 : cppi_drv.oe66 (.text:Cppi_close)
                  0c0a7940    000000c0                      : cppi_drv.oe66 (.text:Cppi_exit)
                  0c0a7a00    000000c0     rts6600_elf_mt.lib : trgdrv.obj (.text:HOSTread)
                  0c0a7ac0    000000c0                        : trgdrv.obj (.text:HOSTwrite)
                  0c0a7b80    000000c0     ipc.lib : Ipc.obj (.text:HeapMemMP_create)
                  0c0a7c40    000000c0             : Ipc.obj (.text:ListMP_create)
                  0c0a7d00    000000c0             : Ipc.obj (.text:SharedRegion_getId)
                  0c0a7dc0    000000c0     rts6600_elf_mt.lib : dtor_list.obj (.text:__cxa_finalize)
                  0c0a7e80    000000c0                        : divu.obj (.text:__divu)
                  0c0a7f40    000000c0                        : fflush.obj (.text:_doflush)
                  0c0a8000    000000c0     ti.drv.cppi.ae66 : cppi_heap.oe66 (.text:cppi_internal_heap_release)
                  0c0a80c0    000000c0     ti.omp.config.sysbios.ae66 : bar.oe66 (.text:gomp_sem_wait_concat)
                  0c0a8180    000000c0                                : preinit.oe66 (.text:initMPAX)
                  0c0a8240    000000c0     rts6600_elf_mt.lib : _mutex.obj (.text:mutex_init)
                  0c0a8300    000000c0                        : _pthread.obj (.text:pthread_mutex_lock)
                  0c0a83c0    000000c0                        : _pthread.obj (.text:pthread_mutex_unlock)
                  0c0a8480    000000c0                        : _pthread.obj (.text:pthread_once)
                  0c0a8540    000000c0     ti.omp.utils.C6678.ae66 : OpenMPDnldCore.oe66 (.text:reset_core)
                  0c0a8600    000000c0     ti.omp.utils.ae66 : OpenMP.oe66 (.text:ti_omp_utils_OpenMP_threadSpawnLoop__I)
                  0c0a86c0    000000c0                       : ThreadLocal.oe66 (.text:ti_omp_utils_ThreadLocal_exitFxn__F)
                  0c0a8780    000000c0     omp_config_pe66.oe66 (.text:ti_sdo_ipc_GateMP_Object__create__S)
                  0c0a8840    000000c0     ipc.lib : Ipc.obj (.text:ti_sdo_ipc_GateMP_getRegion0ReservedSize__F)
                  0c0a8900    000000c0     omp_config_pe66.oe66 (.text:ti_sdo_ipc_ListMP_Object__create__S)
                  0c0a89c0    000000c0     ipc.lib : Ipc.obj (.text:ti_sdo_ipc_family_c647x_Interrupt_intShmStub__I)
                  0c0a8a80    000000c0     omp_config_pe66.oe66 (.text:ti_sdo_ipc_gates_GatePeterson_Object__create__S)
                  0c0a8b40    000000c0     omp_config_pe66.oe66 (.text:ti_sdo_ipc_heaps_HeapMemMP_Object__create__S)
                  0c0a8c00    000000c0     omp_config_pe66.oe66 (.text:ti_sdo_ipc_notifyDrivers_NotifyDriverShm_Object__create__S)
                  0c0a8cc0    000000c0     omp_config_pe66.oe66 (.text:ti_sdo_ipc_nsremote_NameServerRemoteNotify_Object__create__S)
                  0c0a8d80    000000c0     omp_config_pe66.oe66 (.text:ti_sdo_ipc_transports_TransportShm_Object__create__S)
                  0c0a8e40    000000c0     sysbios.ae66 : BIOS.obj (.text:ti_sysbios_BIOS_errorRaiseHook__I)
                  0c0a8f00    000000c0                  : BIOS.obj (.text:ti_sysbios_gates_GateAll_leave__E)
                  0c0a8fc0    000000c0                  : BIOS.obj (.text:ti_sysbios_heaps_HeapMem_getStats__E)
                  0c0a9080    000000c0                  : BIOS.obj (.text:ti_sysbios_knl_Clock_logTick__E)
                  0c0a9140    000000c0                  : BIOS.obj (.text:ti_sysbios_knl_Swi_Instance_finalize__F)
                  0c0a9200    000000c0     omp_config_pe66.oe66 (.text:ti_sysbios_knl_Swi_Object__create__S)
                  0c0a92c0    000000c0     omp_config_pe66.oe66 (.text:ti_sysbios_knl_Task_Object__create__S)
                  0c0a9380    000000c0     sysbios.ae66 : BIOS.obj (.text:ti_sysbios_knl_Task_allBlockedFunction__I)
                  0c0a9440    000000c0                  : BIOS.obj (.text:ti_sysbios_timers_timer64_Timer_startup__E)
                  0c0a9500    000000c0     rts6600_elf_mt.lib : tls.obj (.text:tls:init:__TI_tls_init)
                  0c0a95c0    000000c0                        : vfprintf.obj (.text:vfprintf)
                  0c0a9680    000000c0     ti.targets.rts6000.ae66 : System.oe66 (.text:xdc_runtime_System_formatNum__I)
                  0c0a9740    000000c0     omp_config_pe66.oe66 (.text:xdc_runtime_knl_GateThread_Object__create__S)
                  0c0a9800    000000a0     ti.omp.config.sysbios.ae66 : preinit.oe66 (.text:CSL_XMC_getXMPAXL)
                  0c0a98a0    000000a0     ti.omp.ae66 : parallel.oe66 (.text:GOMP_parallel_end)
                  0c0a9940    000000a0     rts6600_elf_mt.lib : trgdrv.obj (.text:HOSTunlink)
                  0c0a99e0    000000a0     ti.drv.qmss.ae66 : qmss_drv.oe66 (.text:Qmss_queueClose)
                  0c0a9a80    000000a0                      : qmss_drv.oe66 (.text:Qmss_startCfg)
                  0c0a9b20    000000a0     rts6600_elf_mt.lib : dtor_list.obj (.text:_Z11__TI_atexitPFYvPvES_S_)
                  0c0a9bc0    000000a0                        : remu.obj (.text:__remu)
                  0c0a9c60    000000a0                        : fopen.obj (.text:_cleanup)
                  0c0a9d00    000000a0                        : _printfi.obj (.text:_ecpy)
                  0c0a9da0    000000a0                        : _printfi.obj (.text:_fcpy)
                  0c0a9e40    000000a0                        : _printfi.obj (.text:_pconv_f)
                  0c0a9ee0    000000a0     sysbios.ae66 : c64p_Hwi_asm.obj (.text:_ti_sysbios_family_c64p_Hwi_plug__E)
                  0c0a9f80    000000a0     ti.drv.cppi.ae66 : cppi_heap.oe66 (.text:cppi_internal_heap_malloc)
                  0c0aa020    000000a0     rts6600_elf_mt.lib : lowlev.obj (.text:finddevice)
                  0c0aa0c0    000000a0     ti.omp.config.sysbios.ae66 : bar.oe66 (.text:gomp_barrier_wait_end)
                  0c0aa160    000000a0     ti.omp.ae66 : parallel.oe66 (.text:gomp_sem_wait)
                  0c0aa200    000000a0                 : task.oe66 (.text:gomp_sem_wait)
                  0c0aa2a0    000000a0                 : team.oe66 (.text:gomp_sem_wait)
                  0c0aa340    000000a0     ti.omp.config.sysbios.ae66 : bar.oe66 (.text:gomp_sem_wait)
                  0c0aa3e0    000000a0     ti.omp.navigator.C6678.ae66 : Navigator.oe66 (.text:init_Navigator)
                  0c0aa480    000000a0     rts6600_elf_mt.lib : lowlev.obj (.text:lseek)
                  0c0aa520    000000a0                        : memcpy64.obj (.text:memcpy)
                  0c0aa5c0    000000a0                        : _mutex.obj (.text:mutex_unlock)
                  0c0aa660    000000a0     ti.omp.utils.ae66 : OpenMPMem.oe66 (.text:ompBufferMgmtInit)
                  0c0aa700    000000a0     omp_config_pe66.oe66 (.text:realloc)
                  0c0aa7a0    000000a0     rts6600_elf_mt.lib : strerror.obj (.text:strerror)
                  0c0aa840    000000a0     ti.omp.utils.ae66 : OpenMP.oe66 (.text:ti_omp_utils_OpenMP_exitThread__F)
                  0c0aa8e0    000000a0     ipc.lib : Ipc.obj (.text:ti_sdo_ipc_family_c647x_Interrupt_intUnregister__E)
                  0c0aa980    000000a0             : Ipc.obj (.text:ti_sdo_ipc_gates_GatePeterson_leave__E)
                  0c0aaa20    000000a0             : Ipc.obj (.text:ti_sdo_ipc_notifyDrivers_NotifyDriverShm_Instance_finalize__F)
                  0c0aaac0    000000a0     sysbios.ae66 : BIOS.obj (.text:ti_sysbios_family_c64p_Hwi_eventMap__E)
                  0c0aab60    000000a0                  : BIOS.obj (.text:ti_sysbios_family_c64p_Hwi_getStackInfo__E)
                  0c0aac00    000000a0                  : BIOS.obj (.text:ti_sysbios_gates_GateSwi_leave__E)
                  0c0aaca0    000000a0                  : BIOS.obj (.text:ti_sysbios_heaps_HeapMem_init__I)
                  0c0aad40    000000a0                  : BIOS.obj (.text:ti_sysbios_knl_Idle_run__E)
                  0c0aade0    000000a0                  : BIOS.obj (.text:ti_sysbios_knl_Semaphore_pendTimeout__I)
                  0c0aae80    000000a0                  : BIOS.obj (.text:ti_sysbios_knl_Task_deleteTerminatedTasksFunc__I)
                  0c0aaf20    000000a0                  : BIOS.obj (.text:ti_sysbios_knl_Task_processVitalTaskFlag__I)
                  0c0aafc0    000000a0                  : BIOS.obj (.text:ti_sysbios_timers_timer64_Timer_stop__E)
                  0c0ab060    000000a0     rts6600_elf_mt.lib : lowlev.obj (.text:write)
                  0c0ab100    000000a0     ti.targets.rts6000.ae66 : Assert.oe66 (.text:xdc_runtime_Assert_raise__I)
                  0c0ab1a0    000000a0                             : SysMin.oe66 (.text:xdc_runtime_SysMin_abort__F)
                  0c0ab240    000000a0                             : SysMin.oe66 (.text:xdc_runtime_SysMin_flush__F)
                  0c0ab2e0    000000a0                             : SysMin.oe66 (.text:xdc_runtime_SysMin_putch__F)
                  0c0ab380    000000a0                             : Text.oe66 (.text:xdc_runtime_Text_xprintf__I)
                  0c0ab420    00000080     rts6600_elf_mt.lib : trgdrv.obj (.text:HOSTclose)
                  0c0ab4a0    00000080     ti.drv.qmss.ae66 : qmss_drv.oe66 (.text:Qmss_getMemRegQueueHandle)
                  0c0ab520    00000080                      : qmss_drv.oe66 (.text:Qmss_queueOpen)
                  0c0ab5a0    00000080     rts6600_elf_mt.lib : _mutex.obj (.text:__TI_resource_lock)
                  0c0ab620    00000080                        : llshift.obj (.text:__c6xabi_llshl)
                  0c0ab6a0    00000080     sysbios.ae66 : c62_TaskSupport_asm.obj (.text:_ti_sysbios_family_c62_TaskSupport_swap__E)
                  0c0ab720    00000080     ti.drv.cppi.ae66 : cppi_listlib.oe66 (.text:cppi_list_remove)
                  0c0ab7a0    00000080     ti.omp.config.sysbios.ae66 : bar.oe66 (.text:gomp_barrier_init)
                  0c0ab820    00000080     ti.omp.ae66 : task.oe66 (.text:gomp_flush0)
                  0c0ab8a0    00000080     ti.omp.config.sysbios.ae66 : bar.oe66 (.text:gomp_flush0)
                  0c0ab920    00000080     ti.omp.ae66 : task.oe66 (.text:gomp_init_task)
                  0c0ab9a0    00000080                 : alloc.oe66 (.text:gomp_realloc)
                  0c0aba20    00000080     ti.omp.config.sysbios.ae66 : bar.oe66 (.text:gomp_sem_post_num)
                  0c0abaa0    00000080     omp_config_pe66.oe66 (.text:malloc)
                  0c0abb20    00000080     rts6600_elf_mt.lib : _mutex.obj (.text:mutex_lock)
                  0c0abba0    00000080     ti.omp.utils.ae66 : OpenMPMem.oe66 (.text:ompBufferAlloc)
                  0c0abc20    00000080     mathlib.ae66 : divdp.obj (.text:optasm)
                  0c0abca0    00000080     rts6600_elf_mt.lib : _pthread.obj (.text:pthread_mutex_init)
                  0c0abd20    00000080     ti.omp.navigator.C6678.ae66 : Navigator.oe66 (.text:queue_pop_elem_wait)
                  0c0abda0    00000080     rts6600_elf_mt.lib : trgmsg.obj (.text:readmsg)
                  0c0abe20    00000080     omp_config_pe66.oe66 (.text:ti_omp_utils_HeapOMP_Object__create__S)
                  0c0abea0    00000080     ti.omp.utils.ae66 : OpenMP.oe66 (.text:ti_omp_utils_OpenMP_mainTask__I)
                  0c0abf20    00000080                       : ThreadLocalStorage.oe66 (.text:ti_omp_utils_ThreadLocalStorage_createFxn__F)
                  0c0abfa0    00000080     omp_config_pe66.oe66 (.text:ti_sdo_ipc_gates_GateHWSem_Object__create__S)
                  0c0ac020    00000080     omp_config_pe66.oe66 (.text:ti_sdo_ipc_gates_GateMPSupportNull_Object__create__S)
                  0c0ac0a0    00000080     ipc.lib : Ipc.obj (.text:ti_sdo_ipc_nsremote_NameServerRemoteNotify_detach__E)
                  0c0ac120    00000080             : Ipc.obj (.text:ti_sdo_ipc_transports_TransportShm_swiFxn__I)
                  0c0ac1a0    00000080     omp_config_pe66.oe66 (.text:ti_sdo_utils_List_Object__create__S)
                  0c0ac220    00000080     sysbios.ae66 : BIOS.obj (.text:ti_sysbios_BIOS_exit__E)
                  0c0ac2a0    00000080                  : BIOS.obj (.text:ti_sysbios_BIOS_registerRTSLock__I)
                  0c0ac320    00000080                  : BIOS.obj (.text:ti_sysbios_family_c66_Cache_invL1pAll__E)
                  0c0ac3a0    00000080                  : BIOS.obj (.text:ti_sysbios_family_c66_Cache_wbInvAll__E)
                  0c0ac420    00000080     omp_config_pe66.oe66 (.text:ti_sysbios_gates_GateAll_Object__create__S)
                  0c0ac4a0    00000080     omp_config_pe66.oe66 (.text:ti_sysbios_gates_GateHwi_Object__create__S)
                  0c0ac520    00000080     omp_config_pe66.oe66 (.text:ti_sysbios_gates_GateMutexPri_Object__create__S)
                  0c0ac5a0    00000080     omp_config_pe66.oe66 (.text:ti_sysbios_gates_GateMutex_Object__create__S)
                  0c0ac620    00000080     omp_config_pe66.oe66 (.text:ti_sysbios_gates_GateSwi_Object__create__S)
                  0c0ac6a0    00000080     sysbios.ae66 : BIOS.obj (.text:ti_sysbios_hal_Hwi_checkStack:ti_sysbios_hal_Hwi_checkStack)
                  0c0ac720    00000080                  : BIOS.obj (.text:ti_sysbios_hal_Hwi_initStack:ti_sysbios_hal_Hwi_initStack)
                  0c0ac7a0    00000080     omp_config_pe66.oe66 (.text:ti_sysbios_heaps_HeapMem_Object__create__S)
                  0c0ac820    00000080     sysbios.ae66 : BIOS.obj (.text:ti_sysbios_knl_Clock_Module_startup__F)
                  0c0ac8a0    00000080                  : BIOS.obj (.text:ti_sysbios_knl_Clock_getTicks__E)
                  0c0ac920    00000080     omp_config_pe66.oe66 (.text:ti_sysbios_knl_Queue_Object__create__S)
                  0c0ac9a0    00000080     omp_config_pe66.oe66 (.text:ti_sysbios_knl_Semaphore_Object__create__S)
                  0c0aca20    00000080     sysbios.ae66 : BIOS.obj (.text:ti_sysbios_knl_Swi_startup__E)
                  0c0acaa0    00000080                  : BIOS.obj (.text:ti_sysbios_knl_Task_restore__E)
                  0c0acb20    00000080                  : BIOS.obj (.text:ti_sysbios_timers_timer64_Timer_getCount__E)
                  0c0acba0    00000080                  : BIOS.obj (.text:ti_sysbios_timers_timer64_Timer_getPeriod__E)
                  0c0acc20    00000080     omp_config_pe66.oe66 (.text:ti_sysbios_xdcruntime_GateThreadSupport_Object__create__S)
                  0c0acca0    00000080     rts6600_elf_mt.lib : trgmsg.obj (.text:writemsg)
                  0c0acd20    00000080     ti.targets.rts6000.ae66 : Core-label.oe66 (.text:xdc_runtime_Core_assignLabel__I)
                  0c0acda0    00000080                             : Core-params.oe66 (.text:xdc_runtime_Core_assignParams__I)
                  0c0ace20    00000080                             : System.oe66 (.text:xdc_runtime_System_atexit__F)
                  0c0acea0    00000080                             : System.oe66 (.text:xdc_runtime_System_putchar__I)
                  0c0acf20    00000080                             : System.oe66 (.text:xdc_runtime_System_rtsExit__I)
                  0c0acfa0    00000080                             : Text.oe66 (.text:xdc_runtime_Text_printVisFxn__I)
                  0c0ad020    00000060     ti.omp.navigatorOsal.C6678.ae66 : Navigatorosal.oe66 (.text:CACHE_invL1d)
                  0c0ad080    00000060                                     : Navigatorosal.oe66 (.text:CACHE_wbL1d)
                  0c0ad0e0    00000060     ti.omp.config.sysbios.ae66 : preinit.oe66 (.text:CSL_XMC_getXMPAXH)
                  0c0ad140    00000060     ti.omp.navigator.C6678.ae66 : Navigator.oe66 (.text:Cppi_setSoftwareInfo0)
                  0c0ad1a0    00000060                                 : Navigator.oe66 (.text:Create_Queue)
                  0c0ad200    00000060     ipc.lib : Ipc.obj (.text:GateMP_Params_init)
                  0c0ad260    00000060             : Ipc.obj (.text:HeapMemMP_Params_init)
                  0c0ad2c0    00000060     ti.omp.utils.ae66 : HeapOMP.oe66 (.text:HeapOMP_getHeapFromAddr)
                  0c0ad320    00000060     ipc.lib : Ipc.obj (.text:Notify_numIntLines)
                  0c0ad380    00000060     rts6600_elf_mt.lib : frcmpyd_div.obj (.text:__c6xabi_frcmpyd_div)
                  0c0ad3e0    00000060                        : llshift.obj (.text:__c6xabi_llshru)
                  0c0ad440    00000060                        : imath64.obj (.text:_subcull)
                  0c0ad4a0    00000060     ti.drv.cppi.ae66 : cppi_listlib.oe66 (.text:cppi_list_add)
                  0c0ad500    00000060     rts6600_elf_mt.lib : _mutex.obj (.text:create_resource_mutexes)
                  0c0ad560    00000060                        : _mutex.obj (.text:destroy_resource_mutexes)
                  0c0ad5c0    00000060     ti.omp.config.sysbios.ae66 : bar.oe66 (.text:gomp_barrier_destroy)
                  0c0ad620    00000060                                : bar.oe66 (.text:gomp_barrier_wait_start)
                  0c0ad680    00000060     ti.omp.ae66 : task.oe66 (.text:gomp_clear_parent)
                  0c0ad6e0    00000060                 : work.oe66 (.text:gomp_fini_work_share)
                  0c0ad740    00000060                 : env.oe66 (.text:gomp_icv)
                  0c0ad7a0    00000060                 : parallel.oe66 (.text:gomp_icv)
                  0c0ad800    00000060                 : alloc.oe66 (.text:gomp_malloc)
                  0c0ad860    00000060                 : team.oe66 (.text:gomp_new_icv)
                  0c0ad8c0    00000060                 : parallel.oe66 (.text:gomp_sem_post)
                  0c0ad920    00000060                 : task.oe66 (.text:gomp_sem_post)
                  0c0ad980    00000060                 : team.oe66 (.text:gomp_sem_post)
                  0c0ad9e0    00000060     ti.omp.config.sysbios.ae66 : bar.oe66 (.text:gomp_sem_post)
                  0c0ada40    00000060                                : bar.oe66 (.text:gomp_team_barrier_wake)
                  0c0adaa0    00000060     ti.omp.ae66 : error.oe66 (.text:gomp_verror)
                  0c0adb00    00000060     rts6600_elf_mt.lib : memccpy.obj (.text:memccpy)
                  0c0adb60    00000060                        : _pthread.obj (.text:pthread_mutex_destroy)
                  0c0adbc0    00000060     ti.omp.navigator.C6678.ae66 : Navigator.oe66 (.text:queue_push_elem)
                  0c0adc20    00000060     rts6600_elf_mt.lib : strncmp.obj (.text:strncmp)
                  0c0adc80    00000060     ti.omp.ae66 : team.oe66 (.text:team_destructor)
                  0c0adce0    00000060     ti.omp.utils.ae66 : HeapOMP.oe66 (.text:ti_omp_utils_HeapOMP_alloc__E)
                  0c0add40    00000060                       : OpenMP.oe66 (.text:ti_omp_utils_OpenMP_setProcId__I)
                  0c0adda0    00000060                       : ThreadLocalStorage.oe66 (.text:ti_omp_utils_ThreadLocalStorage_deleteFxn__F)
                  0c0ade00    00000060     omp_config_pe66.oe66 (.text:ti_sdo_ipc_MessageQ_Object__get__S)
                  0c0ade60    00000060     ipc.lib : Ipc.obj (.text:ti_sdo_ipc_family_c647x_NotifySetup_sharedMemReq__E)
                  0c0adec0    00000060             : Ipc.obj (.text:ti_sdo_ipc_gates_GateHWSem_leave__E)
                  0c0adf20    00000060             : Ipc.obj (.text:ti_sdo_ipc_gates_GatePeterson_Instance_finalize__F)
                  0c0adf80    00000060             : Ipc.obj (.text:ti_sdo_ipc_gates_GatePeterson_sharedMemReq__E)
                  0c0adfe0    00000060             : Ipc.obj (.text:ti_sdo_ipc_notifyDrivers_NotifyDriverShm_setNotifyHandle__E)
                  0c0ae040    00000060             : Ipc.obj (.text:ti_sdo_ipc_transports_TransportShmSetup_sharedMemReq__E)
                  0c0ae0a0    00000060     omp_config_pe66.oe66 (.text:ti_sdo_utils_List_Object__get__S)
                  0c0ae100    00000060     omp_config_pe66.oe66 (.text:ti_sdo_utils_NameServer_Object__get__S)
                  0c0ae160    00000060     omp_config_pe66.oe66 (.text:ti_sysbios_BIOS_exitFunc__I)
                  0c0ae1c0    00000060     sysbios.ae66 : BIOS.obj (.text:ti_sysbios_BIOS_rtsLock__I)
                  0c0ae220    00000060                  : BIOS.obj (.text:ti_sysbios_family_c62_TaskSupport_start__E)
                  0c0ae280    00000060                  : BIOS.obj (.text:ti_sysbios_gates_GateAll_enter__E)
                  0c0ae2e0    00000060                  : BIOS.obj (.text:ti_sysbios_gates_GateMutex_Instance_init__F)
                  0c0ae340    00000060     omp_config_pe66.oe66 (.text:ti_sysbios_heaps_HeapBuf_Object__get__S)
                  0c0ae3a0    00000060     omp_config_pe66.oe66 (.text:ti_sysbios_heaps_HeapMem_Object__get__S)
                  0c0ae400    00000060     omp_config_pe66.oe66 (.text:ti_sysbios_knl_Clock_doTick__I)
                  0c0ae460    00000060     omp_config_pe66.oe66 (.text:ti_sysbios_knl_Queue_Object__get__S)
                  0c0ae4c0    00000060     sysbios.ae66 : BIOS.obj (.text:ti_sysbios_knl_Swi_Module_startup__F)
                  0c0ae520    00000060     omp_config_pe66.oe66 (.text:ti_sysbios_knl_Swi_Object__get__S)
                  0c0ae580    00000060     omp_config_pe66.oe66 (.text:ti_sysbios_knl_Task_Object__get__S)
                  0c0ae5e0    00000060     sysbios.ae66 : BIOS.obj (.text:ti_sysbios_knl_Task_enter__I)
                  0c0ae640    00000060     rts6600_elf_mt.lib : lowlev.obj (.text:unlink)
                  0c0ae6a0    00000060     omp_config_pe66.oe66 (.text:xdc_runtime_GateNull_Object__create__S)
                  0c0ae700    00000060     ti.targets.rts6000.ae66 : Memory.oe66 (.text:xdc_runtime_Memory_calloc__F)
                  0c0ae760    00000060                             : Memory.oe66 (.text:xdc_runtime_Memory_valloc__F)
                  0c0ae7c0    00000060                             : SysMin.oe66 (.text:xdc_runtime_SysMin_Module_startup__F)
                  0c0ae820    00000060                             : SysMin.oe66 (.text:xdc_runtime_SysMin_exit__F)
                  0c0ae880    00000060     omp_config_pe66.oe66 (.text:xdc_runtime_SysMin_output__I)
                  0c0ae8e0    00000060     ti.targets.rts6000.ae66 : System.oe66 (.text:xdc_runtime_System_avprintf__F)
                  0c0ae940    00000060                             : System.oe66 (.text:xdc_runtime_System_vprintf__F)
                  0c0ae9a0    00000060                             : Text.oe66 (.text:xdc_runtime_Text_cordText__F)
                  0c0aea00    00000040     ti.omp.navigatorOsal.C6678.ae66 : Navigatorosal.oe66 (.text:CACHE_invL1dWait)
                  0c0aea40    00000040     ti.omp.ae66 : task.oe66 (.text:CACHE_wbInvAllL1d)
                  0c0aea80    00000040     ti.omp.config.sysbios.ae66 : bar.oe66 (.text:CACHE_wbInvAllL1d)
                  0c0aeac0    00000040     ti.omp.ae66 : task.oe66 (.text:CACHE_wbInvAllL1dWait)
                  0c0aeb00    00000040     ti.omp.config.sysbios.ae66 : bar.oe66 (.text:CACHE_wbInvAllL1dWait)
                  0c0aeb40    00000040     ti.omp.ae66 : task.oe66 (.text:CACHE_wbInvAllL2)
                  0c0aeb80    00000040     ti.omp.config.sysbios.ae66 : bar.oe66 (.text:CACHE_wbInvAllL2)
                  0c0aebc0    00000040     ti.omp.ae66 : task.oe66 (.text:CACHE_wbInvAllL2Wait)
                  0c0aec00    00000040     ti.omp.config.sysbios.ae66 : bar.oe66 (.text:CACHE_wbInvAllL2Wait)
                  0c0aec40    00000040     ti.omp.navigatorOsal.C6678.ae66 : Navigatorosal.oe66 (.text:CACHE_wbL1dWait)
                  0c0aec80    00000040     ti.omp.config.sysbios.ae66 : preinit.oe66 (.text:CSL_XMC_setXMPAXH)
                  0c0aecc0    00000040     ti.omp.ae66 : parallel.oe66 (.text:CSL_semAcquireDirect)
                  0c0aed00    00000040                 : task.oe66 (.text:CSL_semAcquireDirect)
                  0c0aed40    00000040                 : team.oe66 (.text:CSL_semAcquireDirect)
                  0c0aed80    00000040     ti.omp.config.sysbios.ae66 : bar.oe66 (.text:CSL_semAcquireDirect)
                  0c0aedc0    00000040     ti.omp.navigatorOsal.C6678.ae66 : Navigatorosal.oe66 (.text:CSL_semAcquireDirect)
                  0c0aee00    00000040     ti.omp.utils.ae66 : OpenMPMem.oe66 (.text:CSL_semAcquireDirect)
                  0c0aee40    00000040     ti.omp.ae66 : parallel.oe66 (.text:CSL_semReleaseSemaphore)
                  0c0aee80    00000040                 : task.oe66 (.text:CSL_semReleaseSemaphore)
                  0c0aeec0    00000040                 : team.oe66 (.text:CSL_semReleaseSemaphore)
                  0c0aef00    00000040     ti.omp.config.sysbios.ae66 : bar.oe66 (.text:CSL_semReleaseSemaphore)
                  0c0aef40    00000040     ti.omp.navigatorOsal.C6678.ae66 : Navigatorosal.oe66 (.text:CSL_semReleaseSemaphore)
                  0c0aef80    00000040     ti.omp.utils.ae66 : OpenMPMem.oe66 (.text:CSL_semReleaseSemaphore)
                  0c0aefc0    00000040     ti.omp.navigator.C6678.ae66 : Navigator.oe66 (.text:Cppi_getSoftwareInfo0)
                  0c0af000    00000040     ti.omp.ae66 : barrier.oe66 (.text:GOMP_barrier)
                  0c0af040    00000040                 : parallel.oe66 (.text:GOMP_parallel_start)
                  0c0af080    00000040     ti.omp.navigatorOsal.C6678.ae66 : Navigatorosal.oe66 (.text:Osal_cppiCsEnter)
                  0c0af0c0    00000040                                     : Navigatorosal.oe66 (.text:Osal_cppiFree)
                  0c0af100    00000040                                     : Navigatorosal.oe66 (.text:Osal_cppiMalloc)
                  0c0af140    00000040                                     : Navigatorosal.oe66 (.text:Osal_qmssBeginMemAccess)
                  0c0af180    00000040                                     : Navigatorosal.oe66 (.text:Osal_qmssCsEnter)
                  0c0af1c0    00000040                                     : Navigatorosal.oe66 (.text:Osal_qmssEndMemAccess)
                  0c0af200    00000040     ti.drv.qmss.ae66 : qmss_drv.oe66 (.text:Qmss_getMemRegDescSize)
                  0c0af240    00000040     ti.omp.navigator.C6678.ae66 : Navigator.oe66 (.text:Qmss_getQueueEntryCount)
                  0c0af280    00000040                                 : Navigator.oe66 (.text:Qmss_queueEmpty)
                  0c0af2c0    00000040                                 : Navigator.oe66 (.text:Qmss_queuePop)
                  0c0af300    00000040                                 : Navigator.oe66 (.text:Qmss_queuePushDesc)
                  0c0af340    00000040     rts6600_elf_mt.lib : _data_synch.obj (.text:__TI_data_synch_WB)
                  0c0af380    00000040                        : _data_synch.obj (.text:__TI_data_synch_WBINV)
                  0c0af3c0    00000040                        : _mutex.obj (.text:__TI_resource_unlock)
                  0c0af400    00000040                        : isinf.obj (.text:__c6xabi_isinf)
                  0c0af440    00000040                        : _printfi.obj (.text:__c6xabi_isnan)
                  0c0af480    00000040                        : args_main.obj (.text:_args_main)
                  0c0af4c0    00000040     ti.omp.config.sysbios.ae66 : preinit.oe66 (.text:_system_pre_init)
                  0c0af500    00000040     sysbios.ae66 : c62_TaskSupport_asm.obj (.text:_ti_sysbios_family_c62_TaskSupport_buildTaskStack)
                  0c0af540    00000040                  : c64p_Hwi_asm_switch.obj (.text:_ti_sysbios_family_xxx_Hwi_switchToIsrStack)
                  0c0af580    00000040     ti.omp.navigator.C6678.ae66 : Navigator.oe66 (.text:exit_Navigator)
                  0c0af5c0    00000040     omp_config_pe66.oe66 (.text:free)
                  0c0af600    00000040     ti.omp.ae66 : team.oe66 (.text:free_team)
                  0c0af640    00000040     ti.omp.config.sysbios.ae66 : bar.oe66 (.text:gomp_barrier_reinit)
                  0c0af680    00000040     ti.omp.ae66 : task.oe66 (.text:gomp_end_task)
                  0c0af6c0    00000040                 : error.oe66 (.text:gomp_error)
                  0c0af700    00000040                 : error.oe66 (.text:gomp_fatal)
                  0c0af740    00000040                 : alloc.oe66 (.text:gomp_free)
                  0c0af780    00000040                 : team.oe66 (.text:gomp_free_pool_helper)
                  0c0af7c0    00000040                 : critical.oe66 (.text:gomp_mutex_init)
                  0c0af800    00000040                 : env.oe66 (.text:gomp_mutex_init)
                  0c0af840    00000040                 : team.oe66 (.text:gomp_mutex_init)
                  0c0af880    00000040                 : work.oe66 (.text:gomp_mutex_init)
                  0c0af8c0    00000040     ti.omp.config.sysbios.ae66 : bar.oe66 (.text:gomp_mutex_init)
                  0c0af900    00000040     ti.omp.ae66 : team.oe66 (.text:gomp_new_thread_pool)
                  0c0af940    00000040                 : work.oe66 (.text:gomp_ptrlock_init)
                  0c0af980    00000040                 : critical.oe66 (.text:gomp_sem_init)
                  0c0af9c0    00000040                 : env.oe66 (.text:gomp_sem_init)
                  0c0afa00    00000040                 : task.oe66 (.text:gomp_sem_init)
                  0c0afa40    00000040                 : team.oe66 (.text:gomp_sem_init)
                  0c0afa80    00000040                 : work.oe66 (.text:gomp_sem_init)
                  0c0afac0    00000040     ti.omp.config.sysbios.ae66 : bar.oe66 (.text:gomp_sem_init)
                  0c0afb00    00000040     ti.omp.ae66 : task.oe66 (.text:gomp_team_barrier_waiting_for_tasks)
                  0c0afb40    00000040     ti.omp.config.sysbios.ae66 : thread.oe66 (.text:gomp_thread_create)
                  0c0afb80    00000040     rts6600_elf_mt.lib : _mutex.obj (.text:init_mutexes)
                  0c0afbc0    00000040     ti.omp.ae66 : critical.oe66 (.text:initialize_critical)
                  0c0afc00    00000040     ti.omp.utils.ae66 : ThreadLocalStorage.oe66 (.text:isTLSRequired)
                  0c0afc40    00000040     ti.omp.navigator.C6678.ae66 : Navigator.oe66 (.text:l2_global_address)
                  0c0afc80    00000040     ti.omp.ae66 : env.oe66 (.text:omp_check_defines)
                  0c0afcc0    00000040                 : parallel.oe66 (.text:omp_get_num_threads)
                  0c0afd00    00000040                 : env.oe66 (.text:omp_set_num_threads)
                  0c0afd40    00000040     rts6600_elf_mt.lib : _pthread.obj (.text:pthread_self)
                  0c0afd80    00000040     omp_config_pe66.oe66 (.text:ti_omp_utils_HeapOMP_Handle__label__S)
                  0c0afdc0    00000040     ti.omp.utils.ae66 : HeapOMP.oe66 (.text:ti_omp_utils_HeapOMP_Instance_init__F)
                  0c0afe00    00000040     omp_config_pe66.oe66 (.text:ti_omp_utils_HeapOMP_Object__delete__S)
                  0c0afe40    00000040     ti.omp.utils.ae66 : HeapOMP.oe66 (.text:ti_omp_utils_HeapOMP_free__E)
                  0c0afe80    00000040                       : ThreadLocalStorage.oe66 (.text:ti_omp_utils_ThreadLocalStorage_switchFxn__F)
                  0c0afec0    00000040                       : ThreadLocal.oe66 (.text:ti_omp_utils_ThreadLocal_createFxn__F)
                  0c0aff00    00000040     omp_config_pe66.oe66 (.text:ti_sdo_ipc_GateMP_Object__delete__S)
                  0c0aff40    00000040     omp_config_pe66.oe66 (.text:ti_sdo_ipc_GateMP_Params__init__S)
                  0c0aff80    00000040     omp_config_pe66.oe66 (.text:ti_sdo_ipc_GateMP_RemoteCustom1Proxy_Object__create__S)
                  0c0affc0    00000040     omp_config_pe66.oe66 (.text:ti_sdo_ipc_GateMP_RemoteCustom2Proxy_Object__create__S)
                  0c0b0000    00000040     omp_config_pe66.oe66 (.text:ti_sdo_ipc_GateMP_RemoteSystemProxy_Object__create__S)
                  0c0b0040    00000040     omp_config_pe66.oe66 (.text:ti_sdo_ipc_ListMP_Object__delete__S)
                  0c0b0080    00000040     omp_config_pe66.oe66 (.text:ti_sdo_ipc_ListMP_Params__init__S)
                  0c0b00c0    00000040     omp_config_pe66.oe66 (.text:ti_sdo_ipc_MessageQ_registerTransport__E)
                  0c0b0100    00000040     ipc.lib : Ipc.obj (.text:ti_sdo_ipc_family_c647x_Interrupt_intClear__E)
                  0c0b0140    00000040             : Ipc.obj (.text:ti_sdo_ipc_family_c647x_Interrupt_intSend__E)
                  0c0b0180    00000040     omp_config_pe66.oe66 (.text:ti_sdo_ipc_gates_GateHWSem_Handle__label__S)
                  0c0b01c0    00000040     omp_config_pe66.oe66 (.text:ti_sdo_ipc_gates_GateHWSem_Object__delete__S)
                  0c0b0200    00000040     omp_config_pe66.oe66 (.text:ti_sdo_ipc_gates_GateHWSem_Params__init__S)
                  0c0b0240    00000040     omp_config_pe66.oe66 (.text:ti_sdo_ipc_gates_GateMPSupportNull_Handle__label__S)
                  0c0b0280    00000040     omp_config_pe66.oe66 (.text:ti_sdo_ipc_gates_GateMPSupportNull_Object__delete__S)
                  0c0b02c0    00000040     omp_config_pe66.oe66 (.text:ti_sdo_ipc_gates_GateMPSupportNull_Params__init__S)
                  0c0b0300    00000040     omp_config_pe66.oe66 (.text:ti_sdo_ipc_gates_GatePeterson_Handle__label__S)
                  0c0b0340    00000040     omp_config_pe66.oe66 (.text:ti_sdo_ipc_gates_GatePeterson_Object__delete__S)
                  0c0b0380    00000040     omp_config_pe66.oe66 (.text:ti_sdo_ipc_gates_GatePeterson_Params__init__S)
                  0c0b03c0    00000040     omp_config_pe66.oe66 (.text:ti_sdo_ipc_heaps_HeapMemMP_Handle__label__S)
                  0c0b0400    00000040     omp_config_pe66.oe66 (.text:ti_sdo_ipc_heaps_HeapMemMP_Object__delete__S)
                  0c0b0440    00000040     omp_config_pe66.oe66 (.text:ti_sdo_ipc_heaps_HeapMemMP_Params__init__S)
                  0c0b0480    00000040     omp_config_pe66.oe66 (.text:ti_sdo_ipc_notifyDrivers_NotifyDriverShm_Handle__label__S)
                  0c0b04c0    00000040     omp_config_pe66.oe66 (.text:ti_sdo_ipc_notifyDrivers_NotifyDriverShm_InterruptProxy_intRegister__E)
                  0c0b0500    00000040     omp_config_pe66.oe66 (.text:ti_sdo_ipc_notifyDrivers_NotifyDriverShm_Object__delete__S)
                  0c0b0540    00000040     omp_config_pe66.oe66 (.text:ti_sdo_ipc_notifyDrivers_NotifyDriverShm_Params__init__S)
                  0c0b0580    00000040     ipc.lib : Ipc.obj (.text:ti_sdo_ipc_notifyDrivers_NotifyDriverShm_disable__E)
                  0c0b05c0    00000040             : Ipc.obj (.text:ti_sdo_ipc_notifyDrivers_NotifyDriverShm_enable__E)
                  0c0b0600    00000040     omp_config_pe66.oe66 (.text:ti_sdo_ipc_nsremote_NameServerRemoteNotify_Handle__label__S)
                  0c0b0640    00000040     omp_config_pe66.oe66 (.text:ti_sdo_ipc_nsremote_NameServerRemoteNotify_Object__delete__S)
                  0c0b0680    00000040     omp_config_pe66.oe66 (.text:ti_sdo_ipc_nsremote_NameServerRemoteNotify_Object__first__S)
                  0c0b06c0    00000040     omp_config_pe66.oe66 (.text:ti_sdo_ipc_nsremote_NameServerRemoteNotify_Object__next__S)
                  0c0b0700    00000040     omp_config_pe66.oe66 (.text:ti_sdo_ipc_nsremote_NameServerRemoteNotify_Params__init__S)
                  0c0b0740    00000040     omp_config_pe66.oe66 (.text:ti_sdo_ipc_nsremote_NameServerRemoteNotify_get__E)
                  0c0b0780    00000040     ipc.lib : Ipc.obj (.text:ti_sdo_ipc_nsremote_NameServerRemoteNotify_sharedMemReq__E)
                  0c0b07c0    00000040     omp_config_pe66.oe66 (.text:ti_sdo_ipc_transports_TransportShm_Handle__label__S)
                  0c0b0800    00000040     omp_config_pe66.oe66 (.text:ti_sdo_ipc_transports_TransportShm_Object__delete__S)
                  0c0b0840    00000040     omp_config_pe66.oe66 (.text:ti_sdo_ipc_transports_TransportShm_Params__init__S)
                  0c0b0880    00000040     omp_config_pe66.oe66 (.text:ti_sdo_utils_List_Object__destruct__S)
                  0c0b08c0    00000040     omp_config_pe66.oe66 (.text:ti_sdo_utils_NameServer_Module__startupDone__F)
                  0c0b0900    00000040     omp_config_pe66.oe66 (.text:ti_sdo_utils_NameServer_Object__first__S)
                  0c0b0940    00000040     omp_config_pe66.oe66 (.text:ti_sdo_utils_NameServer_Object__next__S)
                  0c0b0980    00000040     omp_config_pe66.oe66 (.text:ti_sysbios_BIOS_startFunc__I)
                  0c0b09c0    00000040     omp_config_pe66.oe66 (.text:ti_sysbios_family_c64p_Hwi_Module__startupDone__F)
                  0c0b0a00    00000040     omp_config_pe66.oe66 (.text:ti_sysbios_family_c64p_Hwi_Object__delete__S)
                  0c0b0a40    00000040     omp_config_pe66.oe66 (.text:ti_sysbios_family_c64p_Hwi_Params__init__S)
                  0c0b0a80    00000040     sysbios.ae66 : BIOS.obj (.text:ti_sysbios_family_c64p_Hwi_disableInterrupt__E)
                  0c0b0ac0    00000040                  : BIOS.obj (.text:ti_sysbios_family_c64p_Hwi_enableInterrupt__E)
                  0c0b0b00    00000040     omp_config_pe66.oe66 (.text:ti_sysbios_gates_GateAll_Handle__label__S)
                  0c0b0b40    00000040     omp_config_pe66.oe66 (.text:ti_sysbios_gates_GateAll_Object__delete__S)
                  0c0b0b80    00000040     omp_config_pe66.oe66 (.text:ti_sysbios_gates_GateHwi_Handle__label__S)
                  0c0b0bc0    00000040     omp_config_pe66.oe66 (.text:ti_sysbios_gates_GateHwi_Object__delete__S)
                  0c0b0c00    00000040     omp_config_pe66.oe66 (.text:ti_sysbios_gates_GateMutexPri_Handle__label__S)
                  0c0b0c40    00000040     sysbios.ae66 : BIOS.obj (.text:ti_sysbios_gates_GateMutexPri_Instance_init__F)
                  0c0b0c80    00000040     omp_config_pe66.oe66 (.text:ti_sysbios_gates_GateMutexPri_Object__delete__S)
                  0c0b0cc0    00000040     omp_config_pe66.oe66 (.text:ti_sysbios_gates_GateMutexPri_Object__destruct__S)
                  0c0b0d00    00000040     omp_config_pe66.oe66 (.text:ti_sysbios_gates_GateMutex_Handle__label__S)
                  0c0b0d40    00000040     omp_config_pe66.oe66 (.text:ti_sysbios_gates_GateMutex_Object__delete__S)
                  0c0b0d80    00000040     sysbios.ae66 : BIOS.obj (.text:ti_sysbios_gates_GateMutex_leave__E)
                  0c0b0dc0    00000040     omp_config_pe66.oe66 (.text:ti_sysbios_gates_GateSwi_Handle__label__S)
                  0c0b0e00    00000040     omp_config_pe66.oe66 (.text:ti_sysbios_gates_GateSwi_Object__delete__S)
                  0c0b0e40    00000040     omp_config_pe66.oe66 (.text:ti_sysbios_hal_Cache_CacheProxy_inv__E)
                  0c0b0e80    00000040     omp_config_pe66.oe66 (.text:ti_sysbios_hal_Cache_CacheProxy_wbInv__E)
                  0c0b0ec0    00000040     omp_config_pe66.oe66 (.text:ti_sysbios_hal_Timer_Module__startupDone__F)
                  0c0b0f00    00000040     omp_config_pe66.oe66 (.text:ti_sysbios_heaps_HeapMem_Handle__label__S)
                  0c0b0f40    00000040     omp_config_pe66.oe66 (.text:ti_sysbios_heaps_HeapMem_Object__delete__S)
                  0c0b0f80    00000040     omp_config_pe66.oe66 (.text:ti_sysbios_knl_Queue_Object__destruct__S)
                  0c0b0fc0    00000040     omp_config_pe66.oe66 (.text:ti_sysbios_knl_Semaphore_Object__destruct__S)
                  0c0b1000    00000040     omp_config_pe66.oe66 (.text:ti_sysbios_knl_Semaphore_Params__init__S)
                  0c0b1040    00000040     omp_config_pe66.oe66 (.text:ti_sysbios_knl_Swi_Object__destruct__S)
                  0c0b1080    00000040     omp_config_pe66.oe66 (.text:ti_sysbios_knl_Swi_Params__init__S)
                  0c0b10c0    00000040     omp_config_pe66.oe66 (.text:ti_sysbios_knl_Task_Object__delete__S)
                  0c0b1100    00000040     omp_config_pe66.oe66 (.text:ti_sysbios_knl_Task_Object__first__S)
                  0c0b1140    00000040     omp_config_pe66.oe66 (.text:ti_sysbios_knl_Task_Object__next__S)
                  0c0b1180    00000040     omp_config_pe66.oe66 (.text:ti_sysbios_knl_Task_Params__init__S)
                  0c0b11c0    00000040     ti.omp.utils.ae66 : OpenMP.oe66 (.text:ti_sysbios_knl_Task_create)
                  0c0b1200    00000040     omp_config_pe66.oe66 (.text:ti_sysbios_timers_timer64_Timer_Module__startupDone__F)
                  0c0b1240    00000040     sysbios.ae66 : BIOS.obj (.text:ti_sysbios_xdcruntime_GateThreadSupport_Instance_init__F)
                  0c0b1280    00000040     omp_config_pe66.oe66 (.text:ti_sysbios_xdcruntime_GateThreadSupport_Object__delete__S)
                  0c0b12c0    00000040     ti.targets.rts6000.ae66 : Error.oe66 (.text:xdc_runtime_Error_check__F)
                  0c0b1300    00000040                             : Error.oe66 (.text:xdc_runtime_Error_init__F)
                  0c0b1340    00000040     omp_config_pe66.oe66 (.text:xdc_runtime_Error_raiseX__E)
                  0c0b1380    00000040     omp_config_pe66.oe66 (.text:xdc_runtime_GateNull_Handle__label__S)
                  0c0b13c0    00000040     omp_config_pe66.oe66 (.text:xdc_runtime_GateNull_Object__delete__S)
                  0c0b1400    00000040     ti.targets.rts6000.ae66 : Gate.oe66 (.text:xdc_runtime_Gate_leaveSystem__F)
                  0c0b1440    00000040     omp_config_pe66.oe66 (.text:xdc_runtime_IHeap_alloc)
                  0c0b1480    00000040     omp_config_pe66.oe66 (.text:xdc_runtime_IHeap_free)
                  0c0b14c0    00000040     ti.targets.rts6000.ae66 : Memory.oe66 (.text:xdc_runtime_Memory_free__F)
                  0c0b1500    00000040     omp_config_pe66.oe66 (.text:xdc_runtime_Memory_valloc__E)
                  0c0b1540    00000040     ti.targets.rts6000.ae66 : Registry.oe66 (.text:xdc_runtime_Registry_findById__F)
[...]
0c0b9050   ti_sdo_ipc_Notify_Object__heap__C
0c0b9054   ti_sdo_ipc_Notify_numEvents__C
0c0b9058   ti_sdo_ipc_Notify_sendEventPollCount__C
0c0b905c   ti_sdo_ipc_SharedRegion_A_addrOutOfRange__C
0c0b9060   ti_sdo_ipc_SharedRegion_A_idTooLarge__C
0c0b9064   ti_sdo_ipc_SharedRegion_A_noHeap__C
0c0b9068   ti_sdo_ipc_SharedRegion_A_region0Invalid__C
0c0b906c   ti_sdo_ipc_SharedRegion_A_regionInvalid__C
0c0b9070   ti_sdo_ipc_SharedRegion_A_reserveTooMuch__C
0c0b9074   ti_sdo_ipc_SharedRegion_INVALIDSRPTR__C
0c0b9078   ti_sdo_ipc_SharedRegion_Module__diagsEnabled__C
0c0b907c   ti_sdo_ipc_SharedRegion_Module__diagsIncluded__C
0c0b9080   ti_sdo_ipc_SharedRegion_Module__diagsMask__C
0c0b9084   ti_sdo_ipc_SharedRegion_cacheLineSize__C
0c0b9088   ti_sdo_ipc_SharedRegion_numOffsetBits__C
0c0b908c   ti_sdo_ipc_SharedRegion_offsetMask__C
0c0b9090   ti_sdo_ipc_family_c647x_Interrupt_INTERDSPINT__C
0c0b9094   ti_sdo_ipc_family_c647x_Interrupt_IPCAR0__C
0c0b9098   ti_sdo_ipc_family_c647x_Interrupt_IPCGR0__C
0c0b909c   ti_sdo_ipc_family_c647x_Interrupt_KICK0__C
0c0b90a0   ti_sdo_ipc_family_c647x_Interrupt_KICK1__C
0c0b90a4   ti_sdo_ipc_family_c647x_MultiProcSetup_procMap__C
0c0b90a8   ti_sdo_ipc_family_c647x_NotifySetup_dspIntVectId__C
0c0b90ac   ti_sdo_ipc_gates_GateHWSem_A_invSemNum__C
0c0b90b0   ti_sdo_ipc_gates_GateHWSem_Module__diagsEnabled__C
0c0b90b4   ti_sdo_ipc_gates_GateHWSem_Module__diagsIncluded__C
0c0b90b8   ti_sdo_ipc_gates_GateHWSem_Module__diagsMask__C
0c0b90bc   ti_sdo_ipc_gates_GateHWSem_baseAddr__C
0c0b90c0   ti_sdo_ipc_gates_GateHWSem_numSems__C
0c0b90c4   ti_sdo_ipc_gates_GateHWSem_reservedMaskArr__C
0c0b90c8   ti_sdo_ipc_gates_GateHWSem_reservedMaskArr__A
0c0b90cc   ti_sdo_ipc_gates_GateMPSupportNull_A_invalidAction__C
0c0b90d0   ti_sdo_ipc_gates_GateMPSupportNull_Module__diagsEnabled__C
0c0b90d4   ti_sdo_ipc_gates_GateMPSupportNull_Module__diagsIncluded__C
0c0b90d8   ti_sdo_ipc_gates_GateMPSupportNull_Module__diagsMask__C
0c0b90dc   ti_sdo_ipc_gates_GateMPSupportNull_action__C
0c0b90e0   ti_sdo_ipc_gates_GatePeterson_E_gateRemotelyOpened__C
0c0b90e4   ti_sdo_ipc_gates_GatePeterson_Module__diagsEnabled__C
0c0b90e8   ti_sdo_ipc_gates_GatePeterson_Module__diagsIncluded__C
0c0b90ec   ti_sdo_ipc_gates_GatePeterson_Module__diagsMask__C
0c0b90f0   ti_sdo_ipc_gates_GatePeterson_numInstances__C
0c0b90f4   ti_sdo_ipc_heaps_HeapMemMP_A_align__C
0c0b90f8   ti_sdo_ipc_heaps_HeapMemMP_A_heapSize__C
0c0b90fc   ti_sdo_ipc_heaps_HeapMemMP_A_invalidFree__C
0c0b9100   ti_sdo_ipc_heaps_HeapMemMP_A_zeroBlock__C
0c0b9104   ti_sdo_ipc_heaps_HeapMemMP_E_memory__C
0c0b9108   ti_sdo_ipc_heaps_HeapMemMP_Module__diagsEnabled__C
0c0b910c   ti_sdo_ipc_heaps_HeapMemMP_Module__diagsIncluded__C
0c0b9110   ti_sdo_ipc_heaps_HeapMemMP_Module__diagsMask__C
0c0b9114   ti_sdo_ipc_interfaces_IGateMPSupport_Interface__BASE__C
0c0b9118   ti_sdo_ipc_interfaces_IMessageQTransport_Interface__BASE__C
0c0b911c   ti_sdo_ipc_interfaces_INotifyDriver_Interface__BASE__C
0c0b9120   ti_sdo_ipc_notifyDrivers_NotifyDriverShm_Module__diagsEnabled__C
0c0b9124   ti_sdo_ipc_notifyDrivers_NotifyDriverShm_Module__diagsIncluded__C
0c0b9128   ti_sdo_ipc_notifyDrivers_NotifyDriverShm_Module__diagsMask__C
0c0b912c   ti_sdo_ipc_notifyDrivers_NotifyDriverShm_Object__heap__C
0c0b9130   ti_sdo_ipc_nsremote_NameServerRemoteNotify_A_invalidValueLen__C
0c0b9134   ti_sdo_ipc_nsremote_NameServerRemoteNotify_Instance_State_semMultiBlock__O
0c0b9138   ti_sdo_ipc_nsremote_NameServerRemoteNotify_Instance_State_semRemoteWait__O
0c0b913c   ti_sdo_ipc_nsremote_NameServerRemoteNotify_Instance_State_swiObj__O
0c0b9140   ti_sdo_ipc_nsremote_NameServerRemoteNotify_Module__diagsEnabled__C
0c0b9144   ti_sdo_ipc_nsremote_NameServerRemoteNotify_Module__diagsIncluded__C
0c0b9148   ti_sdo_ipc_nsremote_NameServerRemoteNotify_Module__diagsMask__C
0c0b914c   ti_sdo_ipc_nsremote_NameServerRemoteNotify_notifyEventId__C
0c0b9150   ti_sdo_ipc_nsremote_NameServerRemoteNotify_timeout__C
0c0b9154   ti_sdo_ipc_transports_TransportShmSetup_priority__C
0c0b9158   ti_sdo_ipc_transports_TransportShm_Instance_State_swiObj__O
0c0b915c   ti_sdo_ipc_transports_TransportShm_Module__diagsEnabled__C
0c0b9160   ti_sdo_ipc_transports_TransportShm_Module__diagsIncluded__C
0c0b9164   ti_sdo_ipc_transports_TransportShm_Module__diagsMask__C
0c0b9168   ti_sdo_utils_INameServerRemote_Interface__BASE__C
0c0b916c   ti_sdo_utils_List_Object__count__C
0c0b9170   ti_sdo_utils_List_Object__table__C
0c0b9174   ti_sdo_utils_MultiProc_A_invalidMultiProcId__C
0c0b9178   ti_sdo_utils_MultiProc_Module__diagsEnabled__C
0c0b917c   ti_sdo_utils_MultiProc_Module__diagsIncluded__C
0c0b9180   ti_sdo_utils_MultiProc_Module__diagsMask__C
0c0b9184   ti_sdo_utils_NameServer_A_invArgument__C
0c0b9188   ti_sdo_utils_NameServer_A_invalidLen__C
0c0b918c   ti_sdo_utils_NameServer_E_entryExists__C
0c0b9190   ti_sdo_utils_NameServer_E_maxReached__C
0c0b9194   ti_sdo_utils_NameServer_Instance_State_freeList__O
0c0b9198   ti_sdo_utils_NameServer_Instance_State_nameList__O
0c0b919c   ti_sdo_utils_NameServer_Module__diagsEnabled__C
0c0b91a0   ti_sdo_utils_NameServer_Module__diagsIncluded__C
0c0b91a4   ti_sdo_utils_NameServer_Module__diagsMask__C
0c0b91a8   ti_sdo_utils_NameServer_Object__count__C
0c0b91ac   ti_sdo_utils_NameServer_Object__table__C
0c0b91b0   ti_sysbios_BIOS_Module__diagsEnabled__C
0c0b91b4   ti_sysbios_BIOS_Module__diagsIncluded__C
0c0b91b8   ti_sysbios_BIOS_Module__diagsMask__C
0c0b91bc   ti_sysbios_BIOS_installedErrorHook__C
0c0b91c0   ti_sysbios_family_c62_TaskSupport_stackAlignment__C
0c0b91c4   ti_sysbios_family_c64p_Exception_E_exceptionMax__C
0c0b91c8   ti_sysbios_family_c64p_Exception_E_exceptionMin__C
0c0b91cc   ti_sysbios_family_c64p_Exception_exceptionHook__C
0c0b91d0   ti_sysbios_family_c64p_Exception_externalHook__C
0c0b91d4   ti_sysbios_family_c64p_Exception_internalHook__C
0c0b91d8   ti_sysbios_family_c64p_Exception_nmiHook__C
0c0b91dc   ti_sysbios_family_c64p_Hwi_E_alreadyDefined__C
0c0b91e0   ti_sysbios_family_c64p_Hwi_E_handleNotFound__C
0c0b91e4   ti_sysbios_family_c64p_Hwi_LD_end__C
0c0b91e8   ti_sysbios_family_c64p_Hwi_LM_begin__C
0c0b91ec   ti_sysbios_family_c64p_Hwi_Module__diagsEnabled__C
0c0b91f0   ti_sysbios_family_c64p_Hwi_Module__diagsIncluded__C
0c0b91f4   ti_sysbios_family_c64p_Hwi_Module__diagsMask__C
0c0b91f8   ti_sysbios_family_c64p_Hwi_Module__loggerFxn1__C
0c0b91fc   ti_sysbios_family_c64p_Hwi_Module__loggerFxn8__C
0c0b9200   ti_sysbios_family_c64p_Hwi_Module__loggerObj__C
0c0b9204   ti_sysbios_family_c66_Cache_atomicBlockSize__C
0c0b9208   ti_sysbios_gates_GateMutexPri_A_badContext__C
0c0b920c   ti_sysbios_gates_GateMutexPri_A_enterTaskDisabled__C
0c0b9210   ti_sysbios_gates_GateMutexPri_Instance_State_pendQ__O
0c0b9214   ti_sysbios_gates_GateMutexPri_Module__diagsEnabled__C
0c0b9218   ti_sysbios_gates_GateMutexPri_Module__diagsIncluded__C
0c0b921c   ti_sysbios_gates_GateMutexPri_Module__diagsMask__C
0c0b9220   ti_sysbios_gates_GateMutex_A_badContext__C
0c0b9224   ti_sysbios_gates_GateMutex_Instance_State_sem__O
0c0b9228   ti_sysbios_gates_GateMutex_Module__diagsEnabled__C
0c0b922c   ti_sysbios_gates_GateMutex_Module__diagsIncluded__C
0c0b9230   ti_sysbios_gates_GateMutex_Module__diagsMask__C
0c0b9234   ti_sysbios_gates_GateSwi_A_badContext__C
0c0b9238   ti_sysbios_gates_GateSwi_Module__diagsEnabled__C
0c0b923c   ti_sysbios_gates_GateSwi_Module__diagsIncluded__C
0c0b9240   ti_sysbios_gates_GateSwi_Module__diagsMask__C
0c0b9244   ti_sysbios_hal_Hwi_E_stackOverflow__C
0c0b9248   ti_sysbios_heaps_HeapBuf_Instance_State_freeList__O
0c0b924c   ti_sysbios_heaps_HeapBuf_Object__count__C
0c0b9250   ti_sysbios_heaps_HeapBuf_Object__table__C
0c0b9254   ti_sysbios_heaps_HeapBuf_numConstructedHeaps__C
0c0b9258   ti_sysbios_heaps_HeapMem_A_align__C
0c0b925c   ti_sysbios_heaps_HeapMem_A_heapSize__C
0c0b9260   ti_sysbios_heaps_HeapMem_A_invalidFree__C
0c0b9264   ti_sysbios_heaps_HeapMem_A_zeroBlock__C
0c0b9268   ti_sysbios_heaps_HeapMem_E_memory__C
0c0b926c   ti_sysbios_heaps_HeapMem_Module__diagsEnabled__C
0c0b9270   ti_sysbios_heaps_HeapMem_Module__diagsIncluded__C
0c0b9274   ti_sysbios_heaps_HeapMem_Module__diagsMask__C
0c0b9278   ti_sysbios_heaps_HeapMem_Module__gateObj__C
0c0b927c   ti_sysbios_heaps_HeapMem_Object__count__C
0c0b9280   ti_sysbios_heaps_HeapMem_Object__table__C
0c0b9284   ti_sysbios_heaps_HeapMem_reqAlign__C
0c0b9288   ti_sysbios_knl_Clock_LM_begin__C
0c0b928c   ti_sysbios_knl_Clock_LM_tick__C
0c0b9290   ti_sysbios_knl_Clock_LW_delayed__C
0c0b9294   ti_sysbios_knl_Clock_Module_State_clockQ__O
0c0b9298   ti_sysbios_knl_Clock_Module__diagsEnabled__C
0c0b929c   ti_sysbios_knl_Clock_Module__diagsIncluded__C
0c0b92a0   ti_sysbios_knl_Clock_Module__diagsMask__C
0c0b92a4   ti_sysbios_knl_Clock_Module__loggerFxn1__C
0c0b92a8   ti_sysbios_knl_Clock_Module__loggerFxn2__C
0c0b92ac   ti_sysbios_knl_Clock_Module__loggerObj__C
0c0b92b0   ti_sysbios_knl_Clock_tickMode__C
0c0b92b4   ti_sysbios_knl_Clock_tickSource__C
0c0b92b8   ti_sysbios_knl_Queue_Object__count__C
0c0b92bc   ti_sysbios_knl_Queue_Object__table__C
0c0b92c0   ti_sysbios_knl_Semaphore_A_badContext__C
0c0b92c4   ti_sysbios_knl_Semaphore_A_noEvents__C
0c0b92c8   ti_sysbios_knl_Semaphore_A_overflow__C
0c0b92cc   ti_sysbios_knl_Semaphore_A_pendTaskDisabled__C
0c0b92d0   ti_sysbios_knl_Semaphore_Instance_State_pendQ__O
0c0b92d4   ti_sysbios_knl_Semaphore_LM_pend__C
0c0b92d8   ti_sysbios_knl_Semaphore_LM_post__C
0c0b92dc   ti_sysbios_knl_Semaphore_Module__diagsEnabled__C
0c0b92e0   ti_sysbios_knl_Semaphore_Module__diagsIncluded__C
0c0b92e4   ti_sysbios_knl_Semaphore_Module__diagsMask__C
0c0b92e8   ti_sysbios_knl_Semaphore_Module__loggerFxn2__C
0c0b92ec   ti_sysbios_knl_Semaphore_Module__loggerFxn4__C
0c0b92f0   ti_sysbios_knl_Semaphore_Module__loggerObj__C
0c0b92f4   ti_sysbios_knl_Swi_A_badPriority__C
0c0b92f8   ti_sysbios_knl_Swi_LD_end__C
0c0b92fc   ti_sysbios_knl_Swi_LM_begin__C
0c0b9300   ti_sysbios_knl_Swi_LM_post__C
0c0b9304   ti_sysbios_knl_Swi_Module__diagsEnabled__C
0c0b9308   ti_sysbios_knl_Swi_Module__diagsIncluded__C
0c0b930c   ti_sysbios_knl_Swi_Module__diagsMask__C
0c0b9310   ti_sysbios_knl_Swi_Module__loggerFxn1__C
0c0b9314   ti_sysbios_knl_Swi_Module__loggerFxn4__C
0c0b9318   ti_sysbios_knl_Swi_Module__loggerObj__C
0c0b931c   ti_sysbios_knl_Swi_Object__count__C
0c0b9320   ti_sysbios_knl_Swi_Object__table__C
0c0b9324   ti_sysbios_knl_Swi_numPriorities__C
0c0b9328   ti_sysbios_knl_Task_A_badPriority__C
0c0b932c   ti_sysbios_knl_Task_A_badTaskState__C
0c0b9330   ti_sysbios_knl_Task_A_badThreadType__C
0c0b9334   ti_sysbios_knl_Task_A_noPendElem__C
0c0b9338   ti_sysbios_knl_Task_E_deleteNotAllowed__C
0c0b933c   ti_sysbios_knl_Task_LD_block__C
0c0b9340   ti_sysbios_knl_Task_LD_exit__C
0c0b9344   ti_sysbios_knl_Task_LD_ready__C
0c0b9348   ti_sysbios_knl_Task_LM_setPri__C
0c0b934c   ti_sysbios_knl_Task_LM_switch__C
0c0b9350   ti_sysbios_knl_Task_LM_yield__C
0c0b9354   ti_sysbios_knl_Task_Module_State_inactiveQ__O
0c0b9358   ti_sysbios_knl_Task_Module_State_terminatedQ__O
0c0b935c   ti_sysbios_knl_Task_Module__diagsEnabled__C
0c0b9360   ti_sysbios_knl_Task_Module__diagsIncluded__C
0c0b9364   ti_sysbios_knl_Task_Module__diagsMask__C
0c0b9368   ti_sysbios_knl_Task_Module__loggerFxn2__C
0c0b936c   ti_sysbios_knl_Task_Module__loggerFxn4__C
0c0b9370   ti_sysbios_knl_Task_Module__loggerObj__C
0c0b9374   ti_sysbios_knl_Task_Object__count__C
0c0b9378   ti_sysbios_knl_Task_Object__heap__C
0c0b937c   ti_sysbios_knl_Task_Object__table__C
0c0b9380   ti_sysbios_knl_Task_allBlockedFunc__C
0c0b9384   ti_sysbios_knl_Task_defaultStackHeap__C
0c0b9388   ti_sysbios_knl_Task_defaultStackSize__C
0c0b938c   ti_sysbios_knl_Task_numConstructedTasks__C
0c0b9390   ti_sysbios_knl_Task_numPriorities__C
0c0b9394   ti_sysbios_timers_timer64_Timer_A_notAvailable__C
0c0b9398   ti_sysbios_timers_timer64_Timer_E_cannotSupport__C
0c0b939c   ti_sysbios_timers_timer64_Timer_Module__diagsEnabled__C
0c0b93a0   ti_sysbios_timers_timer64_Timer_Module__diagsIncluded__C
0c0b93a4   ti_sysbios_timers_timer64_Timer_Module__diagsMask__C
0c0b93a8   ti_sysbios_timers_timer64_Timer_anyMask__C
0c0b93ac   ti_sysbios_timers_timer64_Timer_freqDivisor__C
0c0b93b0   ti_sysbios_timers_timer64_Timer_numLocalTimers__C
0c0b93b4   ti_sysbios_timers_timer64_Timer_numTimerDevices__C
0c0b93b8   ti_sysbios_xdcruntime_GateThreadSupport_Instance_State_gate__O
0c0b93bc   xdc_runtime_Assert_E_assertFailed__C
0c0b93c0   xdc_runtime_Core_A_initializedParams__C
0c0b93c4   xdc_runtime_Core_Module__diagsEnabled__C
0c0b93c8   xdc_runtime_Core_Module__diagsIncluded__C
0c0b93cc   xdc_runtime_Core_Module__diagsMask__C
0c0b93d0   xdc_runtime_Error_E_memory__C
0c0b93d4   xdc_runtime_Error_Module__diagsEnabled__C
0c0b93d8   xdc_runtime_Error_Module__diagsIncluded__C
0c0b93dc   xdc_runtime_Error_Module__diagsMask__C
0c0b93e0   xdc_runtime_Error_Module__loggerFxn8__C
0c0b93e4   xdc_runtime_Error_Module__loggerObj__C
0c0b93e8   xdc_runtime_Error_policy__C
0c0b93ec   xdc_runtime_Error_raiseHook__C
0c0b93f0   xdc_runtime_IGateProvider_Interface__BASE__C
0c0b93f4   xdc_runtime_IHeap_Interface__BASE__C
0c0b93f8   xdc_runtime_IModule_Interface__BASE__C
0c0b93fc   xdc_runtime_Log_L_error__C
0c0b9400   xdc_runtime_Memory_defaultHeapInstance__C
0c0b9404   xdc_runtime_Startup_execImpl__C
0c0b9408   xdc_runtime_Startup_maxPasses__C
0c0b940c   xdc_runtime_Startup_sfxnRts__C
0c0b9410   xdc_runtime_Startup_sfxnTab__C
0c0b9414   xdc_runtime_Startup_startModsFxn__C
0c0b9418   xdc_runtime_SysMin_bufSize__C
0c0b941c   xdc_runtime_SysMin_outputFunc__C
0c0b9420   xdc_runtime_System_Module__gateObj__C
0c0b9424   xdc_runtime_System_extendFxn__C
0c0b9428   xdc_runtime_System_maxAtexitHandlers__C
0c0b942c   xdc_runtime_Text_charTab__C
0c0b9430   xdc_runtime_Text_nameEmpty__C
0c0b9434   xdc_runtime_Text_nameStatic__C
0c0b9438   xdc_runtime_Text_nameUnknown__C
0c0b943c   xdc_runtime_Text_nodeTab__C
0c0b9440   xdc_runtime_Text_visitRopeFxn__C
0c0b9444   ti_sdo_ipc_Ipc_Module__id__C
0c0b9446   ti_sdo_ipc_Ipc_generateSlaveDataForHost__C
0c0b9448   ti_sdo_ipc_ListMP_Module__id__C
0c0b944a   ti_sdo_ipc_MessageQ_Module__id__C
0c0b944c   ti_sdo_ipc_MessageQ_Module__loggerDefined__C
0c0b944e   ti_sdo_ipc_Notify_Module__id__C
0c0b9450   ti_sdo_ipc_Notify_numLines__C
0c0b9452   ti_sdo_ipc_Notify_reservedEvents__C
0c0b9454   ti_sdo_ipc_SharedRegion_Module__id__C
0c0b9456   ti_sdo_ipc_SharedRegion_numEntries__C
0c0b9458   ti_sdo_ipc_SharedRegion_translate__C
0c0b945a   ti_sdo_ipc_family_c647x_Interrupt_enableKick__C
0c0b945c   ti_sdo_ipc_gates_GateHWSem_Module__id__C
0c0b945e   ti_sdo_ipc_gates_GateMPSupportNull_Module__id__C
0c0b9460   ti_sdo_ipc_gates_GatePeterson_Module__id__C
0c0b9462   ti_sdo_ipc_heaps_HeapMemMP_Module__id__C
0c0b9464   ti_sdo_ipc_notifyDrivers_NotifyDriverShm_Module__id__C
0c0b9466   ti_sdo_ipc_nsremote_NameServerRemoteNotify_Module__id__C
0c0b9468   ti_sdo_ipc_transports_TransportShm_Module__id__C
0c0b946a   ti_sdo_ipc_transports_TransportShm_notifyEventId__C
0c0b946c   ti_sdo_utils_MultiProc_Module__id__C
0c0b946e   ti_sdo_utils_MultiProc_numProcessors__C
0c0b9470   ti_sdo_utils_MultiProc_numProcsInCluster__C
0c0b9472   ti_sdo_utils_NameServer_Module__id__C
0c0b9474   ti_sysbios_BIOS_Module__id__C
0c0b9476   ti_sysbios_family_c64p_Exception_Module__id__C
0c0b9478   ti_sysbios_family_c64p_Exception_enableExternalMPC__C
0c0b947a   ti_sysbios_family_c64p_Exception_enablePrint__C
0c0b947c   ti_sysbios_family_c64p_Exception_useInternalBuffer__C
0c0b947e   ti_sysbios_family_c64p_Hwi_Module__id__C
0c0b9480   ti_sysbios_family_c64p_Hwi_Module__loggerDefined__C
0c0b9482   ti_sysbios_gates_GateMutexPri_Module__id__C
0c0b9484   ti_sysbios_gates_GateMutex_Module__id__C
0c0b9486   ti_sysbios_gates_GateSwi_Module__id__C
0c0b9488   ti_sysbios_hal_Hwi_Module__id__C
0c0b948a   ti_sysbios_heaps_HeapMem_Module__id__C
0c0b948c   ti_sysbios_knl_Clock_Module__id__C
0c0b948e   ti_sysbios_knl_Clock_Module__loggerDefined__C
0c0b9490   ti_sysbios_knl_Semaphore_Module__id__C
0c0b9492   ti_sysbios_knl_Semaphore_Module__loggerDefined__C
0c0b9494   ti_sysbios_knl_Swi_Module__id__C
0c0b9496   ti_sysbios_knl_Swi_Module__loggerDefined__C
0c0b9498   ti_sysbios_knl_Task_Module__id__C
0c0b949a   ti_sysbios_knl_Task_Module__loggerDefined__C
0c0b949c   ti_sysbios_knl_Task_deleteTerminatedTasks__C
0c0b949e   ti_sysbios_knl_Task_initStackFlag__C
0c0b94a0   ti_sysbios_timers_timer64_Timer_Module__id__C
0c0b94a2   ti_sysbios_timers_timer64_Timer_startupNeeded__C
0c0b94a4   xdc_runtime_Core_Module__id__C
0c0b94a6   xdc_runtime_Error_Module__loggerDefined__C
0c0b94a8   xdc_runtime_Error_maxDepth__C
0c0b94aa   xdc_runtime_Memory_Module__id__C
0c0b94ac   xdc_runtime_SysMin_flushAtExit__C
0c0b94ae   xdc_runtime_Text_charCnt__C
0c0b94b0   xdc_runtime_Text_isLoaded__C
0c0b94b2   xdc_runtime_Text_registryModsLastId__C
0c0b94b4   xdc_runtime_Text_unnamedModsLastId__C
0c0b94b8   __TI_STATIC_BASE
0c0b94b8   qmssMallocCounter
0c0b94bc   qmssFreeCounter
0c0b94c0   cppiMallocCounter
0c0b94c4   cppiFreeCounter
0c0b94c8   qmssLObjIsValid
0c0b94d0   omp_qmssGblCfgParams
0c0b95f0   omp_cppiGblCfgParams
0c0b9668   logtable
0c0b96a8   cppiLObj
0c0b96ac   qmssLObj
0c0b9800   ti_sysbios_family_c64p_Hwi0
0c0b9800   ti_sysbios_family_c64p_Hwi_int0
0c0b9820   ti_sysbios_family_c64p_Hwi_int1
0c0b9840   ti_sysbios_family_c64p_Hwi_int2
0c0b9860   ti_sysbios_family_c64p_Hwi_int3
0c0b9880   ti_sysbios_family_c64p_Hwi_int4
0c0b98a0   ti_sysbios_family_c64p_Hwi_int5
0c0b98c0   ti_sysbios_family_c64p_Hwi_int6
0c0b98e0   ti_sysbios_family_c64p_Hwi_int7
0c0b9900   ti_sysbios_family_c64p_Hwi_int8
0c0b9920   ti_sysbios_family_c64p_Hwi_int9
0c0b9940   ti_sysbios_family_c64p_Hwi_int10
0c0b9960   ti_sysbios_family_c64p_Hwi_int11
0c0b9980   ti_sysbios_family_c64p_Hwi_int12
0c0b99a0   ti_sysbios_family_c64p_Hwi_int13
0c0b99c0   ti_sysbios_family_c64p_Hwi_int14
0c0b99e0   ti_sysbios_family_c64p_Hwi_int15
0c0b9bf8   __TI_TLS_MAIN_THREAD_Base
0c0b9bf8   errno
0c0b9cc8   numnL2
0c0b9d40   Logtab_asm
0c0b9df8   g_ui64StartTime
0c0b9e00   g_ui64StopTime
0c0b9e08   g_ui64ElapsedTime
0c0b9e10   Ipc_sr0MemorySetup
0c0b9e28   __TI_TLS_INIT_Base
0c0b9e38   __TI_TLS_INIT_Limit
0c0b9e38   __TI_table_binit
0c0b9e38   __binit__
0c0b9e38   binit
0c0ba000   _c_int00
0c0baa28   __TI_Handler_Table_Base
0c0baa34   __TI_Handler_Table_Limit
0c0baa74   __TI_CINIT_Base
0c0baacc   __TI_CINIT_Limit
80000000   pui32DestBuffer
a03e5000   linkingRAM0
a03f5000   eventDesc
a03f7000   cpdmaCfg
a03f7018   qmssInitConfig
a03f7044   memInfo
a03f705c   descCfg
a03f708c   cppiHnd
a03f7090   completionQueHnd
a03f7094   eventQueHnd
a03f7098   EventFreeDescHnd
a03f709c   releaseHnd
a03f70a0   release
a03f70a4   runCount
a03f70a8   isQMSSInitialized
a03f70b0   gomp_thread_attr
a03f70e8   gomp_thread_destructor
a03f70ec   gomp_main_exit
a03f70f0   BufferMgmt
a03f70fc   gomp_tls_key
a03f7100   queueFree
a03f9100   qmssGObj
a03f96d0   ThreadLocal_destructors
a03f9710   gomp_cpu_affinity
a03f9714   gomp_cpu_affinity_len
a03f9718   gomp_remaining_threads_count
a03f971c   gomp_remaining_threads_lock
a03f9728   gomp_spin_count_var
a03f9730   gomp_throttled_spin_count_var
a03f9738   gomp_global_icv
a03f9748   gomp_max_active_levels_var
a03f974c   gomp_thread_limit_var
a03f9750   gomp_available_cpus
a03f9754   gomp_managed_threads
a03f9770   ThreadLocal_usedKeys
a03f9780   cppiObject
ffffffff   __TI_pprof_out_hndl
ffffffff   __TI_prof_data_size
ffffffff   __TI_prof_data_start
ffffffff   __c_args__
UNDEFED    __TI_INITARRAY_Base
UNDEFED    __TI_INITARRAY_Limit

[1533 symbols]
