******************************************************************************
               TMS320C6x Linker PC v7.4.4                      
******************************************************************************
>> Linked Mon Apr 06 23:45:34 2015

OUTPUT FILE NAME:   <NewOMP.out>
ENTRY POINT SYMBOL: "_c_int00"  address: 0c0d2000


MEMORY CONFIGURATION

         name            origin    length      used     unused   attr    fill
----------------------  --------  ---------  --------  --------  ----  --------
  L2SRAM                00800000   00080000  0002bbd8  00054428  RWIX
  MSMCSRAM              0c000000   003c0000  000d2ba2  002ed45e  RWIX
  DDR3                  80000000   20000000  0004b000  1ffb5000  RWIX
  MSMCSRAM_NOCACHE      a03c0000   00040000  0003996e  00006692  RWIX


SEGMENT ALLOCATION MAP

run origin  load origin   length   init length attrs members
----------  ----------- ---------- ----------- ----- -------
00800000    00800000    0002bbd8   0002aab4    rw-
  00800000    00800000    0002aab4   0002aab4    rw- .localfar
  0082aab4    0082aab4    00000004   00000000    rw- .tls_tp
  0082aab8    0082aab8    00001000   00000000    rw- .stack
  0082bab8    0082bab8    00000120   00000000    rw- .cio
0c080000    0c080000    0004a340   0004a340    rwx
  0c080000    0c080000    0004a340   0004a340    rwx .text
0c0ca340    0c0ca340    000068d2   000068d2    r--
  0c0ca340    0c0ca340    000068d2   000068d2    r-- .const
0c0d0c20    0c0d0c20    00000430   00000430    rw-
  0c0d0c20    0c0d0c20    00000430   00000430    rw- .data.1
0c0d1050    0c0d1050    00000010   00000010    r--
  0c0d1050    0c0d1050    00000010   00000010    r-- .switch.1
0c0d1060    0c0d1060    000001d8   000001d8    rw-
  0c0d1060    0c0d1060    000001d8   000001d8    rw- .data.2
0c0d1238    0c0d1490    00000011   00000011    rw-
  0c0d1238    0c0d1490    00000011   00000011    rw- .neardata
0c0d1250    0c0d14a8    0000023c   0000023c    rw-
  0c0d1250    0c0d14a8    0000023c   0000023c    rw- .fardata
0c0d16e4    0c0d16e4    00000094   00000000    rw-
  0c0d16e4    0c0d16e4    00000094   00000000    rw- .far.1
0c0d1778    0c0d1778    00000070   00000070    r--
  0c0d1778    0c0d1778    00000070   00000070    r-- .switch.2
0c0d1800    0c0d1800    00000200   00000200    r-x
  0c0d1800    0c0d1800    00000200   00000200    r-x .vecs
0c0d1a00    0c0d1a00    00000120   00000000    rw-
  0c0d1a00    0c0d1a00    00000120   00000000    rw- .far.2
0c0d1b20    0c0d1b20    000000d0   00000008    rw-
  0c0d1b20    0c0d1b20    00000008   00000008    rw- .tdata
  0c0d1b28    0c0d1b28    000000c8   00000000    rw- .tbss
0c0d1bf0    0c0d1bf0    00000030   00000030    r--
  0c0d1bf0    0c0d1bf0    00000030   00000030    r-- .switch.3
0c0d1c20    0c0d1c20    0000001c   00000000    rw-
  0c0d1c20    0c0d1c20    0000001c   00000000    rw- .bss
0c0d1c3c    0c0d1c3c    00000044   00000044    r--
  0c0d1c3c    0c0d1c3c    00000028   00000028    r-- .TI.tls_init
  0c0d1c64    0c0d1c64    0000001c   0000001c    r-- .binit
0c0d2000    0c0d2000    00000f4c   00000f4c    r-x
  0c0d2000    0c0d2000    000000a0   000000a0    r-x .text:_c_int00
  0c0d20a0    0c0d20a0    00000eac   00000eac    r-- .cinit
80000000    80000000    0004b000   00000000    rw-
  80000000    80000000    0004b000   00000000    rw- .damian
a03e5000    a03e5000    000120ac   000120ac    rw-
  a03e5000    a03e5000    000120ac   000120ac    rw- .qmss.1
a03f70b0    a03f70b0    00000050   00000050    rw-
  a03f70b0    a03f70b0    00000050   00000050    rw- gomp_data.1
a03f7100    a03f7100    00002672   00002672    rw-
  a03f7100    a03f7100    00002400   00002400    rw- .qmss.2
  a03f9500    a03f9500    00000272   00000272    rw- gomp_data.2
a03f9780    a03f9780    00000200   00000000    rw-
  a03f9780    a03f9780    00000200   00000000    rw- .cppi


SECTION ALLOCATION MAP

 output                                  attributes/
section   page    origin      length       input sections
--------  ----  ----------  ----------   ----------------
.init_array 
*          0    00800000    00000000     UNINITIALIZED

.init_array 
*          0    0c000000    00000000     UNINITIALIZED

.localfar 
*          0    00800000    0002aab4     
                  00800000    00028030     omp_config_pe66.oe66 (.far) [fill = 0]
                  00828030    00001000     omp_config_pe66.oe66 (.far:taskStackSection) [fill = 0]
                  00829030    00000150     rts6600_elf_mt.lib : _mutex.obj (.far) [fill = 0]
                  00829180    00000140                        : defs.obj (.far) [fill = 0]
                  008292c0    00000008                        : trgdrv.obj (.far) [fill = 0]
                  008292c8    00000800     omp_config_pe66.oe66 (.fardata:ti_sdo_ipc_GateMP_Module_State_0_remoteCustom1Gates__A)
                  00829ac8    00000364     omp_config_pe66.oe66 (.fardata)
                  00829e2c    00000004     --HOLE--
                  00829e30    00000180     omp_config_pe66.oe66 (.fardata:ti_sysbios_timers_timer64_Timer_Module_State_0_device__A)
                  00829fb0    000000e0     omp_config_pe66.oe66 (.fardata:ti_sdo_utils_NameServer_Object__table__V)
                  0082a090    00000098     omp_config_pe66.oe66 (.fardata:ti_sysbios_knl_Task_Object__table__V)
                  0082a128    00000098     omp_config_pe66.oe66 (.fardata:ti_sysbios_timers_timer64_Timer_Object__table__V)
                  0082a1c0    00000090     omp_config_pe66.oe66 (.fardata:ti_sdo_ipc_SharedRegion_Module_State_0_regions__A)
                  0082a250    00000080     omp_config_pe66.oe66 (.fardata:ti_sdo_ipc_GateMP_Module_State_0_remoteSystemGates__A)
                  0082a2d0    00000080     omp_config_pe66.oe66 (.fardata:ti_sysbios_knl_Swi_Module_State_0_readyQ__A)
                  0082a350    00000080     omp_config_pe66.oe66 (.fardata:ti_sysbios_knl_Task_Module_State_0_readyQ__A)
                  0082a3d0    00000080     omp_config_pe66.oe66 (.fardata:ti_sysbios_timers_timer64_Timer_Module_State_0_gctrl__A)
                  0082a450    00000080     omp_config_pe66.oe66 (.fardata:ti_sysbios_timers_timer64_Timer_Module_State_0_handles__A)
                  0082a4d0    00000080     omp_config_pe66.oe66 (.fardata:ti_sysbios_timers_timer64_Timer_Module_State_0_intFreqs__A)
                  0082a550    00000040     omp_config_pe66.oe66 (.fardata:ti_sdo_ipc_MessageQ_Module_State_0_transports__A)
                  0082a590    00000040     omp_config_pe66.oe66 (.fardata:ti_sdo_ipc_family_c647x_Interrupt_Module_State_0_fxnTable__A)
                  0082a5d0    00000040     omp_config_pe66.oe66 (.fardata:ti_sysbios_gates_GateMutex_Object__table__V)
                  0082a610    00000030     omp_config_pe66.oe66 (.fardata:ti_sysbios_knl_Swi_Object__table__V)
                  0082a640    00000020     omp_config_pe66.oe66 (.fardata:ti_sdo_ipc_MessageQ_Module_State_0_heaps__A)
                  0082a660    00000020     omp_config_pe66.oe66 (.fardata:ti_sdo_ipc_transports_TransportShmSetup_Module_State_0_handles__A)
                  0082a680    00000020     omp_config_pe66.oe66 (.fardata:xdc_runtime_System_Module_State_0_atexitHandlers__A)
                  0082a6a0    00000018     omp_config_pe66.oe66 (.fardata:ti_sysbios_family_c64p_Hwi_Object__table__V)
                  0082a6b8    00000018     omp_config_pe66.oe66 (.fardata:ti_sysbios_gates_GateMutexPri_Object__table__V)
                  0082a6d0    00000018     omp_config_pe66.oe66 (.fardata:ti_sysbios_heaps_HeapMem_Object__table__V)
                  0082a6e8    00000014     omp_config_pe66.oe66 (.fardata:ti_sdo_ipc_Ipc_Module_State_0_procEntry__A)
                  0082a6fc    00000004     --HOLE--
                  0082a700    00000010     omp_config_pe66.oe66 (.fardata:ti_sysbios_gates_GateAll_Object__table__V)
                  0082a710    0000000c     omp_config_pe66.oe66 (.fardata:ti_omp_utils_HeapOMP_Object__table__V)
                  0082a71c    00000004     --HOLE--
                  0082a720    0000000c     omp_config_pe66.oe66 (.fardata:ti_sysbios_gates_GateSwi_Object__table__V)
                  0082a72c    00000004     --HOLE--
                  0082a730    00000008     omp_config_pe66.oe66 (.fardata:ti_sysbios_hal_Hwi_Object__table__V)
                  0082a738    00000008     omp_config_pe66.oe66 (.fardata:ti_sysbios_hal_Timer_Object__table__V)
                  0082a740    00000004     omp_config_pe66.oe66 (.fardata:ti_sdo_ipc_GateMP_Module_State_0_remoteCustom2Gates__A)
                  0082a744    00000004     --HOLE--
                  0082a748    00000004     omp_config_pe66.oe66 (.fardata:ti_sdo_ipc_Notify_Module_State_0_notifyHandles_0__A)
                  0082a74c    00000004     --HOLE--
                  0082a750    00000004     omp_config_pe66.oe66 (.fardata:ti_sdo_ipc_Notify_Module_State_0_notifyHandles__A)
                  0082a754    00000004     --HOLE--
                  0082a758    00000004     omp_config_pe66.oe66 (.fardata:ti_sysbios_gates_GateHwi_Object__table__V)
                  0082a75c    00000004     --HOLE--
                  0082a760    00000004     omp_config_pe66.oe66 (.fardata:ti_sysbios_knl_Task_Module_State_0_idleTask__A)
                  0082a764    00000004     --HOLE--
                  0082a768    00000004     omp_config_pe66.oe66 (.fardata:xdc_runtime_GateNull_Object__table__V)
                  0082a76c    00000004     --HOLE--
                  0082a770    000001e0     rts6600_elf_mt.lib : defs.obj (.fardata:_ftable)
                  0082a950    000000a0                        : lowlev.obj (.fardata:_stream)
                  0082a9f0    00000078                        : lowlev.obj (.fardata:_device)
                  0082aa68    00000018                        : _pthread.obj (.fardata)
                  0082aa80    00000010                        : exit.obj (.fardata)
                  0082aa90    0000000c                        : _data_synch.obj (.fardata)
                  0082aa9c    00000008                        : _lock.obj (.fardata)
                  0082aaa4    00000008                        : _mutex.obj (.fardata)
                  0082aaac    00000004                        : defs.obj (.fardata)
                  0082aab0    00000004                        : dtor_list.obj (.fardata)

.tls_tp    0    0082aab4    00000004     UNINITIALIZED
                  0082aab4    00000004     ti.omp.utils.ae66 : ThreadLocalStorage.oe66 (.tls_tp)

.stack     0    0082aab8    00001000     UNINITIALIZED
                  0082aab8    00000008     boot.ae66 : boot.oe66 (.stack)
                  0082aac0    00000ff8     --HOLE--

.cio       0    0082bab8    00000120     UNINITIALIZED
                  0082bab8    00000120     rts6600_elf_mt.lib : trgmsg.obj (.cio)

ti.sdo.ipc.SharedRegion_1 
*          0    0c000000    00080000     NOLOAD SECTION
                  0c000000    00080000     --HOLE--

xdc.meta   0    0c000000    00000120     COPY SECTION
                  0c000000    00000120     omp_config_pe66.oe66 (xdc.meta)

.text      0    0c080000    0004a340     
                  0c080000    00002180     atan.obj (.text)
                  0c082180    00001c20     pow.obj (.text)
                  0c083da0    00001940     atan2.obj (.text)
                  0c0856e0    00001920     log2.obj (.text)
                  0c087000    00001900     log10.obj (.text)
                  0c088900    00001880     log.obj (.text)
                  0c08a180    00001760     exp10.obj (.text)
                  0c08b8e0    00001700     exp2.obj (.text)
                  0c08cfe0    000016e0     exp.obj (.text)
                  0c08e6c0    00001660     cos.obj (.text)
                  0c08fd20    000015c0     sin.obj (.text)
                  0c0912e0    00001400     sqrt.obj (.text)
                  0c0926e0    00001340     div.obj (.text)
                  0c093a20    00001340     recip.obj (.text)
                  0c094d60    00001340     rsqrt.obj (.text)
                  0c0960a0    000011c0     ipc.lib : Ipc.obj (.text:ti_sdo_ipc_GateMP_Instance_init__F)
                  0c097260    00000a60             : Ipc.obj (.text:ti_sdo_ipc_heaps_HeapMemMP_alloc__E)
                  0c097cc0    000009e0             : Ipc.obj (.text:ti_sdo_ipc_heaps_HeapMemMP_free__E)
                  0c0986a0    000009a0             : Ipc.obj (.text:Ipc_attach)
                  0c099040    00000920             : Ipc.obj (.text:ti_sdo_ipc_transports_TransportShm_Instance_init__F)
                  0c099960    000008a0             : Ipc.obj (.text:ti_sdo_ipc_ListMP_Instance_init__F)
                  0c09a200    000008a0     sysbios.ae66 : BIOS.obj (.text:ti_sysbios_family_c64p_Exception_handler__I)
                  0c09aaa0    000008a0     ti.targets.rts6000.ae66 : System.oe66 (.text:xdc_runtime_System_doPrint__I)
                  0c09b340    00000860     ipc.lib : Ipc.obj (.text:ti_sdo_ipc_GateMP_Instance_finalize__F)
                  0c09bba0    00000840             : Ipc.obj (.text:MessageQ_put)
                  0c09c3e0    00000800     ti.omp.ae66 : team.oe66 (.text:gomp_team_start)
                  0c09cbe0    000007e0     ti.drv.qmss.ae66 : qmss_drv.oe66 (.text:Qmss_insertMemoryRegion)
                  0c09d3c0    00000780     ipc.lib : Ipc.obj (.text:ti_sdo_ipc_heaps_HeapMemMP_Instance_init__F)
                  0c09db40    000006c0             : Ipc.obj (.text:ti_sdo_ipc_nsremote_NameServerRemoteNotify_Instance_init__F)
                  0c09e200    000006a0             : Ipc.obj (.text:NameServer_add)
                  0c09e8a0    00000620             : Ipc.obj (.text:Notify_sendEvent)
                  0c09eec0    00000620     sysbios.ae66 : BIOS.obj (.text:ti_sysbios_knl_Task_Instance_finalize__F)
                  0c09f4e0    00000600                  : BIOS.obj (.text:ti_sysbios_heaps_HeapMem_alloc__E)
                  0c09fae0    00000600                  : BIOS.obj (.text:ti_sysbios_knl_Semaphore_pend__E)
                  0c0a00e0    000005e0     ipc.lib : Ipc.obj (.text:Notify_registerEventSingle)
                  0c0a06c0    000005e0     sysbios.ae66 : BIOS.obj (.text:ti_sysbios_heaps_HeapMem_free__E)
                  0c0a0ca0    000005c0     ipc.lib : Ipc.obj (.text:ListMP_getHead)
                  0c0a1260    000005c0             : Ipc.obj (.text:Notify_unregisterEventSingle)
                  0c0a1820    000005c0     rts6600_elf_mt.lib : divd.obj (.text:__c6xabi_divd)
                  0c0a1de0    000005c0                        : _printfi.obj (.text:_getarg_diouxp)
                  0c0a23a0    000005c0     ipc.lib : Ipc.obj (.text:ti_sdo_ipc_SharedRegion_start__F)
                  0c0a2960    000005a0     sysbios.ae66 : BIOS.obj (.text:ti_sysbios_timers_timer64_Timer_Module_startup__F)
                  0c0a2f00    00000580     ipc.lib : Ipc.obj (.text:ti_sdo_ipc_nsremote_NameServerRemoteNotify_get__F)
                  0c0a3480    00000580             : Ipc.obj (.text:ti_sdo_ipc_transports_TransportShm_put__E)
                  0c0a3a00    00000560     ti.omp.ae66 : task.oe66 (.text:gomp_barrier_handle_tasks)
                  0c0a3f60    00000540     ipc.lib : Ipc.obj (.text:ti_sdo_ipc_Ipc_procSyncStart__I)
                  0c0a44a0    000004e0             : Ipc.obj (.text:ti_sdo_ipc_notifyDrivers_NotifyDriverShm_Instance_init__F)
                  0c0a4980    000004a0             : Ipc.obj (.text:ti_sdo_ipc_gates_GatePeterson_Instance_init__F)
                  0c0a4e20    00000460     rts6600_elf_mt.lib : _printfi.obj (.text:_printfi)
                  0c0a5280    00000460                        : _printfi.obj (.text:_setfield)
                  0c0a56e0    00000460     ipc.lib : Ipc.obj (.text:ti_sdo_ipc_GateMP_setRegion0Reserved__F)
                  0c0a5b40    00000460             : Ipc.obj (.text:ti_sdo_ipc_Ipc_procSyncFinish__I)
                  0c0a5fa0    00000440             : Ipc.obj (.text:ListMP_putTail)
                  0c0a63e0    00000440     ti.omp.navigator.C6678.ae66 : Navigator.oe66 (.text:sysInit)
                  0c0a6820    00000440     ipc.lib : Ipc.obj (.text:ti_sdo_ipc_heaps_HeapMemMP_getStats__E)
                  0c0a6c60    00000440             : Ipc.obj (.text:ti_sdo_ipc_heaps_HeapMemMP_postInit__I)
                  0c0a70a0    00000420     ti.omp.ae66 : env.oe66 (.text:parse_schedule)
                  0c0a74c0    00000420     sysbios.ae66 : BIOS.obj (.text:ti_sysbios_gates_GateMutexPri_enter__E)
                  0c0a78e0    00000400     ipc.lib : Ipc.obj (.text:ti_sdo_ipc_Notify_Instance_init__F)
                  0c0a7ce0    00000400     sysbios.ae66 : BIOS.obj (.text:ti_sysbios_knl_Task_Instance_init__F)
                  0c0a80e0    000003e0                  : BIOS.obj (.text:ti_sysbios_knl_Task_setPri__E)
                  0c0a84c0    000003c0     ti.drv.cppi.ae66 : cppi_desc.oe66 (.text:Cppi_initDescriptor)
                  0c0a8880    000003c0     rts6600_elf_mt.lib : fputs.obj (.text:fputs)
                  0c0a8c40    000003c0     ti.omp.config.sysbios.ae66 : bar.oe66 (.text:gomp_team_barrier_wait_end)
                  0c0a9000    000003c0     ti.omp.ae66 : env.oe66 (.text:parse_spincount)
                  0c0a93c0    000003c0     ipc.lib : Ipc.obj (.text:ti_sdo_ipc_SharedRegion_reserveMemory__F)
                  0c0a9780    000003a0     omp_hello.obj (.text)
                  0c0a9b20    000003a0     ti.omp.ae66 : env.oe66 (.text:parse_affinity)
                  0c0a9ec0    00000380     ipc.lib : Ipc.obj (.text:HeapMemMP_sharedMemReq)
                  0c0aa240    00000360     cmp_function.obj (.text)
                  0c0aa5a0    00000340     ipc.lib : Ipc.obj (.text:GateMP_sharedMemReq)
                  0c0aa8e0    00000340     ti.drv.qmss.ae66 : qmss_drv.oe66 (.text:Qmss_init)
                  0c0aac20    00000340     ipc.lib : Ipc.obj (.text:ti_sdo_ipc_nsremote_NameServerRemoteNotify_swiFxn__I)
                  0c0aaf60    00000320     rts6600_elf_mt.lib : _printfi.obj (.text:_pproc_fge)
                  0c0ab280    00000320                        : strtoul.obj (.text:strtoul)
                  0c0ab5a0    00000320     ti.omp.utils.ae66 : ThreadLocal.oe66 (.text:ti_omp_utils_ThreadLocal_setspecific__E)
                  0c0ab8c0    00000300     ipc.lib : Ipc.obj (.text:GateMP_openByAddr)
                  0c0abbc0    00000300             : Ipc.obj (.text:ti_sdo_ipc_transports_TransportShm_openByAddr__F)
                  0c0abec0    00000300     sysbios.ae66 : BIOS.obj (.text:ti_sysbios_family_c64p_Hwi_dispatchC__I)
                  0c0ac1c0    000002e0     ipc.lib : Ipc.obj (.text:SharedRegion_getEntry)
                  0c0ac4a0    000002e0             : Ipc.obj (.text:SharedRegion_getPtr)
                  0c0ac780    000002e0     rts6600_elf_mt.lib : _printfi.obj (.text:_pproc_fwp)
                  0c0aca60    000002e0     ti.omp.ae66 : env.oe66 (.text:parse_stacksize)
                  0c0acd40    000002e0     sysbios.ae66 : BIOS.obj (.text:ti_sysbios_heaps_HeapMem_Instance_init__F)
                  0c0ad020    000002c0     mathlib.ae66 : atan2dp.obj (.text:optasm)
                  0c0ad2e0    000002c0     ti.omp.utils.ae66 : OpenMP.oe66 (.text:ti_omp_utils_OpenMP_masterTask__I)
                  0c0ad5a0    000002c0     ipc.lib : Ipc.obj (.text:ti_sdo_ipc_notifyDrivers_NotifyDriverShm_isr__I)
                  0c0ad860    000002a0             : Ipc.obj (.text:Ipc_start)
                  0c0adb00    000002a0             : Ipc.obj (.text:NameServer_getLocal)
                  0c0adda0    000002a0     rts6600_elf_mt.lib : _printfi.obj (.text:fcvt)
                  0c0ae040    000002a0     ti.omp.ae66 : env.oe66 (.text:initialize_env)
                  0c0ae2e0    000002a0     sysbios.ae66 : BIOS.obj (.text:ti_sysbios_knl_Clock_workFunc__E)
                  0c0ae580    000002a0                  : BIOS.obj (.text:ti_sysbios_timers_timer64_Timer_deviceConfig__I)
                  0c0ae820    00000280     ipc.lib : Ipc.obj (.text:SharedRegion_getSRPtr)
                  0c0aeaa0    00000280     rts6600_elf_mt.lib : _printfi.obj (.text:ecvt)
                  0c0aed20    00000280     ti.omp.ae66 : team.oe66 (.text:gomp_team_end)
                  0c0aefa0    00000280     ipc.lib : Ipc.obj (.text:ti_sdo_ipc_notifyDrivers_NotifyDriverShm_sharedMemReq__F)
                  0c0af220    00000280     ti.targets.rts6000.ae66 : Error.oe66 (.text:xdc_runtime_Error_raiseX__F)
                  0c0af4a0    00000260     ipc.lib : Ipc.obj (.text:ListMP_sharedMemReq)
                  0c0af700    00000260     ti.omp.navigator.C6678.ae66 : Navigator.oe66 (.text:getsysHandles)
                  0c0af960    00000260     ti.omp.ae66 : parallel.oe66 (.text:gomp_resolve_num_threads)
                  0c0afbc0    00000260     ipc.lib : Ipc.obj (.text:ti_sdo_ipc_ListMP_Instance_finalize__F)
                  0c0afe20    00000260             : Ipc.obj (.text:ti_sdo_ipc_heaps_HeapMemMP_Instance_finalize__F)
                  0c0b0080    00000260             : Ipc.obj (.text:ti_sdo_ipc_notifyDrivers_NotifyDriverShm_disableEvent__E)
                  0c0b02e0    00000260     sysbios.ae66 : BIOS.obj (.text:ti_sysbios_family_c64p_Exception_internalHandler__I)
                  0c0b0540    00000260                  : BIOS.obj (.text:ti_sysbios_knl_Semaphore_post__E)
                  0c0b07a0    00000260     ti.targets.rts6000.ae66 : Startup.oe66 (.text:xdc_runtime_Startup_startMods__I)
                  0c0b0a00    00000240     ti.drv.cppi.ae66 : cppi_drv.oe66 (.text:Cppi_open)
                  0c0b0c40    00000240     rts6600_elf_mt.lib : imath64.obj (.text:__c6xabi_divull)
                  0c0b0e80    00000240                        : _printfi.obj (.text:_pconv_e)
                  0c0b10c0    00000240                        : _printfi.obj (.text:_pproc_diouxp)
                  0c0b1300    00000240                        : fputc.obj (.text:fputc)
                  0c0b1540    00000240     sysbios.ae66 : BIOS.obj (.text:ti_sysbios_family_c64p_Hwi_reconfig__E)
                  0c0b1780    00000240                  : BIOS.obj (.text:ti_sysbios_knl_Task_exit__E)
                  0c0b19c0    00000220     rts6600_elf_mt.lib : _printfi.obj (.text:_pproc_str)
                  0c0b1be0    00000220     ti.omp.ae66 : env.oe66 (.text:parse_wait_policy)
                  0c0b1e00    00000220     rts6600_elf_mt.lib : setvbuf.obj (.text:setvbuf)
                  0c0b2020    00000220     ti.omp.utils.ae66 : ThreadLocal.oe66 (.text:ti_omp_utils_ThreadLocal_getspecific__E)
                  0c0b2240    00000220     sysbios.ae66 : BIOS.obj (.text:ti_sysbios_knl_Swi_run__I)
                  0c0b2460    00000220                  : BIOS.obj (.text:ti_sysbios_knl_Task_schedule__I)
                  0c0b2680    00000220                  : BIOS.obj (.text:ti_sysbios_knl_Task_startCore__E)
                  0c0b28a0    00000220     ti.targets.rts6000.ae66 : Core-mem.oe66 (.text:xdc_runtime_Core_createObject__I)
                  0c0b2ac0    00000200     ipc.lib : Ipc.obj (.text:GateMP_enter)
                  0c0b2cc0    00000200             : Ipc.obj (.text:GateMP_leave)
                  0c0b2ec0    00000200             : Ipc.obj (.text:ListMP_openByAddr)
                  0c0b30c0    00000200     ti.drv.qmss.ae66 : qmss_drv.oe66 (.text:Qmss_internalQueueOpen)
                  0c0b32c0    00000200     rts6600_elf_mt.lib : _printfi.obj (.text:_pconv_g)
                  0c0b34c0    00000200     sysbios.ae66 : c64p_Hwi_disp_always.obj (.text:_ti_sysbios_family_c64p_Hwi_dispatchAlways)
                  0c0b36c0    00000200     ti.drv.cppi.ae66 : cppi_heap.oe66 (.text:cppi_internal_heap_add)
                  0c0b38c0    00000200     ipc.lib : Ipc.obj (.text:ti_sdo_ipc_notifyDrivers_NotifyDriverShm_sendEvent__E)
                  0c0b3ac0    00000200             : Ipc.obj (.text:ti_sdo_ipc_transports_TransportShm_Instance_finalize__F)
                  0c0b3cc0    000001e0     ti.omp.ae66 : env.oe66 (.text:parse_boolean)
                  0c0b3ea0    000001e0                 : env.oe66 (.text:parse_unsigned_long)
                  0c0b4080    000001e0     ipc.lib : Ipc.obj (.text:ti_sdo_ipc_GateMP_attach__F)
                  0c0b4260    000001e0             : Ipc.obj (.text:ti_sdo_ipc_GateMP_getFreeResource__I)
                  0c0b4440    000001e0     sysbios.ae66 : BIOS.obj (.text:ti_sysbios_family_c64p_Exception_externalHandler__I)
                  0c0b4620    000001e0                  : BIOS.obj (.text:ti_sysbios_knl_Swi_Instance_init__F)
                  0c0b4800    000001e0                  : BIOS.obj (.text:ti_sysbios_knl_Task_postInit__I)
                  0c0b49e0    000001e0                  : BIOS.obj (.text:ti_sysbios_timers_timer64_Timer_getFreq__E)
                  0c0b4bc0    000001c0     ti.drv.cppi.ae66 : cppi_drv.oe66 (.text:Cppi_initCfg)
                  0c0b4d80    000001c0     ti.omp.ae66 : parallel.oe66 (.text:GOMP_parallel_end)
                  0c0b4f40    000001c0     ipc.lib : Ipc.obj (.text:HeapMemMP_openByAddr)
                  0c0b5100    000001c0     ti.drv.qmss.ae66 : qmss_drv.oe66 (.text:Qmss_internaldownloadFirmware)
                  0c0b52c0    000001c0     rts6600_elf_mt.lib : _printfi.obj (.text:_mcpy)
                  0c0b5480    000001c0     mathlib.ae66 : atan2sp.obj (.text:optasm)
                  0c0b5640    000001c0                  : log10dp.obj (.text:optasm)
                  0c0b5800    000001c0                  : log2dp.obj (.text:optasm)
                  0c0b59c0    000001c0                  : logdp.obj (.text:optasm)
                  0c0b5b80    000001c0     ipc.lib : Ipc.obj (.text:ti_sdo_ipc_notifyDrivers_NotifyDriverShm_registerEvent__E)
                  0c0b5d40    000001c0     sysbios.ae66 : BIOS.obj (.text:ti_sysbios_family_c64p_Exception_decodeMpfsr__I)
                  0c0b5f00    000001c0                  : BIOS.obj (.text:ti_sysbios_gates_GateMutex_enter__E)
                  0c0b60c0    000001c0                  : BIOS.obj (.text:ti_sysbios_timers_timer64_Timer_setPeriodMicroSecs__E)
                  0c0b6280    000001c0     ti.targets.rts6000.ae66 : Text.oe66 (.text:xdc_runtime_Text_putSite__F)
                  0c0b6440    000001a0     ipc.lib : Ipc.obj (.text:SharedRegion_getCacheLineSize)
                  0c0b65e0    000001a0             : Ipc.obj (.text:SharedRegion_getHeap)
                  0c0b6780    000001a0             : Ipc.obj (.text:SharedRegion_isCacheEnabled)
                  0c0b6920    000001a0     rts6600_elf_mt.lib : imath40.obj (.text:__c6xabi_divul)
                  0c0b6ac0    000001a0     ti.omp.ae66 : team.oe66 (.text:gomp_new_team)
                  0c0b6c60    000001a0     mathlib.ae66 : exp10dp.obj (.text:optasm)
                  0c0b6e00    000001a0                  : exp2dp.obj (.text:optasm)
                  0c0b6fa0    000001a0     ti.omp.navigator.C6678.ae66 : Navigator.oe66 (.text:sysExit)
                  0c0b7140    000001a0     ipc.lib : Ipc.obj (.text:ti_sdo_ipc_GateMP_openRegion0Reserved__F)
                  0c0b72e0    000001a0             : Ipc.obj (.text:ti_sdo_ipc_notifyDrivers_NotifyDriverShm_enableEvent__E)
                  0c0b7480    000001a0             : Ipc.obj (.text:ti_sdo_ipc_notifyDrivers_NotifyDriverShm_unregisterEvent__E)
                  0c0b7620    000001a0             : Ipc.obj (.text:ti_sdo_ipc_nsremote_NameServerRemoteNotify_attach__E)
                  0c0b77c0    000001a0     sysbios.ae66 : BIOS.obj (.text:ti_sysbios_family_c66_Cache_block__I)
                  0c0b7960    000001a0                  : BIOS.obj (.text:ti_sysbios_heaps_HeapBuf_Module_startup__F)
                  0c0b7b00    000001a0                  : BIOS.obj (.text:ti_sysbios_timers_timer64_Timer_start__E)
                  0c0b7ca0    00000180     rts6600_elf_mt.lib : trgdrv.obj (.text:HOSTrename)
                  0c0b7e20    00000180     ipc.lib : Ipc.obj (.text:MultiProc_setLocalId)
                  0c0b7fa0    00000180             : Ipc.obj (.text:NameServer_getHandle)
                  0c0b8120    00000180             : Ipc.obj (.text:Notify_intLineRegistered)
                  0c0b82a0    00000180     rts6600_elf_mt.lib : copy_decompress_rle.obj (.text:__TI_decompress_rle_core)
                  0c0b8420    00000180     ti.omp.ae66 : team.oe66 (.text:gomp_thread_start)
                  0c0b85a0    00000180     mathlib.ae66 : atansp.obj (.text:optasm)
                  0c0b8720    00000180                  : cosdp.obj (.text:optasm)
                  0c0b88a0    00000180                  : exp10sp.obj (.text:optasm)
                  0c0b8a20    00000180                  : exp2sp.obj (.text:optasm)
                  0c0b8ba0    00000180                  : expdp.obj (.text:optasm)
                  0c0b8d20    00000180                  : expsp.obj (.text:optasm)
                  0c0b8ea0    00000180                  : log10sp.obj (.text:optasm)
                  0c0b9020    00000180                  : log2sp.obj (.text:optasm)
                  0c0b91a0    00000180                  : logsp.obj (.text:optasm)
                  0c0b9320    00000180                  : sindp.obj (.text:optasm)
                  0c0b94a0    00000180     sysbios.ae66 : c64p_Exception_asm.obj (.text)
                  0c0b9620    00000180     ti.omp.utils.ae66 : OpenMP.oe66 (.text:ti_omp_utils_OpenMP_createThread__E)
                  0c0b97a0    00000180     ipc.lib : Ipc.obj (.text:ti_sdo_ipc_MessageQ_registerTransport__F)
                  0c0b9920    00000180             : Ipc.obj (.text:ti_sdo_ipc_Notify_Module_startup__F)
                  0c0b9aa0    00000180             : Ipc.obj (.text:ti_sdo_ipc_gates_GatePeterson_enter__E)
                  0c0b9c20    00000180             : Ipc.obj (.text:ti_sdo_utils_NameServer_Module_startup__F)
                  0c0b9da0    00000180     sysbios.ae66 : BIOS.obj (.text:ti_sysbios_knl_Swi_schedule__I)
                  0c0b9f20    00000180                  : BIOS.obj (.text:ti_sysbios_knl_Task_unblockI__E)
                  0c0ba0a0    00000160     ti.omp.ae66 : team.oe66 (.text:gomp_free_thread)
                  0c0ba200    00000160     ti.omp.utils.ae66 : ThreadLocal.oe66 (.text:ti_omp_utils_ThreadLocal_key_delete__E)
                  0c0ba360    00000160     ipc.lib : Ipc.obj (.text:ti_sdo_ipc_GateMP_createLocal__F)
                  0c0ba4c0    00000160             : Ipc.obj (.text:ti_sdo_ipc_MessageQ_unregisterTransport__F)
                  0c0ba620    00000160             : Ipc.obj (.text:ti_sdo_ipc_gates_GateHWSem_Instance_init__F)
                  0c0ba780    00000160             : Ipc.obj (.text:ti_sdo_ipc_transports_TransportShm_sharedMemReq__F)
                  0c0ba8e0    00000160             : Ipc.obj (.text:ti_sdo_utils_NameServer_isRegistered__E)
                  0c0baa40    00000160             : Ipc.obj (.text:ti_sdo_utils_NameServer_registerRemoteDriver__E)
                  0c0baba0    00000160             : Ipc.obj (.text:ti_sdo_utils_NameServer_unregisterRemoteDriver__E)
                  0c0bad00    00000140     ti.csl.ae66 : csl_chip.oe66 (.text:CSL_chipReadReg)
                  0c0bae40    00000140     ipc.lib : Ipc.obj (.text:GateMP_close)
                  0c0baf80    00000140             : Ipc.obj (.text:Notify_attach)
                  0c0bb0c0    00000140     boot.ae66 : autoinit.oe66 (.text:_auto_init_elf)
                  0c0bb200    00000140     rts6600_elf_mt.lib : _printfi.obj (.text:_pproc_fflags)
                  0c0bb340    00000140                        : fseek.obj (.text:fseek)
                  0c0bb480    00000140                        : lowlev.obj (.text:getdevice)
                  0c0bb5c0    00000140     ti.omp.config.sysbios.ae66 : bar.oe66 (.text:gomp_barrier_wait_end)
                  0c0bb700    00000140     ti.omp.ae66 : team.oe66 (.text:initialize_team)
                  0c0bb840    00000140     mathlib.ae66 : powdp.obj (.text:optasm)
                  0c0bb980    00000140     ipc.lib : Ipc.obj (.text:ti_sdo_ipc_Notify_exec__F)
                  0c0bbac0    00000140     sysbios.ae66 : BIOS.obj (.text:ti_sysbios_family_c64p_Exception_Module_startup__F)
                  0c0bbc00    00000140                  : BIOS.obj (.text:ti_sysbios_family_c64p_Hwi_Module_startup__F)
                  0c0bbd40    00000140                  : BIOS.obj (.text:ti_sysbios_family_c66_Cache_Module_startup__F)
                  0c0bbe80    00000140                  : BIOS.obj (.text:ti_sysbios_gates_GateSwi_enter__E)
                  0c0bbfc0    00000140                  : BIOS.obj (.text:ti_sysbios_knl_Semaphore_Instance_init__F)
                  0c0bc100    00000140                  : BIOS.obj (.text:ti_sysbios_knl_Swi_post__E)
                  0c0bc240    00000140                  : BIOS.obj (.text:ti_sysbios_knl_Task_Module_startup__F)
                  0c0bc380    00000140                  : BIOS.obj (.text:ti_sysbios_knl_Task_blockI__E)
                  0c0bc4c0    00000140                  : BIOS.obj (.text:ti_sysbios_knl_Task_yield__E)
                  0c0bc600    00000140     omp_config_pe66.oe66 (.text:xdc_runtime_System_printfExtend__I)
                  0c0bc740    00000120     rts6600_elf_mt.lib : fclose.obj (.text:_closefile)
                  0c0bc860    00000120                        : _printfi.obj (.text:_ltostr)
                  0c0bc980    00000120     ti.omp.config.sysbios.ae66 : bar.oe66 (.text:gomp_sem_wait_concat)
                  0c0bcaa0    00000120     ti.omp.navigator.C6678.ae66 : Navigator.oe66 (.text:init_Navigator)
                  0c0bcbc0    00000120     mathlib.ae66 : cossp.obj (.text:optasm)
                  0c0bcce0    00000120                  : powsp.obj (.text:optasm)
                  0c0bce00    00000120                  : sinsp.obj (.text:optasm)
                  0c0bcf20    00000120     ti.omp.utils.ae66 : OpenMP.oe66 (.text:ti_omp_utils_OpenMP_threadSpawnLoop__I)
                  0c0bd040    00000120     ipc.lib : Ipc.obj (.text:ti_sdo_ipc_MessageQ_Module_startup__F)
                  0c0bd160    00000120             : Ipc.obj (.text:ti_sdo_ipc_family_c647x_Interrupt_intRegister__E)
                  0c0bd280    00000120             : Ipc.obj (.text:ti_sdo_ipc_nsremote_NameServerRemoteNotify_Instance_finalize__F)
                  0c0bd3a0    00000120     sysbios.ae66 : BIOS.obj (.text:ti_sysbios_BIOS_rtsUnlock__I)
                  0c0bd4c0    00000120                  : BIOS.obj (.text:ti_sysbios_knl_Clock_startI__E)
                  0c0bd5e0    00000120     ti.targets.rts6000.ae66 : Text.oe66 (.text:xdc_runtime_Text_putMod__F)
                  0c0bd700    00000100     rts6600_elf_mt.lib : _io_perm.obj (.text:_wrt_ok)
                  0c0bd800    00000100                        : cpy_tbl.obj (.text:copy_in)
                  0c0bd900    00000100     ti.omp.ae66 : work.oe66 (.text:gomp_init_work_share)
                  0c0bda00    00000100                 : task.oe66 (.text:gomp_sem_wait)
                  0c0bdb00    00000100     ti.omp.config.sysbios.ae66 : bar.oe66 (.text:gomp_sem_wait)
                  0c0bdc00    00000100     ti.omp.utils.ae66 : OpenMPMem.oe66 (.text:ompBufferFree)
                  0c0bdd00    00000100     ti.omp.utils.C6678.ae66 : OpenMPDnldCore.oe66 (.text:reset_run_core)
                  0c0bde00    00000100                             : OpenMPDnldCore.oe66 (.text:siu_ibl_download_core)
                  0c0bdf00    00000100     ti.omp.utils.ae66 : ThreadLocal.oe66 (.text:ti_omp_utils_ThreadLocal_key_create__E)
                  0c0be000    00000100     ipc.lib : Ipc.obj (.text:ti_sdo_ipc_GateMP_start__F)
                  0c0be100    00000100             : Ipc.obj (.text:ti_sdo_ipc_Notify_Instance_finalize__F)
                  0c0be200    00000100     omp_config_pe66.oe66 (.text:ti_sdo_ipc_Notify_Object__create__S)
                  0c0be300    00000100     ipc.lib : Ipc.obj (.text:ti_sdo_ipc_SharedRegion_attach__F)
                  0c0be400    00000100             : Ipc.obj (.text:ti_sdo_ipc_SharedRegion_clearReservedMemory__F)
                  0c0be500    00000100             : Ipc.obj (.text:ti_sdo_ipc_family_c647x_Interrupt_Module_startup__F)
                  0c0be600    00000100             : Ipc.obj (.text:ti_sdo_ipc_gates_GateHWSem_Module_startup__F)
                  0c0be700    00000100             : Ipc.obj (.text:ti_sdo_ipc_gates_GateMPSupportNull_enter__E)
                  0c0be800    00000100             : Ipc.obj (.text:ti_sdo_ipc_gates_GateMPSupportNull_leave__E)
                  0c0be900    00000100     omp_config_pe66.oe66 (.text:ti_sdo_ipc_gates_GatePeterson_Object__create__S)
                  0c0bea00    00000100     omp_config_pe66.oe66 (.text:ti_sdo_ipc_nsremote_NameServerRemoteNotify_Object__create__S)
                  0c0beb00    00000100     ipc.lib : Ipc.obj (.text:ti_sdo_ipc_transports_TransportShmSetup_attach__E)
                  0c0bec00    00000100     omp_config_pe66.oe66 (.text:ti_sdo_ipc_transports_TransportShm_Object__create__S)
                  0c0bed00    00000100     sysbios.ae66 : BIOS.obj (.text:ti_sysbios_family_c64p_Hwi_Instance_finalize__F)
                  0c0bee00    00000100     omp_config_pe66.oe66 (.text:ti_sysbios_family_c64p_Hwi_Object__create__S)
                  0c0bef00    00000100     sysbios.ae66 : BIOS.obj (.text:ti_sysbios_gates_GateMutexPri_leave__E)
                  0c0bf000    00000100     omp_config_pe66.oe66 (.text:ti_sysbios_knl_Swi_Object__create__S)
                  0c0bf100    00000100     sysbios.ae66 : BIOS.obj (.text:ti_sysbios_knl_Swi_restoreHwi__E)
                  0c0bf200    00000100     omp_config_pe66.oe66 (.text:ti_sysbios_knl_Task_Object__create__S)
                  0c0bf300    00000100     sysbios.ae66 : BIOS.obj (.text:ti_sysbios_timers_timer64_Timer_initDevice__I)
                  0c0bf400    00000100     ti.targets.rts6000.ae66 : Core-mem.oe66 (.text:xdc_runtime_Core_deleteObject__I)
                  0c0bf500    00000100                             : Startup.oe66 (.text:xdc_runtime_Startup_exec__F)
                  0c0bf600    00000100                             : Text.oe66 (.text:xdc_runtime_Text_visitRope2__I)
                  0c0bf700    000000e0     rts6600_elf_mt.lib : trgdrv.obj (.text:HOSTgetenv)
                  0c0bf7e0    000000e0                        : trgdrv.obj (.text:HOSTlseek)
                  0c0bf8c0    000000e0                        : trgdrv.obj (.text:HOSTopen)
                  0c0bf9a0    000000e0                        : _printfi.obj (.text:_div)
                  0c0bfa80    000000e0                        : atoi.obj (.text:atoi)
                  0c0bfb60    000000e0                        : lowlev.obj (.text:close)
                  0c0bfc40    000000e0                        : copy_zero_init.obj (.text:decompress:ZI:__TI_zero_init)
                  0c0bfd20    000000e0                        : exit.obj (.text:exit)
                  0c0bfe00    000000e0                        : ltoa.obj (.text:ltoa)
                  0c0bfee0    000000e0                        : memset.obj (.text:memset)
                  0c0bffc0    000000e0     mathlib.ae66 : rsqrtdp.obj (.text:optasm)
                  0c0c00a0    000000e0     rts6600_elf_mt.lib : printf.obj (.text:printf)
                  0c0c0180    000000e0     ti.omp.navigator.C6678.ae66 : Navigator.oe66 (.text:queue_pop_elem_wait)
                  0c0c0260    000000e0     omp_config_pe66.oe66 (.text:realloc)
                  0c0c0340    000000e0     ti.omp.utils.ae66 : OpenMP.oe66 (.text:ti_omp_utils_OpenMP_mainTaskExit__F)
                  0c0c0420    000000e0     omp_config_pe66.oe66 (.text:ti_sdo_ipc_GateMP_Object__create__S)
                  0c0c0500    000000e0     omp_config_pe66.oe66 (.text:ti_sdo_ipc_ListMP_Object__create__S)
                  0c0c05e0    000000e0     ipc.lib : Ipc.obj (.text:ti_sdo_ipc_family_c647x_NotifySetup_attach__E)
                  0c0c06c0    000000e0             : Ipc.obj (.text:ti_sdo_ipc_gates_GateHWSem_enter__E)
                  0c0c07a0    000000e0     omp_config_pe66.oe66 (.text:ti_sdo_ipc_heaps_HeapMemMP_Object__create__S)
                  0c0c0880    000000e0     omp_config_pe66.oe66 (.text:ti_sdo_ipc_notifyDrivers_NotifyDriverShm_Object__create__S)
                  0c0c0960    000000e0     sysbios.ae66 : BIOS.obj (.text:ti_sysbios_family_c64p_Hwi_Instance_init__F)
                  0c0c0a40    000000e0     ti.targets.rts6000.ae66 : Error.oe66 (.text:xdc_runtime_Error_print__F)
                  0c0c0b20    000000e0                             : Memory.oe66 (.text:xdc_runtime_Memory_alloc__F)
                  0c0c0c00    000000e0     omp_config_pe66.oe66 (.text:xdc_runtime_knl_GateThread_Object__create__S)
                  0c0c0ce0    000000c0     ti.drv.cppi.ae66 : cppi_drv.oe66 (.text:Cppi_close)
                  0c0c0da0    000000c0                      : cppi_drv.oe66 (.text:Cppi_exit)
                  0c0c0e60    000000c0     rts6600_elf_mt.lib : trgdrv.obj (.text:HOSTread)
                  0c0c0f20    000000c0                        : trgdrv.obj (.text:HOSTwrite)
                  0c0c0fe0    000000c0     ipc.lib : Ipc.obj (.text:HeapMemMP_create)
                  0c0c10a0    000000c0             : Ipc.obj (.text:ListMP_create)
                  0c0c1160    000000c0             : Ipc.obj (.text:SharedRegion_getId)
                  0c0c1220    000000c0     rts6600_elf_mt.lib : dtor_list.obj (.text:__cxa_finalize)
                  0c0c12e0    000000c0                        : divu.obj (.text:__divu)
                  0c0c13a0    000000c0                        : remi.obj (.text:__remi)
                  0c0c1460    000000c0                        : fflush.obj (.text:_doflush)
                  0c0c1520    000000c0     ti.drv.cppi.ae66 : cppi_heap.oe66 (.text:cppi_internal_heap_release)
                  0c0c15e0    000000c0     ti.omp.ae66 : alloc.oe66 (.text:gomp_realloc)
                  0c0c16a0    000000c0     rts6600_elf_mt.lib : _mutex.obj (.text:mutex_init)
                  0c0c1760    000000c0     mathlib.ae66 : sqrtdp.obj (.text:optasm)
                  0c0c1820    000000c0     rts6600_elf_mt.lib : _pthread.obj (.text:pthread_mutex_lock)
                  0c0c18e0    000000c0                        : _pthread.obj (.text:pthread_mutex_unlock)
                  0c0c19a0    000000c0                        : _pthread.obj (.text:pthread_once)
                  0c0c1a60    000000c0     ti.omp.utils.ae66 : ThreadLocal.oe66 (.text:ti_omp_utils_ThreadLocal_exitFxn__F)
                  0c0c1b20    000000c0     ipc.lib : Ipc.obj (.text:ti_sdo_ipc_GateMP_getRegion0ReservedSize__F)
                  0c0c1be0    000000c0             : Ipc.obj (.text:ti_sdo_ipc_family_c647x_Interrupt_intShmStub__I)
                  0c0c1ca0    000000c0     sysbios.ae66 : BIOS.obj (.text:ti_sysbios_BIOS_errorRaiseHook__I)
                  0c0c1d60    000000c0                  : BIOS.obj (.text:ti_sysbios_gates_GateAll_leave__E)
                  0c0c1e20    000000c0                  : BIOS.obj (.text:ti_sysbios_heaps_HeapMem_getStats__E)
                  0c0c1ee0    000000c0                  : BIOS.obj (.text:ti_sysbios_knl_Clock_logTick__E)
                  0c0c1fa0    000000c0                  : BIOS.obj (.text:ti_sysbios_knl_Swi_Instance_finalize__F)
                  0c0c2060    000000c0                  : BIOS.obj (.text:ti_sysbios_knl_Task_allBlockedFunction__I)
                  0c0c2120    000000c0                  : BIOS.obj (.text:ti_sysbios_timers_timer64_Timer_startup__E)
                  0c0c21e0    000000c0     rts6600_elf_mt.lib : tls.obj (.text:tls:init:__TI_tls_init)
                  0c0c22a0    000000c0                        : vfprintf.obj (.text:vfprintf)
                  0c0c2360    000000c0     ti.targets.rts6000.ae66 : System.oe66 (.text:xdc_runtime_System_formatNum__I)
                  0c0c2420    000000a0     ti.omp.navigator.C6678.ae66 : Navigator.oe66 (.text:Create_Queue)
                  0c0c24c0    000000a0     rts6600_elf_mt.lib : trgdrv.obj (.text:HOSTunlink)
                  0c0c2560    000000a0     ti.drv.qmss.ae66 : qmss_drv.oe66 (.text:Qmss_queueClose)
                  0c0c2600    000000a0                      : qmss_drv.oe66 (.text:Qmss_startCfg)
                  0c0c26a0    000000a0     rts6600_elf_mt.lib : dtor_list.obj (.text:_Z11__TI_atexitPFYvPvES_S_)
                  0c0c2740    000000a0                        : remu.obj (.text:__remu)
                  0c0c27e0    000000a0                        : fopen.obj (.text:_cleanup)
                  0c0c2880    000000a0                        : _printfi.obj (.text:_ecpy)
                  0c0c2920    000000a0                        : _printfi.obj (.text:_fcpy)
                  0c0c29c0    000000a0                        : _printfi.obj (.text:_pconv_f)
                  0c0c2a60    000000a0     sysbios.ae66 : c64p_Hwi_asm.obj (.text:_ti_sysbios_family_c64p_Hwi_plug__E)
                  0c0c2b00    000000a0     ti.drv.cppi.ae66 : cppi_heap.oe66 (.text:cppi_internal_heap_malloc)
                  0c0c2ba0    000000a0     rts6600_elf_mt.lib : lowlev.obj (.text:finddevice)
                  0c0c2c40    000000a0     ti.omp.config.sysbios.ae66 : bar.oe66 (.text:gomp_team_barrier_wake)
                  0c0c2ce0    000000a0     rts6600_elf_mt.lib : lowlev.obj (.text:lseek)
                  0c0c2d80    000000a0                        : memcpy64.obj (.text:memcpy)
                  0c0c2e20    000000a0                        : _mutex.obj (.text:mutex_unlock)
                  0c0c2ec0    000000a0     mathlib.ae66 : sqrtsp.obj (.text:optasm)
                  0c0c2f60    000000a0     ti.omp.navigator.C6678.ae66 : Navigator.oe66 (.text:queue_push_elem)
                  0c0c3000    000000a0     rts6600_elf_mt.lib : strerror.obj (.text:strerror)
                  0c0c30a0    000000a0     ti.omp.utils.ae66 : ThreadLocalStorage.oe66 (.text:ti_omp_utils_ThreadLocalStorage_createFxn__F)
                  0c0c3140    000000a0     ipc.lib : Ipc.obj (.text:ti_sdo_ipc_family_c647x_Interrupt_intUnregister__E)
                  0c0c31e0    000000a0             : Ipc.obj (.text:ti_sdo_ipc_gates_GatePeterson_leave__E)
                  0c0c3280    000000a0             : Ipc.obj (.text:ti_sdo_ipc_notifyDrivers_NotifyDriverShm_Instance_finalize__F)
                  0c0c3320    000000a0     sysbios.ae66 : BIOS.obj (.text:ti_sysbios_family_c64p_Hwi_eventMap__E)
                  0c0c33c0    000000a0                  : BIOS.obj (.text:ti_sysbios_family_c64p_Hwi_getStackInfo__E)
                  0c0c3460    000000a0                  : BIOS.obj (.text:ti_sysbios_gates_GateSwi_leave__E)
                  0c0c3500    000000a0                  : BIOS.obj (.text:ti_sysbios_heaps_HeapMem_init__I)
                  0c0c35a0    000000a0                  : BIOS.obj (.text:ti_sysbios_knl_Idle_run__E)
                  0c0c3640    000000a0                  : BIOS.obj (.text:ti_sysbios_knl_Semaphore_pendTimeout__I)
                  0c0c36e0    000000a0                  : BIOS.obj (.text:ti_sysbios_knl_Task_deleteTerminatedTasksFunc__I)
                  0c0c3780    000000a0                  : BIOS.obj (.text:ti_sysbios_knl_Task_processVitalTaskFlag__I)
                  0c0c3820    000000a0                  : BIOS.obj (.text:ti_sysbios_timers_timer64_Timer_stop__E)
                  0c0c38c0    000000a0     rts6600_elf_mt.lib : lowlev.obj (.text:write)
                  0c0c3960    000000a0     ti.targets.rts6000.ae66 : Assert.oe66 (.text:xdc_runtime_Assert_raise__I)
                  0c0c3a00    000000a0                             : SysMin.oe66 (.text:xdc_runtime_SysMin_abort__F)
                  0c0c3aa0    000000a0                             : SysMin.oe66 (.text:xdc_runtime_SysMin_flush__F)
                  0c0c3b40    000000a0                             : SysMin.oe66 (.text:xdc_runtime_SysMin_putch__F)
                  0c0c3be0    000000a0                             : Text.oe66 (.text:xdc_runtime_Text_xprintf__I)
                  0c0c3c80    00000080     rts6600_elf_mt.lib : trgdrv.obj (.text:HOSTclose)
                  0c0c3d00    00000080     ti.drv.qmss.ae66 : qmss_drv.oe66 (.text:Qmss_getMemRegQueueHandle)
                  0c0c3d80    00000080                      : qmss_drv.oe66 (.text:Qmss_queueOpen)
                  0c0c3e00    00000080     rts6600_elf_mt.lib : _mutex.obj (.text:__TI_resource_lock)
                  0c0c3e80    00000080                        : llshift.obj (.text:__c6xabi_llshl)
                  0c0c3f00    00000080     sysbios.ae66 : c62_TaskSupport_asm.obj (.text:_ti_sysbios_family_c62_TaskSupport_swap__E)
                  0c0c3f80    00000080     ti.drv.cppi.ae66 : cppi_listlib.oe66 (.text:cppi_list_remove)
                  0c0c4000    00000080     ti.omp.config.sysbios.ae66 : bar.oe66 (.text:gomp_barrier_init)
                  0c0c4080    00000080     ti.omp.ae66 : team.oe66 (.text:gomp_new_icv)
                  0c0c4100    00000080     ti.omp.config.sysbios.ae66 : bar.oe66 (.text:gomp_sem_post)
                  0c0c4180    00000080                                : bar.oe66 (.text:gomp_sem_post_num)
                  0c0c4200    00000080                                : preinit.oe66 (.text:initMPAX)
                  0c0c4280    00000080     ti.omp.ae66 : critical.oe66 (.text:initialize_critical)
                  0c0c4300    00000080     omp_config_pe66.oe66 (.text:malloc)
                  0c0c4380    00000080     rts6600_elf_mt.lib : _mutex.obj (.text:mutex_lock)
                  0c0c4400    00000080     ti.omp.utils.ae66 : OpenMPMem.oe66 (.text:ompBufferAlloc)
                  0c0c4480    00000080     mathlib.ae66 : divdp.obj (.text:optasm)
                  0c0c4500    00000080                  : recipdp.obj (.text:optasm)
                  0c0c4580    00000080                  : rsqrtsp.obj (.text:optasm)
                  0c0c4600    00000080     rts6600_elf_mt.lib : _pthread.obj (.text:pthread_mutex_init)
                  0c0c4680    00000080                        : trgmsg.obj (.text:readmsg)
                  0c0c4700    00000080     ti.omp.utils.C6678.ae66 : OpenMPDnldCore.oe66 (.text:reset_core)
                  0c0c4780    00000080     omp_config_pe66.oe66 (.text:ti_omp_utils_HeapOMP_Object__create__S)
                  0c0c4800    00000080     ti.omp.utils.ae66 : HeapOMP.oe66 (.text:ti_omp_utils_HeapOMP_alloc__E)
                  0c0c4880    00000080                       : OpenMP.oe66 (.text:ti_omp_utils_OpenMP_exitThread__F)
                  0c0c4900    00000080                       : OpenMP.oe66 (.text:ti_omp_utils_OpenMP_setProcId__I)
                  0c0c4980    00000080     omp_config_pe66.oe66 (.text:ti_sdo_ipc_gates_GateHWSem_Object__create__S)
                  0c0c4a00    00000080     omp_config_pe66.oe66 (.text:ti_sdo_ipc_gates_GateMPSupportNull_Object__create__S)
                  0c0c4a80    00000080     ipc.lib : Ipc.obj (.text:ti_sdo_ipc_nsremote_NameServerRemoteNotify_detach__E)
                  0c0c4b00    00000080             : Ipc.obj (.text:ti_sdo_ipc_transports_TransportShm_swiFxn__I)
                  0c0c4b80    00000080     omp_config_pe66.oe66 (.text:ti_sdo_utils_List_Object__create__S)
                  0c0c4c00    00000080     omp_config_pe66.oe66 (.text:ti_sysbios_BIOS_exitFunc__I)
                  0c0c4c80    00000080     sysbios.ae66 : BIOS.obj (.text:ti_sysbios_BIOS_exit__E)
                  0c0c4d00    00000080                  : BIOS.obj (.text:ti_sysbios_BIOS_registerRTSLock__I)
                  0c0c4d80    00000080                  : BIOS.obj (.text:ti_sysbios_family_c66_Cache_invL1pAll__E)
                  0c0c4e00    00000080                  : BIOS.obj (.text:ti_sysbios_family_c66_Cache_wbInvAll__E)
                  0c0c4e80    00000080     omp_config_pe66.oe66 (.text:ti_sysbios_gates_GateAll_Object__create__S)
                  0c0c4f00    00000080     omp_config_pe66.oe66 (.text:ti_sysbios_gates_GateHwi_Object__create__S)
                  0c0c4f80    00000080     omp_config_pe66.oe66 (.text:ti_sysbios_gates_GateMutexPri_Object__create__S)
                  0c0c5000    00000080     omp_config_pe66.oe66 (.text:ti_sysbios_gates_GateMutex_Object__create__S)
                  0c0c5080    00000080     omp_config_pe66.oe66 (.text:ti_sysbios_gates_GateSwi_Object__create__S)
                  0c0c5100    00000080     sysbios.ae66 : BIOS.obj (.text:ti_sysbios_hal_Hwi_checkStack:ti_sysbios_hal_Hwi_checkStack)
                  0c0c5180    00000080                  : BIOS.obj (.text:ti_sysbios_hal_Hwi_initStack:ti_sysbios_hal_Hwi_initStack)
                  0c0c5200    00000080     omp_config_pe66.oe66 (.text:ti_sysbios_heaps_HeapMem_Object__create__S)
                  0c0c5280    00000080     sysbios.ae66 : BIOS.obj (.text:ti_sysbios_knl_Clock_Module_startup__F)
                  0c0c5300    00000080     omp_config_pe66.oe66 (.text:ti_sysbios_knl_Clock_doTick__I)
                  0c0c5380    00000080     sysbios.ae66 : BIOS.obj (.text:ti_sysbios_knl_Clock_getTicks__E)
                  0c0c5400    00000080     omp_config_pe66.oe66 (.text:ti_sysbios_knl_Queue_Object__create__S)
                  0c0c5480    00000080     omp_config_pe66.oe66 (.text:ti_sysbios_knl_Semaphore_Object__create__S)
                  0c0c5500    00000080     sysbios.ae66 : BIOS.obj (.text:ti_sysbios_knl_Swi_startup__E)
                  0c0c5580    00000080                  : BIOS.obj (.text:ti_sysbios_knl_Task_restore__E)
                  0c0c5600    00000080                  : BIOS.obj (.text:ti_sysbios_timers_timer64_Timer_getCount__E)
                  0c0c5680    00000080                  : BIOS.obj (.text:ti_sysbios_timers_timer64_Timer_getPeriod__E)
                  0c0c5700    00000080     omp_config_pe66.oe66 (.text:ti_sysbios_xdcruntime_GateThreadSupport_Object__create__S)
                  0c0c5780    00000080     rts6600_elf_mt.lib : trgmsg.obj (.text:writemsg)
                  0c0c5800    00000080     ti.targets.rts6000.ae66 : Core-label.oe66 (.text:xdc_runtime_Core_assignLabel__I)
                  0c0c5880    00000080                             : Core-params.oe66 (.text:xdc_runtime_Core_assignParams__I)
                  0c0c5900    00000080     omp_config_pe66.oe66 (.text:xdc_runtime_SysMin_output__I)
                  0c0c5980    00000080     ti.targets.rts6000.ae66 : System.oe66 (.text:xdc_runtime_System_atexit__F)
                  0c0c5a00    00000080                             : System.oe66 (.text:xdc_runtime_System_putchar__I)
                  0c0c5a80    00000080                             : System.oe66 (.text:xdc_runtime_System_rtsExit__I)
                  0c0c5b00    00000080                             : Text.oe66 (.text:xdc_runtime_Text_printVisFxn__I)
                  0c0c5b80    00000060     ipc.lib : Ipc.obj (.text:GateMP_Params_init)
                  0c0c5be0    00000060             : Ipc.obj (.text:HeapMemMP_Params_init)
                  0c0c5c40    00000060     ti.omp.utils.ae66 : HeapOMP.oe66 (.text:HeapOMP_getHeapFromAddr)
                  0c0c5ca0    00000060     ipc.lib : Ipc.obj (.text:Notify_numIntLines)
                  0c0c5d00    00000060     ti.omp.navigatorOsal.C6678.ae66 : Navigatorosal.oe66 (.text:Osal_cppiCsEnter)
                  0c0c5d60    00000060                                     : Navigatorosal.oe66 (.text:Osal_qmssCsEnter)
                  0c0c5dc0    00000060     rts6600_elf_mt.lib : frcmpyd_div.obj (.text:__c6xabi_frcmpyd_div)
                  0c0c5e20    00000060                        : llshift.obj (.text:__c6xabi_llshru)
                  0c0c5e80    00000060                        : imath64.obj (.text:_subcull)
                  0c0c5ee0    00000060     ti.drv.cppi.ae66 : cppi_listlib.oe66 (.text:cppi_list_add)
                  0c0c5f40    00000060     rts6600_elf_mt.lib : _mutex.obj (.text:create_resource_mutexes)
                  0c0c5fa0    00000060                        : _mutex.obj (.text:destroy_resource_mutexes)
                  0c0c6000    00000060     ti.omp.navigator.C6678.ae66 : Navigator.oe66 (.text:exit_Navigator)
                  0c0c6060    00000060     ti.omp.config.sysbios.ae66 : bar.oe66 (.text:gomp_barrier_wait)
                  0c0c60c0    00000060     ti.omp.ae66 : alloc.oe66 (.text:gomp_free)
                  0c0c6120    00000060                 : task.oe66 (.text:gomp_init_task)
                  0c0c6180    00000060                 : alloc.oe66 (.text:gomp_malloc)
                  0c0c61e0    00000060     ti.omp.config.sysbios.ae66 : bar.oe66 (.text:gomp_team_barrier_wait)
                  0c0c6240    00000060     ti.omp.ae66 : error.oe66 (.text:gomp_verror)
                  0c0c62a0    00000060     rts6600_elf_mt.lib : memccpy.obj (.text:memccpy)
                  0c0c6300    00000060     ti.omp.utils.ae66 : OpenMPMem.oe66 (.text:ompBufferMgmtInit)
                  0c0c6360    00000060     ti.omp.ae66 : env.oe66 (.text:omp_set_num_threads)
                  0c0c63c0    00000060     mathlib.ae66 : divsp.obj (.text:optasm)
                  0c0c6420    00000060                  : recipsp.obj (.text:optasm)
                  0c0c6480    00000060     rts6600_elf_mt.lib : _pthread.obj (.text:pthread_mutex_destroy)
                  0c0c64e0    00000060     ti.omp.ae66 : team.oe66 (.text:team_destructor)
                  0c0c6540    00000060     ti.omp.utils.ae66 : OpenMP.oe66 (.text:ti_omp_utils_OpenMP_mainTask__I)
                  0c0c65a0    00000060                       : ThreadLocalStorage.oe66 (.text:ti_omp_utils_ThreadLocalStorage_deleteFxn__F)
                  0c0c6600    00000060     omp_config_pe66.oe66 (.text:ti_sdo_ipc_GateMP_Object__delete__S)
                  0c0c6660    00000060     omp_config_pe66.oe66 (.text:ti_sdo_ipc_ListMP_Object__delete__S)
                  0c0c66c0    00000060     ipc.lib : Ipc.obj (.text:ti_sdo_ipc_family_c647x_NotifySetup_sharedMemReq__E)
                  0c0c6720    00000060             : Ipc.obj (.text:ti_sdo_ipc_gates_GateHWSem_leave__E)
                  0c0c6780    00000060             : Ipc.obj (.text:ti_sdo_ipc_gates_GatePeterson_Instance_finalize__F)
                  0c0c67e0    00000060     omp_config_pe66.oe66 (.text:ti_sdo_ipc_gates_GatePeterson_Object__delete__S)
                  0c0c6840    00000060     ipc.lib : Ipc.obj (.text:ti_sdo_ipc_gates_GatePeterson_sharedMemReq__E)
                  0c0c68a0    00000060     omp_config_pe66.oe66 (.text:ti_sdo_ipc_heaps_HeapMemMP_Object__delete__S)
                  0c0c6900    00000060     omp_config_pe66.oe66 (.text:ti_sdo_ipc_notifyDrivers_NotifyDriverShm_Object__delete__S)
                  0c0c6960    00000060     ipc.lib : Ipc.obj (.text:ti_sdo_ipc_notifyDrivers_NotifyDriverShm_setNotifyHandle__E)
                  0c0c69c0    00000060     omp_config_pe66.oe66 (.text:ti_sdo_ipc_nsremote_NameServerRemoteNotify_Object__delete__S)
                  0c0c6a20    00000060     ipc.lib : Ipc.obj (.text:ti_sdo_ipc_transports_TransportShmSetup_sharedMemReq__E)
                  0c0c6a80    00000060     omp_config_pe66.oe66 (.text:ti_sdo_ipc_transports_TransportShm_Object__delete__S)
                  0c0c6ae0    00000060     sysbios.ae66 : BIOS.obj (.text:ti_sysbios_BIOS_rtsLock__I)
                  0c0c6b40    00000060                  : BIOS.obj (.text:ti_sysbios_family_c62_TaskSupport_start__E)
                  0c0c6ba0    00000060     omp_config_pe66.oe66 (.text:ti_sysbios_family_c64p_Hwi_Object__delete__S)
                  0c0c6c00    00000060     sysbios.ae66 : BIOS.obj (.text:ti_sysbios_gates_GateAll_enter__E)
                  0c0c6c60    00000060     omp_config_pe66.oe66 (.text:ti_sysbios_gates_GateMutexPri_Object__delete__S)
                  0c0c6cc0    00000060     sysbios.ae66 : BIOS.obj (.text:ti_sysbios_gates_GateMutex_Instance_init__F)
                  0c0c6d20    00000060     omp_config_pe66.oe66 (.text:ti_sysbios_gates_GateMutex_Object__delete__S)
                  0c0c6d80    00000060     sysbios.ae66 : BIOS.obj (.text:ti_sysbios_knl_Swi_Module_startup__F)
                  0c0c6de0    00000060     omp_config_pe66.oe66 (.text:ti_sysbios_knl_Task_Object__delete__S)
                  0c0c6e40    00000060     sysbios.ae66 : BIOS.obj (.text:ti_sysbios_knl_Task_enter__I)
                  0c0c6ea0    00000060     omp_config_pe66.oe66 (.text:ti_sysbios_xdcruntime_GateThreadSupport_Object__delete__S)
                  0c0c6f00    00000060     rts6600_elf_mt.lib : lowlev.obj (.text:unlink)
                  0c0c6f60    00000060     omp_config_pe66.oe66 (.text:xdc_runtime_GateNull_Object__create__S)
                  0c0c6fc0    00000060     ti.targets.rts6000.ae66 : Memory.oe66 (.text:xdc_runtime_Memory_calloc__F)
                  0c0c7020    00000060                             : Memory.oe66 (.text:xdc_runtime_Memory_valloc__F)
                  0c0c7080    00000060                             : SysMin.oe66 (.text:xdc_runtime_SysMin_Module_startup__F)
                  0c0c70e0    00000060                             : SysMin.oe66 (.text:xdc_runtime_SysMin_exit__F)
                  0c0c7140    00000060                             : System.oe66 (.text:xdc_runtime_System_avprintf__F)
                  0c0c71a0    00000060                             : System.oe66 (.text:xdc_runtime_System_vprintf__F)
                  0c0c7200    00000060                             : Text.oe66 (.text:xdc_runtime_Text_cordText__F)
                  0c0c7260    00000060     omp_config_pe66.oe66 (.text:xdc_runtime_knl_GateThread_Object__delete__S)
                  0c0c72c0    00000040     ti.omp.ae66 : barrier.oe66 (.text:GOMP_barrier)
                  0c0c7300    00000040                 : parallel.oe66 (.text:GOMP_parallel_start)
                  0c0c7340    00000040     ti.omp.navigatorOsal.C6678.ae66 : Navigatorosal.oe66 (.text:Osal_cppiFree)
                  0c0c7380    00000040                                     : Navigatorosal.oe66 (.text:Osal_cppiMalloc)
                  0c0c73c0    00000040                                     : Navigatorosal.oe66 (.text:Osal_qmssBeginMemAccess)
                  0c0c7400    00000040                                     : Navigatorosal.oe66 (.text:Osal_qmssEndMemAccess)
                  0c0c7440    00000040     ti.drv.qmss.ae66 : qmss_drv.oe66 (.text:Qmss_getMemRegDescSize)
                  0c0c7480    00000040     ti.omp.navigator.C6678.ae66 : Navigator.oe66 (.text:Queue_empty)
                  0c0c74c0    00000040     rts6600_elf_mt.lib : _data_synch.obj (.text:__TI_data_synch_WB)
                  0c0c7500    00000040                        : _data_synch.obj (.text:__TI_data_synch_WBINV)
                  0c0c7540    00000040                        : _mutex.obj (.text:__TI_resource_unlock)
                  0c0c7580    00000040                        : isinf.obj (.text:__c6xabi_isinf)
                  0c0c75c0    00000040                        : _printfi.obj (.text:__c6xabi_isnan)
                  0c0c7600    00000040                        : args_main.obj (.text:_args_main)
                  0c0c7640    00000040     ti.omp.config.sysbios.ae66 : preinit.oe66 (.text:_system_pre_init)
                  0c0c7680    00000040     sysbios.ae66 : c62_TaskSupport_asm.obj (.text:_ti_sysbios_family_c62_TaskSupport_buildTaskStack)
                  0c0c76c0    00000040                  : c64p_Hwi_asm_switch.obj (.text:_ti_sysbios_family_xxx_Hwi_switchToIsrStack)
                  0c0c7700    00000040     omp_config_pe66.oe66 (.text:free)
                  0c0c7740    00000040     ti.omp.ae66 : team.oe66 (.text:free_team)
                  0c0c7780    00000040     ti.omp.config.sysbios.ae66 : bar.oe66 (.text:gomp_barrier_destroy)
                  0c0c77c0    00000040                                : bar.oe66 (.text:gomp_barrier_reinit)
                  0c0c7800    00000040     ti.omp.ae66 : task.oe66 (.text:gomp_end_task)
                  0c0c7840    00000040                 : error.oe66 (.text:gomp_error)
                  0c0c7880    00000040                 : error.oe66 (.text:gomp_fatal)
                  0c0c78c0    00000040                 : work.oe66 (.text:gomp_fini_work_share)
                  0c0c7900    00000040                 : team.oe66 (.text:gomp_free_pool_helper)
                  0c0c7940    00000040     ti.omp.config.sysbios.ae66 : thread.oe66 (.text:gomp_thread_create)
                  0c0c7980    00000040     rts6600_elf_mt.lib : _mutex.obj (.text:init_mutexes)
                  0c0c79c0    00000040     ti.omp.navigator.C6678.ae66 : Navigator.oe66 (.text:l2_global_address)
                  0c0c7a00    00000040     ti.omp.ae66 : parallel.oe66 (.text:omp_get_num_threads)
                  0c0c7a40    00000040     rts6600_elf_mt.lib : _pthread.obj (.text:pthread_self)
                  0c0c7a80    00000040                        : rand.obj (.text:rand)
                  0c0c7ac0    00000040     omp_config_pe66.oe66 (.text:ti_omp_utils_HeapOMP_Handle__label__S)
                  0c0c7b00    00000040     omp_config_pe66.oe66 (.text:ti_omp_utils_HeapOMP_Object__delete__S)
                  0c0c7b40    00000040     ti.omp.utils.ae66 : HeapOMP.oe66 (.text:ti_omp_utils_HeapOMP_free__E)
                  0c0c7b80    00000040                       : ThreadLocalStorage.oe66 (.text:ti_omp_utils_ThreadLocalStorage_switchFxn__F)
                  0c0c7bc0    00000040                       : ThreadLocal.oe66 (.text:ti_omp_utils_ThreadLocal_createFxn__F)
                  0c0c7c00    00000040     ipc.lib : Ipc.obj (.text:ti_sdo_ipc_family_c647x_Interrupt_intClear__E)
                  0c0c7c40    00000040             : Ipc.obj (.text:ti_sdo_ipc_family_c647x_Interrupt_intSend__E)
                  0c0c7c80    00000040     omp_config_pe66.oe66 (.text:ti_sdo_ipc_gates_GateHWSem_Handle__label__S)
                  0c0c7cc0    00000040     omp_config_pe66.oe66 (.text:ti_sdo_ipc_gates_GateHWSem_Object__delete__S)
                  0c0c7d00    00000040     omp_config_pe66.oe66 (.text:ti_sdo_ipc_gates_GateMPSupportNull_Handle__label__S)
                  0c0c7d40    00000040     omp_config_pe66.oe66 (.text:ti_sdo_ipc_gates_GateMPSupportNull_Object__delete__S)
                  0c0c7d80    00000040     omp_config_pe66.oe66 (.text:ti_sdo_ipc_gates_GatePeterson_Handle__label__S)
                  0c0c7dc0    00000040     omp_config_pe66.oe66 (.text:ti_sdo_ipc_heaps_HeapMemMP_Handle__label__S)
                  0c0c7e00    00000040     omp_config_pe66.oe66 (.text:ti_sdo_ipc_notifyDrivers_NotifyDriverShm_Handle__label__S)
                  0c0c7e40    00000040     ipc.lib : Ipc.obj (.text:ti_sdo_ipc_notifyDrivers_NotifyDriverShm_disable__E)
                  0c0c7e80    00000040             : Ipc.obj (.text:ti_sdo_ipc_notifyDrivers_NotifyDriverShm_enable__E)
                  0c0c7ec0    00000040     omp_config_pe66.oe66 (.text:ti_sdo_ipc_nsremote_NameServerRemoteNotify_Handle__label__S)
                  0c0c7f00    00000040     ipc.lib : Ipc.obj (.text:ti_sdo_ipc_nsremote_NameServerRemoteNotify_sharedMemReq__E)
                  0c0c7f40    00000040     omp_config_pe66.oe66 (.text:ti_sdo_ipc_transports_TransportShm_Handle__label__S)
                  0c0c7f80    00000040     omp_config_pe66.oe66 (.text:ti_sdo_utils_NameServer_Module__startupDone__F)
                  0c0c7fc0    00000040     omp_config_pe66.oe66 (.text:ti_sdo_utils_NameServer_Object__get__S)
                  0c0c8000    00000040     omp_config_pe66.oe66 (.text:ti_sysbios_BIOS_startFunc__I)
                  0c0c8040    00000040     omp_config_pe66.oe66 (.text:ti_sysbios_family_c64p_Hwi_Module__startupDone__F)
                  0c0c8080    00000040     sysbios.ae66 : BIOS.obj (.text:ti_sysbios_family_c64p_Hwi_disableInterrupt__E)
                  0c0c80c0    00000040                  : BIOS.obj (.text:ti_sysbios_family_c64p_Hwi_enableInterrupt__E)
                  0c0c8100    00000040     omp_config_pe66.oe66 (.text:ti_sysbios_gates_GateAll_Handle__label__S)
                  0c0c8140    00000040     omp_config_pe66.oe66 (.text:ti_sysbios_gates_GateAll_Object__delete__S)
                  0c0c8180    00000040     omp_config_pe66.oe66 (.text:ti_sysbios_gates_GateHwi_Handle__label__S)
                  0c0c81c0    00000040     omp_config_pe66.oe66 (.text:ti_sysbios_gates_GateHwi_Object__delete__S)
                  0c0c8200    00000040     omp_config_pe66.oe66 (.text:ti_sysbios_gates_GateMutexPri_Handle__label__S)
                  0c0c8240    00000040     sysbios.ae66 : BIOS.obj (.text:ti_sysbios_gates_GateMutexPri_Instance_init__F)
                  0c0c8280    00000040     omp_config_pe66.oe66 (.text:ti_sysbios_gates_GateMutexPri_Object__destruct__S)
                  0c0c82c0    00000040     omp_config_pe66.oe66 (.text:ti_sysbios_gates_GateMutex_Handle__label__S)
                  0c0c8300    00000040     sysbios.ae66 : BIOS.obj (.text:ti_sysbios_gates_GateMutex_leave__E)
                  0c0c8340    00000040     omp_config_pe66.oe66 (.text:ti_sysbios_gates_GateSwi_Handle__label__S)
                  0c0c8380    00000040     omp_config_pe66.oe66 (.text:ti_sysbios_gates_GateSwi_Object__delete__S)
                  0c0c83c0    00000040     omp_config_pe66.oe66 (.text:ti_sysbios_hal_Timer_Module__startupDone__F)
                  0c0c8400    00000040     omp_config_pe66.oe66 (.text:ti_sysbios_heaps_HeapMem_Handle__label__S)
                  0c0c8440    00000040     omp_config_pe66.oe66 (.text:ti_sysbios_heaps_HeapMem_Object__delete__S)
                  0c0c8480    00000040     omp_config_pe66.oe66 (.text:ti_sysbios_heaps_HeapMem_Object__get__S)
                  0c0c84c0    00000040     omp_config_pe66.oe66 (.text:ti_sysbios_knl_Semaphore_Object__destruct__S)
                  0c0c8500    00000040     omp_config_pe66.oe66 (.text:ti_sysbios_knl_Swi_Object__destruct__S)
                  0c0c8540    00000040     omp_config_pe66.oe66 (.text:ti_sysbios_knl_Swi_Object__get__S)
                  0c0c8580    00000040     omp_config_pe66.oe66 (.text:ti_sysbios_knl_Task_Object__get__S)
                  0c0c85c0    00000040     omp_config_pe66.oe66 (.text:ti_sysbios_timers_timer64_Timer_Module__startupDone__F)
                  0c0c8600    00000040     sysbios.ae66 : BIOS.obj (.text:ti_sysbios_xdcruntime_GateThreadSupport_Instance_init__F)
                  0c0c8640    00000040     ti.targets.rts6000.ae66 : Error.oe66 (.text:xdc_runtime_Error_check__F)
                  0c0c8680    00000040                             : Error.oe66 (.text:xdc_runtime_Error_init__F)
                  0c0c86c0    00000040     omp_config_pe66.oe66 (.text:xdc_runtime_GateNull_Handle__label__S)
                  0c0c8700    00000040     omp_config_pe66.oe66 (.text:xdc_runtime_GateNull_Object__delete__S)
                  0c0c8740    00000040     ti.targets.rts6000.ae66 : Gate.oe66 (.text:xdc_runtime_Gate_leaveSystem__F)
                  0c0c8780    00000040                             : Memory.oe66 (.text:xdc_runtime_Memory_free__F)
                  0c0c87c0    00000040                             : Registry.oe66 (.text:xdc_runtime_Registry_findById__F)
                  0c0c8800    00000040                             : System.oe66 (.text:xdc_runtime_System_abort__F)
                  0c0c8840    00000040     omp_config_pe66.oe66 (.text:xdc_runtime_System_aprintf__E)
                  0c0c8880    00000040     omp_config_pe66.oe66 (.text:xdc_runtime_System_printf__E)
                  0c0c88c0    00000040     ti.targets.rts6000.ae66 : Text.oe66 (.text:xdc_runtime_Text_ropeText__F)
                  0c0c8900    00000040     omp_config_pe66.oe66 (.text:xdc_runtime_knl_GateThread_Handle__label__S)
                  0c0c8940    00000040     ti.targets.rts6000.ae66 : GateThread.oe66 (.text:xdc_runtime_knl_GateThread_Instance_finalize__F)
                  0c0c8980    00000040                             : GateThread.oe66 (.text:xdc_runtime_knl_GateThread_Instance_init__F)
                  0c0c89c0    00000038     mathlib.ae66 : exp2sp.obj (.text)
                  0c0c89f8    00000038                  : expsp.obj (.text)
                  0c0c8a30    00000038                  : log10sp.obj (.text)
                  0c0c8a68    00000018     --HOLE-- [fill = 0]
                  0c0c8a80    00000020     ti.drv.cppi.ae66 : cppi_drv.oe66 (.text:Cppi_init)
                  0c0c8aa0    00000020     ipc.lib : Ipc.obj (.text:GateMP_getDefaultRemote)
                  0c0c8ac0    00000020             : Ipc.obj (.text:MultiProc_getBaseIdOfCluster)
                  0c0c8ae0    00000020             : Ipc.obj (.text:MultiProc_getNumProcsInCluster)
                  0c0c8b00    00000020             : Ipc.obj (.text:MultiProc_self)
                  0c0c8b20    00000020     ti.omp.navigatorOsal.C6678.ae66 : Navigatorosal.oe66 (.text:Osal_cppiBeginMemAccess)
                  0c0c8b40    00000020                                     : Navigatorosal.oe66 (.text:Osal_cppiCsExit)
                  0c0c8b60    00000020                                     : Navigatorosal.oe66 (.text:Osal_cppiEndMemAccess)
                  0c0c8b80    00000020                                     : Navigatorosal.oe66 (.text:Osal_qmssCsExit)
                  0c0c8ba0    00000020     ti.drv.qmss.ae66 : qmss_drv.oe66 (.text:Qmss_getQueueNumber)
                  0c0c8bc0    00000020                      : qmss_drv.oe66 (.text:Qmss_start)
                  0c0c8be0    00000020     rts6600_elf_mt.lib : _data_synch.obj (.text:__TI_data_synch_INV)
                  0c0c8c00    00000020                        : errno.obj (.text:__c6xabi_errno_addr)
                  0c0c8c20    00000020                        : negll.obj (.text:__c6xabi_negll)
                  0c0c8c40    00000020                        : dtor_list.obj (.text:__cxa_atexit)
                  0c0c8c60    00000020                        : dtor_list.obj (.text:__cxa_ia64_exit)
                  0c0c8c80    00000020     ti.targets.rts6000.ae66 : xdc_noinit.oe66 (.text:__xdc__init)
                  0c0c8ca0    00000020     rts6600_elf_mt.lib : _lock.obj (.text:_nop)
                  0c0c8cc0    00000020                        : printf.obj (.text:_outc)
                  0c0c8ce0    00000020                        : vfprintf.obj (.text:_outc)
                  0c0c8d00    00000020                        : printf.obj (.text:_outs)
                  0c0c8d20    00000020                        : vfprintf.obj (.text:_outs)
                  0c0c8d40    00000020                        : _lock.obj (.text:_register_lock)
                  0c0c8d60    00000020                        : _lock.obj (.text:_register_unlock)
                  0c0c8d80    00000020     sysbios.ae66 : c62_TaskSupport_asm.obj (.text:_ti_sysbios_family_c62_TaskSupport_glue)
                  0c0c8da0    00000020                  : c64p_Hwi_asm_switch.obj (.text:_ti_sysbios_family_xxx_Hwi_switchToTaskStack)
                  0c0c8dc0    00000020     rts6600_elf_mt.lib : exit.obj (.text:abort)
                  0c0c8de0    00000020                        : dtor_list.obj (.text:atexit)
                  0c0c8e00    00000020     ti.drv.cppi.ae66 : cppi_listlib.oe66 (.text:cppi_list_get_head)
                  0c0c8e20    00000020     ti.csl.ae66 : csl_tsc.oe66 (.text:cslsys_section:tsc)
                  0c0c8e40    00000020     rts6600_elf_mt.lib : copy_decompress_none.obj (.text:decompress:none:__TI_decompress_none)
                  0c0c8e60    00000020                        : copy_decompress_rle.obj (.text:decompress:rle24:__TI_decompress_rle24)
                  0c0c8e80    00000020                        : _mutex.obj (.text:delete_mutexes)
                  0c0c8ea0    00000020                        : getenv.obj (.text:getenv)
                  0c0c8ec0    00000020     ti.omp.ae66 : env.oe66 (.text:getenv)
                  0c0c8ee0    00000020     ti.omp.config.sysbios.ae66 : proc.oe66 (.text:gomp_dynamic_max_threads)
                  0c0c8f00    00000020                                : affinity.oe66 (.text:gomp_init_affinity)
                  0c0c8f20    00000020                                : proc.oe66 (.text:gomp_init_num_threads)
                  0c0c8f40    00000020                                : affinity.oe66 (.text:gomp_init_thread_affinity)
                  0c0c8f60    00000020     ti.omp.ae66 : team.oe66 (.text:gomp_new_thread_pool)
                  0c0c8f80    00000020     mathlib.ae66 : powdp.obj (.text)
                  0c0c8fa0    00000020     rts6600_elf_mt.lib : _mutex.obj (.text:mutex_destroy)
                  0c0c8fc0    00000020     ti.omp.ae66 : parallel.oe66 (.text:omp_get_thread_num)
                  0c0c8fe0    00000020     rts6600_elf_mt.lib : _pthread.obj (.text:pthread_equal)
                  0c0c9000    00000020     ti.omp.utils.ae66 : HeapOMP.oe66 (.text:ti_omp_utils_HeapOMP_Instance_init__F)
                  0c0c9020    00000020                       : HeapOMP.oe66 (.text:ti_omp_utils_HeapOMP_getStats__E)
                  0c0c9040    00000020                       : HeapOMP.oe66 (.text:ti_omp_utils_HeapOMP_isBlocking__F)
                  0c0c9060    00000020                       : OpenMP.oe66 (.text:ti_omp_utils_OpenMP_useSharedHeap__F)
                  0c0c9080    00000020                       : ThreadLocalStorage.oe66 (.text:ti_omp_utils_ThreadLocalStorage_registerFxn__F)
                  0c0c90a0    00000020                       : ThreadLocal.oe66 (.text:ti_omp_utils_ThreadLocal_registerFxn__F)
                  0c0c90c0    00000020     omp_config_pe66.oe66 (.text:ti_sdo_ipc_GateMP_Params__init__S)
                  0c0c90e0    00000020     omp_config_pe66.oe66 (.text:ti_sdo_ipc_GateMP_RemoteCustom1Proxy_Object__create__S)
                  0c0c9100    00000020     omp_config_pe66.oe66 (.text:ti_sdo_ipc_GateMP_RemoteCustom1Proxy_Object__delete__S)
                  0c0c9120    00000020     omp_config_pe66.oe66 (.text:ti_sdo_ipc_GateMP_RemoteCustom1Proxy_Params__init__S)
                  0c0c9140    00000020     omp_config_pe66.oe66 (.text:ti_sdo_ipc_GateMP_RemoteCustom1Proxy_Proxy__abstract__S)
                  0c0c9160    00000020     omp_config_pe66.oe66 (.text:ti_sdo_ipc_GateMP_RemoteCustom1Proxy_Proxy__delegate__S)
                  0c0c9180    00000020     omp_config_pe66.oe66 (.text:ti_sdo_ipc_GateMP_RemoteCustom2Proxy_Object__create__S)
                  0c0c91a0    00000020     omp_config_pe66.oe66 (.text:ti_sdo_ipc_GateMP_RemoteCustom2Proxy_Object__delete__S)
                  0c0c91c0    00000020     omp_config_pe66.oe66 (.text:ti_sdo_ipc_GateMP_RemoteCustom2Proxy_Params__init__S)
                  0c0c91e0    00000020     omp_config_pe66.oe66 (.text:ti_sdo_ipc_GateMP_RemoteCustom2Proxy_Proxy__abstract__S)
                  0c0c9200    00000020     omp_config_pe66.oe66 (.text:ti_sdo_ipc_GateMP_RemoteCustom2Proxy_Proxy__delegate__S)
[...]
0c0d07c8   ti_sdo_ipc_Notify_Module__diagsEnabled__C
0c0d07cc   ti_sdo_ipc_Notify_Module__diagsIncluded__C
0c0d07d0   ti_sdo_ipc_Notify_Module__diagsMask__C
0c0d07d4   ti_sdo_ipc_Notify_Module__gateObj__C
0c0d07d8   ti_sdo_ipc_Notify_Object__heap__C
0c0d07dc   ti_sdo_ipc_Notify_numEvents__C
0c0d07e0   ti_sdo_ipc_Notify_sendEventPollCount__C
0c0d07e4   ti_sdo_ipc_SharedRegion_A_addrOutOfRange__C
0c0d07e8   ti_sdo_ipc_SharedRegion_A_idTooLarge__C
0c0d07ec   ti_sdo_ipc_SharedRegion_A_noHeap__C
0c0d07f0   ti_sdo_ipc_SharedRegion_A_region0Invalid__C
0c0d07f4   ti_sdo_ipc_SharedRegion_A_regionInvalid__C
0c0d07f8   ti_sdo_ipc_SharedRegion_A_reserveTooMuch__C
0c0d07fc   ti_sdo_ipc_SharedRegion_INVALIDSRPTR__C
0c0d0800   ti_sdo_ipc_SharedRegion_Module__diagsEnabled__C
0c0d0804   ti_sdo_ipc_SharedRegion_Module__diagsIncluded__C
0c0d0808   ti_sdo_ipc_SharedRegion_Module__diagsMask__C
0c0d080c   ti_sdo_ipc_SharedRegion_cacheLineSize__C
0c0d0810   ti_sdo_ipc_SharedRegion_numOffsetBits__C
0c0d0814   ti_sdo_ipc_SharedRegion_offsetMask__C
0c0d0818   ti_sdo_ipc_family_c647x_Interrupt_INTERDSPINT__C
0c0d081c   ti_sdo_ipc_family_c647x_Interrupt_IPCAR0__C
0c0d0820   ti_sdo_ipc_family_c647x_Interrupt_IPCGR0__C
0c0d0824   ti_sdo_ipc_family_c647x_Interrupt_KICK0__C
0c0d0828   ti_sdo_ipc_family_c647x_Interrupt_KICK1__C
0c0d082c   ti_sdo_ipc_family_c647x_MultiProcSetup_procMap__C
0c0d0830   ti_sdo_ipc_family_c647x_NotifySetup_dspIntVectId__C
0c0d0834   ti_sdo_ipc_gates_GateHWSem_A_invSemNum__C
0c0d0838   ti_sdo_ipc_gates_GateHWSem_Module__diagsEnabled__C
0c0d083c   ti_sdo_ipc_gates_GateHWSem_Module__diagsIncluded__C
0c0d0840   ti_sdo_ipc_gates_GateHWSem_Module__diagsMask__C
0c0d0844   ti_sdo_ipc_gates_GateHWSem_baseAddr__C
0c0d0848   ti_sdo_ipc_gates_GateHWSem_numSems__C
0c0d084c   ti_sdo_ipc_gates_GateHWSem_reservedMaskArr__C
0c0d0850   ti_sdo_ipc_gates_GateHWSem_reservedMaskArr__A
0c0d0854   ti_sdo_ipc_gates_GateMPSupportNull_A_invalidAction__C
0c0d0858   ti_sdo_ipc_gates_GateMPSupportNull_Module__diagsEnabled__C
0c0d085c   ti_sdo_ipc_gates_GateMPSupportNull_Module__diagsIncluded__C
0c0d0860   ti_sdo_ipc_gates_GateMPSupportNull_Module__diagsMask__C
0c0d0864   ti_sdo_ipc_gates_GateMPSupportNull_action__C
0c0d0868   ti_sdo_ipc_gates_GatePeterson_E_gateRemotelyOpened__C
0c0d086c   ti_sdo_ipc_gates_GatePeterson_Module__diagsEnabled__C
0c0d0870   ti_sdo_ipc_gates_GatePeterson_Module__diagsIncluded__C
0c0d0874   ti_sdo_ipc_gates_GatePeterson_Module__diagsMask__C
0c0d0878   ti_sdo_ipc_gates_GatePeterson_numInstances__C
0c0d087c   ti_sdo_ipc_heaps_HeapMemMP_A_align__C
0c0d0880   ti_sdo_ipc_heaps_HeapMemMP_A_heapSize__C
0c0d0884   ti_sdo_ipc_heaps_HeapMemMP_A_invalidFree__C
0c0d0888   ti_sdo_ipc_heaps_HeapMemMP_A_zeroBlock__C
0c0d088c   ti_sdo_ipc_heaps_HeapMemMP_E_memory__C
0c0d0890   ti_sdo_ipc_heaps_HeapMemMP_Module__diagsEnabled__C
0c0d0894   ti_sdo_ipc_heaps_HeapMemMP_Module__diagsIncluded__C
0c0d0898   ti_sdo_ipc_heaps_HeapMemMP_Module__diagsMask__C
0c0d089c   ti_sdo_ipc_interfaces_IGateMPSupport_Interface__BASE__C
0c0d08a0   ti_sdo_ipc_interfaces_IMessageQTransport_Interface__BASE__C
0c0d08a4   ti_sdo_ipc_interfaces_INotifyDriver_Interface__BASE__C
0c0d08a8   ti_sdo_ipc_notifyDrivers_NotifyDriverShm_Module__diagsEnabled__C
0c0d08ac   ti_sdo_ipc_notifyDrivers_NotifyDriverShm_Module__diagsIncluded__C
0c0d08b0   ti_sdo_ipc_notifyDrivers_NotifyDriverShm_Module__diagsMask__C
0c0d08b4   ti_sdo_ipc_notifyDrivers_NotifyDriverShm_Object__heap__C
0c0d08b8   ti_sdo_ipc_nsremote_NameServerRemoteNotify_A_invalidValueLen__C
0c0d08bc   ti_sdo_ipc_nsremote_NameServerRemoteNotify_Instance_State_semMultiBlock__O
0c0d08c0   ti_sdo_ipc_nsremote_NameServerRemoteNotify_Instance_State_semRemoteWait__O
0c0d08c4   ti_sdo_ipc_nsremote_NameServerRemoteNotify_Instance_State_swiObj__O
0c0d08c8   ti_sdo_ipc_nsremote_NameServerRemoteNotify_Module__diagsEnabled__C
0c0d08cc   ti_sdo_ipc_nsremote_NameServerRemoteNotify_Module__diagsIncluded__C
0c0d08d0   ti_sdo_ipc_nsremote_NameServerRemoteNotify_Module__diagsMask__C
0c0d08d4   ti_sdo_ipc_nsremote_NameServerRemoteNotify_notifyEventId__C
0c0d08d8   ti_sdo_ipc_nsremote_NameServerRemoteNotify_timeout__C
0c0d08dc   ti_sdo_ipc_transports_TransportShmSetup_priority__C
0c0d08e0   ti_sdo_ipc_transports_TransportShm_Instance_State_swiObj__O
0c0d08e4   ti_sdo_ipc_transports_TransportShm_Module__diagsEnabled__C
0c0d08e8   ti_sdo_ipc_transports_TransportShm_Module__diagsIncluded__C
0c0d08ec   ti_sdo_ipc_transports_TransportShm_Module__diagsMask__C
0c0d08f0   ti_sdo_utils_INameServerRemote_Interface__BASE__C
0c0d08f4   ti_sdo_utils_MultiProc_A_invalidMultiProcId__C
0c0d08f8   ti_sdo_utils_MultiProc_Module__diagsEnabled__C
0c0d08fc   ti_sdo_utils_MultiProc_Module__diagsIncluded__C
0c0d0900   ti_sdo_utils_MultiProc_Module__diagsMask__C
0c0d0904   ti_sdo_utils_NameServer_A_invArgument__C
0c0d0908   ti_sdo_utils_NameServer_A_invalidLen__C
0c0d090c   ti_sdo_utils_NameServer_E_entryExists__C
0c0d0910   ti_sdo_utils_NameServer_E_maxReached__C
0c0d0914   ti_sdo_utils_NameServer_Instance_State_freeList__O
0c0d0918   ti_sdo_utils_NameServer_Instance_State_nameList__O
0c0d091c   ti_sdo_utils_NameServer_Module__diagsEnabled__C
0c0d0920   ti_sdo_utils_NameServer_Module__diagsIncluded__C
0c0d0924   ti_sdo_utils_NameServer_Module__diagsMask__C
0c0d0928   ti_sdo_utils_NameServer_Object__count__C
0c0d092c   ti_sysbios_BIOS_Module__diagsEnabled__C
0c0d0930   ti_sysbios_BIOS_Module__diagsIncluded__C
0c0d0934   ti_sysbios_BIOS_Module__diagsMask__C
0c0d0938   ti_sysbios_BIOS_installedErrorHook__C
0c0d093c   ti_sysbios_family_c62_TaskSupport_stackAlignment__C
0c0d0940   ti_sysbios_family_c64p_Exception_E_exceptionMax__C
0c0d0944   ti_sysbios_family_c64p_Exception_E_exceptionMin__C
0c0d0948   ti_sysbios_family_c64p_Exception_exceptionHook__C
0c0d094c   ti_sysbios_family_c64p_Exception_externalHook__C
0c0d0950   ti_sysbios_family_c64p_Exception_internalHook__C
0c0d0954   ti_sysbios_family_c64p_Exception_nmiHook__C
0c0d0958   ti_sysbios_family_c64p_Hwi_E_alreadyDefined__C
0c0d095c   ti_sysbios_family_c64p_Hwi_E_handleNotFound__C
0c0d0960   ti_sysbios_family_c64p_Hwi_LD_end__C
0c0d0964   ti_sysbios_family_c64p_Hwi_LM_begin__C
0c0d0968   ti_sysbios_family_c64p_Hwi_Module__diagsEnabled__C
0c0d096c   ti_sysbios_family_c64p_Hwi_Module__diagsIncluded__C
0c0d0970   ti_sysbios_family_c64p_Hwi_Module__diagsMask__C
0c0d0974   ti_sysbios_family_c64p_Hwi_Module__loggerFxn1__C
0c0d0978   ti_sysbios_family_c64p_Hwi_Module__loggerFxn8__C
0c0d097c   ti_sysbios_family_c64p_Hwi_Module__loggerObj__C
0c0d0980   ti_sysbios_family_c66_Cache_atomicBlockSize__C
0c0d0984   ti_sysbios_gates_GateMutexPri_A_badContext__C
0c0d0988   ti_sysbios_gates_GateMutexPri_A_enterTaskDisabled__C
0c0d098c   ti_sysbios_gates_GateMutexPri_Instance_State_pendQ__O
0c0d0990   ti_sysbios_gates_GateMutexPri_Module__diagsEnabled__C
0c0d0994   ti_sysbios_gates_GateMutexPri_Module__diagsIncluded__C
0c0d0998   ti_sysbios_gates_GateMutexPri_Module__diagsMask__C
0c0d099c   ti_sysbios_gates_GateMutex_A_badContext__C
0c0d09a0   ti_sysbios_gates_GateMutex_Instance_State_sem__O
0c0d09a4   ti_sysbios_gates_GateMutex_Module__diagsEnabled__C
0c0d09a8   ti_sysbios_gates_GateMutex_Module__diagsIncluded__C
0c0d09ac   ti_sysbios_gates_GateMutex_Module__diagsMask__C
0c0d09b0   ti_sysbios_gates_GateSwi_A_badContext__C
0c0d09b4   ti_sysbios_gates_GateSwi_Module__diagsEnabled__C
0c0d09b8   ti_sysbios_gates_GateSwi_Module__diagsIncluded__C
0c0d09bc   ti_sysbios_gates_GateSwi_Module__diagsMask__C
0c0d09c0   ti_sysbios_hal_Hwi_E_stackOverflow__C
0c0d09c4   ti_sysbios_heaps_HeapBuf_Instance_State_freeList__O
0c0d09c8   ti_sysbios_heaps_HeapBuf_Object__count__C
0c0d09cc   ti_sysbios_heaps_HeapBuf_numConstructedHeaps__C
0c0d09d0   ti_sysbios_heaps_HeapMem_A_align__C
0c0d09d4   ti_sysbios_heaps_HeapMem_A_heapSize__C
0c0d09d8   ti_sysbios_heaps_HeapMem_A_invalidFree__C
0c0d09dc   ti_sysbios_heaps_HeapMem_A_zeroBlock__C
0c0d09e0   ti_sysbios_heaps_HeapMem_E_memory__C
0c0d09e4   ti_sysbios_heaps_HeapMem_Module__diagsEnabled__C
0c0d09e8   ti_sysbios_heaps_HeapMem_Module__diagsIncluded__C
0c0d09ec   ti_sysbios_heaps_HeapMem_Module__diagsMask__C
0c0d09f0   ti_sysbios_heaps_HeapMem_Module__gateObj__C
0c0d09f4   ti_sysbios_heaps_HeapMem_Object__count__C
0c0d09f8   ti_sysbios_heaps_HeapMem_reqAlign__C
0c0d09fc   ti_sysbios_knl_Clock_LM_begin__C
0c0d0a00   ti_sysbios_knl_Clock_LM_tick__C
0c0d0a04   ti_sysbios_knl_Clock_LW_delayed__C
0c0d0a08   ti_sysbios_knl_Clock_Module_State_clockQ__O
0c0d0a0c   ti_sysbios_knl_Clock_Module__diagsEnabled__C
0c0d0a10   ti_sysbios_knl_Clock_Module__diagsIncluded__C
0c0d0a14   ti_sysbios_knl_Clock_Module__diagsMask__C
0c0d0a18   ti_sysbios_knl_Clock_Module__loggerFxn1__C
0c0d0a1c   ti_sysbios_knl_Clock_Module__loggerFxn2__C
0c0d0a20   ti_sysbios_knl_Clock_Module__loggerObj__C
0c0d0a24   ti_sysbios_knl_Clock_tickMode__C
0c0d0a28   ti_sysbios_knl_Clock_tickSource__C
0c0d0a2c   ti_sysbios_knl_Semaphore_A_badContext__C
0c0d0a30   ti_sysbios_knl_Semaphore_A_noEvents__C
0c0d0a34   ti_sysbios_knl_Semaphore_A_overflow__C
0c0d0a38   ti_sysbios_knl_Semaphore_A_pendTaskDisabled__C
0c0d0a3c   ti_sysbios_knl_Semaphore_Instance_State_pendQ__O
0c0d0a40   ti_sysbios_knl_Semaphore_LM_pend__C
0c0d0a44   ti_sysbios_knl_Semaphore_LM_post__C
0c0d0a48   ti_sysbios_knl_Semaphore_Module__diagsEnabled__C
0c0d0a4c   ti_sysbios_knl_Semaphore_Module__diagsIncluded__C
0c0d0a50   ti_sysbios_knl_Semaphore_Module__diagsMask__C
0c0d0a54   ti_sysbios_knl_Semaphore_Module__loggerFxn2__C
0c0d0a58   ti_sysbios_knl_Semaphore_Module__loggerFxn4__C
0c0d0a5c   ti_sysbios_knl_Semaphore_Module__loggerObj__C
0c0d0a60   ti_sysbios_knl_Swi_A_badPriority__C
0c0d0a64   ti_sysbios_knl_Swi_LD_end__C
0c0d0a68   ti_sysbios_knl_Swi_LM_begin__C
0c0d0a6c   ti_sysbios_knl_Swi_LM_post__C
0c0d0a70   ti_sysbios_knl_Swi_Module__diagsEnabled__C
0c0d0a74   ti_sysbios_knl_Swi_Module__diagsIncluded__C
0c0d0a78   ti_sysbios_knl_Swi_Module__diagsMask__C
0c0d0a7c   ti_sysbios_knl_Swi_Module__loggerFxn1__C
0c0d0a80   ti_sysbios_knl_Swi_Module__loggerFxn4__C
0c0d0a84   ti_sysbios_knl_Swi_Module__loggerObj__C
0c0d0a88   ti_sysbios_knl_Swi_Object__count__C
0c0d0a8c   ti_sysbios_knl_Swi_numPriorities__C
0c0d0a90   ti_sysbios_knl_Task_A_badPriority__C
0c0d0a94   ti_sysbios_knl_Task_A_badTaskState__C
0c0d0a98   ti_sysbios_knl_Task_A_badThreadType__C
0c0d0a9c   ti_sysbios_knl_Task_A_noPendElem__C
0c0d0aa0   ti_sysbios_knl_Task_E_deleteNotAllowed__C
0c0d0aa4   ti_sysbios_knl_Task_LD_block__C
0c0d0aa8   ti_sysbios_knl_Task_LD_exit__C
0c0d0aac   ti_sysbios_knl_Task_LD_ready__C
0c0d0ab0   ti_sysbios_knl_Task_LM_setPri__C
0c0d0ab4   ti_sysbios_knl_Task_LM_switch__C
0c0d0ab8   ti_sysbios_knl_Task_LM_yield__C
0c0d0abc   ti_sysbios_knl_Task_Module_State_inactiveQ__O
0c0d0ac0   ti_sysbios_knl_Task_Module_State_terminatedQ__O
0c0d0ac4   ti_sysbios_knl_Task_Module__diagsEnabled__C
0c0d0ac8   ti_sysbios_knl_Task_Module__diagsIncluded__C
0c0d0acc   ti_sysbios_knl_Task_Module__diagsMask__C
0c0d0ad0   ti_sysbios_knl_Task_Module__loggerFxn2__C
0c0d0ad4   ti_sysbios_knl_Task_Module__loggerFxn4__C
0c0d0ad8   ti_sysbios_knl_Task_Module__loggerObj__C
0c0d0adc   ti_sysbios_knl_Task_Object__count__C
0c0d0ae0   ti_sysbios_knl_Task_Object__heap__C
0c0d0ae4   ti_sysbios_knl_Task_allBlockedFunc__C
0c0d0ae8   ti_sysbios_knl_Task_defaultStackHeap__C
0c0d0aec   ti_sysbios_knl_Task_defaultStackSize__C
0c0d0af0   ti_sysbios_knl_Task_numConstructedTasks__C
0c0d0af4   ti_sysbios_knl_Task_numPriorities__C
0c0d0af8   ti_sysbios_timers_timer64_Timer_A_notAvailable__C
0c0d0afc   ti_sysbios_timers_timer64_Timer_E_cannotSupport__C
0c0d0b00   ti_sysbios_timers_timer64_Timer_Module__diagsEnabled__C
0c0d0b04   ti_sysbios_timers_timer64_Timer_Module__diagsIncluded__C
0c0d0b08   ti_sysbios_timers_timer64_Timer_Module__diagsMask__C
0c0d0b0c   ti_sysbios_timers_timer64_Timer_anyMask__C
0c0d0b10   ti_sysbios_timers_timer64_Timer_freqDivisor__C
0c0d0b14   ti_sysbios_timers_timer64_Timer_numLocalTimers__C
0c0d0b18   ti_sysbios_timers_timer64_Timer_numTimerDevices__C
0c0d0b1c   ti_sysbios_xdcruntime_GateThreadSupport_Instance_State_gate__O
0c0d0b20   xdc_runtime_Assert_E_assertFailed__C
0c0d0b24   xdc_runtime_Core_A_initializedParams__C
0c0d0b28   xdc_runtime_Core_Module__diagsEnabled__C
0c0d0b2c   xdc_runtime_Core_Module__diagsIncluded__C
0c0d0b30   xdc_runtime_Core_Module__diagsMask__C
0c0d0b34   xdc_runtime_Error_E_memory__C
0c0d0b38   xdc_runtime_Error_Module__diagsEnabled__C
0c0d0b3c   xdc_runtime_Error_Module__diagsIncluded__C
0c0d0b40   xdc_runtime_Error_Module__diagsMask__C
0c0d0b44   xdc_runtime_Error_Module__loggerFxn8__C
0c0d0b48   xdc_runtime_Error_Module__loggerObj__C
0c0d0b4c   xdc_runtime_Error_policy__C
0c0d0b50   xdc_runtime_Error_raiseHook__C
0c0d0b54   xdc_runtime_IGateProvider_Interface__BASE__C
0c0d0b58   xdc_runtime_IHeap_Interface__BASE__C
0c0d0b5c   xdc_runtime_IModule_Interface__BASE__C
0c0d0b60   xdc_runtime_Log_L_error__C
0c0d0b64   xdc_runtime_Memory_defaultHeapInstance__C
0c0d0b68   xdc_runtime_Startup_execImpl__C
0c0d0b6c   xdc_runtime_Startup_maxPasses__C
0c0d0b70   xdc_runtime_Startup_sfxnRts__C
0c0d0b74   xdc_runtime_Startup_sfxnTab__C
0c0d0b78   xdc_runtime_SysMin_bufSize__C
0c0d0b7c   xdc_runtime_SysMin_outputFunc__C
0c0d0b80   xdc_runtime_System_Module__gateObj__C
0c0d0b84   xdc_runtime_System_extendFxn__C
0c0d0b88   xdc_runtime_System_maxAtexitHandlers__C
0c0d0b8c   xdc_runtime_Text_charTab__C
0c0d0b90   xdc_runtime_Text_nameEmpty__C
0c0d0b94   xdc_runtime_Text_nameStatic__C
0c0d0b98   xdc_runtime_Text_nameUnknown__C
0c0d0b9c   xdc_runtime_Text_nodeTab__C
0c0d0ba0   xdc_runtime_Text_visitRopeFxn__C
0c0d0ba4   ti_sdo_ipc_ListMP_Module__id__C
0c0d0ba6   ti_sdo_ipc_MessageQ_Module__id__C
0c0d0ba8   ti_sdo_ipc_MessageQ_Module__loggerDefined__C
0c0d0baa   ti_sdo_ipc_Notify_Module__id__C
0c0d0bac   ti_sdo_ipc_Notify_numLines__C
0c0d0bae   ti_sdo_ipc_Notify_reservedEvents__C
0c0d0bb0   ti_sdo_ipc_SharedRegion_Module__id__C
0c0d0bb2   ti_sdo_ipc_SharedRegion_numEntries__C
0c0d0bb4   ti_sdo_ipc_SharedRegion_translate__C
0c0d0bb6   ti_sdo_ipc_family_c647x_Interrupt_enableKick__C
0c0d0bb8   ti_sdo_ipc_gates_GateHWSem_Module__id__C
0c0d0bba   ti_sdo_ipc_gates_GateMPSupportNull_Module__id__C
0c0d0bbc   ti_sdo_ipc_gates_GatePeterson_Module__id__C
0c0d0bbe   ti_sdo_ipc_heaps_HeapMemMP_Module__id__C
0c0d0bc0   ti_sdo_ipc_notifyDrivers_NotifyDriverShm_Module__id__C
0c0d0bc2   ti_sdo_ipc_nsremote_NameServerRemoteNotify_Module__id__C
0c0d0bc4   ti_sdo_ipc_transports_TransportShm_Module__id__C
0c0d0bc6   ti_sdo_ipc_transports_TransportShm_notifyEventId__C
0c0d0bc8   ti_sdo_utils_MultiProc_Module__id__C
0c0d0bca   ti_sdo_utils_MultiProc_numProcessors__C
0c0d0bcc   ti_sdo_utils_MultiProc_numProcsInCluster__C
0c0d0bce   ti_sdo_utils_NameServer_Module__id__C
0c0d0bd0   ti_sysbios_BIOS_Module__id__C
0c0d0bd2   ti_sysbios_family_c64p_Exception_Module__id__C
0c0d0bd4   ti_sysbios_family_c64p_Exception_enableExternalMPC__C
0c0d0bd6   ti_sysbios_family_c64p_Exception_enablePrint__C
0c0d0bd8   ti_sysbios_family_c64p_Exception_useInternalBuffer__C
0c0d0bda   ti_sysbios_family_c64p_Hwi_Module__id__C
0c0d0bdc   ti_sysbios_family_c64p_Hwi_Module__loggerDefined__C
0c0d0bde   ti_sysbios_gates_GateMutexPri_Module__id__C
0c0d0be0   ti_sysbios_gates_GateMutex_Module__id__C
0c0d0be2   ti_sysbios_gates_GateSwi_Module__id__C
0c0d0be4   ti_sysbios_hal_Hwi_Module__id__C
0c0d0be6   ti_sysbios_heaps_HeapMem_Module__id__C
0c0d0be8   ti_sysbios_knl_Clock_Module__id__C
0c0d0bea   ti_sysbios_knl_Clock_Module__loggerDefined__C
0c0d0bec   ti_sysbios_knl_Semaphore_Module__id__C
0c0d0bee   ti_sysbios_knl_Semaphore_Module__loggerDefined__C
0c0d0bf0   ti_sysbios_knl_Swi_Module__id__C
0c0d0bf2   ti_sysbios_knl_Swi_Module__loggerDefined__C
0c0d0bf4   ti_sysbios_knl_Task_Module__id__C
0c0d0bf6   ti_sysbios_knl_Task_Module__loggerDefined__C
0c0d0bf8   ti_sysbios_knl_Task_deleteTerminatedTasks__C
0c0d0bfa   ti_sysbios_knl_Task_initStackFlag__C
0c0d0bfc   ti_sysbios_timers_timer64_Timer_Module__id__C
0c0d0bfe   ti_sysbios_timers_timer64_Timer_startupNeeded__C
0c0d0c00   xdc_runtime_Core_Module__id__C
0c0d0c02   xdc_runtime_Error_Module__loggerDefined__C
0c0d0c04   xdc_runtime_Error_maxDepth__C
0c0d0c06   xdc_runtime_Memory_Module__id__C
0c0d0c08   xdc_runtime_SysMin_flushAtExit__C
0c0d0c0a   xdc_runtime_Text_charCnt__C
0c0d0c0c   xdc_runtime_Text_isLoaded__C
0c0d0c0e   xdc_runtime_Text_registryModsLastId__C
0c0d0c10   xdc_runtime_Text_unnamedModsLastId__C
0c0d0c48   OneEtwo
0c0d0d08   OneExp2
0c0d0dc8   OneE2
0c0d0e60   Vatn2dp
0c0d0ee0   nmnL2
0c0d0f60   nmn_L2
0c0d0fd8   numnL2
0c0d1060   HPisDP
0c0d10c0   Expon_Ktable
0c0d10f8   Expon_Ctable
0c0d1120   HPisdp
0c0d1180   log_table_asm
0c0d11b8   Logtab_asm
0c0d11f0   expon_ctable
0c0d1214   exp_ctable
0c0d1238   __TI_STATIC_BASE
0c0d1238   qmssMallocCounter
0c0d123c   qmssFreeCounter
0c0d1240   cppiMallocCounter
0c0d1244   cppiFreeCounter
0c0d1248   qmssLObjIsValid
0c0d1250   omp_qmssGblCfgParams
0c0d1370   omp_cppiGblCfgParams
0c0d13e8   logtable
0c0d1428   V
0c0d1448   jTable
0c0d1468   kTable
0c0d1488   cppiLObj
0c0d16e4   g_sEvmInfo
0c0d1800   ti_sysbios_family_c64p_Hwi0
0c0d1800   ti_sysbios_family_c64p_Hwi_int0
0c0d1820   ti_sysbios_family_c64p_Hwi_int1
0c0d1840   ti_sysbios_family_c64p_Hwi_int2
0c0d1860   ti_sysbios_family_c64p_Hwi_int3
0c0d1880   ti_sysbios_family_c64p_Hwi_int4
0c0d18a0   ti_sysbios_family_c64p_Hwi_int5
0c0d18c0   ti_sysbios_family_c64p_Hwi_int6
0c0d18e0   ti_sysbios_family_c64p_Hwi_int7
0c0d1900   ti_sysbios_family_c64p_Hwi_int8
0c0d1920   ti_sysbios_family_c64p_Hwi_int9
0c0d1940   ti_sysbios_family_c64p_Hwi_int10
0c0d1960   ti_sysbios_family_c64p_Hwi_int11
0c0d1980   ti_sysbios_family_c64p_Hwi_int12
0c0d19a0   ti_sysbios_family_c64p_Hwi_int13
0c0d19c0   ti_sysbios_family_c64p_Hwi_int14
0c0d19e0   ti_sysbios_family_c64p_Hwi_int15
0c0d1a00   qmssLObj
0c0d1b20   __TI_TLS_MAIN_THREAD_Base
0c0d1b20   errno
0c0d1c20   g_ui64StartTime
0c0d1c28   g_ui64StopTime
0c0d1c30   g_ui64ElapsedTime
0c0d1c38   Ipc_sr0MemorySetup
0c0d1c54   __TI_TLS_INIT_Base
0c0d1c64   __TI_TLS_INIT_Limit
0c0d1c64   __TI_table_binit
0c0d1c64   __binit__
0c0d1c64   binit
0c0d2000   _c_int00
0c0d2e90   __TI_Handler_Table_Base
0c0d2e9c   __TI_Handler_Table_Limit
0c0d2ee4   __TI_CINIT_Base
0c0d2f4c   __TI_CINIT_Limit
80000000   pui32DestBuffer
a03e5000   linkingRAM0
a03f5000   eventDesc
a03f7000   cpdmaCfg
a03f7018   qmssInitConfig
a03f7044   memInfo
a03f705c   descCfg
a03f708c   cppiHnd
a03f7090   completionQueHnd
a03f7094   eventQueHnd
a03f7098   EventFreeDescHnd
a03f709c   releaseHnd
a03f70a0   release
a03f70a4   runCount
a03f70a8   isQMSSInitialized
a03f70b0   gomp_thread_attr
a03f70e8   gomp_thread_destructor
a03f70ec   gomp_main_exit
a03f70f0   BufferMgmt
a03f70fc   gomp_tls_key
a03f7100   queueFree
a03f9100   qmssGObj
a03f96d0   ThreadLocal_destructors
a03f9710   gomp_cpu_affinity
a03f9714   gomp_cpu_affinity_len
a03f9718   gomp_remaining_threads_count
a03f971c   gomp_remaining_threads_lock
a03f9728   gomp_spin_count_var
a03f9730   gomp_throttled_spin_count_var
a03f9738   gomp_global_icv
a03f9748   gomp_max_active_levels_var
a03f974c   gomp_thread_limit_var
a03f9750   gomp_available_cpus
a03f9754   gomp_managed_threads
a03f9770   ThreadLocal_usedKeys
a03f9780   cppiObject
ffffffff   __TI_pprof_out_hndl
ffffffff   __TI_prof_data_size
ffffffff   __TI_prof_data_start
ffffffff   __c_args__
UNDEFED    __TI_INITARRAY_Base
UNDEFED    __TI_INITARRAY_Limit

[1639 symbols]
