******************************************************************************
               TMS320C6x Linker PC v7.4.4                      
******************************************************************************
>> Linked Fri Apr 03 21:30:36 2015

OUTPUT FILE NAME:   <Multicore_benchmark.out>
ENTRY POINT SYMBOL: "_c_int00"  address: 0c060400


MEMORY CONFIGURATION

         name            origin    length      used     unused   attr    fill
----------------------  --------  ---------  --------  --------  ----  --------
  L2SRAM                00800000   00080000  0002bc48  000543b8  RWIX
  MSMCSRAM              0c000000   00100000  00060d54  0009f2ac  RWIX
  DDR3                  80000000   20000000  01000000  1f000000  RWIX
  MSMCSRAM_NOCACHE      a0100000   00300000  00094b9a  0026b466  RWIX


SEGMENT ALLOCATION MAP

run origin  load origin   length   init length attrs members
----------  ----------- ---------- ----------- ----- -------
00800000    00800000    0002bc48   0002ab24    rw-
  00800000    00800000    0002ab24   0002ab24    rw- .localfar
  0082ab24    0082ab24    00000004   00000000    rw- .tls_tp
  0082ab28    0082ab28    00001000   00000000    rw- .stack
  0082bb28    0082bb28    00000120   00000000    rw- .cio
0c000000    0c000000    000352a0   000352a0    r-x
  0c000000    0c000000    000352a0   000352a0    r-x .text
0c0352a0    0c0352a0    00025800   00000000    rw-
  0c0352a0    0c0352a0    00025800   00000000    rw- .damian
0c05aaa0    0c05aaa0    000051dc   000051dc    r--
  0c05aaa0    0c05aaa0    000051dc   000051dc    r-- .const
0c05fc80    0c05fc80    00000200   00000000    rw-
  0c05fc80    0c05fc80    00000200   00000000    rw- .cppi
0c05ffe8    0c05ffe8    00000010   00000010    r--
  0c05ffe8    0c05ffe8    00000010   00000010    r-- .switch.1
0c060000    0c060000    000002bc   000002bc    r-x
  0c060000    0c060000    00000200   00000200    r-x .vecs
  0c060200    0c060200    000000a0   000000a0    r-- .switch.2
  0c0602a0    0c0602a0    0000001c   0000001c    r-- .binit
0c060400    0c060400    00000aa4   00000aa4    r-x
  0c060400    0c060400    000000a0   000000a0    r-x .text:_c_int00
  0c0604a0    0c0604a0    00000a04   00000a04    r-- .cinit
a0180000    a0180000    000120ac   00000000    rw-
  a0180000    a0180000    000120ac   00000000    rw- .qmss.1
a01920b0    a01920b0    00000050   00000050    rw-
  a01920b0    a01920b0    00000050   00000050    rw- gomp_data.1
a0192100    a0192100    00002400   00000000    rw-
  a0192100    a0192100    00002400   00000000    rw- .qmss.2
a0194500    a0194500    00000256   00000256    rw-
  a0194500    a0194500    00000256   00000256    rw- gomp_data.2
a0194758    0c05fe80    00000001   00000001    rw-
  a0194758    0c05fe80    00000001   00000001    rw- .neardata
a0194760    0c05fe88    00000160   00000160    rw-
  a0194760    0c05fe88    00000160   00000160    rw- .fardata
a01948c0    a01948c0    00000120   00000000    rw-
  a01948c0    a01948c0    00000120   00000000    rw- .far
a01949e0    a01949e0    000000d0   00000004    rw-
  a01949e0    a01949e0    00000004   00000004    rw- .tdata
  a01949e8    a01949e8    000000c8   00000000    rw- .tbss
a0194ab0    a0194ab0    000000cc   000000b0    rw-
  a0194ab0    a0194ab0    000000b0   000000b0    rw- .data
  a0194b60    a0194b60    0000001c   00000000    rw- .bss
a0194b7c    a0194b7c    00000024   00000024    r--
  a0194b7c    a0194b7c    00000024   00000024    r-- .TI.tls_init


SECTION ALLOCATION MAP

 output                                  attributes/
section   page    origin      length       input sections
--------  ----  ----------  ----------   ----------------
.init_array 
*          0    00800000    00000000     UNINITIALIZED

.init_array 
*          0    a0100000    00000000     UNINITIALIZED

.localfar 
*          0    00800000    0002ab24     
                  00800000    00028040     omp_config_pe66.oe66 (.far) [fill = 0]
                  00828040    00001000     omp_config_pe66.oe66 (.far:taskStackSection) [fill = 0]
                  00829040    00000150     rts6600_elf_mt.lib : _mutex.obj (.far) [fill = 0]
                  00829190    00000140                        : defs.obj (.far) [fill = 0]
                  008292d0    00000008                        : trgdrv.obj (.far) [fill = 0]
                  008292d8    00000800     omp_config_pe66.oe66 (.fardata:ti_sdo_ipc_GateMP_Module_State_0_remoteCustom1Gates__A)
                  00829ad8    00000378     omp_config_pe66.oe66 (.fardata)
                  00829e50    00000180     omp_config_pe66.oe66 (.fardata:ti_sysbios_timers_timer64_Timer_Module_State_0_device__A)
                  00829fd0    00000118     omp_config_pe66.oe66 (.fardata:ti_sdo_utils_NameServer_Object__table__V)
                  0082a0e8    00000098     omp_config_pe66.oe66 (.fardata:ti_sysbios_knl_Task_Object__table__V)
                  0082a180    00000098     omp_config_pe66.oe66 (.fardata:ti_sysbios_timers_timer64_Timer_Object__table__V)
                  0082a218    00000090     omp_config_pe66.oe66 (.fardata:ti_sdo_ipc_SharedRegion_Module_State_0_regions__A)
                  0082a2a8    00000080     omp_config_pe66.oe66 (.fardata:ti_sdo_ipc_GateMP_Module_State_0_remoteSystemGates__A)
                  0082a328    00000080     omp_config_pe66.oe66 (.fardata:ti_sysbios_knl_Swi_Module_State_0_readyQ__A)
                  0082a3a8    00000080     omp_config_pe66.oe66 (.fardata:ti_sysbios_knl_Task_Module_State_0_readyQ__A)
                  0082a428    00000080     omp_config_pe66.oe66 (.fardata:ti_sysbios_timers_timer64_Timer_Module_State_0_gctrl__A)
                  0082a4a8    00000080     omp_config_pe66.oe66 (.fardata:ti_sysbios_timers_timer64_Timer_Module_State_0_handles__A)
                  0082a528    00000080     omp_config_pe66.oe66 (.fardata:ti_sysbios_timers_timer64_Timer_Module_State_0_intFreqs__A)
                  0082a5a8    00000040     omp_config_pe66.oe66 (.fardata:ti_sdo_ipc_MessageQ_Module_State_0_transports__A)
                  0082a5e8    00000040     omp_config_pe66.oe66 (.fardata:ti_sdo_ipc_family_c647x_Interrupt_Module_State_0_fxnTable__A)
                  0082a628    00000040     omp_config_pe66.oe66 (.fardata:ti_sysbios_gates_GateMutex_Object__table__V)
                  0082a668    00000030     omp_config_pe66.oe66 (.fardata:ti_sysbios_knl_Swi_Object__table__V)
                  0082a698    00000028     omp_config_pe66.oe66 (.fardata:ti_sdo_ipc_Ipc_Module_State_0_procEntry__A)
                  0082a6c0    00000020     omp_config_pe66.oe66 (.fardata:ti_sdo_ipc_MessageQ_Module_State_0_heaps__A)
                  0082a6e0    00000020     omp_config_pe66.oe66 (.fardata:ti_sdo_ipc_transports_TransportShmSetup_Module_State_0_handles__A)
                  0082a700    00000020     omp_config_pe66.oe66 (.fardata:xdc_runtime_System_Module_State_0_atexitHandlers__A)
                  0082a720    00000018     omp_config_pe66.oe66 (.fardata:ti_sysbios_family_c64p_Hwi_Object__table__V)
                  0082a738    00000018     omp_config_pe66.oe66 (.fardata:ti_sysbios_gates_GateMutexPri_Object__table__V)
                  0082a750    00000018     omp_config_pe66.oe66 (.fardata:ti_sysbios_heaps_HeapMem_Object__table__V)
                  0082a768    00000010     omp_config_pe66.oe66 (.fardata:ti_sysbios_gates_GateAll_Object__table__V)
                  0082a778    0000000c     omp_config_pe66.oe66 (.fardata:ti_omp_utils_HeapOMP_Object__table__V)
                  0082a784    00000004     --HOLE--
                  0082a788    0000000c     omp_config_pe66.oe66 (.fardata:ti_sysbios_gates_GateSwi_Object__table__V)
                  0082a794    00000004     --HOLE--
                  0082a798    00000008     omp_config_pe66.oe66 (.fardata:ti_sdo_ipc_Notify_Module_State_0_notifyHandles__A)
                  0082a7a0    00000008     omp_config_pe66.oe66 (.fardata:ti_sysbios_hal_Hwi_Object__table__V)
                  0082a7a8    00000008     omp_config_pe66.oe66 (.fardata:ti_sysbios_hal_Timer_Object__table__V)
                  0082a7b0    00000004     omp_config_pe66.oe66 (.fardata:ti_sdo_ipc_GateMP_Module_State_0_remoteCustom2Gates__A)
                  0082a7b4    00000004     --HOLE--
                  0082a7b8    00000004     omp_config_pe66.oe66 (.fardata:ti_sdo_ipc_Notify_Module_State_0_notifyHandles_0__A)
                  0082a7bc    00000004     --HOLE--
                  0082a7c0    00000004     omp_config_pe66.oe66 (.fardata:ti_sdo_ipc_Notify_Module_State_0_notifyHandles_1__A)
                  0082a7c4    00000004     --HOLE--
                  0082a7c8    00000004     omp_config_pe66.oe66 (.fardata:ti_sysbios_gates_GateHwi_Object__table__V)
                  0082a7cc    00000004     --HOLE--
                  0082a7d0    00000004     omp_config_pe66.oe66 (.fardata:ti_sysbios_knl_Task_Module_State_0_idleTask__A)
                  0082a7d4    00000004     --HOLE--
                  0082a7d8    00000004     omp_config_pe66.oe66 (.fardata:xdc_runtime_GateNull_Object__table__V)
                  0082a7dc    00000004     --HOLE--
                  0082a7e0    000001e0     rts6600_elf_mt.lib : defs.obj (.fardata:_ftable)
                  0082a9c0    000000a0                        : lowlev.obj (.fardata:_stream)
                  0082aa60    00000078                        : lowlev.obj (.fardata:_device)
                  0082aad8    00000018                        : _pthread.obj (.fardata)
                  0082aaf0    00000010                        : exit.obj (.fardata)
                  0082ab00    0000000c                        : _data_synch.obj (.fardata)
                  0082ab0c    00000008                        : _lock.obj (.fardata)
                  0082ab14    00000008                        : _mutex.obj (.fardata)
                  0082ab1c    00000004                        : defs.obj (.fardata)
                  0082ab20    00000004                        : dtor_list.obj (.fardata)

.tls_tp    0    0082ab24    00000004     UNINITIALIZED
                  0082ab24    00000004     ti.omp.utils.ae66 : ThreadLocalStorage.oe66 (.tls_tp)

.stack     0    0082ab28    00001000     UNINITIALIZED
                  0082ab28    00000008     boot.ae66 : boot.oe66 (.stack)
                  0082ab30    00000ff8     --HOLE--

.cio       0    0082bb28    00000120     UNINITIALIZED
                  0082bb28    00000120     rts6600_elf_mt.lib : trgmsg.obj (.cio)

xdc.meta   0    0c000000    00000128     COPY SECTION
                  0c000000    00000128     omp_config_pe66.oe66 (xdc.meta)

.text      0    0c000000    000352a0     
                  0c000000    00001a00     log.obj (.text)
                  0c001a00    000011c0     ipc.lib : Ipc.obj (.text:ti_sdo_ipc_GateMP_Instance_init__F)
                  0c002bc0    00000a60             : Ipc.obj (.text:ti_sdo_ipc_heaps_HeapMemMP_alloc__E)
                  0c003620    000009e0             : Ipc.obj (.text:ti_sdo_ipc_heaps_HeapMemMP_free__E)
                  0c004000    000009a0             : Ipc.obj (.text:Ipc_attach)
                  0c0049a0    00000920             : Ipc.obj (.text:ti_sdo_ipc_transports_TransportShm_Instance_init__F)
                  0c0052c0    000008a0             : Ipc.obj (.text:ti_sdo_ipc_ListMP_Instance_init__F)
                  0c005b60    000008a0     sysbios.ae66 : BIOS.obj (.text:ti_sysbios_family_c64p_Exception_handler__I)
                  0c006400    000008a0     ti.targets.rts6000.ae66 : System.oe66 (.text:xdc_runtime_System_doPrint__I)
                  0c006ca0    00000860     ipc.lib : Ipc.obj (.text:ti_sdo_ipc_GateMP_Instance_finalize__F)
                  0c007500    00000840             : Ipc.obj (.text:MessageQ_put)
                  0c007d40    000007e0     ti.drv.qmss.ae66 : qmss_drv.oe66 (.text:Qmss_insertMemoryRegion)
                  0c008520    00000780     ipc.lib : Ipc.obj (.text:ti_sdo_ipc_heaps_HeapMemMP_Instance_init__F)
                  0c008ca0    00000700             : Ipc.obj (.text:Notify_registerEvent)
                  0c0093a0    000006c0             : Ipc.obj (.text:ti_sdo_ipc_nsremote_NameServerRemoteNotify_Instance_init__F)
                  0c009a60    000006a0             : Ipc.obj (.text:NameServer_add)
                  0c00a100    00000620             : Ipc.obj (.text:Notify_sendEvent)
                  0c00a720    00000620     sysbios.ae66 : BIOS.obj (.text:ti_sysbios_knl_Task_Instance_finalize__F)
                  0c00ad40    00000600     ti.omp.ae66 : team.oe66 (.text:gomp_team_start)
                  0c00b340    00000600     sysbios.ae66 : BIOS.obj (.text:ti_sysbios_heaps_HeapMem_alloc__E)
                  0c00b940    00000600                  : BIOS.obj (.text:ti_sysbios_knl_Semaphore_pend__E)
                  0c00bf40    000005e0     ipc.lib : Ipc.obj (.text:Notify_registerEventSingle)
                  0c00c520    000005e0             : Ipc.obj (.text:SharedRegion_setEntry)
                  0c00cb00    000005e0     sysbios.ae66 : BIOS.obj (.text:ti_sysbios_heaps_HeapMem_free__E)
                  0c00d0e0    000005c0     ipc.lib : Ipc.obj (.text:ListMP_getHead)
                  0c00d6a0    000005c0             : Ipc.obj (.text:Notify_unregisterEventSingle)
                  0c00dc60    000005c0     rts6600_elf_mt.lib : divd.obj (.text:__c6xabi_divd)
                  0c00e220    000005c0                        : _printfi.obj (.text:_getarg_diouxp)
                  0c00e7e0    000005c0     ipc.lib : Ipc.obj (.text:ti_sdo_ipc_SharedRegion_start__F)
                  0c00eda0    000005a0     sysbios.ae66 : BIOS.obj (.text:ti_sysbios_timers_timer64_Timer_Module_startup__F)
                  0c00f340    00000580     ipc.lib : Ipc.obj (.text:ti_sdo_ipc_nsremote_NameServerRemoteNotify_get__F)
                  0c00f8c0    00000580             : Ipc.obj (.text:ti_sdo_ipc_transports_TransportShm_put__E)
                  0c00fe40    00000540             : Ipc.obj (.text:ti_sdo_ipc_Ipc_procSyncStart__I)
                  0c010380    000004e0             : Ipc.obj (.text:ti_sdo_ipc_notifyDrivers_NotifyDriverShm_Instance_init__F)
                  0c010860    000004a0             : Ipc.obj (.text:ti_sdo_ipc_gates_GatePeterson_Instance_init__F)
                  0c010d00    00000460     rts6600_elf_mt.lib : _printfi.obj (.text:_printfi)
                  0c011160    00000460                        : _printfi.obj (.text:_setfield)
                  0c0115c0    00000460     ipc.lib : Ipc.obj (.text:ti_sdo_ipc_GateMP_setRegion0Reserved__F)
                  0c011a20    00000460             : Ipc.obj (.text:ti_sdo_ipc_Ipc_procSyncFinish__I)
                  0c011e80    00000440             : Ipc.obj (.text:ListMP_putTail)
                  0c0122c0    00000440             : Ipc.obj (.text:ti_sdo_ipc_heaps_HeapMemMP_getStats__E)
                  0c012700    00000440             : Ipc.obj (.text:ti_sdo_ipc_heaps_HeapMemMP_postInit__I)
                  0c012b40    00000420     sysbios.ae66 : BIOS.obj (.text:ti_sysbios_gates_GateMutexPri_enter__E)
                  0c012f60    00000400     ipc.lib : Ipc.obj (.text:ti_sdo_ipc_Notify_Instance_init__F)
                  0c013360    00000400     sysbios.ae66 : BIOS.obj (.text:ti_sysbios_knl_Task_Instance_init__F)
                  0c013760    000003e0                  : BIOS.obj (.text:ti_sysbios_knl_Task_setPri__E)
                  0c013b40    000003c0     ti.drv.cppi.ae66 : cppi_desc.oe66 (.text:Cppi_initDescriptor)
                  0c013f00    000003c0     rts6600_elf_mt.lib : fputs.obj (.text:fputs)
                  0c0142c0    000003c0     ti.omp.utils.ae66 : ThreadLocal.oe66 (.text:ti_omp_utils_ThreadLocal_setspecific__E)
                  0c014680    000003c0     ipc.lib : Ipc.obj (.text:ti_sdo_ipc_SharedRegion_reserveMemory__F)
                  0c014a40    00000380             : Ipc.obj (.text:HeapMemMP_sharedMemReq)
                  0c014dc0    00000360     ti.omp.ae66 : task.oe66 (.text:gomp_barrier_handle_tasks)
                  0c015120    00000340     ipc.lib : Ipc.obj (.text:GateMP_sharedMemReq)
                  0c015460    00000340     ti.drv.qmss.ae66 : qmss_drv.oe66 (.text:Qmss_init)
                  0c0157a0    00000340     ipc.lib : Ipc.obj (.text:ti_sdo_ipc_nsremote_NameServerRemoteNotify_swiFxn__I)
                  0c015ae0    00000320     rts6600_elf_mt.lib : _printfi.obj (.text:_pproc_fge)
                  0c015e00    00000320                        : strtoul.obj (.text:strtoul)
                  0c016120    00000320     ti.omp.navigator.ae66 : Navigator.oe66 (.text:sysInit)
                  0c016440    00000320     ti.omp.utils.ae66 : ThreadLocal.oe66 (.text:ti_omp_utils_ThreadLocal_getspecific__E)
                  0c016760    00000300     ipc.lib : Ipc.obj (.text:GateMP_openByAddr)
                  0c016a60    00000300             : Ipc.obj (.text:ti_sdo_ipc_transports_TransportShm_openByAddr__F)
                  0c016d60    00000300     sysbios.ae66 : BIOS.obj (.text:ti_sysbios_family_c64p_Hwi_dispatchC__I)
                  0c017060    000002e0     ipc.lib : Ipc.obj (.text:SharedRegion_getEntry)
                  0c017340    000002e0             : Ipc.obj (.text:SharedRegion_getPtr)
                  0c017620    000002e0     rts6600_elf_mt.lib : _printfi.obj (.text:_pproc_fwp)
                  0c017900    000002e0     sysbios.ae66 : BIOS.obj (.text:ti_sysbios_heaps_HeapMem_Instance_init__F)
                  0c017be0    000002c0     ti.omp.ae66 : env.oe66 (.text:parse_affinity)
                  0c017ea0    000002c0     ipc.lib : Ipc.obj (.text:ti_sdo_ipc_notifyDrivers_NotifyDriverShm_isr__I)
                  0c018160    000002a0             : Ipc.obj (.text:Ipc_start)
                  0c018400    000002a0             : Ipc.obj (.text:NameServer_getLocal)
                  0c0186a0    000002a0     rts6600_elf_mt.lib : _printfi.obj (.text:fcvt)
                  0c018940    000002a0     sysbios.ae66 : BIOS.obj (.text:ti_sysbios_knl_Clock_workFunc__E)
                  0c018be0    000002a0                  : BIOS.obj (.text:ti_sysbios_timers_timer64_Timer_deviceConfig__I)
                  0c018e80    00000280     ipc.lib : Ipc.obj (.text:SharedRegion_getSRPtr)
                  0c019100    00000280     rts6600_elf_mt.lib : _printfi.obj (.text:ecvt)
                  0c019380    00000280     ti.omp.ae66 : env.oe66 (.text:initialize_env)
                  0c019600    00000280     ti.omp.utils.ae66 : OpenMP.oe66 (.text:ti_omp_utils_OpenMP_masterTask__I)
                  0c019880    00000280     ipc.lib : Ipc.obj (.text:ti_sdo_ipc_notifyDrivers_NotifyDriverShm_sharedMemReq__F)
                  0c019b00    00000280     ti.targets.rts6000.ae66 : Error.oe66 (.text:xdc_runtime_Error_raiseX__F)
                  0c019d80    00000260     ipc.lib : Ipc.obj (.text:ListMP_sharedMemReq)
                  0c019fe0    00000260     ti.omp.ae66 : env.oe66 (.text:parse_spincount)
                  0c01a240    00000260     ipc.lib : Ipc.obj (.text:ti_sdo_ipc_ListMP_Instance_finalize__F)
                  0c01a4a0    00000260             : Ipc.obj (.text:ti_sdo_ipc_SharedRegion_checkOverlap__I)
                  0c01a700    00000260             : Ipc.obj (.text:ti_sdo_ipc_heaps_HeapMemMP_Instance_finalize__F)
                  0c01a960    00000260             : Ipc.obj (.text:ti_sdo_ipc_notifyDrivers_NotifyDriverShm_disableEvent__E)
                  0c01abc0    00000260     sysbios.ae66 : BIOS.obj (.text:ti_sysbios_family_c64p_Exception_internalHandler__I)
                  0c01ae20    00000260                  : BIOS.obj (.text:ti_sysbios_knl_Semaphore_post__E)
                  0c01b080    00000260     ti.targets.rts6000.ae66 : Startup.oe66 (.text:xdc_runtime_Startup_startMods__I)
                  0c01b2e0    00000240     ti.drv.cppi.ae66 : cppi_drv.oe66 (.text:Cppi_open)
                  0c01b520    00000240     rts6600_elf_mt.lib : imath64.obj (.text:__c6xabi_divull)
                  0c01b760    00000240                        : _printfi.obj (.text:_pconv_e)
                  0c01b9a0    00000240                        : _printfi.obj (.text:_pproc_diouxp)
                  0c01bbe0    00000240                        : fputc.obj (.text:fputc)
                  0c01be20    00000240     sysbios.ae66 : BIOS.obj (.text:ti_sysbios_family_c64p_Hwi_reconfig__E)
                  0c01c060    00000240                  : BIOS.obj (.text:ti_sysbios_knl_Task_exit__E)
                  0c01c2a0    00000220     rts6600_elf_mt.lib : _printfi.obj (.text:_pproc_str)
                  0c01c4c0    00000220     ti.omp.ae66 : env.oe66 (.text:parse_schedule)
                  0c01c6e0    00000220     rts6600_elf_mt.lib : setvbuf.obj (.text:setvbuf)
                  0c01c900    00000220     ti.omp.utils.ae66 : OpenMP.oe66 (.text:ti_omp_utils_OpenMP_createThread__E)
                  0c01cb20    00000220     sysbios.ae66 : BIOS.obj (.text:ti_sysbios_knl_Swi_run__I)
                  0c01cd40    00000220                  : BIOS.obj (.text:ti_sysbios_knl_Task_schedule__I)
                  0c01cf60    00000220                  : BIOS.obj (.text:ti_sysbios_knl_Task_startCore__E)
                  0c01d180    00000220     ti.targets.rts6000.ae66 : Core-mem.oe66 (.text:xdc_runtime_Core_createObject__I)
                  0c01d3a0    00000200     ipc.lib : Ipc.obj (.text:GateMP_enter)
                  0c01d5a0    00000200             : Ipc.obj (.text:GateMP_leave)
                  0c01d7a0    00000200             : Ipc.obj (.text:ListMP_openByAddr)
                  0c01d9a0    00000200     ti.drv.qmss.ae66 : qmss_drv.oe66 (.text:Qmss_internalQueueOpen)
                  0c01dba0    00000200     rts6600_elf_mt.lib : _printfi.obj (.text:_pconv_g)
                  0c01dda0    00000200     sysbios.ae66 : c64p_Hwi_disp_always.obj (.text:_ti_sysbios_family_c64p_Hwi_dispatchAlways)
                  0c01dfa0    00000200     ti.omp.ae66 : team.oe66 (.text:gomp_thread_start)
                  0c01e1a0    00000200     ipc.lib : Ipc.obj (.text:ti_sdo_ipc_notifyDrivers_NotifyDriverShm_sendEvent__E)
                  0c01e3a0    00000200             : Ipc.obj (.text:ti_sdo_ipc_transports_TransportShm_Instance_finalize__F)
                  0c01e5a0    00000200     omp_config_pe66.oe66 (.text:xdc_runtime_System_printfExtend__I)
                  0c01e7a0    000001e0     ipc.lib : Ipc.obj (.text:ti_sdo_ipc_GateMP_attach__F)
                  0c01e980    000001e0             : Ipc.obj (.text:ti_sdo_ipc_GateMP_getFreeResource__I)
                  0c01eb60    000001e0     sysbios.ae66 : BIOS.obj (.text:ti_sysbios_family_c64p_Exception_externalHandler__I)
                  0c01ed40    000001e0                  : BIOS.obj (.text:ti_sysbios_knl_Swi_Instance_init__F)
                  0c01ef20    000001e0                  : BIOS.obj (.text:ti_sysbios_knl_Task_checkStacks__E)
                  0c01f100    000001e0                  : BIOS.obj (.text:ti_sysbios_knl_Task_postInit__I)
                  0c01f2e0    000001e0                  : BIOS.obj (.text:ti_sysbios_timers_timer64_Timer_getFreq__E)
                  0c01f4c0    000001c0     ipc.lib : Ipc.obj (.text:HeapMemMP_openByAddr)
                  0c01f680    000001c0     ti.drv.qmss.ae66 : qmss_drv.oe66 (.text:Qmss_internaldownloadFirmware)
                  0c01f840    000001c0     rts6600_elf_mt.lib : _printfi.obj (.text:_mcpy)
                  0c01fa00    000001c0     ti.omp.config.sysbios.ae66 : bar.oe66 (.text:gomp_barrier_init)
                  0c01fbc0    000001c0     mathlib.ae66 : logdp.obj (.text:optasm)
                  0c01fd80    000001c0     ti.omp.utils.ae66 : ThreadLocal.oe66 (.text:ti_omp_utils_ThreadLocal_key_delete__E)
                  0c01ff40    000001c0     ipc.lib : Ipc.obj (.text:ti_sdo_ipc_notifyDrivers_NotifyDriverShm_registerEvent__E)
                  0c020100    000001c0     sysbios.ae66 : BIOS.obj (.text:ti_sysbios_family_c64p_Exception_decodeMpfsr__I)
                  0c0202c0    000001c0                  : BIOS.obj (.text:ti_sysbios_gates_GateMutex_enter__E)
                  0c020480    000001c0                  : BIOS.obj (.text:ti_sysbios_timers_timer64_Timer_setPeriodMicroSecs__E)
                  0c020640    000001c0     ti.targets.rts6000.ae66 : Text.oe66 (.text:xdc_runtime_Text_putSite__F)
                  0c020800    000001a0     ipc.lib : Ipc.obj (.text:SharedRegion_getCacheLineSize)
                  0c0209a0    000001a0             : Ipc.obj (.text:SharedRegion_getHeap)
                  0c020b40    000001a0             : Ipc.obj (.text:SharedRegion_isCacheEnabled)
                  0c020ce0    000001a0     rts6600_elf_mt.lib : imath40.obj (.text:__c6xabi_divul)
                  0c020e80    000001a0     ti.omp.ae66 : team.oe66 (.text:gomp_new_team)
                  0c021020    000001a0     ti.omp.utils.ae66 : SemaphoreMP.oe66 (.text:ti_omp_utils_SemaphoreMP_registerEvent__I)
                  0c0211c0    000001a0     ipc.lib : Ipc.obj (.text:ti_sdo_ipc_GateMP_openRegion0Reserved__F)
                  0c021360    000001a0             : Ipc.obj (.text:ti_sdo_ipc_notifyDrivers_NotifyDriverShm_enableEvent__E)
                  0c021500    000001a0             : Ipc.obj (.text:ti_sdo_ipc_notifyDrivers_NotifyDriverShm_unregisterEvent__E)
                  0c0216a0    000001a0             : Ipc.obj (.text:ti_sdo_ipc_nsremote_NameServerRemoteNotify_attach__E)
                  0c021840    000001a0     sysbios.ae66 : BIOS.obj (.text:ti_sysbios_family_c66_Cache_block__I)
                  0c0219e0    000001a0                  : BIOS.obj (.text:ti_sysbios_heaps_HeapBuf_Module_startup__F)
                  0c021b80    000001a0                  : BIOS.obj (.text:ti_sysbios_timers_timer64_Timer_start__E)
                  0c021d20    00000180     rts6600_elf_mt.lib : trgdrv.obj (.text:HOSTrename)
                  0c021ea0    00000180     ipc.lib : Ipc.obj (.text:MultiProc_setLocalId)
                  0c022020    00000180             : Ipc.obj (.text:NameServer_getHandle)
                  0c0221a0    00000180             : Ipc.obj (.text:Notify_intLineRegistered)
                  0c022320    00000180     rts6600_elf_mt.lib : copy_decompress_rle.obj (.text:__TI_decompress_rle_core)
                  0c0224a0    00000180     ti.omp.config.sysbios.ae66 : bar.oe66 (.text:gomp_barrier_wait)
                  0c022620    00000180     ti.omp.ae66 : parallel.oe66 (.text:gomp_resolve_num_threads)
                  0c0227a0    00000180                 : team.oe66 (.text:gomp_team_end)
                  0c022920    00000180     mathlib.ae66 : logsp.obj (.text:optasm)
                  0c022aa0    00000180     ti.omp.ae66 : env.oe66 (.text:parse_stacksize)
                  0c022c20    00000180     sysbios.ae66 : c64p_Exception_asm.obj (.text)
                  0c022da0    00000180     ipc.lib : Ipc.obj (.text:ti_sdo_ipc_MessageQ_registerTransport__F)
                  0c022f20    00000180             : Ipc.obj (.text:ti_sdo_ipc_Notify_Module_startup__F)
                  0c0230a0    00000180             : Ipc.obj (.text:ti_sdo_ipc_gates_GatePeterson_enter__E)
                  0c023220    00000180             : Ipc.obj (.text:ti_sdo_utils_NameServer_Module_startup__F)
                  0c0233a0    00000180     sysbios.ae66 : BIOS.obj (.text:ti_sysbios_knl_Swi_schedule__I)
                  0c023520    00000180                  : BIOS.obj (.text:ti_sysbios_knl_Task_unblockI__E)
                  0c0236a0    00000160     omp_hello.obj (.text)
                  0c023800    00000160     ti.omp.utils.C6678.ae66 : OpenMPDnldCore.oe66 (.text:reset_run_core)
                  0c023960    00000160     ti.omp.utils.ae66 : OpenMP.oe66 (.text:ti_omp_utils_OpenMP_mainTaskExit__F)
                  0c023ac0    00000160     ipc.lib : Ipc.obj (.text:ti_sdo_ipc_GateMP_createLocal__F)
                  0c023c20    00000160             : Ipc.obj (.text:ti_sdo_ipc_MessageQ_unregisterTransport__F)
                  0c023d80    00000160             : Ipc.obj (.text:ti_sdo_ipc_gates_GateHWSem_Instance_init__F)
                  0c023ee0    00000160             : Ipc.obj (.text:ti_sdo_ipc_transports_TransportShm_sharedMemReq__F)
                  0c024040    00000160             : Ipc.obj (.text:ti_sdo_utils_NameServer_isRegistered__E)
                  0c0241a0    00000160             : Ipc.obj (.text:ti_sdo_utils_NameServer_registerRemoteDriver__E)
                  0c024300    00000160             : Ipc.obj (.text:ti_sdo_utils_NameServer_unregisterRemoteDriver__E)
                  0c024460    00000140     ti.csl.ae66 : csl_chip.oe66 (.text:CSL_chipReadReg)
                  0c0245a0    00000140     ipc.lib : Ipc.obj (.text:GateMP_close)
                  0c0246e0    00000140             : Ipc.obj (.text:Notify_attach)
                  0c024820    00000140     boot.ae66 : autoinit.oe66 (.text:_auto_init_elf)
                  0c024960    00000140     rts6600_elf_mt.lib : _printfi.obj (.text:_pproc_fflags)
                  0c024aa0    00000140                        : fseek.obj (.text:fseek)
                  0c024be0    00000140                        : lowlev.obj (.text:getdevice)
                  0c024d20    00000140     ti.omp.navigator.ae66 : Navigator.oe66 (.text:getsysHandles)
                  0c024e60    00000140     ti.omp.config.sysbios.ae66 : bar.oe66 (.text:gomp_team_barrier_wait_end)
                  0c024fa0    00000140     ipc.lib : Ipc.obj (.text:ti_sdo_ipc_Notify_exec__F)
                  0c0250e0    00000140     sysbios.ae66 : BIOS.obj (.text:ti_sysbios_family_c64p_Exception_Module_startup__F)
                  0c025220    00000140                  : BIOS.obj (.text:ti_sysbios_family_c64p_Hwi_Module_startup__F)
                  0c025360    00000140                  : BIOS.obj (.text:ti_sysbios_family_c66_Cache_Module_startup__F)
                  0c0254a0    00000140                  : BIOS.obj (.text:ti_sysbios_gates_GateSwi_enter__E)
                  0c0255e0    00000140                  : BIOS.obj (.text:ti_sysbios_knl_Semaphore_Instance_init__F)
                  0c025720    00000140                  : BIOS.obj (.text:ti_sysbios_knl_Swi_post__E)
                  0c025860    00000140                  : BIOS.obj (.text:ti_sysbios_knl_Task_Module_startup__F)
                  0c0259a0    00000140                  : BIOS.obj (.text:ti_sysbios_knl_Task_blockI__E)
                  0c025ae0    00000140                  : BIOS.obj (.text:ti_sysbios_knl_Task_yield__E)
                  0c025c20    00000120     ti.omp.config.sysbios.ae66 : preinit.oe66 (.text:CSL_XMC_setXMPAXL)
                  0c025d40    00000120     rts6600_elf_mt.lib : fclose.obj (.text:_closefile)
                  0c025e60    00000120                        : _printfi.obj (.text:_ltostr)
                  0c025f80    00000120     ti.omp.ae66 : team.oe66 (.text:gomp_free_thread)
                  0c0260a0    00000120     ipc.lib : Ipc.obj (.text:ti_sdo_ipc_MessageQ_Module_startup__F)
                  0c0261c0    00000120             : Ipc.obj (.text:ti_sdo_ipc_family_c647x_Interrupt_intRegister__E)
                  0c0262e0    00000120             : Ipc.obj (.text:ti_sdo_ipc_nsremote_NameServerRemoteNotify_Instance_finalize__F)
                  0c026400    00000120     sysbios.ae66 : BIOS.obj (.text:ti_sysbios_BIOS_rtsUnlock__I)
                  0c026520    00000120                  : BIOS.obj (.text:ti_sysbios_knl_Clock_startI__E)
                  0c026640    00000120     ti.targets.rts6000.ae66 : Text.oe66 (.text:xdc_runtime_Text_putMod__F)
                  0c026760    00000100     rts6600_elf_mt.lib : _io_perm.obj (.text:_wrt_ok)
                  0c026860    00000100                        : cpy_tbl.obj (.text:copy_in)
                  0c026960    00000100     ti.omp.ae66 : env.oe66 (.text:parse_boolean)
                  0c026a60    00000100                 : env.oe66 (.text:parse_unsigned_long)
                  0c026b60    00000100                 : env.oe66 (.text:parse_wait_policy)
                  0c026c60    00000100     ti.omp.utils.C6678.ae66 : OpenMPDnldCore.oe66 (.text:siu_ibl_download_core)
                  0c026d60    00000100     ipc.lib : Ipc.obj (.text:ti_sdo_ipc_GateMP_start__F)
                  0c026e60    00000100             : Ipc.obj (.text:ti_sdo_ipc_Notify_Instance_finalize__F)
                  0c026f60    00000100             : Ipc.obj (.text:ti_sdo_ipc_SharedRegion_attach__F)
                  0c027060    00000100             : Ipc.obj (.text:ti_sdo_ipc_SharedRegion_clearReservedMemory__F)
                  0c027160    00000100             : Ipc.obj (.text:ti_sdo_ipc_family_c647x_Interrupt_Module_startup__F)
                  0c027260    00000100             : Ipc.obj (.text:ti_sdo_ipc_gates_GateHWSem_Module_startup__F)
                  0c027360    00000100             : Ipc.obj (.text:ti_sdo_ipc_gates_GateMPSupportNull_enter__E)
                  0c027460    00000100             : Ipc.obj (.text:ti_sdo_ipc_gates_GateMPSupportNull_leave__E)
                  0c027560    00000100             : Ipc.obj (.text:ti_sdo_ipc_transports_TransportShmSetup_attach__E)
                  0c027660    00000100     sysbios.ae66 : BIOS.obj (.text:ti_sysbios_family_c64p_Hwi_Instance_finalize__F)
                  0c027760    00000100                  : BIOS.obj (.text:ti_sysbios_gates_GateMutexPri_leave__E)
                  0c027860    00000100                  : BIOS.obj (.text:ti_sysbios_knl_Swi_restoreHwi__E)
                  0c027960    00000100                  : BIOS.obj (.text:ti_sysbios_timers_timer64_Timer_initDevice__I)
                  0c027a60    00000100     ti.targets.rts6000.ae66 : Core-mem.oe66 (.text:xdc_runtime_Core_deleteObject__I)
                  0c027b60    00000100                             : Startup.oe66 (.text:xdc_runtime_Startup_exec__F)
                  0c027c60    00000100                             : Text.oe66 (.text:xdc_runtime_Text_visitRope2__I)
                  0c027d60    000000e0     rts6600_elf_mt.lib : trgdrv.obj (.text:HOSTgetenv)
                  0c027e40    000000e0                        : trgdrv.obj (.text:HOSTlseek)
                  0c027f20    000000e0                        : trgdrv.obj (.text:HOSTopen)
                  0c028000    000000e0                        : _printfi.obj (.text:_div)
                  0c0280e0    000000e0                        : atoi.obj (.text:atoi)
                  0c0281c0    000000e0                        : lowlev.obj (.text:close)
                  0c0282a0    000000e0                        : copy_zero_init.obj (.text:decompress:ZI:__TI_zero_init)
                  0c028380    000000e0                        : exit.obj (.text:exit)
                  0c028460    000000e0     ti.omp.ae66 : work.oe66 (.text:gomp_init_work_share)
                  0c028540    000000e0                 : team.oe66 (.text:initialize_team)
                  0c028620    000000e0     rts6600_elf_mt.lib : ltoa.obj (.text:ltoa)
                  0c028700    000000e0                        : memset.obj (.text:memset)
                  0c0287e0    000000e0                        : printf.obj (.text:printf)
                  0c0288c0    000000e0     ti.omp.utils.ae66 : ThreadLocal.oe66 (.text:ti_omp_utils_ThreadLocal_key_create__E)
                  0c0289a0    000000e0     omp_config_pe66.oe66 (.text:ti_sdo_ipc_Notify_Object__create__S)
                  0c028a80    000000e0     ipc.lib : Ipc.obj (.text:ti_sdo_ipc_family_c647x_NotifySetup_attach__E)
                  0c028b60    000000e0             : Ipc.obj (.text:ti_sdo_ipc_gates_GateHWSem_enter__E)
                  0c028c40    000000e0     sysbios.ae66 : BIOS.obj (.text:ti_sysbios_family_c64p_Hwi_Instance_init__F)
                  0c028d20    000000e0     omp_config_pe66.oe66 (.text:ti_sysbios_family_c64p_Hwi_Object__create__S)
                  0c028e00    000000e0     ti.targets.rts6000.ae66 : Error.oe66 (.text:xdc_runtime_Error_print__F)
                  0c028ee0    000000e0                             : Memory.oe66 (.text:xdc_runtime_Memory_alloc__F)
                  0c028fc0    000000c0     rts6600_elf_mt.lib : trgdrv.obj (.text:HOSTread)
                  0c029080    000000c0                        : trgdrv.obj (.text:HOSTwrite)
                  0c029140    000000c0     ipc.lib : Ipc.obj (.text:HeapMemMP_create)
                  0c029200    000000c0             : Ipc.obj (.text:ListMP_create)
                  0c0292c0    000000c0             : Ipc.obj (.text:SharedRegion_getId)
                  0c029380    000000c0     rts6600_elf_mt.lib : dtor_list.obj (.text:__cxa_finalize)
                  0c029440    000000c0                        : divu.obj (.text:__divu)
                  0c029500    000000c0                        : fflush.obj (.text:_doflush)
                  0c0295c0    000000c0     ti.omp.ae66 : parallel.oe66 (.text:gomp_sem_wait)
                  0c029680    000000c0                 : task.oe66 (.text:gomp_sem_wait)
                  0c029740    000000c0                 : team.oe66 (.text:gomp_sem_wait)
                  0c029800    000000c0     ti.omp.config.sysbios.ae66 : bar.oe66 (.text:gomp_sem_wait)
                  0c0298c0    000000c0                                : preinit.oe66 (.text:initMPAX)
                  0c029980    000000c0     rts6600_elf_mt.lib : _mutex.obj (.text:mutex_init)
                  0c029a40    000000c0                        : _pthread.obj (.text:pthread_mutex_lock)
                  0c029b00    000000c0                        : _pthread.obj (.text:pthread_mutex_unlock)
                  0c029bc0    000000c0                        : _pthread.obj (.text:pthread_once)
                  0c029c80    000000c0     ti.omp.utils.C6678.ae66 : OpenMPDnldCore.oe66 (.text:reset_core)
                  0c029d40    000000c0     ti.omp.utils.ae66 : OpenMP.oe66 (.text:ti_omp_utils_OpenMP_threadSpawnLoop__I)
                  0c029e00    000000c0                       : ThreadLocal.oe66 (.text:ti_omp_utils_ThreadLocal_exitFxn__F)
                  0c029ec0    000000c0     omp_config_pe66.oe66 (.text:ti_sdo_ipc_GateMP_Object__create__S)
                  0c029f80    000000c0     ipc.lib : Ipc.obj (.text:ti_sdo_ipc_GateMP_getRegion0ReservedSize__F)
                  0c02a040    000000c0     omp_config_pe66.oe66 (.text:ti_sdo_ipc_ListMP_Object__create__S)
                  0c02a100    000000c0     ipc.lib : Ipc.obj (.text:ti_sdo_ipc_Notify_execMany__I)
                  0c02a1c0    000000c0             : Ipc.obj (.text:ti_sdo_ipc_family_c647x_Interrupt_intShmStub__I)
                  0c02a280    000000c0     omp_config_pe66.oe66 (.text:ti_sdo_ipc_gates_GatePeterson_Object__create__S)
                  0c02a340    000000c0     omp_config_pe66.oe66 (.text:ti_sdo_ipc_heaps_HeapMemMP_Object__create__S)
                  0c02a400    000000c0     omp_config_pe66.oe66 (.text:ti_sdo_ipc_notifyDrivers_NotifyDriverShm_Object__create__S)
                  0c02a4c0    000000c0     omp_config_pe66.oe66 (.text:ti_sdo_ipc_nsremote_NameServerRemoteNotify_Object__create__S)
                  0c02a580    000000c0     omp_config_pe66.oe66 (.text:ti_sdo_ipc_transports_TransportShm_Object__create__S)
                  0c02a640    000000c0     sysbios.ae66 : BIOS.obj (.text:ti_sysbios_BIOS_errorRaiseHook__I)
                  0c02a700    000000c0                  : BIOS.obj (.text:ti_sysbios_gates_GateAll_leave__E)
                  0c02a7c0    000000c0                  : BIOS.obj (.text:ti_sysbios_heaps_HeapMem_getStats__E)
                  0c02a880    000000c0                  : BIOS.obj (.text:ti_sysbios_knl_Clock_logTick__E)
                  0c02a940    000000c0                  : BIOS.obj (.text:ti_sysbios_knl_Swi_Instance_finalize__F)
                  0c02aa00    000000c0     omp_config_pe66.oe66 (.text:ti_sysbios_knl_Swi_Object__create__S)
                  0c02aac0    000000c0     omp_config_pe66.oe66 (.text:ti_sysbios_knl_Task_Object__create__S)
                  0c02ab80    000000c0     sysbios.ae66 : BIOS.obj (.text:ti_sysbios_knl_Task_allBlockedFunction__I)
                  0c02ac40    000000c0                  : BIOS.obj (.text:ti_sysbios_timers_timer64_Timer_startup__E)
                  0c02ad00    000000c0     rts6600_elf_mt.lib : tls.obj (.text:tls:init:__TI_tls_init)
                  0c02adc0    000000c0                        : vfprintf.obj (.text:vfprintf)
                  0c02ae80    000000c0     ti.targets.rts6000.ae66 : System.oe66 (.text:xdc_runtime_System_formatNum__I)
                  0c02af40    000000c0     omp_config_pe66.oe66 (.text:xdc_runtime_knl_GateThread_Object__create__S)
                  0c02b000    000000a0     ti.omp.config.sysbios.ae66 : preinit.oe66 (.text:CSL_XMC_getXMPAXL)
                  0c02b0a0    000000a0     ti.omp.ae66 : parallel.oe66 (.text:GOMP_parallel_end)
                  0c02b140    000000a0     rts6600_elf_mt.lib : trgdrv.obj (.text:HOSTunlink)
                  0c02b1e0    000000a0     ti.drv.qmss.ae66 : qmss_drv.oe66 (.text:Qmss_startCfg)
                  0c02b280    000000a0     rts6600_elf_mt.lib : dtor_list.obj (.text:_Z11__TI_atexitPFYvPvES_S_)
                  0c02b320    000000a0                        : remu.obj (.text:__remu)
                  0c02b3c0    000000a0                        : fopen.obj (.text:_cleanup)
                  0c02b460    000000a0                        : _printfi.obj (.text:_ecpy)
                  0c02b500    000000a0                        : _printfi.obj (.text:_fcpy)
                  0c02b5a0    000000a0                        : _printfi.obj (.text:_pconv_f)
                  0c02b640    000000a0     sysbios.ae66 : c64p_Hwi_asm.obj (.text:_ti_sysbios_family_c64p_Hwi_plug__E)
                  0c02b6e0    000000a0     rts6600_elf_mt.lib : lowlev.obj (.text:finddevice)
                  0c02b780    000000a0     ti.omp.config.sysbios.ae66 : bar.oe66 (.text:gomp_barrier_wait_end)
                  0c02b820    000000a0     ti.omp.navigator.ae66 : Navigator.oe66 (.text:init_Navigator)
                  0c02b8c0    000000a0     rts6600_elf_mt.lib : lowlev.obj (.text:lseek)
                  0c02b960    000000a0                        : memcpy64.obj (.text:memcpy)
                  0c02ba00    000000a0                        : _mutex.obj (.text:mutex_unlock)
                  0c02baa0    000000a0     omp_config_pe66.oe66 (.text:realloc)
                  0c02bb40    000000a0     rts6600_elf_mt.lib : strerror.obj (.text:strerror)
                  0c02bbe0    000000a0     ipc.lib : Ipc.obj (.text:ti_sdo_ipc_family_c647x_Interrupt_intUnregister__E)
                  0c02bc80    000000a0             : Ipc.obj (.text:ti_sdo_ipc_gates_GatePeterson_leave__E)
                  0c02bd20    000000a0             : Ipc.obj (.text:ti_sdo_ipc_notifyDrivers_NotifyDriverShm_Instance_finalize__F)
                  0c02bdc0    000000a0     sysbios.ae66 : BIOS.obj (.text:ti_sysbios_family_c64p_Hwi_eventMap__E)
                  0c02be60    000000a0                  : BIOS.obj (.text:ti_sysbios_family_c64p_Hwi_getStackInfo__E)
                  0c02bf00    000000a0                  : BIOS.obj (.text:ti_sysbios_gates_GateSwi_leave__E)
                  0c02bfa0    000000a0                  : BIOS.obj (.text:ti_sysbios_heaps_HeapMem_init__I)
                  0c02c040    000000a0                  : BIOS.obj (.text:ti_sysbios_knl_Idle_run__E)
                  0c02c0e0    000000a0                  : BIOS.obj (.text:ti_sysbios_knl_Semaphore_pendTimeout__I)
                  0c02c180    000000a0                  : BIOS.obj (.text:ti_sysbios_knl_Task_deleteTerminatedTasksFunc__I)
                  0c02c220    000000a0                  : BIOS.obj (.text:ti_sysbios_knl_Task_processVitalTaskFlag__I)
                  0c02c2c0    000000a0                  : BIOS.obj (.text:ti_sysbios_timers_timer64_Timer_stop__E)
                  0c02c360    000000a0     rts6600_elf_mt.lib : lowlev.obj (.text:write)
                  0c02c400    000000a0     ti.targets.rts6000.ae66 : Assert.oe66 (.text:xdc_runtime_Assert_raise__I)
                  0c02c4a0    000000a0                             : SysMin.oe66 (.text:xdc_runtime_SysMin_abort__F)
                  0c02c540    000000a0                             : SysMin.oe66 (.text:xdc_runtime_SysMin_flush__F)
                  0c02c5e0    000000a0                             : SysMin.oe66 (.text:xdc_runtime_SysMin_putch__F)
                  0c02c680    000000a0                             : Text.oe66 (.text:xdc_runtime_Text_xprintf__I)
                  0c02c720    00000080     rts6600_elf_mt.lib : trgdrv.obj (.text:HOSTclose)
                  0c02c7a0    00000080     ti.drv.qmss.ae66 : qmss_drv.oe66 (.text:Qmss_getMemRegQueueHandle)
                  0c02c820    00000080                      : qmss_drv.oe66 (.text:Qmss_queueOpen)
                  0c02c8a0    00000080     rts6600_elf_mt.lib : _mutex.obj (.text:__TI_resource_lock)
                  0c02c920    00000080                        : llshift.obj (.text:__c6xabi_llshl)
                  0c02c9a0    00000080     sysbios.ae66 : c62_TaskSupport_asm.obj (.text:_ti_sysbios_family_c62_TaskSupport_swap__E)
                  0c02ca20    00000080     ti.omp.ae66 : task.oe66 (.text:gomp_init_task)
                  0c02caa0    00000080                 : alloc.oe66 (.text:gomp_realloc)
                  0c02cb20    00000080                 : parallel.oe66 (.text:gomp_sem_post)
                  0c02cba0    00000080                 : task.oe66 (.text:gomp_sem_post)
                  0c02cc20    00000080                 : team.oe66 (.text:gomp_sem_post)
                  0c02cca0    00000080     ti.omp.config.sysbios.ae66 : bar.oe66 (.text:gomp_sem_post)
                  0c02cd20    00000080     omp_config_pe66.oe66 (.text:malloc)
                  0c02cda0    00000080     rts6600_elf_mt.lib : _mutex.obj (.text:mutex_lock)
                  0c02ce20    00000080     mathlib.ae66 : divdp.obj (.text:optasm)
                  0c02cea0    00000080     rts6600_elf_mt.lib : _pthread.obj (.text:pthread_mutex_init)
                  0c02cf20    00000080     ti.omp.navigator.ae66 : Navigator.oe66 (.text:queue_pop_elem_wait)
                  0c02cfa0    00000080     rts6600_elf_mt.lib : trgmsg.obj (.text:readmsg)
                  0c02d020    00000080     omp_config_pe66.oe66 (.text:ti_omp_utils_HeapOMP_Object__create__S)
                  0c02d0a0    00000080     ti.omp.utils.ae66 : OpenMP.oe66 (.text:ti_omp_utils_OpenMP_exitThread__F)
                  0c02d120    00000080                       : OpenMP.oe66 (.text:ti_omp_utils_OpenMP_mainTask__I)
                  0c02d1a0    00000080                       : ThreadLocalStorage.oe66 (.text:ti_omp_utils_ThreadLocalStorage_createFxn__F)
                  0c02d220    00000080     omp_config_pe66.oe66 (.text:ti_sdo_ipc_gates_GateHWSem_Object__create__S)
                  0c02d2a0    00000080     omp_config_pe66.oe66 (.text:ti_sdo_ipc_gates_GateMPSupportNull_Object__create__S)
                  0c02d320    00000080     ipc.lib : Ipc.obj (.text:ti_sdo_ipc_nsremote_NameServerRemoteNotify_detach__E)
                  0c02d3a0    00000080             : Ipc.obj (.text:ti_sdo_ipc_transports_TransportShm_swiFxn__I)
                  0c02d420    00000080     omp_config_pe66.oe66 (.text:ti_sdo_utils_List_Object__create__S)
                  0c02d4a0    00000080     sysbios.ae66 : BIOS.obj (.text:ti_sysbios_BIOS_exit__E)
                  0c02d520    00000080                  : BIOS.obj (.text:ti_sysbios_BIOS_registerRTSLock__I)
                  0c02d5a0    00000080                  : BIOS.obj (.text:ti_sysbios_family_c66_Cache_invL1pAll__E)
                  0c02d620    00000080     omp_config_pe66.oe66 (.text:ti_sysbios_gates_GateAll_Object__create__S)
                  0c02d6a0    00000080     omp_config_pe66.oe66 (.text:ti_sysbios_gates_GateHwi_Object__create__S)
                  0c02d720    00000080     omp_config_pe66.oe66 (.text:ti_sysbios_gates_GateMutexPri_Object__create__S)
                  0c02d7a0    00000080     omp_config_pe66.oe66 (.text:ti_sysbios_gates_GateMutex_Object__create__S)
                  0c02d820    00000080     omp_config_pe66.oe66 (.text:ti_sysbios_gates_GateSwi_Object__create__S)
                  0c02d8a0    00000080     sysbios.ae66 : BIOS.obj (.text:ti_sysbios_hal_Hwi_checkStack:ti_sysbios_hal_Hwi_checkStack)
                  0c02d920    00000080                  : BIOS.obj (.text:ti_sysbios_hal_Hwi_initStack:ti_sysbios_hal_Hwi_initStack)
                  0c02d9a0    00000080     omp_config_pe66.oe66 (.text:ti_sysbios_heaps_HeapMem_Object__create__S)
                  0c02da20    00000080     sysbios.ae66 : BIOS.obj (.text:ti_sysbios_knl_Clock_Module_startup__F)
                  0c02daa0    00000080                  : BIOS.obj (.text:ti_sysbios_knl_Clock_getTicks__E)
                  0c02db20    00000080     omp_config_pe66.oe66 (.text:ti_sysbios_knl_Queue_Object__create__S)
                  0c02dba0    00000080     omp_config_pe66.oe66 (.text:ti_sysbios_knl_Semaphore_Object__create__S)
                  0c02dc20    00000080     sysbios.ae66 : BIOS.obj (.text:ti_sysbios_knl_Swi_startup__E)
                  0c02dca0    00000080                  : BIOS.obj (.text:ti_sysbios_knl_Task_restore__E)
                  0c02dd20    00000080                  : BIOS.obj (.text:ti_sysbios_timers_timer64_Timer_getCount__E)
                  0c02dda0    00000080                  : BIOS.obj (.text:ti_sysbios_timers_timer64_Timer_getPeriod__E)
                  0c02de20    00000080     omp_config_pe66.oe66 (.text:ti_sysbios_xdcruntime_GateThreadSupport_Object__create__S)
                  0c02dea0    00000080     rts6600_elf_mt.lib : trgmsg.obj (.text:writemsg)
                  0c02df20    00000080     ti.targets.rts6000.ae66 : Core-label.oe66 (.text:xdc_runtime_Core_assignLabel__I)
                  0c02dfa0    00000080                             : Core-params.oe66 (.text:xdc_runtime_Core_assignParams__I)
                  0c02e020    00000080                             : System.oe66 (.text:xdc_runtime_System_atexit__F)
                  0c02e0a0    00000080                             : System.oe66 (.text:xdc_runtime_System_putchar__I)
                  0c02e120    00000080                             : System.oe66 (.text:xdc_runtime_System_rtsExit__I)
                  0c02e1a0    00000080                             : Text.oe66 (.text:xdc_runtime_Text_printVisFxn__I)
                  0c02e220    00000060     ti.omp.navigator.ae66 : Navigator.oe66 (.text:CACHE_invL1d)
                  0c02e280    00000060     ti.omp.navigatorOsal.ae66 : Navigatorosal.oe66 (.text:CACHE_invL1d)
                  0c02e2e0    00000060     ti.omp.navigator.ae66 : Navigator.oe66 (.text:CACHE_wbL1d)
                  0c02e340    00000060     ti.omp.navigatorOsal.ae66 : Navigatorosal.oe66 (.text:CACHE_wbL1d)
                  0c02e3a0    00000060     ti.omp.config.sysbios.ae66 : preinit.oe66 (.text:CSL_XMC_getXMPAXH)
                  0c02e400    00000060     ti.omp.navigator.ae66 : Navigator.oe66 (.text:Cppi_setSoftwareInfo0)
                  0c02e460    00000060     ipc.lib : Ipc.obj (.text:GateMP_Params_init)
                  0c02e4c0    00000060             : Ipc.obj (.text:HeapMemMP_Params_init)
                  0c02e520    00000060     ti.omp.utils.ae66 : HeapOMP.oe66 (.text:HeapOMP_getHeapFromAddr)
                  0c02e580    00000060     ipc.lib : Ipc.obj (.text:Notify_numIntLines)
                  0c02e5e0    00000060     rts6600_elf_mt.lib : frcmpyd_div.obj (.text:__c6xabi_frcmpyd_div)
                  0c02e640    00000060                        : llshift.obj (.text:__c6xabi_llshru)
                  0c02e6a0    00000060                        : imath64.obj (.text:_subcull)
                  0c02e700    00000060                        : _mutex.obj (.text:create_resource_mutexes)
                  0c02e760    00000060                        : _mutex.obj (.text:destroy_resource_mutexes)
                  0c02e7c0    00000060     ti.omp.config.sysbios.ae66 : bar.oe66 (.text:gomp_barrier_wait_start)
                  0c02e820    00000060     ti.omp.ae66 : task.oe66 (.text:gomp_clear_parent)
                  0c02e880    00000060                 : work.oe66 (.text:gomp_fini_work_share)
                  0c02e8e0    00000060                 : task.oe66 (.text:gomp_flush0)
                  0c02e940    00000060     ti.omp.config.sysbios.ae66 : bar.oe66 (.text:gomp_flush0)
                  0c02e9a0    00000060     ti.omp.ae66 : env.oe66 (.text:gomp_icv)
                  0c02ea00    00000060                 : parallel.oe66 (.text:gomp_icv)
                  0c02ea60    00000060                 : alloc.oe66 (.text:gomp_malloc)
                  0c02eac0    00000060                 : team.oe66 (.text:gomp_new_icv)
                  0c02eb20    00000060     ti.omp.config.sysbios.ae66 : bar.oe66 (.text:gomp_team_barrier_wake)
                  0c02eb80    00000060     ti.omp.ae66 : error.oe66 (.text:gomp_verror)
                  0c02ebe0    00000060     rts6600_elf_mt.lib : memccpy.obj (.text:memccpy)
                  0c02ec40    00000060                        : _pthread.obj (.text:pthread_mutex_destroy)
                  0c02eca0    00000060     ti.omp.navigator.ae66 : Navigator.oe66 (.text:queue_push_elem)
                  0c02ed00    00000060     rts6600_elf_mt.lib : strncmp.obj (.text:strncmp)
                  0c02ed60    00000060     ti.omp.ae66 : team.oe66 (.text:team_destructor)
                  0c02edc0    00000060     ti.omp.utils.ae66 : HeapOMP.oe66 (.text:ti_omp_utils_HeapOMP_alloc__E)
                  0c02ee20    00000060                       : OpenMP.oe66 (.text:ti_omp_utils_OpenMP_setProcId__I)
                  0c02ee80    00000060                       : ThreadLocalStorage.oe66 (.text:ti_omp_utils_ThreadLocalStorage_deleteFxn__F)
                  0c02eee0    00000060     omp_config_pe66.oe66 (.text:ti_sdo_ipc_MessageQ_Object__get__S)
                  0c02ef40    00000060     ipc.lib : Ipc.obj (.text:ti_sdo_ipc_family_c647x_NotifySetup_sharedMemReq__E)
                  0c02efa0    00000060             : Ipc.obj (.text:ti_sdo_ipc_gates_GateHWSem_leave__E)
                  0c02f000    00000060             : Ipc.obj (.text:ti_sdo_ipc_gates_GatePeterson_Instance_finalize__F)
                  0c02f060    00000060             : Ipc.obj (.text:ti_sdo_ipc_gates_GatePeterson_sharedMemReq__E)
                  0c02f0c0    00000060             : Ipc.obj (.text:ti_sdo_ipc_notifyDrivers_NotifyDriverShm_setNotifyHandle__E)
                  0c02f120    00000060             : Ipc.obj (.text:ti_sdo_ipc_transports_TransportShmSetup_sharedMemReq__E)
                  0c02f180    00000060     omp_config_pe66.oe66 (.text:ti_sdo_utils_List_Object__get__S)
                  0c02f1e0    00000060     omp_config_pe66.oe66 (.text:ti_sdo_utils_NameServer_Object__get__S)
                  0c02f240    00000060     omp_config_pe66.oe66 (.text:ti_sysbios_BIOS_exitFunc__I)
                  0c02f2a0    00000060     sysbios.ae66 : BIOS.obj (.text:ti_sysbios_BIOS_rtsLock__I)
                  0c02f300    00000060                  : BIOS.obj (.text:ti_sysbios_family_c62_TaskSupport_start__E)
                  0c02f360    00000060                  : BIOS.obj (.text:ti_sysbios_gates_GateAll_enter__E)
                  0c02f3c0    00000060                  : BIOS.obj (.text:ti_sysbios_gates_GateMutex_Instance_init__F)
                  0c02f420    00000060     omp_config_pe66.oe66 (.text:ti_sysbios_heaps_HeapBuf_Object__get__S)
                  0c02f480    00000060     omp_config_pe66.oe66 (.text:ti_sysbios_heaps_HeapMem_Object__get__S)
                  0c02f4e0    00000060     omp_config_pe66.oe66 (.text:ti_sysbios_knl_Clock_doTick__I)
                  0c02f540    00000060     omp_config_pe66.oe66 (.text:ti_sysbios_knl_Queue_Object__get__S)
                  0c02f5a0    00000060     sysbios.ae66 : BIOS.obj (.text:ti_sysbios_knl_Swi_Module_startup__F)
                  0c02f600    00000060     omp_config_pe66.oe66 (.text:ti_sysbios_knl_Swi_Object__get__S)
                  0c02f660    00000060     omp_config_pe66.oe66 (.text:ti_sysbios_knl_Task_Object__get__S)
                  0c02f6c0    00000060     sysbios.ae66 : BIOS.obj (.text:ti_sysbios_knl_Task_enter__I)
                  0c02f720    00000060     rts6600_elf_mt.lib : lowlev.obj (.text:unlink)
                  0c02f780    00000060     omp_config_pe66.oe66 (.text:xdc_runtime_GateNull_Object__create__S)
                  0c02f7e0    00000060     ti.targets.rts6000.ae66 : Memory.oe66 (.text:xdc_runtime_Memory_calloc__F)
                  0c02f840    00000060                             : Memory.oe66 (.text:xdc_runtime_Memory_valloc__F)
                  0c02f8a0    00000060                             : SysMin.oe66 (.text:xdc_runtime_SysMin_Module_startup__F)
                  0c02f900    00000060                             : SysMin.oe66 (.text:xdc_runtime_SysMin_exit__F)
                  0c02f960    00000060     omp_config_pe66.oe66 (.text:xdc_runtime_SysMin_output__I)
                  0c02f9c0    00000060     ti.targets.rts6000.ae66 : System.oe66 (.text:xdc_runtime_System_avprintf__F)
                  0c02fa20    00000060                             : System.oe66 (.text:xdc_runtime_System_vprintf__F)
                  0c02fa80    00000060                             : Text.oe66 (.text:xdc_runtime_Text_cordText__F)
                  0c02fae0    00000040     ti.omp.ae66 : task.oe66 (.text:CACHE_invAllL2)
                  0c02fb20    00000040     ti.omp.config.sysbios.ae66 : bar.oe66 (.text:CACHE_invAllL2)
                  0c02fb60    00000040     ti.omp.ae66 : task.oe66 (.text:CACHE_invAllL2Wait)
                  0c02fba0    00000040     ti.omp.config.sysbios.ae66 : bar.oe66 (.text:CACHE_invAllL2Wait)
                  0c02fbe0    00000040     ti.omp.navigator.ae66 : Navigator.oe66 (.text:CACHE_invL1dWait)
                  0c02fc20    00000040     ti.omp.navigatorOsal.ae66 : Navigatorosal.oe66 (.text:CACHE_invL1dWait)
                  0c02fc60    00000040     ti.omp.ae66 : task.oe66 (.text:CACHE_wbInvAllL1d)
                  0c02fca0    00000040     ti.omp.config.sysbios.ae66 : bar.oe66 (.text:CACHE_wbInvAllL1d)
                  0c02fce0    00000040     ti.omp.ae66 : task.oe66 (.text:CACHE_wbInvAllL1dWait)
                  0c02fd20    00000040     ti.omp.config.sysbios.ae66 : bar.oe66 (.text:CACHE_wbInvAllL1dWait)
                  0c02fd60    00000040     ti.omp.navigator.ae66 : Navigator.oe66 (.text:CACHE_wbL1dWait)
                  0c02fda0    00000040     ti.omp.navigatorOsal.ae66 : Navigatorosal.oe66 (.text:CACHE_wbL1dWait)
                  0c02fde0    00000040     ti.omp.config.sysbios.ae66 : preinit.oe66 (.text:CSL_XMC_setXMPAXH)
                  0c02fe20    00000040     ti.omp.ae66 : parallel.oe66 (.text:CSL_semAcquireDirect)
                  0c02fe60    00000040                 : task.oe66 (.text:CSL_semAcquireDirect)
                  0c02fea0    00000040                 : team.oe66 (.text:CSL_semAcquireDirect)
                  0c02fee0    00000040     ti.omp.config.sysbios.ae66 : bar.oe66 (.text:CSL_semAcquireDirect)
                  0c02ff20    00000040     ti.omp.navigatorOsal.ae66 : Navigatorosal.oe66 (.text:CSL_semAcquireDirect)
                  0c02ff60    00000040     ti.omp.ae66 : parallel.oe66 (.text:CSL_semReleaseSemaphore)
                  0c02ffa0    00000040                 : task.oe66 (.text:CSL_semReleaseSemaphore)
                  0c02ffe0    00000040                 : team.oe66 (.text:CSL_semReleaseSemaphore)
                  0c030020    00000040     ti.omp.config.sysbios.ae66 : bar.oe66 (.text:CSL_semReleaseSemaphore)
                  0c030060    00000040     ti.omp.navigatorOsal.ae66 : Navigatorosal.oe66 (.text:CSL_semReleaseSemaphore)
                  0c0300a0    00000040     ti.omp.navigator.ae66 : Navigator.oe66 (.text:Cppi_getSoftwareInfo0)
                  0c0300e0    00000040                           : Navigator.oe66 (.text:Create_Queue)
                  0c030120    00000040     ti.omp.ae66 : barrier.oe66 (.text:GOMP_barrier)
                  0c030160    00000040                 : parallel.oe66 (.text:GOMP_parallel_start)
                  0c0301a0    00000040     ti.omp.navigatorOsal.ae66 : Navigatorosal.oe66 (.text:Osal_cppiCsEnter)
                  0c0301e0    00000040                               : Navigatorosal.oe66 (.text:Osal_qmssBeginMemAccess)
                  0c030220    00000040                               : Navigatorosal.oe66 (.text:Osal_qmssCsEnter)
                  0c030260    00000040                               : Navigatorosal.oe66 (.text:Osal_qmssEndMemAccess)
                  0c0302a0    00000040     ti.drv.qmss.ae66 : qmss_drv.oe66 (.text:Qmss_getMemRegDescSize)
                  0c0302e0    00000040     ti.omp.navigator.ae66 : Navigator.oe66 (.text:Qmss_getQueueEntryCount)
                  0c030320    00000040                           : Navigator.oe66 (.text:Qmss_queueEmpty)
                  0c030360    00000040                           : Navigator.oe66 (.text:Qmss_queuePop)
                  0c0303a0    00000040                           : Navigator.oe66 (.text:Qmss_queuePushDesc)
                  0c0303e0    00000040     rts6600_elf_mt.lib : _data_synch.obj (.text:__TI_data_synch_WB)
                  0c030420    00000040                        : _data_synch.obj (.text:__TI_data_synch_WBINV)
                  0c030460    00000040                        : _mutex.obj (.text:__TI_resource_unlock)
                  0c0304a0    00000040                        : isinf.obj (.text:__c6xabi_isinf)
                  0c0304e0    00000040                        : _printfi.obj (.text:__c6xabi_isnan)
                  0c030520    00000040                        : args_main.obj (.text:_args_main)
                  0c030560    00000040     sysbios.ae66 : c62_TaskSupport_asm.obj (.text:_ti_sysbios_family_c62_TaskSupport_buildTaskStack)
                  0c0305a0    00000040                  : c64p_Hwi_asm_switch.obj (.text:_ti_sysbios_family_xxx_Hwi_switchToIsrStack)
                  0c0305e0    00000040     omp_config_pe66.oe66 (.text:free)
                  0c030620    00000040     ti.omp.ae66 : team.oe66 (.text:free_team)
                  0c030660    00000040     ti.omp.config.sysbios.ae66 : bar.oe66 (.text:gomp_barrier_destroy)
                  0c0306a0    00000040                                : bar.oe66 (.text:gomp_barrier_reinit)
                  0c0306e0    00000040     ti.omp.ae66 : task.oe66 (.text:gomp_end_task)
                  0c030720    00000040                 : error.oe66 (.text:gomp_error)
                  0c030760    00000040                 : error.oe66 (.text:gomp_fatal)
                  0c0307a0    00000040                 : alloc.oe66 (.text:gomp_free)
                  0c0307e0    00000040                 : team.oe66 (.text:gomp_free_pool_helper)
                  0c030820    00000040                 : team.oe66 (.text:gomp_new_thread_pool)
                  0c030860    00000040                 : work.oe66 (.text:gomp_ptrlock_init)
                  0c0308a0    00000040                 : critical.oe66 (.text:gomp_sem_init)
                  0c0308e0    00000040                 : env.oe66 (.text:gomp_sem_init)
                  0c030920    00000040                 : task.oe66 (.text:gomp_sem_init)
                  0c030960    00000040                 : team.oe66 (.text:gomp_sem_init)
                  0c0309a0    00000040                 : work.oe66 (.text:gomp_sem_init)
                  0c0309e0    00000040     ti.omp.config.sysbios.ae66 : bar.oe66 (.text:gomp_sem_init)
                  0c030a20    00000040     ti.omp.ae66 : task.oe66 (.text:gomp_team_barrier_waiting_for_tasks)
                  0c030a60    00000040     ti.omp.config.sysbios.ae66 : thread.oe66 (.text:gomp_thread_create)
                  0c030aa0    00000040     rts6600_elf_mt.lib : _mutex.obj (.text:init_mutexes)
                  0c030ae0    00000040     ti.omp.ae66 : critical.oe66 (.text:initialize_critical)
                  0c030b20    00000040     ti.omp.utils.ae66 : ThreadLocalStorage.oe66 (.text:isTLSRequired)
                  0c030b60    00000040     ti.omp.navigator.ae66 : Navigator.oe66 (.text:l2_global_address)
                  0c030ba0    00000040     ti.omp.ae66 : env.oe66 (.text:omp_check_defines)
                  0c030be0    00000040                 : parallel.oe66 (.text:omp_get_num_threads)
                  0c030c20    00000040                 : env.oe66 (.text:omp_set_num_threads)
                  0c030c60    00000040     rts6600_elf_mt.lib : _pthread.obj (.text:pthread_self)
                  0c030ca0    00000040     omp_config_pe66.oe66 (.text:ti_omp_utils_HeapOMP_Handle__label__S)
                  0c030ce0    00000040     ti.omp.utils.ae66 : HeapOMP.oe66 (.text:ti_omp_utils_HeapOMP_Instance_init__F)
                  0c030d20    00000040     omp_config_pe66.oe66 (.text:ti_omp_utils_HeapOMP_Object__delete__S)
                  0c030d60    00000040     ti.omp.utils.ae66 : HeapOMP.oe66 (.text:ti_omp_utils_HeapOMP_free__E)
                  0c030da0    00000040                       : SemaphoreMP.oe66 (.text:ti_omp_utils_SemaphoreMP_cbFxn__I)
                  0c030de0    00000040                       : SemaphoreMP.oe66 (.text:ti_omp_utils_SemaphoreMP_start__F)
                  0c030e20    00000040                       : ThreadLocalStorage.oe66 (.text:ti_omp_utils_ThreadLocalStorage_switchFxn__F)
                  0c030e60    00000040                       : ThreadLocal.oe66 (.text:ti_omp_utils_ThreadLocal_createFxn__F)
                  0c030ea0    00000040     omp_config_pe66.oe66 (.text:ti_sdo_ipc_GateMP_Object__delete__S)
                  0c030ee0    00000040     omp_config_pe66.oe66 (.text:ti_sdo_ipc_GateMP_Params__init__S)
                  0c030f20    00000040     omp_config_pe66.oe66 (.text:ti_sdo_ipc_GateMP_RemoteCustom1Proxy_Object__create__S)
                  0c030f60    00000040     omp_config_pe66.oe66 (.text:ti_sdo_ipc_GateMP_RemoteCustom2Proxy_Object__create__S)
                  0c030fa0    00000040     omp_config_pe66.oe66 (.text:ti_sdo_ipc_GateMP_RemoteSystemProxy_Object__create__S)
                  0c030fe0    00000040     omp_config_pe66.oe66 (.text:ti_sdo_ipc_ListMP_Object__delete__S)
                  0c031020    00000040     omp_config_pe66.oe66 (.text:ti_sdo_ipc_ListMP_Params__init__S)
                  0c031060    00000040     omp_config_pe66.oe66 (.text:ti_sdo_ipc_MessageQ_registerTransport__E)
                  0c0310a0    00000040     ipc.lib : Ipc.obj (.text:ti_sdo_ipc_family_c647x_Interrupt_intClear__E)
                  0c0310e0    00000040             : Ipc.obj (.text:ti_sdo_ipc_family_c647x_Interrupt_intSend__E)
                  0c031120    00000040     omp_config_pe66.oe66 (.text:ti_sdo_ipc_gates_GateHWSem_Handle__label__S)
                  0c031160    00000040     omp_config_pe66.oe66 (.text:ti_sdo_ipc_gates_GateHWSem_Object__delete__S)
                  0c0311a0    00000040     omp_config_pe66.oe66 (.text:ti_sdo_ipc_gates_GateHWSem_Params__init__S)
                  0c0311e0    00000040     omp_config_pe66.oe66 (.text:ti_sdo_ipc_gates_GateMPSupportNull_Handle__label__S)
                  0c031220    00000040     omp_config_pe66.oe66 (.text:ti_sdo_ipc_gates_GateMPSupportNull_Object__delete__S)
                  0c031260    00000040     omp_config_pe66.oe66 (.text:ti_sdo_ipc_gates_GateMPSupportNull_Params__init__S)
                  0c0312a0    00000040     omp_config_pe66.oe66 (.text:ti_sdo_ipc_gates_GatePeterson_Handle__label__S)
                  0c0312e0    00000040     omp_config_pe66.oe66 (.text:ti_sdo_ipc_gates_GatePeterson_Object__delete__S)
                  0c031320    00000040     omp_config_pe66.oe66 (.text:ti_sdo_ipc_gates_GatePeterson_Params__init__S)
                  0c031360    00000040     omp_config_pe66.oe66 (.text:ti_sdo_ipc_heaps_HeapMemMP_Handle__label__S)
                  0c0313a0    00000040     omp_config_pe66.oe66 (.text:ti_sdo_ipc_heaps_HeapMemMP_Object__delete__S)
                  0c0313e0    00000040     omp_config_pe66.oe66 (.text:ti_sdo_ipc_heaps_HeapMemMP_Params__init__S)
                  0c031420    00000040     omp_config_pe66.oe66 (.text:ti_sdo_ipc_notifyDrivers_NotifyDriverShm_Handle__label__S)
                  0c031460    00000040     omp_config_pe66.oe66 (.text:ti_sdo_ipc_notifyDrivers_NotifyDriverShm_InterruptProxy_intRegister__E)
                  0c0314a0    00000040     omp_config_pe66.oe66 (.text:ti_sdo_ipc_notifyDrivers_NotifyDriverShm_Object__delete__S)
                  0c0314e0    00000040     omp_config_pe66.oe66 (.text:ti_sdo_ipc_notifyDrivers_NotifyDriverShm_Params__init__S)
                  0c031520    00000040     ipc.lib : Ipc.obj (.text:ti_sdo_ipc_notifyDrivers_NotifyDriverShm_disable__E)
                  0c031560    00000040             : Ipc.obj (.text:ti_sdo_ipc_notifyDrivers_NotifyDriverShm_enable__E)
                  0c0315a0    00000040     omp_config_pe66.oe66 (.text:ti_sdo_ipc_nsremote_NameServerRemoteNotify_Handle__label__S)
                  0c0315e0    00000040     omp_config_pe66.oe66 (.text:ti_sdo_ipc_nsremote_NameServerRemoteNotify_Object__delete__S)
                  0c031620    00000040     omp_config_pe66.oe66 (.text:ti_sdo_ipc_nsremote_NameServerRemoteNotify_Object__first__S)
                  0c031660    00000040     omp_config_pe66.oe66 (.text:ti_sdo_ipc_nsremote_NameServerRemoteNotify_Object__next__S)
                  0c0316a0    00000040     omp_config_pe66.oe66 (.text:ti_sdo_ipc_nsremote_NameServerRemoteNotify_Params__init__S)
                  0c0316e0    00000040     omp_config_pe66.oe66 (.text:ti_sdo_ipc_nsremote_NameServerRemoteNotify_get__E)
                  0c031720    00000040     ipc.lib : Ipc.obj (.text:ti_sdo_ipc_nsremote_NameServerRemoteNotify_sharedMemReq__E)
                  0c031760    00000040     omp_config_pe66.oe66 (.text:ti_sdo_ipc_transports_TransportShm_Handle__label__S)
                  0c0317a0    00000040     omp_config_pe66.oe66 (.text:ti_sdo_ipc_transports_TransportShm_Object__delete__S)
                  0c0317e0    00000040     omp_config_pe66.oe66 (.text:ti_sdo_ipc_transports_TransportShm_Params__init__S)
                  0c031820    00000040     omp_config_pe66.oe66 (.text:ti_sdo_utils_List_Object__destruct__S)
                  0c031860    00000040     omp_config_pe66.oe66 (.text:ti_sdo_utils_NameServer_Module__startupDone__F)
                  0c0318a0    00000040     omp_config_pe66.oe66 (.text:ti_sdo_utils_NameServer_Object__first__S)
                  0c0318e0    00000040     omp_config_pe66.oe66 (.text:ti_sdo_utils_NameServer_Object__next__S)
                  0c031920    00000040     omp_config_pe66.oe66 (.text:ti_sysbios_BIOS_startFunc__I)
                  0c031960    00000040     omp_config_pe66.oe66 (.text:ti_sysbios_family_c64p_Hwi_Module__startupDone__F)
                  0c0319a0    00000040     omp_config_pe66.oe66 (.text:ti_sysbios_family_c64p_Hwi_Object__delete__S)
                  0c0319e0    00000040     omp_config_pe66.oe66 (.text:ti_sysbios_family_c64p_Hwi_Params__init__S)
                  0c031a20    00000040     sysbios.ae66 : BIOS.obj (.text:ti_sysbios_family_c64p_Hwi_disableInterrupt__E)
                  0c031a60    00000040                  : BIOS.obj (.text:ti_sysbios_family_c64p_Hwi_enableInterrupt__E)
                  0c031aa0    00000040     omp_config_pe66.oe66 (.text:ti_sysbios_gates_GateAll_Handle__label__S)
                  0c031ae0    00000040     omp_config_pe66.oe66 (.text:ti_sysbios_gates_GateAll_Object__delete__S)
                  0c031b20    00000040     omp_config_pe66.oe66 (.text:ti_sysbios_gates_GateHwi_Handle__label__S)
                  0c031b60    00000040     omp_config_pe66.oe66 (.text:ti_sysbios_gates_GateHwi_Object__delete__S)
                  0c031ba0    00000040     omp_config_pe66.oe66 (.text:ti_sysbios_gates_GateMutexPri_Handle__label__S)
                  0c031be0    00000040     sysbios.ae66 : BIOS.obj (.text:ti_sysbios_gates_GateMutexPri_Instance_init__F)
                  0c031c20    00000040     omp_config_pe66.oe66 (.text:ti_sysbios_gates_GateMutexPri_Object__delete__S)
                  0c031c60    00000040     omp_config_pe66.oe66 (.text:ti_sysbios_gates_GateMutexPri_Object__destruct__S)
                  0c031ca0    00000040     omp_config_pe66.oe66 (.text:ti_sysbios_gates_GateMutex_Handle__label__S)
                  0c031ce0    00000040     omp_config_pe66.oe66 (.text:ti_sysbios_gates_GateMutex_Object__delete__S)
                  0c031d20    00000040     sysbios.ae66 : BIOS.obj (.text:ti_sysbios_gates_GateMutex_leave__E)
                  0c031d60    00000040     omp_config_pe66.oe66 (.text:ti_sysbios_gates_GateSwi_Handle__label__S)
                  0c031da0    00000040     omp_config_pe66.oe66 (.text:ti_sysbios_gates_GateSwi_Object__delete__S)
                  0c031de0    00000040     omp_config_pe66.oe66 (.text:ti_sysbios_hal_Cache_CacheProxy_inv__E)
                  0c031e20    00000040     omp_config_pe66.oe66 (.text:ti_sysbios_hal_Cache_CacheProxy_wbInv__E)
                  0c031e60    00000040     omp_config_pe66.oe66 (.text:ti_sysbios_hal_Timer_Module__startupDone__F)
                  0c031ea0    00000040     omp_config_pe66.oe66 (.text:ti_sysbios_heaps_HeapMem_Handle__label__S)
                  0c031ee0    00000040     omp_config_pe66.oe66 (.text:ti_sysbios_heaps_HeapMem_Object__delete__S)
                  0c031f20    00000040     omp_config_pe66.oe66 (.text:ti_sysbios_knl_Queue_Object__destruct__S)
                  0c031f60    00000040     omp_config_pe66.oe66 (.text:ti_sysbios_knl_Semaphore_Object__destruct__S)
                  0c031fa0    00000040     omp_config_pe66.oe66 (.text:ti_sysbios_knl_Semaphore_Params__init__S)
                  0c031fe0    00000040     omp_config_pe66.oe66 (.text:ti_sysbios_knl_Swi_Object__destruct__S)
                  0c032020    00000040     omp_config_pe66.oe66 (.text:ti_sysbios_knl_Swi_Params__init__S)
                  0c032060    00000040     omp_config_pe66.oe66 (.text:ti_sysbios_knl_Task_Object__delete__S)
                  0c0320a0    00000040     omp_config_pe66.oe66 (.text:ti_sysbios_knl_Task_Object__first__S)
                  0c0320e0    00000040     omp_config_pe66.oe66 (.text:ti_sysbios_knl_Task_Object__next__S)
                  0c032120    00000040     omp_config_pe66.oe66 (.text:ti_sysbios_knl_Task_Params__init__S)
                  0c032160    00000040     ti.omp.utils.ae66 : OpenMP.oe66 (.text:ti_sysbios_knl_Task_create)
                  0c0321a0    00000040     sysbios.ae66 : BIOS.obj (.text:ti_sysbios_knl_Task_unblock__E)
                  0c0321e0    00000040     omp_config_pe66.oe66 (.text:ti_sysbios_timers_timer64_Timer_Module__startupDone__F)
                  0c032220    00000040     sysbios.ae66 : BIOS.obj (.text:ti_sysbios_xdcruntime_GateThreadSupport_Instance_init__F)
                  0c032260    00000040     omp_config_pe66.oe66 (.text:ti_sysbios_xdcruntime_GateThreadSupport_Object__delete__S)
                  0c0322a0    00000040     ti.targets.rts6000.ae66 : Error.oe66 (.text:xdc_runtime_Error_check__F)
                  0c0322e0    00000040                             : Error.oe66 (.text:xdc_runtime_Error_init__F)
                  0c032320    00000040     omp_config_pe66.oe66 (.text:xdc_runtime_Error_raiseX__E)
                  0c032360    00000040     omp_config_pe66.oe66 (.text:xdc_runtime_GateNull_Handle__label__S)
                  0c0323a0    00000040     omp_config_pe66.oe66 (.text:xdc_runtime_GateNull_Object__delete__S)
                  0c0323e0    00000040     ti.targets.rts6000.ae66 : Gate.oe66 (.text:xdc_runtime_Gate_leaveSystem__F)
                  0c032420    00000040     omp_config_pe66.oe66 (.text:xdc_runtime_IHeap_alloc)
                  0c032460    00000040     omp_config_pe66.oe66 (.text:xdc_runtime_IHeap_free)
                  0c0324a0    00000040     ti.targets.rts6000.ae66 : Memory.oe66 (.text:xdc_runtime_Memory_free__F)
                  0c0324e0    00000040     omp_config_pe66.oe66 (.text:xdc_runtime_Memory_valloc__E)
                  0c032520    00000040     ti.targets.rts6000.ae66 : Registry.oe66 (.text:xdc_runtime_Registry_findById__F)
                  0c032560    00000040     omp_config_pe66.oe66 (.text:xdc_runtime_Startup_exec__I)
                  0c0325a0    00000040     ti.targets.rts6000.ae66 : System.oe66 (.text:xdc_runtime_System_abort__F)
                  0c0325e0    00000040     omp_config_pe66.oe66 (.text:xdc_runtime_System_aprintf__E)
                  0c032620    00000040     omp_config_pe66.oe66 (.text:xdc_runtime_System_printf__E)
                  0c032660    00000040     ti.targets.rts6000.ae66 : Text.oe66 (.text:xdc_runtime_Text_ropeText__F)
                  0c0326a0    00000040     omp_config_pe66.oe66 (.text:xdc_runtime_Text_visitRope__I)
                  0c0326e0    00000040     omp_config_pe66.oe66 (.text:xdc_runtime_knl_GateThread_Handle__label__S)
                  0c032720    00000040     ti.targets.rts6000.ae66 : GateThread.oe66 (.text:xdc_runtime_knl_GateThread_Instance_finalize__F)
                  0c032760    00000040                             : GateThread.oe66 (.text:xdc_runtime_knl_GateThread_Instance_init__F)
                  0c0327a0    00000040     omp_config_pe66.oe66 (.text:xdc_runtime_knl_GateThread_Object__delete__S)
                  0c0327e0    00000040     omp_config_pe66.oe66 (.text:xdc_runtime_knl_GateThread_Proxy_Object__create__S)
                  0c032820    00000020     ti.omp.ae66 : task.oe66 (.text:CSL_XMC_invalidatePrefetchBuffer)
                  0c032840    00000020     ti.omp.config.sysbios.ae66 : bar.oe66 (.text:CSL_XMC_invalidatePrefetchBuffer)
                  0c032860    00000020     ti.omp.navigatorOsal.ae66 : Navigatorosal.oe66 (.text:CSL_XMC_invalidatePrefetchBuffer)
                  0c032880    00000020     ipc.lib : Ipc.obj (.text:GateMP_getDefaultRemote)
                  0c0328a0    00000020             : Ipc.obj (.text:MultiProc_getBaseIdOfCluster)
                  0c0328c0    00000020             : Ipc.obj (.text:MultiProc_getNumProcsInCluster)
                  0c0328e0    00000020             : Ipc.obj (.text:MultiProc_self)
                  0c032900    00000020     ti.omp.navigatorOsal.ae66 : Navigatorosal.oe66 (.text:Osal_cppiBeginMemAccess)
                  0c032920    00000020                               : Navigatorosal.oe66 (.text:Osal_cppiCsExit)
                  0c032940    00000020                               : Navigatorosal.oe66 (.text:Osal_cppiEndMemAccess)
                  0c032960    00000020                               : Navigatorosal.oe66 (.text:Osal_qmssCsExit)
                  0c032980    00000020     ti.drv.qmss.ae66 : qmss_drv.oe66 (.text:Qmss_getQueueNumber)
                  0c0329a0    00000020                      : qmss_drv.oe66 (.text:Qmss_start)
[...]
0c05f810   ti_sdo_ipc_SharedRegion_A_regionInvalid__C
0c05f814   ti_sdo_ipc_SharedRegion_A_reserveTooMuch__C
0c05f818   ti_sdo_ipc_SharedRegion_INVALIDSRPTR__C
0c05f81c   ti_sdo_ipc_SharedRegion_Module__diagsEnabled__C
0c05f820   ti_sdo_ipc_SharedRegion_Module__diagsIncluded__C
0c05f824   ti_sdo_ipc_SharedRegion_Module__diagsMask__C
0c05f828   ti_sdo_ipc_SharedRegion_cacheLineSize__C
0c05f82c   ti_sdo_ipc_SharedRegion_numOffsetBits__C
0c05f830   ti_sdo_ipc_SharedRegion_offsetMask__C
0c05f834   ti_sdo_ipc_family_c647x_Interrupt_INTERDSPINT__C
0c05f838   ti_sdo_ipc_family_c647x_Interrupt_IPCAR0__C
0c05f83c   ti_sdo_ipc_family_c647x_Interrupt_IPCGR0__C
0c05f840   ti_sdo_ipc_family_c647x_Interrupt_KICK0__C
0c05f844   ti_sdo_ipc_family_c647x_Interrupt_KICK1__C
0c05f848   ti_sdo_ipc_family_c647x_MultiProcSetup_procMap__C
0c05f84c   ti_sdo_ipc_family_c647x_NotifySetup_dspIntVectId__C
0c05f850   ti_sdo_ipc_gates_GateHWSem_A_invSemNum__C
0c05f854   ti_sdo_ipc_gates_GateHWSem_Module__diagsEnabled__C
0c05f858   ti_sdo_ipc_gates_GateHWSem_Module__diagsIncluded__C
0c05f85c   ti_sdo_ipc_gates_GateHWSem_Module__diagsMask__C
0c05f860   ti_sdo_ipc_gates_GateHWSem_baseAddr__C
0c05f864   ti_sdo_ipc_gates_GateHWSem_numSems__C
0c05f868   ti_sdo_ipc_gates_GateHWSem_reservedMaskArr__A
0c05f86c   ti_sdo_ipc_gates_GateHWSem_reservedMaskArr__C
0c05f870   ti_sdo_ipc_gates_GateMPSupportNull_A_invalidAction__C
0c05f874   ti_sdo_ipc_gates_GateMPSupportNull_Module__diagsEnabled__C
0c05f878   ti_sdo_ipc_gates_GateMPSupportNull_Module__diagsIncluded__C
0c05f87c   ti_sdo_ipc_gates_GateMPSupportNull_Module__diagsMask__C
0c05f880   ti_sdo_ipc_gates_GateMPSupportNull_action__C
0c05f884   ti_sdo_ipc_gates_GatePeterson_E_gateRemotelyOpened__C
0c05f888   ti_sdo_ipc_gates_GatePeterson_Module__diagsEnabled__C
0c05f88c   ti_sdo_ipc_gates_GatePeterson_Module__diagsIncluded__C
0c05f890   ti_sdo_ipc_gates_GatePeterson_Module__diagsMask__C
0c05f894   ti_sdo_ipc_gates_GatePeterson_numInstances__C
0c05f898   ti_sdo_ipc_heaps_HeapMemMP_A_align__C
0c05f89c   ti_sdo_ipc_heaps_HeapMemMP_A_heapSize__C
0c05f8a0   ti_sdo_ipc_heaps_HeapMemMP_A_invalidFree__C
0c05f8a4   ti_sdo_ipc_heaps_HeapMemMP_A_zeroBlock__C
0c05f8a8   ti_sdo_ipc_heaps_HeapMemMP_E_memory__C
0c05f8ac   ti_sdo_ipc_heaps_HeapMemMP_Module__diagsEnabled__C
0c05f8b0   ti_sdo_ipc_heaps_HeapMemMP_Module__diagsIncluded__C
0c05f8b4   ti_sdo_ipc_heaps_HeapMemMP_Module__diagsMask__C
0c05f8b8   ti_sdo_ipc_interfaces_IGateMPSupport_Interface__BASE__C
0c05f8bc   ti_sdo_ipc_interfaces_IMessageQTransport_Interface__BASE__C
0c05f8c0   ti_sdo_ipc_interfaces_INotifyDriver_Interface__BASE__C
0c05f8c4   ti_sdo_ipc_notifyDrivers_NotifyDriverShm_Module__diagsEnabled__C
0c05f8c8   ti_sdo_ipc_notifyDrivers_NotifyDriverShm_Module__diagsIncluded__C
0c05f8cc   ti_sdo_ipc_notifyDrivers_NotifyDriverShm_Module__diagsMask__C
0c05f8d0   ti_sdo_ipc_notifyDrivers_NotifyDriverShm_Object__heap__C
0c05f8d4   ti_sdo_ipc_nsremote_NameServerRemoteNotify_A_invalidValueLen__C
0c05f8d8   ti_sdo_ipc_nsremote_NameServerRemoteNotify_Instance_State_semMultiBlock__O
0c05f8dc   ti_sdo_ipc_nsremote_NameServerRemoteNotify_Instance_State_semRemoteWait__O
0c05f8e0   ti_sdo_ipc_nsremote_NameServerRemoteNotify_Instance_State_swiObj__O
0c05f8e4   ti_sdo_ipc_nsremote_NameServerRemoteNotify_Module__diagsEnabled__C
0c05f8e8   ti_sdo_ipc_nsremote_NameServerRemoteNotify_Module__diagsIncluded__C
0c05f8ec   ti_sdo_ipc_nsremote_NameServerRemoteNotify_Module__diagsMask__C
0c05f8f0   ti_sdo_ipc_nsremote_NameServerRemoteNotify_notifyEventId__C
0c05f8f4   ti_sdo_ipc_nsremote_NameServerRemoteNotify_timeout__C
0c05f8f8   ti_sdo_ipc_transports_TransportShmSetup_priority__C
0c05f8fc   ti_sdo_ipc_transports_TransportShm_Instance_State_swiObj__O
0c05f900   ti_sdo_ipc_transports_TransportShm_Module__diagsEnabled__C
0c05f904   ti_sdo_ipc_transports_TransportShm_Module__diagsIncluded__C
0c05f908   ti_sdo_ipc_transports_TransportShm_Module__diagsMask__C
0c05f90c   ti_sdo_utils_INameServerRemote_Interface__BASE__C
0c05f910   ti_sdo_utils_List_Object__count__C
0c05f914   ti_sdo_utils_List_Object__table__C
0c05f918   ti_sdo_utils_MultiProc_A_invalidMultiProcId__C
0c05f91c   ti_sdo_utils_MultiProc_Module__diagsEnabled__C
0c05f920   ti_sdo_utils_MultiProc_Module__diagsIncluded__C
0c05f924   ti_sdo_utils_MultiProc_Module__diagsMask__C
0c05f928   ti_sdo_utils_NameServer_A_invArgument__C
0c05f92c   ti_sdo_utils_NameServer_A_invalidLen__C
0c05f930   ti_sdo_utils_NameServer_E_entryExists__C
0c05f934   ti_sdo_utils_NameServer_E_maxReached__C
0c05f938   ti_sdo_utils_NameServer_Instance_State_freeList__O
0c05f93c   ti_sdo_utils_NameServer_Instance_State_nameList__O
0c05f940   ti_sdo_utils_NameServer_Module__diagsEnabled__C
0c05f944   ti_sdo_utils_NameServer_Module__diagsIncluded__C
0c05f948   ti_sdo_utils_NameServer_Module__diagsMask__C
0c05f94c   ti_sdo_utils_NameServer_Object__count__C
0c05f950   ti_sdo_utils_NameServer_Object__table__C
0c05f954   ti_sysbios_BIOS_Module__diagsEnabled__C
0c05f958   ti_sysbios_BIOS_Module__diagsIncluded__C
0c05f95c   ti_sysbios_BIOS_Module__diagsMask__C
0c05f960   ti_sysbios_BIOS_installedErrorHook__C
0c05f964   ti_sysbios_family_c62_TaskSupport_stackAlignment__C
0c05f968   ti_sysbios_family_c64p_Exception_E_exceptionMax__C
0c05f96c   ti_sysbios_family_c64p_Exception_E_exceptionMin__C
0c05f970   ti_sysbios_family_c64p_Exception_exceptionHook__C
0c05f974   ti_sysbios_family_c64p_Exception_externalHook__C
0c05f978   ti_sysbios_family_c64p_Exception_internalHook__C
0c05f97c   ti_sysbios_family_c64p_Exception_nmiHook__C
0c05f980   ti_sysbios_family_c64p_Hwi_E_alreadyDefined__C
0c05f984   ti_sysbios_family_c64p_Hwi_E_handleNotFound__C
0c05f988   ti_sysbios_family_c64p_Hwi_LD_end__C
0c05f98c   ti_sysbios_family_c64p_Hwi_LM_begin__C
0c05f990   ti_sysbios_family_c64p_Hwi_Module__diagsEnabled__C
0c05f994   ti_sysbios_family_c64p_Hwi_Module__diagsIncluded__C
0c05f998   ti_sysbios_family_c64p_Hwi_Module__diagsMask__C
0c05f99c   ti_sysbios_family_c64p_Hwi_Module__loggerFxn1__C
0c05f9a0   ti_sysbios_family_c64p_Hwi_Module__loggerFxn8__C
0c05f9a4   ti_sysbios_family_c64p_Hwi_Module__loggerObj__C
0c05f9a8   ti_sysbios_family_c66_Cache_atomicBlockSize__C
0c05f9ac   ti_sysbios_gates_GateMutexPri_A_badContext__C
0c05f9b0   ti_sysbios_gates_GateMutexPri_A_enterTaskDisabled__C
0c05f9b4   ti_sysbios_gates_GateMutexPri_Instance_State_pendQ__O
0c05f9b8   ti_sysbios_gates_GateMutexPri_Module__diagsEnabled__C
0c05f9bc   ti_sysbios_gates_GateMutexPri_Module__diagsIncluded__C
0c05f9c0   ti_sysbios_gates_GateMutexPri_Module__diagsMask__C
0c05f9c4   ti_sysbios_gates_GateMutex_A_badContext__C
0c05f9c8   ti_sysbios_gates_GateMutex_Instance_State_sem__O
0c05f9cc   ti_sysbios_gates_GateMutex_Module__diagsEnabled__C
0c05f9d0   ti_sysbios_gates_GateMutex_Module__diagsIncluded__C
0c05f9d4   ti_sysbios_gates_GateMutex_Module__diagsMask__C
0c05f9d8   ti_sysbios_gates_GateSwi_A_badContext__C
0c05f9dc   ti_sysbios_gates_GateSwi_Module__diagsEnabled__C
0c05f9e0   ti_sysbios_gates_GateSwi_Module__diagsIncluded__C
0c05f9e4   ti_sysbios_gates_GateSwi_Module__diagsMask__C
0c05f9e8   ti_sysbios_hal_Hwi_E_stackOverflow__C
0c05f9ec   ti_sysbios_heaps_HeapBuf_Instance_State_freeList__O
0c05f9f0   ti_sysbios_heaps_HeapBuf_Object__count__C
0c05f9f4   ti_sysbios_heaps_HeapBuf_Object__table__C
0c05f9f8   ti_sysbios_heaps_HeapBuf_numConstructedHeaps__C
0c05f9fc   ti_sysbios_heaps_HeapMem_A_align__C
0c05fa00   ti_sysbios_heaps_HeapMem_A_heapSize__C
0c05fa04   ti_sysbios_heaps_HeapMem_A_invalidFree__C
0c05fa08   ti_sysbios_heaps_HeapMem_A_zeroBlock__C
0c05fa0c   ti_sysbios_heaps_HeapMem_E_memory__C
0c05fa10   ti_sysbios_heaps_HeapMem_Module__diagsEnabled__C
0c05fa14   ti_sysbios_heaps_HeapMem_Module__diagsIncluded__C
0c05fa18   ti_sysbios_heaps_HeapMem_Module__diagsMask__C
0c05fa1c   ti_sysbios_heaps_HeapMem_Module__gateObj__C
0c05fa20   ti_sysbios_heaps_HeapMem_Object__count__C
0c05fa24   ti_sysbios_heaps_HeapMem_Object__table__C
0c05fa28   ti_sysbios_heaps_HeapMem_reqAlign__C
0c05fa2c   ti_sysbios_knl_Clock_LM_begin__C
0c05fa30   ti_sysbios_knl_Clock_LM_tick__C
0c05fa34   ti_sysbios_knl_Clock_LW_delayed__C
0c05fa38   ti_sysbios_knl_Clock_Module_State_clockQ__O
0c05fa3c   ti_sysbios_knl_Clock_Module__diagsEnabled__C
0c05fa40   ti_sysbios_knl_Clock_Module__diagsIncluded__C
0c05fa44   ti_sysbios_knl_Clock_Module__diagsMask__C
0c05fa48   ti_sysbios_knl_Clock_Module__loggerFxn1__C
0c05fa4c   ti_sysbios_knl_Clock_Module__loggerFxn2__C
0c05fa50   ti_sysbios_knl_Clock_Module__loggerObj__C
0c05fa54   ti_sysbios_knl_Clock_tickMode__C
0c05fa58   ti_sysbios_knl_Clock_tickSource__C
0c05fa5c   ti_sysbios_knl_Queue_Object__count__C
0c05fa60   ti_sysbios_knl_Queue_Object__table__C
0c05fa64   ti_sysbios_knl_Semaphore_A_badContext__C
0c05fa68   ti_sysbios_knl_Semaphore_A_noEvents__C
0c05fa6c   ti_sysbios_knl_Semaphore_A_overflow__C
0c05fa70   ti_sysbios_knl_Semaphore_A_pendTaskDisabled__C
0c05fa74   ti_sysbios_knl_Semaphore_Instance_State_pendQ__O
0c05fa78   ti_sysbios_knl_Semaphore_LM_pend__C
0c05fa7c   ti_sysbios_knl_Semaphore_LM_post__C
0c05fa80   ti_sysbios_knl_Semaphore_Module__diagsEnabled__C
0c05fa84   ti_sysbios_knl_Semaphore_Module__diagsIncluded__C
0c05fa88   ti_sysbios_knl_Semaphore_Module__diagsMask__C
0c05fa8c   ti_sysbios_knl_Semaphore_Module__loggerFxn2__C
0c05fa90   ti_sysbios_knl_Semaphore_Module__loggerFxn4__C
0c05fa94   ti_sysbios_knl_Semaphore_Module__loggerObj__C
0c05fa98   ti_sysbios_knl_Swi_A_badPriority__C
0c05fa9c   ti_sysbios_knl_Swi_LD_end__C
0c05faa0   ti_sysbios_knl_Swi_LM_begin__C
0c05faa4   ti_sysbios_knl_Swi_LM_post__C
0c05faa8   ti_sysbios_knl_Swi_Module__diagsEnabled__C
0c05faac   ti_sysbios_knl_Swi_Module__diagsIncluded__C
0c05fab0   ti_sysbios_knl_Swi_Module__diagsMask__C
0c05fab4   ti_sysbios_knl_Swi_Module__loggerFxn1__C
0c05fab8   ti_sysbios_knl_Swi_Module__loggerFxn4__C
0c05fabc   ti_sysbios_knl_Swi_Module__loggerObj__C
0c05fac0   ti_sysbios_knl_Swi_Object__count__C
0c05fac4   ti_sysbios_knl_Swi_Object__table__C
0c05fac8   ti_sysbios_knl_Swi_numPriorities__C
0c05facc   ti_sysbios_knl_Task_A_badPriority__C
0c05fad0   ti_sysbios_knl_Task_A_badTaskState__C
0c05fad4   ti_sysbios_knl_Task_A_badThreadType__C
0c05fad8   ti_sysbios_knl_Task_A_noPendElem__C
0c05fadc   ti_sysbios_knl_Task_E_deleteNotAllowed__C
0c05fae0   ti_sysbios_knl_Task_E_spOutOfBounds__C
0c05fae4   ti_sysbios_knl_Task_E_stackOverflow__C
0c05fae8   ti_sysbios_knl_Task_LD_block__C
0c05faec   ti_sysbios_knl_Task_LD_exit__C
0c05faf0   ti_sysbios_knl_Task_LD_ready__C
0c05faf4   ti_sysbios_knl_Task_LM_setPri__C
0c05faf8   ti_sysbios_knl_Task_LM_switch__C
0c05fafc   ti_sysbios_knl_Task_LM_yield__C
0c05fb00   ti_sysbios_knl_Task_Module_State_inactiveQ__O
0c05fb04   ti_sysbios_knl_Task_Module_State_terminatedQ__O
0c05fb08   ti_sysbios_knl_Task_Module__diagsEnabled__C
0c05fb0c   ti_sysbios_knl_Task_Module__diagsIncluded__C
0c05fb10   ti_sysbios_knl_Task_Module__diagsMask__C
0c05fb14   ti_sysbios_knl_Task_Module__loggerFxn2__C
0c05fb18   ti_sysbios_knl_Task_Module__loggerFxn4__C
0c05fb1c   ti_sysbios_knl_Task_Module__loggerObj__C
0c05fb20   ti_sysbios_knl_Task_Object__count__C
0c05fb24   ti_sysbios_knl_Task_Object__heap__C
0c05fb28   ti_sysbios_knl_Task_Object__table__C
0c05fb2c   ti_sysbios_knl_Task_allBlockedFunc__C
0c05fb30   ti_sysbios_knl_Task_defaultStackHeap__C
0c05fb34   ti_sysbios_knl_Task_defaultStackSize__C
0c05fb38   ti_sysbios_knl_Task_numConstructedTasks__C
0c05fb3c   ti_sysbios_knl_Task_numPriorities__C
0c05fb40   ti_sysbios_timers_timer64_Timer_A_notAvailable__C
0c05fb44   ti_sysbios_timers_timer64_Timer_E_cannotSupport__C
0c05fb48   ti_sysbios_timers_timer64_Timer_Module__diagsEnabled__C
0c05fb4c   ti_sysbios_timers_timer64_Timer_Module__diagsIncluded__C
0c05fb50   ti_sysbios_timers_timer64_Timer_Module__diagsMask__C
0c05fb54   ti_sysbios_timers_timer64_Timer_anyMask__C
0c05fb58   ti_sysbios_timers_timer64_Timer_freqDivisor__C
0c05fb5c   ti_sysbios_timers_timer64_Timer_numLocalTimers__C
0c05fb60   ti_sysbios_timers_timer64_Timer_numTimerDevices__C
0c05fb64   ti_sysbios_xdcruntime_GateThreadSupport_Instance_State_gate__O
0c05fb68   xdc_runtime_Assert_E_assertFailed__C
0c05fb6c   xdc_runtime_Core_A_initializedParams__C
0c05fb70   xdc_runtime_Core_Module__diagsEnabled__C
0c05fb74   xdc_runtime_Core_Module__diagsIncluded__C
0c05fb78   xdc_runtime_Core_Module__diagsMask__C
0c05fb7c   xdc_runtime_Error_E_memory__C
0c05fb80   xdc_runtime_Error_Module__diagsEnabled__C
0c05fb84   xdc_runtime_Error_Module__diagsIncluded__C
0c05fb88   xdc_runtime_Error_Module__diagsMask__C
0c05fb8c   xdc_runtime_Error_Module__loggerFxn8__C
0c05fb90   xdc_runtime_Error_Module__loggerObj__C
0c05fb94   xdc_runtime_Error_policy__C
0c05fb98   xdc_runtime_Error_raiseHook__C
0c05fb9c   xdc_runtime_IGateProvider_Interface__BASE__C
0c05fba0   xdc_runtime_IHeap_Interface__BASE__C
0c05fba4   xdc_runtime_IModule_Interface__BASE__C
0c05fba8   xdc_runtime_Log_L_error__C
0c05fbac   xdc_runtime_Main_Module__diagsEnabled__C
0c05fbb0   xdc_runtime_Main_Module__diagsIncluded__C
0c05fbb4   xdc_runtime_Main_Module__diagsMask__C
0c05fbb8   xdc_runtime_Main_Module__loggerFxn4__C
0c05fbbc   xdc_runtime_Main_Module__loggerObj__C
0c05fbc0   xdc_runtime_Memory_defaultHeapInstance__C
0c05fbc4   xdc_runtime_Startup_execImpl__C
0c05fbc8   xdc_runtime_Startup_maxPasses__C
0c05fbcc   xdc_runtime_Startup_sfxnRts__C
0c05fbd0   xdc_runtime_Startup_sfxnTab__C
0c05fbd4   xdc_runtime_Startup_startModsFxn__C
0c05fbd8   xdc_runtime_SysMin_bufSize__C
0c05fbdc   xdc_runtime_SysMin_outputFunc__C
0c05fbe0   xdc_runtime_System_Module__gateObj__C
0c05fbe4   xdc_runtime_System_extendFxn__C
0c05fbe8   xdc_runtime_System_maxAtexitHandlers__C
0c05fbec   xdc_runtime_Text_charTab__C
0c05fbf0   xdc_runtime_Text_nameEmpty__C
0c05fbf4   xdc_runtime_Text_nameStatic__C
0c05fbf8   xdc_runtime_Text_nameUnknown__C
0c05fbfc   xdc_runtime_Text_nodeTab__C
0c05fc00   xdc_runtime_Text_visitRopeFxn__C
0c05fc04   ti_sdo_ipc_GateMP_Module__loggerDefined__C
0c05fc06   ti_sdo_ipc_Ipc_Module__id__C
0c05fc08   ti_sdo_ipc_Ipc_generateSlaveDataForHost__C
0c05fc0a   ti_sdo_ipc_ListMP_Module__id__C
0c05fc0c   ti_sdo_ipc_MessageQ_Module__id__C
0c05fc0e   ti_sdo_ipc_MessageQ_Module__loggerDefined__C
0c05fc10   ti_sdo_ipc_Notify_Module__id__C
0c05fc12   ti_sdo_ipc_Notify_numLines__C
0c05fc14   ti_sdo_ipc_Notify_reservedEvents__C
0c05fc16   ti_sdo_ipc_SharedRegion_Module__id__C
0c05fc18   ti_sdo_ipc_SharedRegion_numEntries__C
0c05fc1a   ti_sdo_ipc_SharedRegion_translate__C
0c05fc1c   ti_sdo_ipc_family_c647x_Interrupt_enableKick__C
0c05fc1e   ti_sdo_ipc_gates_GateHWSem_Module__id__C
0c05fc20   ti_sdo_ipc_gates_GateMPSupportNull_Module__id__C
0c05fc22   ti_sdo_ipc_gates_GatePeterson_Module__id__C
0c05fc24   ti_sdo_ipc_heaps_HeapMemMP_Module__id__C
0c05fc26   ti_sdo_ipc_notifyDrivers_NotifyDriverShm_Module__id__C
0c05fc28   ti_sdo_ipc_nsremote_NameServerRemoteNotify_Module__id__C
0c05fc2a   ti_sdo_ipc_transports_TransportShm_Module__id__C
0c05fc2c   ti_sdo_ipc_transports_TransportShm_notifyEventId__C
0c05fc2e   ti_sdo_utils_MultiProc_Module__id__C
0c05fc30   ti_sdo_utils_MultiProc_numProcessors__C
0c05fc32   ti_sdo_utils_MultiProc_numProcsInCluster__C
0c05fc34   ti_sdo_utils_NameServer_Module__id__C
0c05fc36   ti_sysbios_BIOS_Module__id__C
0c05fc38   ti_sysbios_family_c64p_Exception_Module__id__C
0c05fc3a   ti_sysbios_family_c64p_Exception_enableExternalMPC__C
0c05fc3c   ti_sysbios_family_c64p_Exception_enablePrint__C
0c05fc3e   ti_sysbios_family_c64p_Exception_useInternalBuffer__C
0c05fc40   ti_sysbios_family_c64p_Hwi_Module__id__C
0c05fc42   ti_sysbios_family_c64p_Hwi_Module__loggerDefined__C
0c05fc44   ti_sysbios_gates_GateMutexPri_Module__id__C
0c05fc46   ti_sysbios_gates_GateMutex_Module__id__C
0c05fc48   ti_sysbios_gates_GateSwi_Module__id__C
0c05fc4a   ti_sysbios_hal_Hwi_Module__id__C
0c05fc4c   ti_sysbios_heaps_HeapMem_Module__id__C
0c05fc4e   ti_sysbios_knl_Clock_Module__id__C
0c05fc50   ti_sysbios_knl_Clock_Module__loggerDefined__C
0c05fc52   ti_sysbios_knl_Semaphore_Module__id__C
0c05fc54   ti_sysbios_knl_Semaphore_Module__loggerDefined__C
0c05fc56   ti_sysbios_knl_Swi_Module__id__C
0c05fc58   ti_sysbios_knl_Swi_Module__loggerDefined__C
0c05fc5a   ti_sysbios_knl_Task_Module__id__C
0c05fc5c   ti_sysbios_knl_Task_Module__loggerDefined__C
0c05fc5e   ti_sysbios_knl_Task_deleteTerminatedTasks__C
0c05fc60   ti_sysbios_knl_Task_initStackFlag__C
0c05fc62   ti_sysbios_timers_timer64_Timer_Module__id__C
0c05fc64   ti_sysbios_timers_timer64_Timer_startupNeeded__C
0c05fc66   xdc_runtime_Core_Module__id__C
0c05fc68   xdc_runtime_Error_Module__loggerDefined__C
0c05fc6a   xdc_runtime_Error_maxDepth__C
0c05fc6c   xdc_runtime_Main_Module__id__C
0c05fc6e   xdc_runtime_Main_Module__loggerDefined__C
0c05fc70   xdc_runtime_Memory_Module__id__C
0c05fc72   xdc_runtime_SysMin_flushAtExit__C
0c05fc74   xdc_runtime_Text_charCnt__C
0c05fc76   xdc_runtime_Text_isLoaded__C
0c05fc78   xdc_runtime_Text_registryModsLastId__C
0c05fc7a   xdc_runtime_Text_unnamedModsLastId__C
0c05fc80   cppiObject
0c060000   ti_sysbios_family_c64p_Hwi0
0c060000   ti_sysbios_family_c64p_Hwi_int0
0c060020   ti_sysbios_family_c64p_Hwi_int1
0c060040   ti_sysbios_family_c64p_Hwi_int2
0c060060   ti_sysbios_family_c64p_Hwi_int3
0c060080   ti_sysbios_family_c64p_Hwi_int4
0c0600a0   ti_sysbios_family_c64p_Hwi_int5
0c0600c0   ti_sysbios_family_c64p_Hwi_int6
0c0600e0   ti_sysbios_family_c64p_Hwi_int7
0c060100   ti_sysbios_family_c64p_Hwi_int8
0c060120   ti_sysbios_family_c64p_Hwi_int9
0c060140   ti_sysbios_family_c64p_Hwi_int10
0c060160   ti_sysbios_family_c64p_Hwi_int11
0c060180   ti_sysbios_family_c64p_Hwi_int12
0c0601a0   ti_sysbios_family_c64p_Hwi_int13
0c0601c0   ti_sysbios_family_c64p_Hwi_int14
0c0601e0   ti_sysbios_family_c64p_Hwi_int15
0c0602a0   __TI_table_binit
0c0602a0   __binit__
0c0602a0   binit
0c060400   _c_int00
0c060dfc   __TI_Handler_Table_Base
0c060e08   __TI_Handler_Table_Limit
0c060e4c   __TI_CINIT_Base
0c060ea4   __TI_CINIT_Limit
a0180000   linkingRAM0
a0190000   eventDesc
a0192000   cpdmaCfg
a0192018   qmssInitConfig
a0192044   memInfo
a019205c   descCfg
a019208c   cppiHnd
a0192090   completionQueHnd
a0192094   eventQueHnd
a0192098   EventFreeDescHnd
a019209c   releaseHnd
a01920a0   isQMSSInitialized
a01920a4   release
a01920a8   runCount
a01920b0   gomp_thread_attr
a01920e8   gomp_thread_destructor
a01920ec   gomp_main_exit
a01920f0   gomp_tls_key
a0192100   queueFree
a0194100   qmssGObj
a01946d0   ThreadLocal_destructors
a0194710   gomp_global_icv
a0194720   gomp_max_active_levels_var
a0194724   gomp_thread_limit_var
a0194728   gomp_available_cpus
a019472c   gomp_managed_threads
a0194730   gomp_cpu_affinity
a0194734   gomp_cpu_affinity_len
a0194738   gomp_remaining_threads_count
a019473c   gomp_remaining_threads_lock
a0194740   gomp_spin_count_var
a0194748   gomp_throttled_spin_count_var
a0194750   SemaphoreMP_pendElemKey
a0194754   ThreadLocal_usedKeys
a0194758   __TI_STATIC_BASE
a0194758   qmssLObjIsValid
a0194760   omp_qmssGblCfgParams
a0194880   logtable
a01948c0   qmssLObj
a01949e0   __TI_TLS_MAIN_THREAD_Base
a01949e0   errno
a0194ab0   numnL2
a0194b28   Logtab_asm
a0194b60   g_ui64StartTime
a0194b68   g_ui64StopTime
a0194b70   g_ui64ElapsedTime
a0194b78   Ipc_sr0MemorySetup
a0194b90   __TI_TLS_INIT_Base
a0194ba0   __TI_TLS_INIT_Limit
ffffffff   __TI_pprof_out_hndl
ffffffff   __TI_prof_data_size
ffffffff   __TI_prof_data_start
ffffffff   __c_args__
UNDEFED    __TI_INITARRAY_Base
UNDEFED    __TI_INITARRAY_Limit

[1532 symbols]
